#
# There is insufficient memory for the Java Runtime Environment to continue.
# Native memory allocation (malloc) failed to allocate 32744 bytes. Error detail: Chunk::new
# Possible reasons:
#   The system is out of physical RAM or swap space
#   This process is running with CompressedOops enabled, and the Java Heap may be blocking the growth of the native heap
# Possible solutions:
#   Reduce memory load on the system
#   Increase physical memory or swap space
#   Check if swap backing store is full
#   Decrease Java heap size (-Xmx/-Xms)
#   Decrease number of Java threads
#   Decrease Java thread stack sizes (-Xss)
#   Set larger code cache with -XX:ReservedCodeCacheSize=
#   JVM is running with Unscaled Compressed Oops mode in which the Java heap is
#     placed in the first 4GB address space. The Java Heap base address is the
#     maximum limit for the native heap growth. Please use -XX:HeapBaseMinAddress
#     to set the Java Heap base and to place the Java Heap above 4GB virtual address.
# This output file may be truncated or incomplete.
#
#  Out of Memory Error (arena.cpp:168), pid=3504, tid=15472
#
# JRE version: OpenJDK Runtime Environment Microsoft-11933218 (21.0.8+9) (build 21.0.8+9-LTS)
# Java VM: OpenJDK 64-Bit Server VM Microsoft-11933218 (21.0.8+9-LTS, mixed mode, sharing, tiered, compressed oops, compressed class ptrs, g1 gc, windows-amd64)
# No core dump will be written. Minidumps are not enabled by default on client versions of Windows
#

---------------  S U M M A R Y ------------

Command Line: -Xmx64m -Xms64m -Dorg.gradle.appname=gradlew C:\Users\ibraa\project\blps_mts_service\mts_service\\gradle\wrapper\gradle-wrapper.jar clean bootRun

Host: AMD Ryzen 5 3500U with Radeon Vega Mobile Gfx  , 8 cores, 6G,  Windows 11 , 64 bit Build 26100 (10.0.26100.8328)
Time: Wed May 20 18:06:50 2026 elapsed time: 24.879338 seconds (0d 0h 0m 24s)

---------------  T H R E A D  ---------------

Current thread (0x000001f8d39820d0):  JavaThread "C2 CompilerThread0" daemon [_thread_in_native, id=15472, stack(0x000000c38ab00000,0x000000c38ac00000) (1024K)]


Current CompileTask:
C2:24879 2183       4       org.fusesource.jansi.io.AnsiOutputStream::write (898 bytes)

Stack: [0x000000c38ab00000,0x000000c38ac00000]
Native frames: (J=compiled Java code, j=interpreted, Vv=VM code, C=native code)
V  [jvm.dll+0x6e1729]
V  [jvm.dll+0x8bf47b]
V  [jvm.dll+0x8c19aa]
V  [jvm.dll+0x8c2083]
V  [jvm.dll+0x289fd6]
V  [jvm.dll+0xc903d]
V  [jvm.dll+0xc958c]
V  [jvm.dll+0x66968d]
V  [jvm.dll+0x669822]
V  [jvm.dll+0x669822]
V  [jvm.dll+0x66f63b]
V  [jvm.dll+0x670617]
V  [jvm.dll+0x66e968]
V  [jvm.dll+0x251adb]
V  [jvm.dll+0x251283]
V  [jvm.dll+0x1d18bf]
V  [jvm.dll+0x260f4a]
V  [jvm.dll+0x25f2b5]
V  [jvm.dll+0x40151d]
V  [jvm.dll+0x86975d]
V  [jvm.dll+0x6dff2d]
C  [ucrtbase.dll+0x37b0]
C  [KERNEL32.DLL+0x2e957]
C  [ntdll.dll+0x427c]


---------------  P R O C E S S  ---------------

Threads class SMR info:
_java_thread_list=0x000001f919e164e0, length=12, elements={
0x000001f8b6f96dd0, 0x000001f8d3966ab0, 0x000001f8d3967500, 0x000001f8d396a090,
0x000001f8d396afa0, 0x000001f8d396be80, 0x000001f8d396c8d0, 0x000001f8d39820d0,
0x000001f8d3984c90, 0x000001f8d3b07ab0, 0x000001f8d3b08920, 0x000001f919e49390
}

Java Threads: ( => current thread )
  0x000001f8b6f96dd0 JavaThread "main"                              [_thread_blocked, id=15764, stack(0x000000c389d00000,0x000000c389e00000) (1024K)]
  0x000001f8d3966ab0 JavaThread "Reference Handler"          daemon [_thread_blocked, id=18012, stack(0x000000c38a500000,0x000000c38a600000) (1024K)]
  0x000001f8d3967500 JavaThread "Finalizer"                  daemon [_thread_blocked, id=5040, stack(0x000000c38a600000,0x000000c38a700000) (1024K)]
  0x000001f8d396a090 JavaThread "Signal Dispatcher"          daemon [_thread_blocked, id=5272, stack(0x000000c38a700000,0x000000c38a800000) (1024K)]
  0x000001f8d396afa0 JavaThread "Attach Listener"            daemon [_thread_blocked, id=12452, stack(0x000000c38a800000,0x000000c38a900000) (1024K)]
  0x000001f8d396be80 JavaThread "Service Thread"             daemon [_thread_blocked, id=8620, stack(0x000000c38a900000,0x000000c38aa00000) (1024K)]
  0x000001f8d396c8d0 JavaThread "Monitor Deflation Thread"   daemon [_thread_blocked, id=11772, stack(0x000000c38aa00000,0x000000c38ab00000) (1024K)]
=>0x000001f8d39820d0 JavaThread "C2 CompilerThread0"         daemon [_thread_in_native, id=15472, stack(0x000000c38ab00000,0x000000c38ac00000) (1024K)]
  0x000001f8d3984c90 JavaThread "C1 CompilerThread0"         daemon [_thread_blocked, id=6660, stack(0x000000c38ac00000,0x000000c38ad00000) (1024K)]
  0x000001f8d3b07ab0 JavaThread "Notification Thread"        daemon [_thread_blocked, id=18032, stack(0x000000c38ad00000,0x000000c38ae00000) (1024K)]
  0x000001f8d3b08920 JavaThread "Common-Cleaner"             daemon [_thread_blocked, id=12212, stack(0x000000c38ae00000,0x000000c38af00000) (1024K)]
  0x000001f919e49390 JavaThread "C2 CompilerThread1"         daemon [_thread_in_native, id=7180, stack(0x000000c38b800000,0x000000c38b900000) (1024K)]
Total: 12

Other Threads:
  0x000001f8d394fea0 VMThread "VM Thread"                           [id=14204, stack(0x000000c38a400000,0x000000c38a500000) (1024K)]
  0x000001f8d393ed70 WatcherThread "VM Periodic Task Thread"        [id=6872, stack(0x000000c38a300000,0x000000c38a400000) (1024K)]
  0x000001f8b9477750 WorkerThread "GC Thread#0"                     [id=17200, stack(0x000000c389e00000,0x000000c389f00000) (1024K)]
  0x000001f8d3dc74a0 WorkerThread "GC Thread#1"                     [id=10108, stack(0x000000c38b100000,0x000000c38b200000) (1024K)]
  0x000001f9190626b0 WorkerThread "GC Thread#2"                     [id=7500, stack(0x000000c38b200000,0x000000c38b300000) (1024K)]
  0x000001f919062a50 WorkerThread "GC Thread#3"                     [id=14376, stack(0x000000c38b300000,0x000000c38b400000) (1024K)]
  0x000001f91995ff50 WorkerThread "GC Thread#4"                     [id=12128, stack(0x000000c38b000000,0x000000c38b100000) (1024K)]
  0x000001f91925e5e0 WorkerThread "GC Thread#5"                     [id=7652, stack(0x000000c38b400000,0x000000c38b500000) (1024K)]
  0x000001f9191a2f70 WorkerThread "GC Thread#6"                     [id=7820, stack(0x000000c38b500000,0x000000c38b600000) (1024K)]
  0x000001f919a9a400 WorkerThread "GC Thread#7"                     [id=11228, stack(0x000000c38b600000,0x000000c38b700000) (1024K)]
  0x000001f8b9478f30 ConcurrentGCThread "G1 Main Marker"            [id=15964, stack(0x000000c389f00000,0x000000c38a000000) (1024K)]
  0x000001f8b947c070 WorkerThread "G1 Conc#0"                       [id=14404, stack(0x000000c38a000000,0x000000c38a100000) (1024K)]
  0x000001f8d38060f0 ConcurrentGCThread "G1 Refine#0"               [id=18068, stack(0x000000c38a100000,0x000000c38a200000) (1024K)]
  0x000001f8d3807920 ConcurrentGCThread "G1 Service"                [id=10416, stack(0x000000c38a200000,0x000000c38a300000) (1024K)]
Total: 14

Threads with active compile tasks:
C2 CompilerThread0  24965 2183       4       org.fusesource.jansi.io.AnsiOutputStream::write (898 bytes)
C2 CompilerThread1  24965 2191       4       org.gradle.internal.logging.text.AbstractLineChoppingStyledTextOutput$1::execute (9 bytes)
Total: 2

VM state: not at safepoint (normal execution)

VM Mutex/Monitor currently owned by a thread: None

Heap address: 0x00000000fc000000, size: 64 MB, Compressed Oops mode: 32-bit

CDS archive(s) mapped at: [0x000001f8d4000000-0x000001f8d4c80000-0x000001f8d4c80000), size 13107200, SharedBaseAddress: 0x000001f8d4000000, ArchiveRelocationMode: 1.
Compressed class space mapped at: 0x000001f8d5000000-0x000001f915000000, reserved size: 1073741824
Narrow klass base: 0x000001f8d4000000, Narrow klass shift: 0, Narrow klass range: 0x100000000

GC Precious Log:
 CardTable entry size: 512
 Card Set container configuration: InlinePtr #cards 5 size 8 Array Of Cards #cards 12 size 40 Howl #buckets 4 coarsen threshold 1843 Howl Bitmap #cards 512 size 80 coarsen threshold 460 Card regions per heap region 1 cards per card region 2048
 CPUs: 8 total, 8 available
 Memory: 7103M
 Large Page Support: Disabled
 NUMA Support: Disabled
 Compressed Oops: Enabled (32-bit)
 Heap Region Size: 1M
 Heap Min Capacity: 64M
 Heap Initial Capacity: 64M
 Heap Max Capacity: 64M
 Pre-touch: Disabled
 Parallel Workers: 8
 Concurrent Workers: 2
 Concurrent Refinement Workers: 8
 Periodic GC: Disabled

Heap:
 garbage-first heap   total 65536K, used 26365K [0x00000000fc000000, 0x0000000100000000)
  region size 1024K, 20 young (20480K), 5 survivors (5120K)
 Metaspace       used 11390K, committed 11712K, reserved 1114112K
  class space    used 1485K, committed 1664K, reserved 1048576K

Heap Regions: E=young(eden), S=young(survivor), O=old, HS=humongous(starts), HC=humongous(continues), CS=collection set, F=free, TAMS=top-at-mark-start, PB=parsable bottom
|   0|0x00000000fc000000, 0x00000000fc100000, 0x00000000fc100000|100%|HS|  |TAMS 0x00000000fc000000| PB 0x00000000fc000000| Complete 
|   1|0x00000000fc100000, 0x00000000fc200000, 0x00000000fc200000|100%|HC|  |TAMS 0x00000000fc100000| PB 0x00000000fc100000| Complete 
|   2|0x00000000fc200000, 0x00000000fc300000, 0x00000000fc300000|100%|HC|  |TAMS 0x00000000fc200000| PB 0x00000000fc200000| Complete 
|   3|0x00000000fc300000, 0x00000000fc400000, 0x00000000fc400000|100%|HC|  |TAMS 0x00000000fc300000| PB 0x00000000fc300000| Complete 
|   4|0x00000000fc400000, 0x00000000fc500000, 0x00000000fc500000|100%| O|  |TAMS 0x00000000fc400000| PB 0x00000000fc400000| Untracked 
|   5|0x00000000fc500000, 0x00000000fc600000, 0x00000000fc600000|100%| O|  |TAMS 0x00000000fc500000| PB 0x00000000fc500000| Untracked 
|   6|0x00000000fc600000, 0x00000000fc6bf578, 0x00000000fc700000| 74%| O|  |TAMS 0x00000000fc600000| PB 0x00000000fc600000| Untracked 
|   7|0x00000000fc700000, 0x00000000fc700000, 0x00000000fc800000|  0%| F|  |TAMS 0x00000000fc700000| PB 0x00000000fc700000| Untracked 
|   8|0x00000000fc800000, 0x00000000fc800000, 0x00000000fc900000|  0%| F|  |TAMS 0x00000000fc800000| PB 0x00000000fc800000| Untracked 
|   9|0x00000000fc900000, 0x00000000fc900000, 0x00000000fca00000|  0%| F|  |TAMS 0x00000000fc900000| PB 0x00000000fc900000| Untracked 
|  10|0x00000000fca00000, 0x00000000fca00000, 0x00000000fcb00000|  0%| F|  |TAMS 0x00000000fca00000| PB 0x00000000fca00000| Untracked 
|  11|0x00000000fcb00000, 0x00000000fcb00000, 0x00000000fcc00000|  0%| F|  |TAMS 0x00000000fcb00000| PB 0x00000000fcb00000| Untracked 
|  12|0x00000000fcc00000, 0x00000000fcc00000, 0x00000000fcd00000|  0%| F|  |TAMS 0x00000000fcc00000| PB 0x00000000fcc00000| Untracked 
|  13|0x00000000fcd00000, 0x00000000fcd00000, 0x00000000fce00000|  0%| F|  |TAMS 0x00000000fcd00000| PB 0x00000000fcd00000| Untracked 
|  14|0x00000000fce00000, 0x00000000fce00000, 0x00000000fcf00000|  0%| F|  |TAMS 0x00000000fce00000| PB 0x00000000fce00000| Untracked 
|  15|0x00000000fcf00000, 0x00000000fcf00000, 0x00000000fd000000|  0%| F|  |TAMS 0x00000000fcf00000| PB 0x00000000fcf00000| Untracked 
|  16|0x00000000fd000000, 0x00000000fd000000, 0x00000000fd100000|  0%| F|  |TAMS 0x00000000fd000000| PB 0x00000000fd000000| Untracked 
|  17|0x00000000fd100000, 0x00000000fd100000, 0x00000000fd200000|  0%| F|  |TAMS 0x00000000fd100000| PB 0x00000000fd100000| Untracked 
|  18|0x00000000fd200000, 0x00000000fd200000, 0x00000000fd300000|  0%| F|  |TAMS 0x00000000fd200000| PB 0x00000000fd200000| Untracked 
|  19|0x00000000fd300000, 0x00000000fd300000, 0x00000000fd400000|  0%| F|  |TAMS 0x00000000fd300000| PB 0x00000000fd300000| Untracked 
|  20|0x00000000fd400000, 0x00000000fd400000, 0x00000000fd500000|  0%| F|  |TAMS 0x00000000fd400000| PB 0x00000000fd400000| Untracked 
|  21|0x00000000fd500000, 0x00000000fd500000, 0x00000000fd600000|  0%| F|  |TAMS 0x00000000fd500000| PB 0x00000000fd500000| Untracked 
|  22|0x00000000fd600000, 0x00000000fd600000, 0x00000000fd700000|  0%| F|  |TAMS 0x00000000fd600000| PB 0x00000000fd600000| Untracked 
|  23|0x00000000fd700000, 0x00000000fd700000, 0x00000000fd800000|  0%| F|  |TAMS 0x00000000fd700000| PB 0x00000000fd700000| Untracked 
|  24|0x00000000fd800000, 0x00000000fd900000, 0x00000000fd900000|100%| S|CS|TAMS 0x00000000fd800000| PB 0x00000000fd800000| Complete 
|  25|0x00000000fd900000, 0x00000000fda00000, 0x00000000fda00000|100%| S|CS|TAMS 0x00000000fd900000| PB 0x00000000fd900000| Complete 
|  26|0x00000000fda00000, 0x00000000fdb00000, 0x00000000fdb00000|100%| S|CS|TAMS 0x00000000fda00000| PB 0x00000000fda00000| Complete 
|  27|0x00000000fdb00000, 0x00000000fdc00000, 0x00000000fdc00000|100%| S|CS|TAMS 0x00000000fdb00000| PB 0x00000000fdb00000| Complete 
|  28|0x00000000fdc00000, 0x00000000fdd00000, 0x00000000fdd00000|100%| S|CS|TAMS 0x00000000fdc00000| PB 0x00000000fdc00000| Complete 
|  29|0x00000000fdd00000, 0x00000000fdd00000, 0x00000000fde00000|  0%| F|  |TAMS 0x00000000fdd00000| PB 0x00000000fdd00000| Untracked 
|  30|0x00000000fde00000, 0x00000000fde00000, 0x00000000fdf00000|  0%| F|  |TAMS 0x00000000fde00000| PB 0x00000000fde00000| Untracked 
|  31|0x00000000fdf00000, 0x00000000fdf00000, 0x00000000fe000000|  0%| F|  |TAMS 0x00000000fdf00000| PB 0x00000000fdf00000| Untracked 
|  32|0x00000000fe000000, 0x00000000fe000000, 0x00000000fe100000|  0%| F|  |TAMS 0x00000000fe000000| PB 0x00000000fe000000| Untracked 
|  33|0x00000000fe100000, 0x00000000fe100000, 0x00000000fe200000|  0%| F|  |TAMS 0x00000000fe100000| PB 0x00000000fe100000| Untracked 
|  34|0x00000000fe200000, 0x00000000fe200000, 0x00000000fe300000|  0%| F|  |TAMS 0x00000000fe200000| PB 0x00000000fe200000| Untracked 
|  35|0x00000000fe300000, 0x00000000fe300000, 0x00000000fe400000|  0%| F|  |TAMS 0x00000000fe300000| PB 0x00000000fe300000| Untracked 
|  36|0x00000000fe400000, 0x00000000fe400000, 0x00000000fe500000|  0%| F|  |TAMS 0x00000000fe400000| PB 0x00000000fe400000| Untracked 
|  37|0x00000000fe500000, 0x00000000fe500000, 0x00000000fe600000|  0%| F|  |TAMS 0x00000000fe500000| PB 0x00000000fe500000| Untracked 
|  38|0x00000000fe600000, 0x00000000fe600000, 0x00000000fe700000|  0%| F|  |TAMS 0x00000000fe600000| PB 0x00000000fe600000| Untracked 
|  39|0x00000000fe700000, 0x00000000fe700000, 0x00000000fe800000|  0%| F|  |TAMS 0x00000000fe700000| PB 0x00000000fe700000| Untracked 
|  40|0x00000000fe800000, 0x00000000fe800000, 0x00000000fe900000|  0%| F|  |TAMS 0x00000000fe800000| PB 0x00000000fe800000| Untracked 
|  41|0x00000000fe900000, 0x00000000fe900000, 0x00000000fea00000|  0%| F|  |TAMS 0x00000000fe900000| PB 0x00000000fe900000| Untracked 
|  42|0x00000000fea00000, 0x00000000fea00000, 0x00000000feb00000|  0%| F|  |TAMS 0x00000000fea00000| PB 0x00000000fea00000| Untracked 
|  43|0x00000000feb00000, 0x00000000feb00000, 0x00000000fec00000|  0%| F|  |TAMS 0x00000000feb00000| PB 0x00000000feb00000| Untracked 
|  44|0x00000000fec00000, 0x00000000fec00000, 0x00000000fed00000|  0%| F|  |TAMS 0x00000000fec00000| PB 0x00000000fec00000| Untracked 
|  45|0x00000000fed00000, 0x00000000fed00000, 0x00000000fee00000|  0%| F|  |TAMS 0x00000000fed00000| PB 0x00000000fed00000| Untracked 
|  46|0x00000000fee00000, 0x00000000fee00000, 0x00000000fef00000|  0%| F|  |TAMS 0x00000000fee00000| PB 0x00000000fee00000| Untracked 
|  47|0x00000000fef00000, 0x00000000fef00000, 0x00000000ff000000|  0%| F|  |TAMS 0x00000000fef00000| PB 0x00000000fef00000| Untracked 
|  48|0x00000000ff000000, 0x00000000ff000000, 0x00000000ff100000|  0%| F|  |TAMS 0x00000000ff000000| PB 0x00000000ff000000| Untracked 
|  49|0x00000000ff100000, 0x00000000ff1ca428, 0x00000000ff200000| 79%| E|  |TAMS 0x00000000ff100000| PB 0x00000000ff100000| Complete 
|  50|0x00000000ff200000, 0x00000000ff300000, 0x00000000ff300000|100%| E|CS|TAMS 0x00000000ff200000| PB 0x00000000ff200000| Complete 
|  51|0x00000000ff300000, 0x00000000ff400000, 0x00000000ff400000|100%| E|CS|TAMS 0x00000000ff300000| PB 0x00000000ff300000| Complete 
|  52|0x00000000ff400000, 0x00000000ff500000, 0x00000000ff500000|100%| E|CS|TAMS 0x00000000ff400000| PB 0x00000000ff400000| Complete 
|  53|0x00000000ff500000, 0x00000000ff600000, 0x00000000ff600000|100%| E|CS|TAMS 0x00000000ff500000| PB 0x00000000ff500000| Complete 
|  54|0x00000000ff600000, 0x00000000ff700000, 0x00000000ff700000|100%| E|CS|TAMS 0x00000000ff600000| PB 0x00000000ff600000| Complete 
|  55|0x00000000ff700000, 0x00000000ff800000, 0x00000000ff800000|100%| E|CS|TAMS 0x00000000ff700000| PB 0x00000000ff700000| Complete 
|  56|0x00000000ff800000, 0x00000000ff900000, 0x00000000ff900000|100%| E|CS|TAMS 0x00000000ff800000| PB 0x00000000ff800000| Complete 
|  57|0x00000000ff900000, 0x00000000ffa00000, 0x00000000ffa00000|100%| E|CS|TAMS 0x00000000ff900000| PB 0x00000000ff900000| Complete 
|  58|0x00000000ffa00000, 0x00000000ffb00000, 0x00000000ffb00000|100%| E|CS|TAMS 0x00000000ffa00000| PB 0x00000000ffa00000| Complete 
|  59|0x00000000ffb00000, 0x00000000ffc00000, 0x00000000ffc00000|100%| E|CS|TAMS 0x00000000ffb00000| PB 0x00000000ffb00000| Complete 
|  60|0x00000000ffc00000, 0x00000000ffd00000, 0x00000000ffd00000|100%| E|CS|TAMS 0x00000000ffc00000| PB 0x00000000ffc00000| Complete 
|  61|0x00000000ffd00000, 0x00000000ffe00000, 0x00000000ffe00000|100%| E|CS|TAMS 0x00000000ffd00000| PB 0x00000000ffd00000| Complete 
|  62|0x00000000ffe00000, 0x00000000fff00000, 0x00000000fff00000|100%| E|CS|TAMS 0x00000000ffe00000| PB 0x00000000ffe00000| Complete 
|  63|0x00000000fff00000, 0x0000000100000000, 0x0000000100000000|100%| E|CS|TAMS 0x00000000fff00000| PB 0x00000000fff00000| Complete 

Card table byte_map: [0x000001f8b7240000,0x000001f8b7260000] _byte_map_base: 0x000001f8b6a60000

Marking Bits: (CMBitMap*) 0x000001f8b9477e50
 Bits: [0x000001f8d0e60000, 0x000001f8d0f60000)

Polling page: 0x000001f8b71b0000

Metaspace:

Usage:
  Non-class:      9.67 MB used.
      Class:      1.45 MB used.
       Both:     11.12 MB used.

Virtual space:
  Non-class space:       64.00 MB reserved,       9.81 MB ( 15%) committed,  1 nodes.
      Class space:        1.00 GB reserved,       1.62 MB ( <1%) committed,  1 nodes.
             Both:        1.06 GB reserved,      11.44 MB (  1%) committed. 

Chunk freelists:
   Non-Class:  6.10 MB
       Class:  14.34 MB
        Both:  20.44 MB

MaxMetaspaceSize: unlimited
CompressedClassSpaceSize: 1.00 GB
Initial GC threshold: 21.00 MB
Current GC threshold: 21.00 MB
CDS: on
 - commit_granule_bytes: 65536.
 - commit_granule_words: 8192.
 - virtual_space_node_default_size: 8388608.
 - enlarge_chunks_in_place: 1.
 - use_allocation_guard: 0.


Internal statistics:

num_allocs_failed_limit: 0.
num_arena_births: 260.
num_arena_deaths: 0.
num_vsnodes_births: 2.
num_vsnodes_deaths: 0.
num_space_committed: 183.
num_space_uncommitted: 0.
num_chunks_returned_to_freelist: 0.
num_chunks_taken_from_freelist: 610.
num_chunk_merges: 0.
num_chunk_splits: 386.
num_chunks_enlarged: 275.
num_inconsistent_stats: 0.

CodeHeap 'non-profiled nmethods': size=120000Kb used=892Kb max_used=892Kb free=119107Kb
 bounds [0x000001f8c9600000, 0x000001f8c9870000, 0x000001f8d0b30000]
CodeHeap 'profiled nmethods': size=120000Kb used=4109Kb max_used=4109Kb free=115890Kb
 bounds [0x000001f8c1b30000, 0x000001f8c1f40000, 0x000001f8c9060000]
CodeHeap 'non-nmethods': size=5760Kb used=1419Kb max_used=1433Kb free=4340Kb
 bounds [0x000001f8c9060000, 0x000001f8c92d0000, 0x000001f8c9600000]
CodeCache: size=245760Kb, used=6420Kb, max_used=6434Kb, free=239337Kb
 total_blobs=2727, nmethods=2214, adapters=418, full_count=0
Compilation: enabled, stopped_count=0, restarted_count=0

Compilation events (20 events):
Event: 24.863 Thread 0x000001f8d3984c90 2185       3       java.lang.InheritableThreadLocal::getMap (5 bytes)
Event: 24.863 Thread 0x000001f8d3984c90 nmethod 2185 0x000001f8c1f21410 code [0x000001f8c1f215a0, 0x000001f8c1f216b8]
Event: 24.863 Thread 0x000001f8d3984c90 2186       3       org.gradle.internal.logging.console.DefaultAnsiFactory::create (19 bytes)
Event: 24.864 Thread 0x000001f8d39820d0 nmethod 2181 0x000001f8c96dd610 code [0x000001f8c96dd7c0, 0x000001f8c96dd968]
Event: 24.864 Thread 0x000001f8d39820d0 2183       4       org.fusesource.jansi.io.AnsiOutputStream::write (898 bytes)
Event: 24.865 Thread 0x000001f8d3984c90 nmethod 2186 0x000001f8c1f21790 code [0x000001f8c1f21a40, 0x000001f8c1f227c8]
Event: 24.865 Thread 0x000001f8d3984c90 2187       3       org.fusesource.jansi.Ansi::ansi (22 bytes)
Event: 24.865 Thread 0x000001f8d3984c90 nmethod 2187 0x000001f8c1f22b90 code [0x000001f8c1f22de0, 0x000001f8c1f236a0]
Event: 24.866 Thread 0x000001f8d3984c90 2188   !   3       org.gradle.internal.logging.console.DefaultAnsiExecutor::write (24 bytes)
Event: 24.866 Thread 0x000001f8d3984c90 nmethod 2188 0x000001f8c1f23990 code [0x000001f8c1f23ba0, 0x000001f8c1f24090]
Event: 24.867 Thread 0x000001f8d3984c90 2190       1       java.nio.Buffer::capacity (5 bytes)
Event: 24.867 Thread 0x000001f8d3984c90 nmethod 2190 0x000001f8c96ddb90 code [0x000001f8c96ddd20, 0x000001f8c96ddde8]
Event: 24.868 Thread 0x000001f8d3984c90 2194       1       java.nio.charset.CharsetEncoder::maxBytesPerChar (5 bytes)
Event: 24.869 Thread 0x000001f8d3984c90 nmethod 2194 0x000001f8c96dde90 code [0x000001f8c96de020, 0x000001f8c96de0e8]
Event: 24.869 Thread 0x000001f8d3984c90 2195       3       java.lang.StringCoding::implEncodeAsciiArray (47 bytes)
Event: 24.870 Thread 0x000001f8d3984c90 nmethod 2195 0x000001f8c1f24390 code [0x000001f8c1f24540, 0x000001f8c1f24778]
Event: 24.870 Thread 0x000001f919e49390 2189       4       org.gradle.internal.logging.text.AbstractLineChoppingStyledTextOutput$StateContext::hasChar (25 bytes)
Event: 24.872 Thread 0x000001f919e49390 nmethod 2189 0x000001f8c96de190 code [0x000001f8c96de320, 0x000001f8c96de3d8]
Event: 24.872 Thread 0x000001f919e49390 2191       4       org.gradle.internal.logging.text.AbstractLineChoppingStyledTextOutput$1::execute (9 bytes)
Event: 24.874 Thread 0x000001f8d3984c90 2197       3       java.nio.charset.CoderResult::isUnderflow (13 bytes)

GC Heap History (4 events):
Event: 0.662 GC heap before
{Heap before GC invocations=0 (full 0):
 garbage-first heap   total 65536K, used 22528K [0x00000000fc000000, 0x0000000100000000)
  region size 1024K, 23 young (23552K), 0 survivors (0K)
 Metaspace       used 1573K, committed 1728K, reserved 1114112K
  class space    used 150K, committed 256K, reserved 1048576K
}
Event: 0.667 GC heap after
{Heap after GC invocations=1 (full 0):
 garbage-first heap   total 65536K, used 1792K [0x00000000fc000000, 0x0000000100000000)
  region size 1024K, 2 young (2048K), 2 survivors (2048K)
 Metaspace       used 1573K, committed 1728K, reserved 1114112K
  class space    used 150K, committed 256K, reserved 1048576K
}
Event: 2.420 GC heap before
{Heap before GC invocations=1 (full 0):
 garbage-first heap   total 65536K, used 38656K [0x00000000fc000000, 0x0000000100000000)
  region size 1024K, 35 young (35840K), 2 survivors (2048K)
 Metaspace       used 8134K, committed 8384K, reserved 1114112K
  class space    used 1090K, committed 1216K, reserved 1048576K
}
Event: 2.432 GC heap after
{Heap after GC invocations=2 (full 0):
 garbage-first heap   total 65536K, used 12029K [0x00000000fc000000, 0x0000000100000000)
  region size 1024K, 5 young (5120K), 5 survivors (5120K)
 Metaspace       used 8134K, committed 8384K, reserved 1114112K
  class space    used 1090K, committed 1216K, reserved 1048576K
}

Dll operation events (13 events):
Event: 0.020 Loaded shared library C:\Users\ibraa\.jdks\ms-21.0.8\bin\java.dll
Event: 0.072 Loaded shared library C:\Users\ibraa\.jdks\ms-21.0.8\bin\jsvml.dll
Event: 0.102 Loaded shared library C:\Users\ibraa\.jdks\ms-21.0.8\bin\net.dll
Event: 0.106 Loaded shared library C:\Users\ibraa\.jdks\ms-21.0.8\bin\nio.dll
Event: 0.111 Loaded shared library C:\Users\ibraa\.jdks\ms-21.0.8\bin\zip.dll
Event: 0.678 Loaded shared library C:\Users\ibraa\.jdks\ms-21.0.8\bin\jimage.dll
Event: 1.631 Loaded shared library C:\Users\ibraa\.jdks\ms-21.0.8\bin\management.dll
Event: 1.636 Loaded shared library C:\Users\ibraa\.jdks\ms-21.0.8\bin\management_ext.dll
Event: 1.718 Loaded shared library C:\Users\ibraa\.gradle\native\660c5614fbf4a5f2a75b1949f50a0caf5cd603558e7d8a26e50b933a0cfb79d1\windows-amd64\native-platform.dll
Event: 1.784 Loaded shared library C:\Users\ibraa\.gradle\native\jansi\2.4.2\Windows\x86_64\jansi.dll
Event: 2.170 Loaded shared library C:\Users\ibraa\.jdks\ms-21.0.8\bin\extnet.dll
Event: 2.920 Loaded shared library C:\Users\ibraa\.jdks\ms-21.0.8\bin\verify.dll
Event: 7.215 Loaded shared library C:\Users\ibraa\.jdks\ms-21.0.8\bin\sunmscapi.dll

Deoptimization events (20 events):
Event: 7.190 Thread 0x000001f8b6f96dd0 Uncommon trap: trap_request=0xffffffde fr.pc=0x000001f8c967fd88 relative=0x0000000000000848
Event: 7.190 Thread 0x000001f8b6f96dd0 Uncommon trap: reason=class_check action=maybe_recompile pc=0x000001f8c967fd88 method=java.util.HashMap.putVal(ILjava/lang/Object;Ljava/lang/Object;ZZ)Ljava/lang/Object; @ 203 c2
Event: 7.190 Thread 0x000001f8b6f96dd0 DEOPT PACKING pc=0x000001f8c967fd88 sp=0x000000c389dfbb70
Event: 7.190 Thread 0x000001f8b6f96dd0 DEOPT UNPACKING pc=0x000001f8c90b46a2 sp=0x000000c389dfbb30 mode 2
Event: 7.245 Thread 0x000001f8b6f96dd0 Uncommon trap: trap_request=0xffffff45 fr.pc=0x000001f8c967ca70 relative=0x00000000000005f0
Event: 7.246 Thread 0x000001f8b6f96dd0 Uncommon trap: reason=unstable_if action=reinterpret pc=0x000001f8c967ca70 method=java.lang.Integer.getChars(II[B)I @ 25 c2
Event: 7.246 Thread 0x000001f8b6f96dd0 DEOPT PACKING pc=0x000001f8c967ca70 sp=0x000000c389dfdc90
Event: 7.246 Thread 0x000001f8b6f96dd0 DEOPT UNPACKING pc=0x000001f8c90b46a2 sp=0x000000c389dfdb90 mode 2
Event: 16.538 Thread 0x000001f919ce49c0 Uncommon trap: trap_request=0xffffff45 fr.pc=0x000001f8c9677964 relative=0x00000000000005e4
Event: 16.538 Thread 0x000001f919ce49c0 Uncommon trap: reason=unstable_if action=reinterpret pc=0x000001f8c9677964 method=java.lang.Integer.getChars(II[B)I @ 25 c2
Event: 16.538 Thread 0x000001f919ce49c0 DEOPT PACKING pc=0x000001f8c9677964 sp=0x000000c38affeab0
Event: 16.538 Thread 0x000001f919ce49c0 DEOPT UNPACKING pc=0x000001f8c90b46a2 sp=0x000000c38affe9f8 mode 2
Event: 19.839 Thread 0x000001f919ce49c0 Uncommon trap: trap_request=0xffffff45 fr.pc=0x000001f8c9676fb4 relative=0x0000000000000114
Event: 19.839 Thread 0x000001f919ce49c0 Uncommon trap: reason=unstable_if action=reinterpret pc=0x000001f8c9676fb4 method=java.lang.Integer.getChars(II[B)I @ 25 c2
Event: 19.839 Thread 0x000001f919ce49c0 DEOPT PACKING pc=0x000001f8c9676fb4 sp=0x000000c38affee60
Event: 19.839 Thread 0x000001f919ce49c0 DEOPT UNPACKING pc=0x000001f8c90b46a2 sp=0x000000c38affede8 mode 2
Event: 24.833 Thread 0x000001f8b6f96dd0 Uncommon trap: trap_request=0xffffff45 fr.pc=0x000001f8c96dbf48 relative=0x0000000000000188
Event: 24.833 Thread 0x000001f8b6f96dd0 Uncommon trap: reason=unstable_if action=reinterpret pc=0x000001f8c96dbf48 method=com.esotericsoftware.kryo.io.Input.require(I)I @ 180 c2
Event: 24.833 Thread 0x000001f8b6f96dd0 DEOPT PACKING pc=0x000001f8c96dbf48 sp=0x000000c389dfe130
Event: 24.833 Thread 0x000001f8b6f96dd0 DEOPT UNPACKING pc=0x000001f8c90b46a2 sp=0x000000c389dfe0d8 mode 2

Classes loaded (20 events):
Event: 24.838 Loading class sun/nio/fs/WindowsChannelFactory
Event: 24.838 Loading class sun/nio/fs/WindowsChannelFactory done
Event: 24.838 Loading class sun/nio/fs/WindowsChannelFactory$1
Event: 24.838 Loading class sun/nio/fs/WindowsChannelFactory$1 done
Event: 24.838 Loading class sun/nio/fs/WindowsChannelFactory$Flags
Event: 24.838 Loading class sun/nio/fs/WindowsChannelFactory$Flags done
Event: 24.839 Loading class sun/nio/fs/WindowsChannelFactory$2
Event: 24.839 Loading class sun/nio/fs/WindowsChannelFactory$2 done
Event: 24.839 Loading class sun/nio/ch/FileChannelImpl$Closer
Event: 24.839 Loading class sun/nio/ch/FileChannelImpl$Closer done
Event: 24.840 Loading class java/util/stream/Streams$1
Event: 24.841 Loading class java/util/stream/Streams$1 done
Event: 24.846 Loading class java/nio/file/FileChannelLinesSpliterator$1
Event: 24.846 Loading class java/nio/file/FileChannelLinesSpliterator$1 done
Event: 24.846 Loading class java/nio/channels/Channels
Event: 24.846 Loading class java/nio/channels/Channels done
Event: 24.846 Loading class java/io/FileReader
Event: 24.846 Loading class java/io/FileReader done
Event: 24.855 Loading class java/util/concurrent/ConcurrentLinkedQueue$Itr
Event: 24.855 Loading class java/util/concurrent/ConcurrentLinkedQueue$Itr done

Classes unloaded (0 events):
No events

Classes redefined (0 events):
No events

Internal exceptions (20 events):
Event: 1.795 Thread 0x000001f8b6f96dd0 Exception <a 'java/lang/NullPointerException'{0x00000000febbe588}> (0x00000000febbe588) 
thrown [s\src\hotspot\share\interpreter\linkResolver.cpp, line 1372]
Event: 1.941 Thread 0x000001f8b6f96dd0 Exception <a 'java/lang/NoSuchMethodError'{0x00000000fe500498}: 'java.lang.Object java.lang.invoke.DirectMethodHandle$Holder.newInvokeSpecial(java.lang.Object, java.lang.Object, java.lang.Object, java.lang.Object, java.lang.Object)'> (0x00000000fe500498) 
thrown [s\src\hotspot\share\interpreter\linkResolver.cpp, line 773]
Event: 1.963 Thread 0x000001f8b6f96dd0 Exception <a 'java/lang/NoSuchMethodError'{0x00000000fe565138}: 'java.lang.Object java.lang.invoke.Invokers$Holder.invokeExact_MT(java.lang.Object, java.lang.Object, java.lang.Object, java.lang.Object, java.lang.Object)'> (0x00000000fe565138) 
thrown [s\src\hotspot\share\interpreter\linkResolver.cpp, line 773]
Event: 1.974 Thread 0x000001f8b6f96dd0 Exception <a 'java/lang/NoSuchMethodError'{0x00000000fe410758}: 'java.lang.Object java.lang.invoke.DirectMethodHandle$Holder.invokeVirtual(java.lang.Object, java.lang.Object, java.lang.Object, java.lang.Object, java.lang.Object, java.lang.Object, java.lang.Object)'> (0x00000000fe410758) 
thrown [s\src\hotspot\share\interpreter\linkResolver.cpp, line 773]
Event: 1.986 Thread 0x000001f8b6f96dd0 Exception <a 'java/lang/NoSuchMethodError'{0x00000000fe4557e8}: 'java.lang.Object java.lang.invoke.DirectMethodHandle$Holder.invokeVirtual(java.lang.Object, java.lang.Object, java.lang.Object, java.lang.Object)'> (0x00000000fe4557e8) 
thrown [s\src\hotspot\share\interpreter\linkResolver.cpp, line 773]
Event: 2.175 Thread 0x000001f8b6f96dd0 Exception <a 'java/lang/NoSuchMethodError'{0x00000000fe1478b8}: 'void java.lang.invoke.DirectMethodHandle$Holder.invokeStatic(java.lang.Object, java.lang.Object, java.lang.Object)'> (0x00000000fe1478b8) 
thrown [s\src\hotspot\share\interpreter\linkResolver.cpp, line 773]
Event: 2.217 Thread 0x000001f8b6f96dd0 Exception <a 'java/lang/NoSuchMethodError'{0x00000000fe014ca0}: 'java.lang.Object java.lang.invoke.DirectMethodHandle$Holder.invokeVirtual(java.lang.Object, java.lang.Object, java.lang.Object, java.lang.Object, java.lang.Object)'> (0x00000000fe014ca0) 
thrown [s\src\hotspot\share\interpreter\linkResolver.cpp, line 773]
Event: 2.218 Thread 0x000001f8b6f96dd0 Exception <a 'java/lang/NoSuchMethodError'{0x00000000fe027af0}: 'java.lang.Object java.lang.invoke.Invokers$Holder.invokeExact_MT(java.lang.Object, java.lang.Object, java.lang.Object, java.lang.Object, java.lang.Object, java.lang.Object)'> (0x00000000fe027af0) 
thrown [s\src\hotspot\share\interpreter\linkResolver.cpp, line 773]
Event: 2.327 Thread 0x000001f8b6f96dd0 Exception <a 'java/lang/NoSuchMethodError'{0x00000000fde4db60}: 'java.lang.Object java.lang.invoke.DirectMethodHandle$Holder.invokeVirtual(java.lang.Object, java.lang.Object, java.lang.Object, java.lang.Object, java.lang.Object, java.lang.Object, java.lang.Object, java.lang.Object, java.lang.Object)'> (0x00000000fde4db60) 
thrown [s\src\hotspot\share\interpreter\linkResolver.cpp, line 773]
Event: 2.471 Thread 0x000001f8b6f96dd0 Exception <a 'java/lang/NoSuchMethodError'{0x00000000ffe344e0}: 'java.lang.Object java.lang.invoke.DirectMethodHandle$Holder.invokeVirtual(java.lang.Object, java.lang.Object, java.lang.Object, java.lang.Object, java.lang.Object, java.lang.Object, java.lang.Object, java.lang.Object)'> (0x00000000ffe344e0) 
thrown [s\src\hotspot\share\interpreter\linkResolver.cpp, line 773]
Event: 2.512 Thread 0x000001f8b6f96dd0 Exception <a 'java/lang/NoSuchMethodError'{0x00000000ffec3cb0}: 'java.lang.Object java.lang.invoke.DirectMethodHandle$Holder.invokeStaticInit(java.lang.Object, int, int, int, int)'> (0x00000000ffec3cb0) 
thrown [s\src\hotspot\share\interpreter\linkResolver.cpp, line 773]
Event: 2.554 Thread 0x000001f8b6f96dd0 Exception <a 'java/lang/NoSuchMethodError'{0x00000000ffee1d48}: 'java.lang.Object java.lang.invoke.DirectMethodHandle$Holder.invokeStaticInit(java.lang.Object, java.lang.Object, int, int, int, int)'> (0x00000000ffee1d48) 
thrown [s\src\hotspot\share\interpreter\linkResolver.cpp, line 773]
Event: 2.695 Thread 0x000001f8b6f96dd0 Exception <a 'java/lang/NoSuchMethodError'{0x00000000ffb40d60}: 'void java.lang.invoke.DirectMethodHandle$Holder.invokeInterface(java.lang.Object, java.lang.Object, java.lang.Object)'> (0x00000000ffb40d60) 
thrown [s\src\hotspot\share\interpreter\linkResolver.cpp, line 773]
Event: 3.005 Thread 0x000001f919c08410 Exception <a 'java/lang/NoSuchMethodError'{0x00000000ff515510}: 'void java.lang.invoke.DirectMethodHandle$Holder.invokeStatic(java.lang.Object, long)'> (0x00000000ff515510) 
thrown [s\src\hotspot\share\interpreter\linkResolver.cpp, line 773]
Event: 3.006 Thread 0x000001f919c08410 Exception <a 'java/lang/NoSuchMethodError'{0x00000000ff51a5b0}: 'java.lang.Object java.lang.invoke.DirectMethodHandle$Holder.newInvokeSpecial(java.lang.Object, long)'> (0x00000000ff51a5b0) 
thrown [s\src\hotspot\share\interpreter\linkResolver.cpp, line 773]
Event: 3.009 Thread 0x000001f919c08410 Exception <a 'java/lang/NoSuchMethodError'{0x00000000ff5213e0}: 'java.lang.Object java.lang.invoke.DirectMethodHandle$Holder.invokeStatic(java.lang.Object, long, java.lang.Object)'> (0x00000000ff5213e0) 
thrown [s\src\hotspot\share\interpreter\linkResolver.cpp, line 773]
Event: 3.010 Thread 0x000001f919c08410 Exception <a 'java/lang/NoSuchMethodError'{0x00000000ff524a78}: 'java.lang.Object java.lang.invoke.DirectMethodHandle$Holder.invokeStaticInit(java.lang.Object, long, java.lang.Object)'> (0x00000000ff524a78) 
thrown [s\src\hotspot\share\interpreter\linkResolver.cpp, line 773]
Event: 24.833 Thread 0x000001f8b6f96dd0 Exception <a 'sun/net/ConnectionResetException'{0x00000000ff392710}: Connection reset> (0x00000000ff392710) 
thrown [s\src\hotspot\share\prims\jni.cpp, line 539]
Event: 24.850 Thread 0x000001f8b6f96dd0 Exception <a 'java/lang/NoSuchMethodError'{0x00000000ff265760}: 'int java.lang.invoke.DirectMethodHandle$Holder.invokeVirtual(java.lang.Object, java.lang.Object)'> (0x00000000ff265760) 
thrown [s\src\hotspot\share\interpreter\linkResolver.cpp, line 773]
Event: 24.853 Thread 0x000001f8b6f96dd0 Exception <a 'java/io/IOException'{0x00000000ff26fcf8}: Connection reset by peer> (0x00000000ff26fcf8) 
thrown [s\src\hotspot\share\prims\jni.cpp, line 539]

ZGC Phase Switch (0 events):
No events

VM Operations (20 events):
Event: 9.199 Executing VM operation: Cleanup
Event: 9.199 Executing VM operation: Cleanup done
Event: 11.205 Executing VM operation: Cleanup
Event: 11.205 Executing VM operation: Cleanup done
Event: 14.229 Executing VM operation: Cleanup
Event: 14.229 Executing VM operation: Cleanup done
Event: 16.245 Executing VM operation: Cleanup
Event: 16.245 Executing VM operation: Cleanup done
Event: 17.249 Executing VM operation: Cleanup
Event: 17.249 Executing VM operation: Cleanup done
Event: 20.271 Executing VM operation: Cleanup
Event: 20.272 Executing VM operation: Cleanup done
Event: 21.276 Executing VM operation: Cleanup
Event: 21.276 Executing VM operation: Cleanup done
Event: 22.282 Executing VM operation: Cleanup
Event: 22.282 Executing VM operation: Cleanup done
Event: 23.289 Executing VM operation: Cleanup
Event: 23.289 Executing VM operation: Cleanup done
Event: 24.304 Executing VM operation: Cleanup
Event: 24.304 Executing VM operation: Cleanup done

Memory protections (0 events):
No events

Nmethod flushes (0 events):
No events

Events (20 events):
Event: 0.069 Thread 0x000001f8b6f96dd0 Thread added: 0x000001f8d39820d0
Event: 0.070 Thread 0x000001f8b6f96dd0 Thread added: 0x000001f8d3984c90
Event: 0.094 Thread 0x000001f8b6f96dd0 Thread added: 0x000001f8d3b07ab0
Event: 0.096 Thread 0x000001f8b6f96dd0 Thread added: 0x000001f8d3b08920
Event: 0.537 Thread 0x000001f8d3984c90 Thread added: 0x000001f8d3dd15b0
Event: 0.661 Thread 0x000001f8d3984c90 Thread added: 0x000001f8d3c3e1e0
Event: 1.494 Thread 0x000001f8d3c3e1e0 Thread exited: 0x000001f8d3c3e1e0
Event: 1.765 Thread 0x000001f8d3dd15b0 Thread exited: 0x000001f8d3dd15b0
Event: 1.777 Thread 0x000001f8b6f96dd0 Thread added: 0x000001f8d3dd1570
Event: 1.783 Thread 0x000001f8d3dd1570 Thread exited: 0x000001f8d3dd1570
Event: 1.827 Thread 0x000001f8b6f96dd0 Thread added: 0x000001f919ce49c0
Event: 2.656 Thread 0x000001f8d3984c90 Thread added: 0x000001f919b65830
Event: 2.972 Thread 0x000001f8b6f96dd0 Thread added: 0x000001f919c08410
Event: 3.017 Thread 0x000001f919c08410 Thread added: 0x000001f919c08aa0
Event: 3.018 Thread 0x000001f919c08aa0 Thread exited: 0x000001f919c08aa0
Event: 3.020 Thread 0x000001f919c08410 Thread added: 0x000001f919c0ab70
Event: 3.741 Thread 0x000001f919b65830 Thread exited: 0x000001f919b65830
Event: 7.118 Thread 0x000001f919c08410 Thread exited: 0x000001f919c08410
Event: 7.118 Thread 0x000001f919c0ab70 Thread exited: 0x000001f919c0ab70
Event: 24.869 Thread 0x000001f8d3984c90 Thread added: 0x000001f919e49390


Dynamic libraries:
0x00007ff76eb60000 - 0x00007ff76eb6e000 	C:\Users\ibraa\.jdks\ms-21.0.8\bin\java.exe
0x00007ff93bf60000 - 0x00007ff93c1c7000 	C:\WINDOWS\SYSTEM32\ntdll.dll
0x00007ff93ab20000 - 0x00007ff93abe9000 	C:\WINDOWS\System32\KERNEL32.DLL
0x00007ff939620000 - 0x00007ff939a17000 	C:\WINDOWS\System32\KERNELBASE.dll
0x00007ff939a20000 - 0x00007ff939b6b000 	C:\WINDOWS\System32\ucrtbase.dll
0x00007ff903da0000 - 0x00007ff903db8000 	C:\Users\ibraa\.jdks\ms-21.0.8\bin\jli.dll
0x00007ff903d80000 - 0x00007ff903d9e000 	C:\Users\ibraa\.jdks\ms-21.0.8\bin\VCRUNTIME140.dll
0x00007ff93a290000 - 0x00007ff93a456000 	C:\WINDOWS\System32\USER32.dll
0x00007ff939cb0000 - 0x00007ff939cd7000 	C:\WINDOWS\System32\win32u.dll
0x00007ff926620000 - 0x00007ff9268b2000 	C:\WINDOWS\WinSxS\amd64_microsoft.windows.common-controls_6595b64144ccf1df_6.0.26100.8457_none_3e0b2faee331e92d\COMCTL32.dll
0x00007ff93b0a0000 - 0x00007ff93b0cb000 	C:\WINDOWS\System32\GDI32.dll
0x00007ff93b280000 - 0x00007ff93b329000 	C:\WINDOWS\System32\msvcrt.dll
0x00007ff9394f0000 - 0x00007ff93961c000 	C:\WINDOWS\System32\gdi32full.dll
0x00007ff939c00000 - 0x00007ff939ca3000 	C:\WINDOWS\System32\msvcp_win.dll
0x00007ff93a5f0000 - 0x00007ff93a622000 	C:\WINDOWS\System32\IMM32.DLL
0x0000000059060000 - 0x000000005906d000 	C:\Program Files (x86)\360\Total Security\safemon\SafeWrapper.dll
0x00007ff93bd00000 - 0x00007ff93bdb6000 	C:\WINDOWS\System32\ADVAPI32.dll
0x00007ff93b1d0000 - 0x00007ff93b277000 	C:\WINDOWS\System32\sechost.dll
0x00007ff93acd0000 - 0x00007ff93ade8000 	C:\WINDOWS\System32\RPCRT4.dll
0x00007ff933520000 - 0x00007ff933625000 	C:\Program Files (x86)\360\Total Security\safemon\libzdtp64.dll
0x00007ff93b330000 - 0x00007ff93ba9e000 	C:\WINDOWS\System32\SHELL32.dll
0x00007ff93a580000 - 0x00007ff93a5e6000 	C:\WINDOWS\System32\SHLWAPI.dll
0x00007ff938990000 - 0x00007ff9391fc000 	C:\WINDOWS\System32\Windows.Storage.dll
0x00007ff939d70000 - 0x00007ff93a0f3000 	C:\WINDOWS\System32\combase.dll
0x00007ff938270000 - 0x00007ff93827b000 	C:\WINDOWS\SYSTEM32\VERSION.dll
0x00007ff92eb30000 - 0x00007ff92eb3c000 	C:\Users\ibraa\.jdks\ms-21.0.8\bin\vcruntime140_1.dll
0x00007ff903970000 - 0x00007ff9039f9000 	C:\Users\ibraa\.jdks\ms-21.0.8\bin\msvcp140.dll
0x00007ff8b96e0000 - 0x00007ff8ba48c000 	C:\Users\ibraa\.jdks\ms-21.0.8\bin\server\jvm.dll
0x00007ff93bc70000 - 0x00007ff93bcf0000 	C:\WINDOWS\System32\WS2_32.dll
0x00007ff938810000 - 0x00007ff93886e000 	C:\WINDOWS\SYSTEM32\POWRPROF.dll
0x00007ff9324d0000 - 0x00007ff932506000 	C:\WINDOWS\SYSTEM32\WINMM.dll
0x00007ff9387f0000 - 0x00007ff938804000 	C:\WINDOWS\SYSTEM32\UMPDC.dll
0x00007ff937690000 - 0x00007ff9376ab000 	C:\WINDOWS\SYSTEM32\kernel.appcore.dll
0x00007ff926da0000 - 0x00007ff926daa000 	C:\Users\ibraa\.jdks\ms-21.0.8\bin\jimage.dll
0x00007ff936ad0000 - 0x00007ff936d12000 	C:\WINDOWS\SYSTEM32\DBGHELP.DLL
0x00007ff93abf0000 - 0x00007ff93acc9000 	C:\WINDOWS\System32\OLEAUT32.dll
0x00007ff921680000 - 0x00007ff9216bb000 	C:\WINDOWS\SYSTEM32\dbgcore.DLL
0x00007ff939200000 - 0x00007ff9392a8000 	C:\WINDOWS\System32\bcryptPrimitives.dll
0x00007ff903730000 - 0x00007ff903751000 	C:\Users\ibraa\.jdks\ms-21.0.8\bin\java.dll
0x00007ff93b0d0000 - 0x00007ff93b1c6000 	C:\WINDOWS\System32\SHCORE.dll
0x00007ff9388b0000 - 0x00007ff9388d9000 	C:\WINDOWS\SYSTEM32\profapi.dll
0x00007ff8c11e0000 - 0x00007ff8c12b6000 	C:\Users\ibraa\.jdks\ms-21.0.8\bin\jsvml.dll
0x00007ff903d60000 - 0x00007ff903d71000 	C:\Users\ibraa\.jdks\ms-21.0.8\bin\net.dll
0x00007ff92de10000 - 0x00007ff92df39000 	C:\WINDOWS\SYSTEM32\WINHTTP.dll
0x00007ff937c20000 - 0x00007ff937c8c000 	C:\WINDOWS\system32\mswsock.dll
0x00007ff903710000 - 0x00007ff903726000 	C:\Users\ibraa\.jdks\ms-21.0.8\bin\nio.dll
0x00007ff9036f0000 - 0x00007ff903708000 	C:\Users\ibraa\.jdks\ms-21.0.8\bin\zip.dll
0x00007ff9253e0000 - 0x00007ff9253ea000 	C:\Users\ibraa\.jdks\ms-21.0.8\bin\management.dll
0x00007ff9250b0000 - 0x00007ff9250bc000 	C:\Users\ibraa\.jdks\ms-21.0.8\bin\management_ext.dll
0x00007ff93a100000 - 0x00007ff93a108000 	C:\WINDOWS\System32\PSAPI.DLL
0x00007ff8fb170000 - 0x00007ff8fb197000 	C:\Users\ibraa\.gradle\native\660c5614fbf4a5f2a75b1949f50a0caf5cd603558e7d8a26e50b933a0cfb79d1\windows-amd64\native-platform.dll
0x00007ff8fb140000 - 0x00007ff8fb164000 	C:\Users\ibraa\.gradle\native\jansi\2.4.2\Windows\x86_64\jansi.dll
0x00007ff9370c0000 - 0x00007ff9370f2000 	C:\WINDOWS\SYSTEM32\IPHLPAPI.DLL
0x00007ff93bab0000 - 0x00007ff93baba000 	C:\WINDOWS\System32\NSI.dll
0x00007ff925060000 - 0x00007ff925069000 	C:\Users\ibraa\.jdks\ms-21.0.8\bin\extnet.dll
0x00007ff937f00000 - 0x00007ff937f1b000 	C:\WINDOWS\SYSTEM32\CRYPTSP.dll
0x00007ff9375f0000 - 0x00007ff937629000 	C:\WINDOWS\system32\rsaenh.dll
0x00007ff937cd0000 - 0x00007ff937d03000 	C:\WINDOWS\SYSTEM32\USERENV.dll
0x00007ff938880000 - 0x00007ff9388aa000 	C:\WINDOWS\SYSTEM32\bcrypt.dll
0x00007ff937f20000 - 0x00007ff937f2c000 	C:\WINDOWS\SYSTEM32\CRYPTBASE.dll
0x00007ff924d70000 - 0x00007ff924d80000 	C:\Users\ibraa\.jdks\ms-21.0.8\bin\verify.dll
0x00007ff904300000 - 0x00007ff90430e000 	C:\Users\ibraa\.jdks\ms-21.0.8\bin\sunmscapi.dll
0x00007ff939370000 - 0x00007ff9394e8000 	C:\WINDOWS\System32\CRYPT32.dll
0x00007ff938120000 - 0x00007ff938150000 	C:\WINDOWS\SYSTEM32\ncrypt.dll
0x00007ff9380d0000 - 0x00007ff93810f000 	C:\WINDOWS\SYSTEM32\NTASN1.dll
0x00007ff926a80000 - 0x00007ff926a88000 	C:\WINDOWS\system32\wshunix.dll

JVMTI agents: none

dbghelp: loaded successfully - version: 4.0.5 - missing functions: none
symbol engine: initialized successfully - sym options: 0x614 - pdb path: .;C:\Users\ibraa\.jdks\ms-21.0.8\bin;C:\WINDOWS\SYSTEM32;C:\WINDOWS\WinSxS\amd64_microsoft.windows.common-controls_6595b64144ccf1df_6.0.26100.8457_none_3e0b2faee331e92d;C:\Program Files (x86)\360\Total Security\safemon;C:\Users\ibraa\.jdks\ms-21.0.8\bin\server;C:\Users\ibraa\.gradle\native\660c5614fbf4a5f2a75b1949f50a0caf5cd603558e7d8a26e50b933a0cfb79d1\windows-amd64;C:\Users\ibraa\.gradle\native\jansi\2.4.2\Windows\x86_64

VM Arguments:
jvm_args: -Xmx64m -Xms64m -Dorg.gradle.appname=gradlew 
java_command: C:\Users\ibraa\project\blps_mts_service\mts_service\\gradle\wrapper\gradle-wrapper.jar clean bootRun
java_class_path (initial): C:\Users\ibraa\project\blps_mts_service\mts_service\\gradle\wrapper\gradle-wrapper.jar
Launcher Type: SUN_STANDARD

[Global flags]
     intx CICompilerCount                          = 4                                         {product} {ergonomic}
     uint ConcGCThreads                            = 2                                         {product} {ergonomic}
     uint G1ConcRefinementThreads                  = 8                                         {product} {ergonomic}
   size_t G1HeapRegionSize                         = 1048576                                   {product} {ergonomic}
    uintx GCDrainStackTargetSize                   = 64                                        {product} {ergonomic}
   size_t InitialHeapSize                          = 67108864                                  {product} {command line}
   size_t MarkStackSize                            = 4194304                                   {product} {ergonomic}
   size_t MaxHeapSize                              = 67108864                                  {product} {command line}
   size_t MaxNewSize                               = 39845888                                  {product} {ergonomic}
   size_t MinHeapDeltaBytes                        = 1048576                                   {product} {ergonomic}
   size_t MinHeapSize                              = 67108864                                  {product} {command line}
    uintx NonNMethodCodeHeapSize                   = 5839372                                {pd product} {ergonomic}
    uintx NonProfiledCodeHeapSize                  = 122909434                              {pd product} {ergonomic}
    uintx ProfiledCodeHeapSize                     = 122909434                              {pd product} {ergonomic}
    uintx ReservedCodeCacheSize                    = 251658240                              {pd product} {ergonomic}
     bool SegmentedCodeCache                       = true                                      {product} {ergonomic}
   size_t SoftMaxHeapSize                          = 67108864                               {manageable} {ergonomic}
     bool UseCompressedOops                        = true                           {product lp64_product} {ergonomic}
     bool UseG1GC                                  = true                                      {product} {ergonomic}
     bool UseLargePagesIndividualAllocation        = false                                  {pd product} {ergonomic}

Logging:
Log output configuration:
 #0: stdout all=warning uptime,level,tags foldmultilines=false
 #1: stderr all=off uptime,level,tags foldmultilines=false

Environment Variables:
JAVA_HOME=C:\Users\ibraa\.jdks\ms-21.0.8
PATH=D:\ibraa\Downloads\orcl\WINDOWS.X64_193000_db_home\bin;D:\ibraa\Downloads\23ai\dbhomeFree\bin;C:\WINDOWS\system32;C:\WINDOWS;C:\WINDOWS\System32\Wbem;C:\WINDOWS\System32\WindowsPowerShell\v1.0\;C:\WINDOWS\System32\OpenSSH\;C:\Program Files\PuTTY\;C:\Users\ibraa\.jdks\ms-21.0.8\bin;C:\Program Files\Common Files\Oracle\Java\javapath;C:\Program Files\Git\cmd;C:\Gradle\gradle-8.14\bin;C:\Program Files\Docker\Docker\resources\bin;C:\Program Files\WireGuard\;D:\Go\bin;C:\Users\ibraa\AppData\Local\nvm;C:\nvm4w\nodejs;C:\Program Files\nodejs\;C:\Program Files\Microsoft VS Code\bin;C:\Program Files (x86)\cloudflared\;D:\ibraa\Stack\bin;C:\Users\ibraa\AppData\Local\Programs\Python\Python310\Scripts\;C:\Users\ibraa\AppData\Local\Programs\Python\Python310\;C:\Users\ibraa\AppData\Local\Microsoft\WindowsApps;C:\Program Files\JetBrains\PyCharm Community Edition 2021.2.3\bin;;C:\Users\ibraa\IntelliJ IDEA 2023.2.1\bin;;C:\Users\ibraa\AppData\Local\GitHubDesktop\bin;D:\ibraa\Downloads\Microsoft VS Code\bin;C:\Users\ibraa\AppData\Roaming\local\bin;C:\Users\ibraa\go\bin;C:\Users\ibraa\AppData\Local\Microsoft\WinGet\Packages\GolangCI.golangci-lint_Microsoft.Winget.Source_8wekyb3d8bbwe\golangci-lint-2.11.3-windows-amd64;C:\Users\ibraa\AppData\Local\nvm;C:\nvm4w\nodejs;C:\Users\ibraa\AppData\Roaming\npm;C:\Users\ibraa\.jdks\ms-21.0.8\bin;
USERNAME=ibraa
OS=Windows_NT
PROCESSOR_IDENTIFIER=AMD64 Family 23 Model 24 Stepping 1, AuthenticAMD
TMP=C:\Users\ibraa\AppData\Local\Temp
TEMP=C:\Users\ibraa\AppData\Local\Temp




Periodic native trim disabled

---------------  S Y S T E M  ---------------

OS:
 Windows 11 , 64 bit Build 26100 (10.0.26100.8328)
OS uptime: 0 days 0:09 hours
Hyper-V role detected

CPU: total 8 (initial active 8) (8 cores per cpu, 2 threads per core) family 23 model 24 stepping 1 microcode 0x8108109, cx8, cmov, fxsr, ht, mmx, 3dnowpref, sse, sse2, sse3, ssse3, sse4a, sse4.1, sse4.2, popcnt, lzcnt, tsc, tscinvbit, avx, avx2, aes, clmul, bmi1, bmi2, adx, sha, fma, vzeroupper, clflush, clflushopt, hv, rdtscp, f16c
Processor Information for the first 8 processors :
  Max Mhz: 2100, Current Mhz: 2100, Mhz Limit: 2100

Memory: 4k page, system-wide physical 7103M (1380M free)
TotalPageFile size 16431M (AvailPageFile size 780M)
current process WorkingSet (physical memory assigned to process): 115M, peak: 115M
current process commit charge ("private bytes"): 171M, peak: 172M

vm_info: OpenJDK 64-Bit Server VM (21.0.8+9-LTS) for windows-amd64 JRE (21.0.8+9-LTS), built on 2025-07-10T20:22:44Z by "MicrosoftCorporation" with unknown MS VC++:1944

END.
