#
# There is insufficient memory for the Java Runtime Environment to continue.
# Native memory allocation (malloc) failed to allocate 32744 bytes. Error detail: Chunk::new
# Possible reasons:
#   The system is out of physical RAM or swap space
#   This process is running with CompressedOops enabled, and the Java Heap may be blocking the growth of the native heap
# Possible solutions:
#   Reduce memory load on the system
#   Increase physical memory or swap space
#   Check if swap backing store is full
#   Decrease Java heap size (-Xmx/-Xms)
#   Decrease number of Java threads
#   Decrease Java thread stack sizes (-Xss)
#   Set larger code cache with -XX:ReservedCodeCacheSize=
#   JVM is running with Unscaled Compressed Oops mode in which the Java heap is
#     placed in the first 4GB address space. The Java Heap base address is the
#     maximum limit for the native heap growth. Please use -XX:HeapBaseMinAddress
#     to set the Java Heap base and to place the Java Heap above 4GB virtual address.
# This output file may be truncated or incomplete.
#
#  Out of Memory Error (arena.cpp:168), pid=680, tid=2204
#
# JRE version: OpenJDK Runtime Environment Microsoft-11933218 (21.0.8+9) (build 21.0.8+9-LTS)
# Java VM: OpenJDK 64-Bit Server VM Microsoft-11933218 (21.0.8+9-LTS, mixed mode, sharing, tiered, compressed oops, compressed class ptrs, serial gc, windows-amd64)
# No core dump will be written. Minidumps are not enabled by default on client versions of Windows
#

---------------  S U M M A R Y ------------

Command Line: --add-opens=java.base/java.lang=ALL-UNNAMED --add-opens=java.base/java.lang.invoke=ALL-UNNAMED --add-opens=java.base/java.util=ALL-UNNAMED --add-opens=java.prefs/java.util.prefs=ALL-UNNAMED --add-exports=jdk.compiler/com.sun.tools.javac.api=ALL-UNNAMED --add-exports=jdk.compiler/com.sun.tools.javac.util=ALL-UNNAMED --add-opens=java.base/java.util=ALL-UNNAMED --add-opens=java.prefs/java.util.prefs=ALL-UNNAMED --add-opens=java.base/java.nio.charset=ALL-UNNAMED --add-opens=java.base/java.net=ALL-UNNAMED --add-opens=java.base/java.util.concurrent=ALL-UNNAMED --add-opens=java.base/java.util.concurrent.atomic=ALL-UNNAMED --add-opens=java.xml/javax.xml.namespace=ALL-UNNAMED --add-opens=java.base/java.time=ALL-UNNAMED -XX:MaxMetaspaceSize=256m -XX:+UseSerialGC -XX:+HeapDumpOnOutOfMemoryError -Xms256m -Xmx1024m -Dfile.encoding=UTF-8 -Duser.country=RU -Duser.language=ru -Duser.variant -javaagent:C:\Users\ibraa\project\AsyncMediaProcessorAPI\async-media-processor\wrapper\dists\gradle-9.3.0-bin\79n14ral3mx1ozqr3csh2u872\gradle-9.3.0\lib\agents\gradle-instrumentation-agent-9.3.0.jar org.gradle.launcher.daemon.bootstrap.GradleDaemon 9.3.0

Host: AMD Ryzen 5 3500U with Radeon Vega Mobile Gfx  , 8 cores, 6G,  Windows 11 , 64 bit Build 26100 (10.0.26100.8328)
Time: Wed May 20 18:14:04 2026 elapsed time: 10.698525 seconds (0d 0h 0m 10s)

---------------  T H R E A D  ---------------

Current thread (0x0000017958435b90):  JavaThread "Daemon worker"        [_thread_in_vm, id=2204, stack(0x00000014a0400000,0x00000014a0500000) (1024K)]

Stack: [0x00000014a0400000,0x00000014a0500000]
Native frames: (J=compiled Java code, j=interpreted, Vv=VM code, C=native code)
V  [jvm.dll+0x6e1729]
V  [jvm.dll+0x8bf47b]
V  [jvm.dll+0x8c19aa]
V  [jvm.dll+0x8c2083]
V  [jvm.dll+0x289fd6]
V  [jvm.dll+0xc903d]
V  [jvm.dll+0xc958c]
V  [jvm.dll+0x21d5dd]
V  [jvm.dll+0x220553]
V  [jvm.dll+0x215a8e]
V  [jvm.dll+0x5c064f]
V  [jvm.dll+0x838c15]
V  [jvm.dll+0x4827e7]
V  [jvm.dll+0x488838]
C  [java.dll+0x1818]

Java frames: (J=compiled Java code, j=interpreted, Vv=VM code)
J 838  java.lang.ClassLoader.defineClass1(Ljava/lang/ClassLoader;Ljava/lang/String;[BIILjava/security/ProtectionDomain;Ljava/lang/String;)Ljava/lang/Class; java.base@21.0.8 (0 bytes) @ 0x000001793d3fb911 [0x000001793d3fb840+0x00000000000000d1]
J 1340 c1 java.lang.ClassLoader.defineClass(Ljava/lang/String;[BIILjava/security/ProtectionDomain;)Ljava/lang/Class; java.base@21.0.8 (43 bytes) @ 0x0000017935b232f4 [0x0000017935b22fa0+0x0000000000000354]
J 1122 c1 java.security.SecureClassLoader.defineClass(Ljava/lang/String;[BIILjava/security/CodeSource;)Ljava/lang/Class; java.base@21.0.8 (16 bytes) @ 0x0000017935ab4a9c [0x0000017935ab49c0+0x00000000000000dc]
J 1076 c1 java.net.URLClassLoader.defineClass(Ljava/lang/String;Ljdk/internal/loader/Resource;)Ljava/lang/Class; java.base@21.0.8 (224 bytes) @ 0x0000017935a9f0c4 [0x0000017935a9d980+0x0000000000001744]
J 953 c1 java.net.URLClassLoader$1.run()Ljava/lang/Class; java.base@21.0.8 (81 bytes) @ 0x0000017935a61aec [0x0000017935a60ec0+0x0000000000000c2c]
J 952 c1 java.net.URLClassLoader$1.run()Ljava/lang/Object; java.base@21.0.8 (5 bytes) @ 0x0000017935a60954 [0x0000017935a608c0+0x0000000000000094]
J 741 c1 java.security.AccessController.doPrivileged(Ljava/security/PrivilegedExceptionAction;Ljava/security/AccessControlContext;)Ljava/lang/Object; java.base@21.0.8 (26 bytes) @ 0x00000179359f0534 [0x00000179359f0340+0x00000000000001f4]
J 894 c1 java.net.URLClassLoader.findClass(Ljava/lang/String;)Ljava/lang/Class; java.base@21.0.8 (47 bytes) @ 0x0000017935a46524 [0x0000017935a463a0+0x0000000000000184]
J 834 c1 java.lang.ClassLoader.loadClass(Ljava/lang/String;Z)Ljava/lang/Class; java.base@21.0.8 (121 bytes) @ 0x0000017935a27aa4 [0x0000017935a274e0+0x00000000000005c4]
J 844 c1 java.lang.ClassLoader.loadClass(Ljava/lang/String;)Ljava/lang/Class; java.base@21.0.8 (7 bytes) @ 0x0000017935a29654 [0x0000017935a29540+0x0000000000000114]
v  ~StubRoutines::call_stub 0x000001793ce0100d
j  org.gradle.cache.internal.DefaultCacheFactory.doOpen(Ljava/io/File;Ljava/lang/String;Ljava/util/Map;Lorg/gradle/cache/LockOptions;Ljava/util/function/Consumer;Lorg/gradle/cache/CacheCleanupStrategy;)Lorg/gradle/cache/PersistentCache;+111
j  org.gradle.cache.internal.DefaultCacheFactory.open(Ljava/io/File;Ljava/lang/String;Ljava/util/Map;Lorg/gradle/cache/LockOptions;Ljava/util/function/Consumer;Lorg/gradle/cache/CacheCleanupStrategy;)Lorg/gradle/cache/PersistentCache;+19
j  org.gradle.cache.internal.DefaultCacheBuilder.open()Lorg/gradle/cache/PersistentCache;+28
j  org.gradle.cache.internal.DefaultGeneratedGradleJarCache.<init>(Lorg/gradle/cache/scopes/GlobalScopedCacheBuilderFactory;Ljava/lang/String;)V+28
j  org.gradle.internal.service.scopes.GradleUserHomeScopeServices.createGeneratedGradleJarCache(Lorg/gradle/cache/scopes/GlobalScopedCacheBuilderFactory;)Lorg/gradle/cache/internal/DefaultGeneratedGradleJarCache;+13
j  java.lang.invoke.LambdaForm$DMH+0x000001794603a400.invokeVirtual(Ljava/lang/Object;Ljava/lang/Object;Ljava/lang/Object;)Ljava/lang/Object;+11 java.base@21.0.8
j  java.lang.invoke.LambdaForm$MH+0x000001794609c400.invoke(Ljava/lang/Object;Ljava/lang/Object;Ljava/lang/Object;)Ljava/lang/Object;+52 java.base@21.0.8
J 2151 c1 jdk.internal.reflect.DirectMethodHandleAccessor.invoke(Ljava/lang/Object;[Ljava/lang/Object;)Ljava/lang/Object; java.base@21.0.8 (92 bytes) @ 0x0000017935cd353c [0x0000017935cd1940+0x0000000000001bfc]
J 2150 c1 java.lang.reflect.Method.invoke(Ljava/lang/Object;[Ljava/lang/Object;)Ljava/lang/Object; java.base@21.0.8 (108 bytes) @ 0x0000017935cd10d4 [0x0000017935cd0bc0+0x0000000000000514]
j  org.gradle.internal.reflect.JavaMethod.invoke(Ljava/lang/Object;[Ljava/lang/Object;)Ljava/lang/Object;+6
j  org.gradle.internal.service.ReflectionBasedServiceMethod.invoke(Ljava/lang/Object;[Ljava/lang/Object;)Ljava/lang/Object;+6
j  org.gradle.internal.service.DefaultServiceRegistry$FactoryMethodService.invokeMethod([Ljava/lang/Object;)Ljava/lang/Object;+28
j  org.gradle.internal.service.DefaultServiceRegistry$FactoryService.createServiceInstance()Ljava/lang/Object;+7
j  org.gradle.internal.service.DefaultServiceRegistry$FactoryMethodService.createServiceInstance()Ljava/lang/Object;+1
j  org.gradle.internal.service.DefaultServiceRegistry$ManagedObjectServiceProvider.getInstance()Ljava/lang/Object;+24
J 2657 c1 org.gradle.internal.service.DefaultServiceRegistry$SingletonService.get()Ljava/lang/Object; (5 bytes) @ 0x0000017935dcbabc [0x0000017935dcba40+0x000000000000007c]
j  org.gradle.internal.service.DefaultServiceRegistry.getCollectionService(Ljava/lang/Class;Lorg/gradle/internal/service/ServiceAccessToken;Lorg/gradle/internal/service/ServiceProvider;)Lorg/gradle/internal/service/Service;+79
j  org.gradle.internal.service.DefaultServiceRegistry.getCollectionService(Ljava/lang/reflect/Type;Lorg/gradle/internal/service/ServiceAccessToken;Lorg/gradle/internal/service/ServiceProvider;)Lorg/gradle/internal/service/Service;+15
j  org.gradle.internal.service.DefaultServiceRegistry.find(Ljava/lang/reflect/Type;Lorg/gradle/internal/service/ServiceAccessToken;Lorg/gradle/internal/service/ServiceProvider;)Lorg/gradle/internal/service/Service;+55
j  org.gradle.internal.service.DefaultServiceRegistry.access$2300(Ljava/lang/reflect/Type;Lorg/gradle/internal/service/ServiceAccessToken;Lorg/gradle/internal/service/ServiceProvider;)Lorg/gradle/internal/service/Service;+3
j  org.gradle.internal.service.DefaultServiceRegistry$FactoryService.bind()V+153
J 2656 c1 org.gradle.internal.service.DefaultServiceRegistry$SingletonService.prepare()Lorg/gradle/internal/service/Service; (111 bytes) @ 0x0000017935dcaaec [0x0000017935dca8c0+0x000000000000022c]
j  org.gradle.internal.service.DefaultServiceRegistry$SingletonService.getService(Ljava/lang/reflect/Type;Lorg/gradle/internal/service/ServiceAccessToken;)Lorg/gradle/internal/service/Service;+29
j  org.gradle.internal.service.DefaultServiceRegistry$OwnServices.getService(Ljava/lang/reflect/Type;Lorg/gradle/internal/service/ServiceAccessToken;)Lorg/gradle/internal/service/Service;+42
j  org.gradle.internal.service.DefaultServiceRegistry$CompositeServiceProvider.getService(Ljava/lang/reflect/Type;Lorg/gradle/internal/service/ServiceAccessToken;)Lorg/gradle/internal/service/Service;+29
j  org.gradle.internal.service.DefaultServiceRegistry.find(Ljava/lang/reflect/Type;Lorg/gradle/internal/service/ServiceAccessToken;Lorg/gradle/internal/service/ServiceProvider;)Lorg/gradle/internal/service/Service;+93
j  org.gradle.internal.service.DefaultServiceRegistry.access$2300(Ljava/lang/reflect/Type;Lorg/gradle/internal/service/ServiceAccessToken;Lorg/gradle/internal/service/ServiceProvider;)Lorg/gradle/internal/service/Service;+3
j  org.gradle.internal.service.DefaultServiceRegistry$FactoryService.bind()V+153
J 2656 c1 org.gradle.internal.service.DefaultServiceRegistry$SingletonService.prepare()Lorg/gradle/internal/service/Service; (111 bytes) @ 0x0000017935dcaaec [0x0000017935dca8c0+0x000000000000022c]
j  org.gradle.internal.service.DefaultServiceRegistry$SingletonService.getService(Ljava/lang/reflect/Type;Lorg/gradle/internal/service/ServiceAccessToken;)Lorg/gradle/internal/service/Service;+29
j  org.gradle.internal.service.DefaultServiceRegistry$OwnServices.getService(Ljava/lang/reflect/Type;Lorg/gradle/internal/service/ServiceAccessToken;)Lorg/gradle/internal/service/Service;+42
j  org.gradle.internal.service.DefaultServiceRegistry$CompositeServiceProvider.getService(Ljava/lang/reflect/Type;Lorg/gradle/internal/service/ServiceAccessToken;)Lorg/gradle/internal/service/Service;+29
j  org.gradle.internal.service.DefaultServiceRegistry.find(Ljava/lang/reflect/Type;Lorg/gradle/internal/service/ServiceAccessToken;Lorg/gradle/internal/service/ServiceProvider;)Lorg/gradle/internal/service/Service;+93
j  org.gradle.internal.service.DefaultServiceRegistry.access$2300(Ljava/lang/reflect/Type;Lorg/gradle/internal/service/ServiceAccessToken;Lorg/gradle/internal/service/ServiceProvider;)Lorg/gradle/internal/service/Service;+3
j  org.gradle.internal.service.DefaultServiceRegistry$FactoryService.bind()V+153
J 2656 c1 org.gradle.internal.service.DefaultServiceRegistry$SingletonService.prepare()Lorg/gradle/internal/service/Service; (111 bytes) @ 0x0000017935dcaaec [0x0000017935dca8c0+0x000000000000022c]
j  org.gradle.internal.service.DefaultServiceRegistry$SingletonService.getService(Ljava/lang/reflect/Type;Lorg/gradle/internal/service/ServiceAccessToken;)Lorg/gradle/internal/service/Service;+29
j  org.gradle.internal.service.DefaultServiceRegistry$OwnServices.getService(Ljava/lang/reflect/Type;Lorg/gradle/internal/service/ServiceAccessToken;)Lorg/gradle/internal/service/Service;+42
j  org.gradle.internal.service.DefaultServiceRegistry$CompositeServiceProvider.getService(Ljava/lang/reflect/Type;Lorg/gradle/internal/service/ServiceAccessToken;)Lorg/gradle/internal/service/Service;+29
j  org.gradle.internal.service.DefaultServiceRegistry$ParentServices.getService(Ljava/lang/reflect/Type;Lorg/gradle/internal/service/ServiceAccessToken;)Lorg/gradle/internal/service/Service;+6
j  org.gradle.internal.service.DefaultServiceRegistry$CompositeServiceProvider.getService(Ljava/lang/reflect/Type;Lorg/gradle/internal/service/ServiceAccessToken;)Lorg/gradle/internal/service/Service;+29
j  org.gradle.internal.service.DefaultServiceRegistry$CompositeServiceProvider.getService(Ljava/lang/reflect/Type;Lorg/gradle/internal/service/ServiceAccessToken;)Lorg/gradle/internal/service/Service;+29
j  org.gradle.internal.service.DefaultServiceRegistry.find(Ljava/lang/reflect/Type;Lorg/gradle/internal/service/ServiceAccessToken;Lorg/gradle/internal/service/ServiceProvider;)Lorg/gradle/internal/service/Service;+93
j  org.gradle.internal.service.DefaultServiceRegistry.access$2300(Ljava/lang/reflect/Type;Lorg/gradle/internal/service/ServiceAccessToken;Lorg/gradle/internal/service/ServiceProvider;)Lorg/gradle/internal/service/Service;+3
j  org.gradle.internal.service.DefaultServiceRegistry$FactoryService.bind()V+153
J 2656 c1 org.gradle.internal.service.DefaultServiceRegistry$SingletonService.prepare()Lorg/gradle/internal/service/Service; (111 bytes) @ 0x0000017935dcaaec [0x0000017935dca8c0+0x000000000000022c]
j  org.gradle.internal.service.DefaultServiceRegistry$SingletonService.getService(Ljava/lang/reflect/Type;Lorg/gradle/internal/service/ServiceAccessToken;)Lorg/gradle/internal/service/Service;+29
j  org.gradle.internal.service.DefaultServiceRegistry$OwnServices.getService(Ljava/lang/reflect/Type;Lorg/gradle/internal/service/ServiceAccessToken;)Lorg/gradle/internal/service/Service;+42
j  org.gradle.internal.service.DefaultServiceRegistry$CompositeServiceProvider.getService(Ljava/lang/reflect/Type;Lorg/gradle/internal/service/ServiceAccessToken;)Lorg/gradle/internal/service/Service;+29
j  org.gradle.internal.service.DefaultServiceRegistry.find(Ljava/lang/reflect/Type;Lorg/gradle/internal/service/ServiceAccessToken;Lorg/gradle/internal/service/ServiceProvider;)Lorg/gradle/internal/service/Service;+93
j  org.gradle.internal.service.DefaultServiceRegistry.getService(Ljava/lang/reflect/Type;)Lorg/gradle/internal/service/Service;+10
j  org.gradle.internal.service.DefaultServiceRegistry.find(Ljava/lang/reflect/Type;)Ljava/lang/Object;+9
j  org.gradle.internal.service.DefaultServiceRegistry.get(Ljava/lang/reflect/Type;)Ljava/lang/Object;+2
j  org.gradle.internal.service.DefaultServiceRegistry.get(Ljava/lang/Class;)Ljava/lang/Object;+3
j  org.gradle.internal.session.DefaultBuildSessionContext.execute(Lorg/gradle/internal/invocation/BuildAction;)Lorg/gradle/internal/buildtree/BuildActionRunner$Result;+54
j  org.gradle.internal.buildprocess.execution.BuildSessionLifecycleBuildActionExecutor$ActionImpl.apply(Lorg/gradle/internal/session/BuildSessionContext;)Lorg/gradle/launcher/exec/BuildActionResult;+6
j  org.gradle.internal.buildprocess.execution.BuildSessionLifecycleBuildActionExecutor$ActionImpl.apply(Ljava/lang/Object;)Ljava/lang/Object;+5
j  org.gradle.internal.session.BuildSessionState.run(Ljava/util/function/Function;)Ljava/lang/Object;+5
j  org.gradle.internal.buildprocess.execution.BuildSessionLifecycleBuildActionExecutor.execute(Lorg/gradle/internal/invocation/BuildAction;Lorg/gradle/launcher/exec/BuildActionParameters;Lorg/gradle/initialization/BuildRequestContext;)Lorg/gradle/launcher/exec/BuildActionResult;+105
j  org.gradle.internal.buildprocess.execution.BuildSessionLifecycleBuildActionExecutor.execute(Lorg/gradle/internal/invocation/BuildAction;Ljava/lang/Object;Ljava/lang/Object;)Lorg/gradle/launcher/exec/BuildActionResult;+10
j  org.gradle.internal.buildprocess.execution.StartParamsValidatingActionExecutor.execute(Lorg/gradle/internal/invocation/BuildAction;Lorg/gradle/launcher/exec/BuildActionParameters;Lorg/gradle/initialization/BuildRequestContext;)Lorg/gradle/launcher/exec/BuildActionResult;+142
j  org.gradle.internal.buildprocess.execution.StartParamsValidatingActionExecutor.execute(Lorg/gradle/internal/invocation/BuildAction;Ljava/lang/Object;Ljava/lang/Object;)Lorg/gradle/launcher/exec/BuildActionResult;+10
j  org.gradle.internal.buildprocess.execution.SessionFailureReportingActionExecutor.execute(Lorg/gradle/internal/invocation/BuildAction;Lorg/gradle/launcher/exec/BuildActionParameters;Lorg/gradle/initialization/BuildRequestContext;)Lorg/gradle/launcher/exec/BuildActionResult;+7
j  org.gradle.internal.buildprocess.execution.SessionFailureReportingActionExecutor.execute(Lorg/gradle/internal/invocation/BuildAction;Ljava/lang/Object;Ljava/lang/Object;)Lorg/gradle/launcher/exec/BuildActionResult;+10
j  org.gradle.internal.buildprocess.execution.SetupLoggingActionExecutor.execute(Lorg/gradle/internal/invocation/BuildAction;Lorg/gradle/launcher/exec/BuildActionParameters;Lorg/gradle/initialization/BuildRequestContext;)Lorg/gradle/launcher/exec/BuildActionResult;+50
j  org.gradle.internal.buildprocess.execution.SetupLoggingActionExecutor.execute(Lorg/gradle/internal/invocation/BuildAction;Ljava/lang/Object;Ljava/lang/Object;)Lorg/gradle/launcher/exec/BuildActionResult;+10
j  org.gradle.launcher.daemon.server.exec.ExecuteBuild.doBuild(Lorg/gradle/launcher/daemon/server/api/DaemonCommandExecution;Lorg/gradle/launcher/daemon/protocol/Build;)V+147
j  org.gradle.launcher.daemon.server.exec.BuildCommandOnly.execute(Lorg/gradle/launcher/daemon/server/api/DaemonCommandExecution;)V+49
j  org.gradle.launcher.daemon.server.api.DaemonCommandExecution.proceed()Z+23
j  org.gradle.launcher.daemon.server.exec.WatchForDisconnection.execute(Lorg/gradle/launcher/daemon/server/api/DaemonCommandExecution;)V+19
j  org.gradle.launcher.daemon.server.api.DaemonCommandExecution.proceed()Z+23
j  org.gradle.launcher.daemon.server.exec.ResetDeprecationLogger.execute(Lorg/gradle/launcher/daemon/server/api/DaemonCommandExecution;)V+7
j  org.gradle.launcher.daemon.server.api.DaemonCommandExecution.proceed()Z+23
j  org.gradle.launcher.daemon.server.exec.RequestStopIfSingleUsedDaemon.execute(Lorg/gradle/launcher/daemon/server/api/DaemonCommandExecution;)V+33
j  org.gradle.launcher.daemon.server.api.DaemonCommandExecution.proceed()Z+23
j  org.gradle.launcher.daemon.server.exec.ForwardClientInput.lambda$execute$0(Lorg/gradle/launcher/daemon/server/api/DaemonCommandExecution;Lorg/gradle/internal/daemon/clientinput/StdinHandler;)Ljava/lang/Object;+11
j  org.gradle.launcher.daemon.server.exec.ForwardClientInput$$Lambda+0x0000017946196a90.apply(Ljava/lang/Object;)Ljava/lang/Object;+8
j  org.gradle.internal.daemon.clientinput.ClientInputForwarder.forwardInput(Ljava/util/function/Function;)Ljava/lang/Object;+46
j  org.gradle.launcher.daemon.server.exec.ForwardClientInput.execute(Lorg/gradle/launcher/daemon/server/api/DaemonCommandExecution;)V+10
j  org.gradle.launcher.daemon.server.api.DaemonCommandExecution.proceed()Z+23
j  org.gradle.launcher.daemon.server.exec.LogAndCheckHealth.execute(Lorg/gradle/launcher/daemon/server/api/DaemonCommandExecution;)V+51
j  org.gradle.launcher.daemon.server.api.DaemonCommandExecution.proceed()Z+23
j  org.gradle.launcher.daemon.server.exec.LogToClient.doBuild(Lorg/gradle/launcher/daemon/server/api/DaemonCommandExecution;Lorg/gradle/launcher/daemon/protocol/Build;)V+87
j  org.gradle.launcher.daemon.server.exec.BuildCommandOnly.execute(Lorg/gradle/launcher/daemon/server/api/DaemonCommandExecution;)V+49
j  org.gradle.launcher.daemon.server.api.DaemonCommandExecution.proceed()Z+23
j  org.gradle.launcher.daemon.server.exec.EstablishBuildEnvironment.doBuild(Lorg/gradle/launcher/daemon/server/api/DaemonCommandExecution;Lorg/gradle/launcher/daemon/protocol/Build;)V+356
j  org.gradle.launcher.daemon.server.exec.BuildCommandOnly.execute(Lorg/gradle/launcher/daemon/server/api/DaemonCommandExecution;)V+49
j  org.gradle.launcher.daemon.server.api.DaemonCommandExecution.proceed()Z+23
j  org.gradle.launcher.daemon.server.exec.StartBuildOrRespondWithBusy$1.run()V+44
j  org.gradle.launcher.daemon.server.DaemonStateCoordinator.lambda$runCommand$0(Ljava/lang/Runnable;)V+1
j  org.gradle.launcher.daemon.server.DaemonStateCoordinator$$Lambda+0x0000017946195620.run()V+8
j  org.gradle.internal.concurrent.ExecutorPolicy$CatchAndRecordFailures.onExecute(Ljava/lang/Runnable;)V+1
j  org.gradle.internal.concurrent.AbstractManagedExecutor$1.run()V+25
j  java.util.concurrent.ThreadPoolExecutor.runWorker(Ljava/util/concurrent/ThreadPoolExecutor$Worker;)V+92 java.base@21.0.8
j  java.util.concurrent.ThreadPoolExecutor$Worker.run()V+5 java.base@21.0.8
j  java.lang.Thread.runWith(Ljava/lang/Object;Ljava/lang/Runnable;)V+5 java.base@21.0.8
j  java.lang.Thread.run()V+19 java.base@21.0.8
v  ~StubRoutines::call_stub 0x000001793ce0100d

Compiled method (n/a) 10794  838     n 0       java.lang.ClassLoader::defineClass1 (native)
 total in heap  [0x000001793d3fb690,0x000001793d3fbb18] = 1160
 relocation     [0x000001793d3fb7f0,0x000001793d3fb828] = 56
 main code      [0x000001793d3fb840,0x000001793d3fbb16] = 726
 stub code      [0x000001793d3fbb16,0x000001793d3fbb18] = 2

[Constant Pool (empty)]

[MachCode]
[Entry Point]
  # {method} {0x0000017945436f00} 'defineClass1' '(Ljava/lang/ClassLoader;Ljava/lang/String;[BIILjava/security/ProtectionDomain;Ljava/lang/String;)Ljava/lang/Class;' in 'java/lang/ClassLoader'
  # parm0:    rdx:rdx   = 'java/lang/ClassLoader'
  # parm1:    r8:r8     = 'java/lang/String'
  # parm2:    r9:r9     = '[B'
  # parm3:    rdi       = int
  # parm4:    rsi       = int
  # parm5:    rcx:rcx   = 'java/security/ProtectionDomain'
  # parm6:    [sp+0xa0]   = 'java/lang/String'  (sp of caller)
  0x000001793d3fb840: 448b 5208 | 49bb 0000 | 0045 7901 | 0000 4d03 | d349 3bc2 | 0f84 0600 

  0x000001793d3fb858: ;   {runtime_call ic_miss_stub}
  0x000001793d3fb858: 0000 e921 | 2ca5 ff90 
[Verified Entry Point]
  0x000001793d3fb860: 8984 2400 | 80ff ff55 | 488b ec48 | 81ec 9000 | 0000 6690 | 4181 7f20 | 0100 0000 

  0x000001793d3fb87c: ;   {runtime_call StubRoutines (final stubs)}
  0x000001793d3fb87c: 7405 e85d | d1a3 ff48 | 837d 1000 | 488d 4510 | 480f 4445 | 1048 8944 | 2440 4889 | 4c24 7048 
  0x000001793d3fb89c: 83f9 0048 | 8d44 2470 | 480f 4444 | 2470 4889 | 4424 3848 | 8974 2430 | 4889 7c24 | 284c 894c 
  0x000001793d3fb8bc: 2458 4983 | f900 488d | 4424 5848 | 0f44 4424 | 5848 8944 | 2420 4c89 | 4424 5049 | 83f8 004c 
  0x000001793d3fb8dc: 8d4c 2450 | 4c0f 444c | 2450 4889 | 5424 4848 | 83fa 004c | 8d44 2448 | 4c0f 4444 

  0x000001793d3fb8f8: ;   {oop(a 'java/lang/Class'{0x00000000d573ab58} = 'java/lang/ClassLoader')}
  0x000001793d3fb8f8: 2448 49be | 58ab 73d5 | 0000 0000 | 4c89 7424 | 784c 8d74 | 2478 498b | d6c5 f877 

  0x000001793d3fb914: ;   {internal_word}
  0x000001793d3fb914: 49ba 11b9 | 3f3d 7901 | 0000 4d89 | 97a0 0300 | 0049 89a7 | 9803 0000 

  0x000001793d3fb92c: ;   {external_word}
  0x000001793d3fb92c: 49ba 691e | e9b5 f87f | 0000 4180 | 3a00 0f84 | 4e00 0000 | 5241 5041 

  0x000001793d3fb944: ;   {metadata({method} {0x0000017945436f00} 'defineClass1' '(Ljava/lang/ClassLoader;Ljava/lang/String;[BIILjava/security/ProtectionDomain;Ljava/lang/String;)Ljava/lang/Class;' in 'java/lang/ClassLoader')}
  0x000001793d3fb944: 5148 baf8 | 6e43 4579 | 0100 0049 | 8bcf 4883 | ec20 40f6 | c40f 0f84 | 1900 0000 | 4883 ec08 
  0x000001793d3fb964: ;   {runtime_call}
  0x000001793d3fb964: 48b8 008c | 92b5 f87f | 0000 ffd0 | 4883 c408 | e90c 0000 

  0x000001793d3fb978: ;   {runtime_call}
  0x000001793d3fb978: 0048 b800 | 8c92 b5f8 | 7f00 00ff | d048 83c4 | 2041 5941 | 585a 498d | 8fb8 0300 | 0041 c787 
  0x000001793d3fb998: 4404 0000 | 0400 0000 

  0x000001793d3fb9a0: ;   {runtime_call}
  0x000001793d3fb9a0: 48b8 d016 | 17fb f87f | 0000 ffd0 | c5f8 7741 | c787 4404 | 0000 0500 | 0000 f083 | 4424 c000 
  0x000001793d3fb9c0: 493b af48 | 0400 000f | 870e 0000 | 0041 83bf | 4004 0000 | 000f 842b | 0000 00c5 | f877 4889 
  0x000001793d3fb9e0: 45f8 498b | cf4c 8be4 | 4883 ec20 | 4883 e4f0 

  0x000001793d3fb9f0: ;   {runtime_call}
  0x000001793d3fb9f0: 48b8 a0e1 | 5db5 f87f | 0000 ffd0 | 498b e44d | 33e4 488b | 45f8 41c7 | 8744 0400 | 0008 0000 
  0x000001793d3fba10: 0041 83bf | c004 0000 | 020f 84ca 

  0x000001793d3fba1c: ;   {external_word}
  0x000001793d3fba1c: 0000 0049 | ba69 1ee9 | b5f8 7f00 | 0041 803a | 000f 844c | 0000 0048 

  0x000001793d3fba34: ;   {metadata({method} {0x0000017945436f00} 'defineClass1' '(Ljava/lang/ClassLoader;Ljava/lang/String;[BIILjava/security/ProtectionDomain;Ljava/lang/String;)Ljava/lang/Class;' in 'java/lang/ClassLoader')}
  0x000001793d3fba34: 8945 f848 | baf8 6e43 | 4579 0100 | 0049 8bcf | 4883 ec20 | 40f6 c40f | 0f84 1900 | 0000 4883 
  0x000001793d3fba54: ;   {runtime_call}
  0x000001793d3fba54: ec08 48b8 | 008c 92b5 | f87f 0000 | ffd0 4883 | c408 e90c 

  0x000001793d3fba68: ;   {runtime_call}
  0x000001793d3fba68: 0000 0048 | b800 8c92 | b5f8 7f00 | 00ff d048 | 83c4 2048 | 8b45 f849 | c787 9803 | 0000 0000 
  0x000001793d3fba88: 0000 49c7 | 87a0 0300 | 0000 0000 | 00c5 f877 | 4885 c00f | 8425 0000 | 00a8 030f | 8508 0000 
  0x000001793d3fbaa8: 0048 8b00 | e915 0000 | 00a8 010f | 8509 0000 | 0048 8b40 | fee9 0400 | 0000 488b | 40ff 498b 
  0x000001793d3fbac8: 8f28 0400 | 00c7 8100 | 0100 0000 | 0000 00c9 | 4983 7f08 | 000f 8501 | 0000 00c3 

  0x000001793d3fbae4: ;   {runtime_call StubRoutines (initial stubs)}
  0x000001793d3fbae4: e917 54a0 | ffc5 f877 | 4889 45f8 | 4c8b e448 | 83ec 2048 

  0x000001793d3fbaf8: ;   {runtime_call}
  0x000001793d3fbaf8: 83e4 f048 | b830 c392 | b5f8 7f00 | 00ff d049 | 8be4 4d33 | e448 8b45 | f8e9 09ff | ffff f4f4 
[/MachCode]


Compiled method (c1) 10864 1340       3       java.lang.ClassLoader::defineClass (43 bytes)
 total in heap  [0x0000017935b22d90,0x0000017935b236e0] = 2384
 relocation     [0x0000017935b22ef0,0x0000017935b22f90] = 160
 main code      [0x0000017935b22fa0,0x0000017935b23438] = 1176
 stub code      [0x0000017935b23438,0x0000017935b234b0] = 120
 metadata       [0x0000017935b234b0,0x0000017935b234e0] = 48
 scopes data    [0x0000017935b234e0,0x0000017935b235d0] = 240
 scopes pcs     [0x0000017935b235d0,0x0000017935b236b0] = 224
 dependencies   [0x0000017935b236b0,0x0000017935b236b8] = 8
 nul chk table  [0x0000017935b236b8,0x0000017935b236e0] = 40

[Constant Pool (empty)]

[MachCode]
[Entry Point]
  # {method} {0x0000017945437280} 'defineClass' '(Ljava/lang/String;[BIILjava/security/ProtectionDomain;)Ljava/lang/Class;' in 'java/lang/ClassLoader'
  # this:     rdx:rdx   = 'java/lang/ClassLoader'
  # parm0:    r8:r8     = 'java/lang/String'
  # parm1:    r9:r9     = '[B'
  # parm2:    rdi       = int
  # parm3:    rsi       = int
  # parm4:    rcx:rcx   = 'java/security/ProtectionDomain'
  #           [sp+0xc0]  (sp of caller)
  0x0000017935b22fa0: 448b 5208 | 49bb 0000 | 0045 7901 | 0000 4d03 | d34c 3bd0 

  0x0000017935b22fb4: ;   {runtime_call ic_miss_stub}
  0x0000017935b22fb4: 0f85 c6b4 | 3207 660f | 1f44 0000 
[Verified Entry Point]
  0x0000017935b22fc0: 8984 2400 | 80ff ff55 | 4881 ecb0 | 0000 0090 | 4181 7f20 | 0100 0000 

  0x0000017935b22fd8: ;   {runtime_call StubRoutines (final stubs)}
  0x0000017935b22fd8: 7405 e801 | 5a31 0748 | 8954 2478 

  0x0000017935b22fe4: ;   {metadata(method data for {method} {0x0000017945437280} 'defineClass' '(Ljava/lang/String;[BIILjava/security/ProtectionDomain;)Ljava/lang/Class;' in 'java/lang/ClassLoader')}
  0x0000017935b22fe4: 48bb 587f | 1a53 7901 | 0000 8b83 | cc00 0000 | 83c0 0289 | 83cc 0000 | 0025 fe07 | 0000 85c0 
  0x0000017935b23004: 0f84 5003 | 0000 89b4 | 2494 0000 | 0089 bc24 | 9000 0000 | 4c89 8c24 | 8800 0000 

  0x0000017935b23020: ;   {metadata(method data for {method} {0x0000017945437280} 'defineClass' '(Ljava/lang/String;[BIILjava/security/ProtectionDomain;)Ljava/lang/Class;' in 'java/lang/ClassLoader')}
  0x0000017935b23020: 488b da48 | b858 7f1a | 5379 0100 | 0048 8380 | 1001 0000 | 0149 8bd8 | 4c8b c34c | 8bc9 488b 
  0x0000017935b23040: ca48 8bd1 | 4889 9c24 | 8000 0000 

  0x0000017935b2304c: ;   {optimized virtual_call}
  0x0000017935b2304c: 6666 90e8 

  0x0000017935b23050: ; ImmutableOopMap {[120]=Oop [128]=Oop [136]=Oop }
                      ;*invokevirtual preDefineClass {reexecute=0 rethrow=0 return_oop=0}
                      ; - java.lang.ClassLoader::defineClass@4 (line 1025)
  0x0000017935b23050: 4c71 faff 

  0x0000017935b23054: ;   {other}
  0x0000017935b23054: 0f1f 8400 | c402 0000 | 4889 8424 | 9800 0000 | 488b 5424 

  0x0000017935b23068: ;   {metadata(method data for {method} {0x0000017945437280} 'defineClass' '(Ljava/lang/String;[BIILjava/security/ProtectionDomain;)Ljava/lang/Class;' in 'java/lang/ClassLoader')}
  0x0000017935b23068: 7849 b858 | 7f1a 5379 | 0100 0049 | 8380 4801 

  0x0000017935b23078: ;   {metadata(method data for {method} {0x0000017945436f68} 'defineClassSourceLocation' '(Ljava/security/ProtectionDomain;)Ljava/lang/String;' in 'java/lang/ClassLoader')}
  0x0000017935b23078: 0000 0149 | b898 121b | 5379 0100 | 0041 8b90 | cc00 0000 | 83c2 0241 | 8990 cc00 | 0000 81e2 
  0x0000017935b23098: feff 1f00 | 85d2 0f84 | d702 0000 

  0x0000017935b230a4: ; implicit exception: dispatches to 0x0000017935b2339c
  0x0000017935b230a4: 483b 004c 

  0x0000017935b230a8: ;   {metadata(method data for {method} {0x0000017945436f68} 'defineClassSourceLocation' '(Ljava/security/ProtectionDomain;)Ljava/lang/String;' in 'java/lang/ClassLoader')}
  0x0000017935b230a8: 8bc0 48ba | 9812 1b53 | 7901 0000 | 4883 8210 | 0100 0001 | 448b 4010 

  0x0000017935b230c0: ;   {metadata(method data for {method} {0x0000017945436f68} 'defineClassSourceLocation' '(Ljava/security/ProtectionDomain;)Ljava/lang/String;' in 'java/lang/ClassLoader')}
  0x0000017935b230c0: 4d85 c048 | ba98 121b | 5379 0100 | 0048 c7c6 | 5801 0000 | 7507 48c7 | c648 0100 | 0048 8b3c 
  0x0000017935b230e0: 3248 8d7f | 0148 893c | 320f 850f 

  0x0000017935b230ec: ;   {oop(nullptr)}
  0x0000017935b230ec: 0000 0048 | bb00 0000 | 0000 0000 | 00e9 a101 | 0000 493b | 0049 8bd0 

  0x0000017935b23104: ;   {metadata(method data for {method} {0x0000017945436f68} 'defineClassSourceLocation' '(Ljava/security/ProtectionDomain;)Ljava/lang/String;' in 'java/lang/ClassLoader')}
  0x0000017935b23104: 48be 9812 | 1b53 7901 | 0000 4883 | 8668 0100 | 0001 418b | 500c 4885 

  0x0000017935b2311c: ;   {metadata(method data for {method} {0x0000017945436f68} 'defineClassSourceLocation' '(Ljava/security/ProtectionDomain;)Ljava/lang/String;' in 'java/lang/ClassLoader')}
  0x0000017935b2311c: d248 be98 | 121b 5379 | 0100 0048 | c7c7 b001 | 0000 7507 | 48c7 c7a0 | 0100 0048 | 8b1c 3e48 
  0x0000017935b2313c: 8d5b 0148 | 891c 3e0f | 850f 0000 

  0x0000017935b23148: ;   {oop(nullptr)}
  0x0000017935b23148: 0048 bb00 | 0000 0000 | 0000 00e9 | 4701 0000 

  0x0000017935b23158: ;   {metadata(method data for {method} {0x0000017945436f68} 'defineClassSourceLocation' '(Ljava/security/ProtectionDomain;)Ljava/lang/String;' in 'java/lang/ClassLoader')}
  0x0000017935b23158: 48be 9812 | 1b53 7901 | 0000 4883 | 86c0 0100 | 0001 483b | 024c 8bc2 

  0x0000017935b23170: ;   {metadata(method data for {method} {0x0000017945436f68} 'defineClassSourceLocation' '(Ljava/security/ProtectionDomain;)Ljava/lang/String;' in 'java/lang/ClassLoader')}
  0x0000017935b23170: 48be 9812 | 1b53 7901 | 0000 4883 | 86f8 0100 

  0x0000017935b23180: ;   {metadata(method data for {method} {0x000001794501ade8} 'toString' '()Ljava/lang/String;' in 'java/net/URL')}
  0x0000017935b23180: 0001 49b8 | 0874 0d53 | 7901 0000 | 418b b0cc | 0000 0083 | c602 4189 | b0cc 0000 | 0081 e6fe 
  0x0000017935b231a0: ff1f 0085 | f60f 8400 | 0200 004c 

  0x0000017935b231ac: ;   {metadata(method data for {method} {0x000001794501ade8} 'toString' '()Ljava/lang/String;' in 'java/net/URL')}
  0x0000017935b231ac: 8bc2 48be | 0874 0d53 | 7901 0000 | 4883 8610 | 0100 0001 

  0x0000017935b231c0: ;   {metadata(method data for {method} {0x000001794542ab08} 'toExternalForm' '()Ljava/lang/String;' in 'java/net/URL')}
  0x0000017935b231c0: 49b8 9075 | 0d53 7901 | 0000 418b | b0cc 0000 | 0083 c602 | 4189 b0cc | 0000 0081 | e6fe ff1f 
  0x0000017935b231e0: 0085 f60f | 84e3 0100 | 008b 7238 

  0x0000017935b231ec: ; implicit exception: dispatches to 0x0000017935b233ed
  0x0000017935b231ec: 483b 064c 

  0x0000017935b231f0: ;   {metadata(method data for {method} {0x000001794542ab08} 'toExternalForm' '()Ljava/lang/String;' in 'java/net/URL')}
  0x0000017935b231f0: 8bc6 48bf | 9075 0d53 | 7901 0000 | 458b 4008 | 49ba 0000 | 0045 7901 | 0000 4d03 | c24c 3b87 
  0x0000017935b23210: 2001 0000 | 750d 4883 | 8728 0100 | 0001 e960 | 0000 004c | 3b87 3001 | 0000 750d | 4883 8738 
  0x0000017935b23230: 0100 0001 | e94a 0000 | 0048 83bf | 2001 0000 | 0075 174c | 8987 2001 | 0000 48c7 | 8728 0100 
  0x0000017935b23250: 0001 0000 | 00e9 2900 | 0000 4883 | bf30 0100 | 0000 7517 | 4c89 8730 | 0100 0048 | c787 3801 
  0x0000017935b23270: 0000 0100 | 0000 e908 | 0000 0048 | 8387 1001 | 0000 014c | 8bc2 488b | d666 0f1f 

  0x0000017935b2328c: ;   {optimized virtual_call}
  0x0000017935b2328c: 4400 00e8 

  0x0000017935b23290: ; ImmutableOopMap {[120]=Oop [128]=Oop [136]=Oop [152]=Oop }
                      ;*invokevirtual toExternalForm {reexecute=0 rethrow=0 return_oop=0}
                      ; - java.net.URL::toExternalForm@5 (line 1203)
                      ; - java.net.URL::toString@1 (line 1189)
                      ; - java.lang.ClassLoader::defineClassSourceLocation@22 (line 927)
                      ; - java.lang.ClassLoader::defineClass@12 (line 1026)
  0x0000017935b23290: 0ce0 f2ff 

  0x0000017935b23294: ;   {other}
  0x0000017935b23294: 0f1f 8400 | 0405 0001 | 488b d848 | 8b84 2498 | 0000 008b | b424 9400 | 0000 8bbc | 2490 0000 
  0x0000017935b232b4: 004c 8b8c | 2488 0000 | 004c 8b84 | 2480 0000 | 0048 8b54 

  0x0000017935b232c8: ;   {metadata(method data for {method} {0x0000017945437280} 'defineClass' '(Ljava/lang/String;[BIILjava/security/ProtectionDomain;)Ljava/lang/Class;' in 'java/lang/ClassLoader')}
  0x0000017935b232c8: 2478 48b9 | 587f 1a53 | 7901 0000 | 4883 8180 | 0100 0001 | 4c8b da49 | 8bd3 488b | c848 891c 
  0x0000017935b232e8: 2466 0f1f 

  0x0000017935b232ec: ;   {static_call}
  0x0000017935b232ec: 4400 00e8 

  0x0000017935b232f0: ; ImmutableOopMap {[120]=Oop [152]=Oop }
                      ;*invokestatic defineClass1 {reexecute=0 rethrow=0 return_oop=0}
                      ; - java.lang.ClassLoader::defineClass@27 (line 1027)
  0x0000017935b232f0: 6c85 8d07 

  0x0000017935b232f4: ;   {other}
  0x0000017935b232f4: 0f1f 8400 | 6405 0002 | 488b 5424 

  0x0000017935b23300: ;   {metadata(method data for {method} {0x0000017945437280} 'defineClass' '(Ljava/lang/String;[BIILjava/security/ProtectionDomain;)Ljava/lang/Class;' in 'java/lang/ClassLoader')}
  0x0000017935b23300: 7849 b858 | 7f1a 5379 | 0100 0049 | 8380 9001 | 0000 014c | 8bc0 4c8b | 8c24 9800 | 0000 488b 
  0x0000017935b23320: 5424 7848 | 8984 24a0 | 0000 000f 

  0x0000017935b2332c: ;   {optimized virtual_call}
  0x0000017935b2332c: 1f40 00e8 

  0x0000017935b23330: ; ImmutableOopMap {[160]=Oop }
                      ;*invokevirtual postDefineClass {reexecute=0 rethrow=0 return_oop=0}
                      ; - java.lang.ClassLoader::defineClass@37 (line 1028)
  0x0000017935b23330: 6c47 faff 

  0x0000017935b23334: ;   {other}
  0x0000017935b23334: 0f1f 8400 | a405 0003 | 488b 8424 | a000 0000 | 4881 c4b0 | 0000 005d 

  0x0000017935b2334c: ;   {poll_return}
  0x0000017935b2334c: 493b a748 | 0400 000f | 8799 0000 

  0x0000017935b23358: ;   {metadata({method} {0x0000017945437280} 'defineClass' '(Ljava/lang/String;[BIILjava/security/ProtectionDomain;)Ljava/lang/Class;' in 'java/lang/ClassLoader')}
  0x0000017935b23358: 00c3 49ba | 7872 4345 | 7901 0000 | 4c89 5424 | 0848 c704 | 24ff ffff 

  0x0000017935b23370: ;   {runtime_call counter_overflow Runtime1 stub}
  0x0000017935b23370: ffe8 8a13 

  0x0000017935b23374: ; ImmutableOopMap {rdx=Oop r8=Oop r9=Oop rcx=Oop [120]=Oop }
                      ;*synchronization entry
                      ; - java.lang.ClassLoader::defineClass@-1 (line 1025)
  0x0000017935b23374: 3e07 e98f 

  0x0000017935b23378: ;   {metadata({method} {0x0000017945436f68} 'defineClassSourceLocation' '(Ljava/security/ProtectionDomain;)Ljava/lang/String;' in 'java/lang/ClassLoader')}
  0x0000017935b23378: fcff ff49 | ba60 6f43 | 4579 0100 | 004c 8954 | 2408 48c7 | 0424 ffff 

  0x0000017935b23390: ;   {runtime_call counter_overflow Runtime1 stub}
  0x0000017935b23390: ffff e869 

  0x0000017935b23394: ; ImmutableOopMap {rax=Oop [120]=Oop [128]=Oop [136]=Oop [152]=Oop }
                      ;*synchronization entry
                      ; - java.lang.ClassLoader::defineClassSourceLocation@-1 (line 924)
                      ; - java.lang.ClassLoader::defineClass@12 (line 1026)
  0x0000017935b23394: 133e 07e9 | 08fd ffff 

  0x0000017935b2339c: ;   {runtime_call throw_null_pointer_exception Runtime1 stub}
  0x0000017935b2339c: e85f a43d 

  0x0000017935b233a0: ; ImmutableOopMap {rax=Oop [120]=Oop [128]=Oop [136]=Oop [152]=Oop }
                      ;*invokevirtual getCodeSource {reexecute=0 rethrow=0 return_oop=0}
                      ; - java.lang.ClassLoader::defineClassSourceLocation@1 (line 924)
                      ; - java.lang.ClassLoader::defineClass@12 (line 1026)
                      ;   {runtime_call throw_null_pointer_exception Runtime1 stub}
  0x0000017935b233a0: 07e8 5aa4 

  0x0000017935b233a4: ; ImmutableOopMap {rax=Oop r8=Oop [120]=Oop [128]=Oop [136]=Oop [152]=Oop }
                      ;*invokevirtual getLocation {reexecute=0 rethrow=0 return_oop=0}
                      ; - java.lang.ClassLoader::defineClassSourceLocation@12 (line 926)
                      ; - java.lang.ClassLoader::defineClass@12 (line 1026)
                      ;   {runtime_call throw_null_pointer_exception Runtime1 stub}
  0x0000017935b233a4: 3d07 e855 

  0x0000017935b233a8: ; ImmutableOopMap {rdx=Oop [120]=Oop [128]=Oop [136]=Oop [152]=Oop }
                      ;*invokevirtual toString {reexecute=0 rethrow=0 return_oop=0}
                      ; - java.lang.ClassLoader::defineClassSourceLocation@22 (line 927)
                      ; - java.lang.ClassLoader::defineClass@12 (line 1026)
                      ;   {metadata({method} {0x000001794501ade8} 'toString' '()Ljava/lang/String;' in 'java/net/URL')}
  0x0000017935b233a8: a43d 0749 | bae0 ad01 | 4579 0100 | 004c 8954 | 2408 48c7 | 0424 ffff 

  0x0000017935b233c0: ;   {runtime_call counter_overflow Runtime1 stub}
  0x0000017935b233c0: ffff e839 

  0x0000017935b233c4: ; ImmutableOopMap {rdx=Oop [120]=Oop [128]=Oop [136]=Oop [152]=Oop }
                      ;*synchronization entry
                      ; - java.net.URL::toString@-1 (line 1189)
                      ; - java.lang.ClassLoader::defineClassSourceLocation@22 (line 927)
                      ; - java.lang.ClassLoader::defineClass@12 (line 1026)
  0x0000017935b233c4: 133e 07e9 | dffd ffff 

  0x0000017935b233cc: ;   {metadata({method} {0x000001794542ab08} 'toExternalForm' '()Ljava/lang/String;' in 'java/net/URL')}
  0x0000017935b233cc: 49ba 00ab | 4245 7901 | 0000 4c89 | 5424 0848 | c704 24ff 

  0x0000017935b233e0: ;   {runtime_call counter_overflow Runtime1 stub}
  0x0000017935b233e0: ffff ffe8 

  0x0000017935b233e4: ; ImmutableOopMap {rdx=Oop [120]=Oop [128]=Oop [136]=Oop [152]=Oop }
                      ;*synchronization entry
                      ; - java.net.URL::toExternalForm@-1 (line 1203)
                      ; - java.net.URL::toString@1 (line 1189)
                      ; - java.lang.ClassLoader::defineClassSourceLocation@22 (line 927)
                      ; - java.lang.ClassLoader::defineClass@12 (line 1026)
  0x0000017935b233e4: 1813 3e07 | e9fc fdff 

  0x0000017935b233ec: ;   {runtime_call throw_null_pointer_exception Runtime1 stub}
  0x0000017935b233ec: ffe8 0ea4 

  0x0000017935b233f0: ; ImmutableOopMap {rdx=Oop rsi=Oop [120]=Oop [128]=Oop [136]=Oop [152]=Oop }
                      ;*invokevirtual toExternalForm {reexecute=0 rethrow=0 return_oop=0}
                      ; - java.net.URL::toExternalForm@5 (line 1203)
                      ; - java.net.URL::toString@1 (line 1189)
                      ; - java.lang.ClassLoader::defineClassSourceLocation@22 (line 927)
                      ; - java.lang.ClassLoader::defineClass@12 (line 1026)
                      ;   {internal_word}
  0x0000017935b233f0: 3d07 49ba | 4c33 b235 | 7901 0000 | 4d89 9760 

  0x0000017935b23400: ;   {runtime_call SafepointBlob}
  0x0000017935b23400: 0400 00e9 | f816 3307 | 498b 87f8 | 0400 0049 | c787 f804 | 0000 0000 | 0000 49c7 | 8700 0500 
  0x0000017935b23420: 0000 0000 | 0048 81c4 | b000 0000 

  0x0000017935b2342c: ;   {runtime_call unwind_exception Runtime1 stub}
  0x0000017935b2342c: 5de9 ce8e | 3d07 f4f4 | f4f4 f4f4 
[Stub Code]
  0x0000017935b23438: ;   {no_reloc}
  0x0000017935b23438: 0f1f 4400 

  0x0000017935b2343c: ;   {static_stub}
  0x0000017935b2343c: 0048 bb00 | 0000 0000 

  0x0000017935b23444: ;   {runtime_call nmethod}
  0x0000017935b23444: 0000 00e9 | fbff ffff 

  0x0000017935b2344c: ;   {static_stub}
  0x0000017935b2344c: 48bb 0000 | 0000 0000 

  0x0000017935b23454: ;   {runtime_call nmethod}
  0x0000017935b23454: 0000 e9fb 

  0x0000017935b23458: ;   {static_stub}
  0x0000017935b23458: ffff ff48 | bb00 0000 | 0000 0000 

  0x0000017935b23464: ;   {runtime_call nmethod}
  0x0000017935b23464: 00e9 fbff 

  0x0000017935b23468: ;   {static_stub}
  0x0000017935b23468: ffff 48bb | 0000 0000 | 0000 0000 

  0x0000017935b23474: ;   {runtime_call nmethod}
  0x0000017935b23474: e9fb ffff 

  0x0000017935b23478: ;   {runtime_call handle_exception_from_callee Runtime1 stub}
  0x0000017935b23478: ffe8 82cd 

  0x0000017935b2347c: ;   {external_word}
  0x0000017935b2347c: 3d07 48b9 | 6003 bfb5 | f87f 0000 | 4883 e4f0 

  0x0000017935b2348c: ;   {runtime_call}
  0x0000017935b2348c: 48b8 2061 | 81b5 f87f | 0000 ffd0 

  0x0000017935b23498: ;   {section_word}
  0x0000017935b23498: f449 ba99 | 34b2 3579 | 0100 0041 

  0x0000017935b234a4: ;   {runtime_call DeoptimizationBlob}
  0x0000017935b234a4: 52e9 f608 | 3307 f4f4 | f4f4 f4f4 
[/MachCode]


Compiled method (c1) 10974 1122       3       java.security.SecureClassLoader::defineClass (16 bytes)
 total in heap  [0x0000017935ab4810,0x0000017935ab4c10] = 1024
 relocation     [0x0000017935ab4970,0x0000017935ab49c0] = 80
 main code      [0x0000017935ab49c0,0x0000017935ab4b18] = 344
 stub code      [0x0000017935ab4b18,0x0000017935ab4b68] = 80
 metadata       [0x0000017935ab4b68,0x0000017935ab4b70] = 8
 scopes data    [0x0000017935ab4b70,0x0000017935ab4bb8] = 72
 scopes pcs     [0x0000017935ab4bb8,0x0000017935ab4c08] = 80
 dependencies   [0x0000017935ab4c08,0x0000017935ab4c10] = 8

[Constant Pool (empty)]

[MachCode]
[Entry Point]
  # {method} {0x000001794504dfa8} 'defineClass' '(Ljava/lang/String;[BIILjava/security/CodeSource;)Ljava/lang/Class;' in 'java/security/SecureClassLoader'
  # this:     rdx:rdx   = 'java/security/SecureClassLoader'
  # parm0:    r8:r8     = 'java/lang/String'
  # parm1:    r9:r9     = '[B'
  # parm2:    rdi       = int
  # parm3:    rsi       = int
  # parm4:    rcx:rcx   = 'java/security/CodeSource'
  #           [sp+0x80]  (sp of caller)
  0x0000017935ab49c0: 448b 5208 | 49bb 0000 | 0045 7901 | 0000 4d03 | d34c 3bd0 

  0x0000017935ab49d4: ;   {runtime_call ic_miss_stub}
  0x0000017935ab49d4: 0f85 a69a | 3907 660f | 1f44 0000 
[Verified Entry Point]
  0x0000017935ab49e0: 8984 2400 | 80ff ff55 | 4883 ec70 | 4181 7f20 | 0100 0000 

  0x0000017935ab49f4: ;   {runtime_call StubRoutines (final stubs)}
  0x0000017935ab49f4: 7405 e8e5 

  0x0000017935ab49f8: ;   {metadata(method data for {method} {0x000001794504dfa8} 'defineClass' '(Ljava/lang/String;[BIILjava/security/CodeSource;)Ljava/lang/Class;' in 'java/security/SecureClassLoader')}
  0x0000017935ab49f8: 3f38 0748 | bb30 6919 | 5379 0100 | 008b 83cc | 0000 0083 | c002 8983 | cc00 0000 | 25fe 0700 
  0x0000017935ab4a18: 0085 c00f | 8496 0000 | 0089 7424 | 5c89 7c24 | 584c 894c | 2450 4c89 | 4424 4848 

  0x0000017935ab4a34: ;   {metadata(method data for {method} {0x000001794504dfa8} 'defineClass' '(Ljava/lang/String;[BIILjava/security/CodeSource;)Ljava/lang/Class;' in 'java/security/SecureClassLoader')}
  0x0000017935ab4a34: 8bda 48b8 | 3069 1953 | 7901 0000 | 4883 8010 | 0100 0001 | 4c8b c148 | 8bc2 488b | d048 8944 
  0x0000017935ab4a54: ;   {optimized virtual_call}
  0x0000017935ab4a54: 2440 90e8 

  0x0000017935ab4a58: ; ImmutableOopMap {[64]=Oop [72]=Oop [80]=Oop }
                      ;*invokevirtual getProtectionDomain {reexecute=0 rethrow=0 return_oop=0}
                      ; - java.security.SecureClassLoader::defineClass@9 (line 150)
  0x0000017935ab4a58: 44db 0600 

  0x0000017935ab4a5c: ;   {other}
  0x0000017935ab4a5c: 0f1f 8400 | 4c02 0000 | 488b 5424 

  0x0000017935ab4a68: ;   {metadata(method data for {method} {0x000001794504dfa8} 'defineClass' '(Ljava/lang/String;[BIILjava/security/CodeSource;)Ljava/lang/Class;' in 'java/security/SecureClassLoader')}
  0x0000017935ab4a68: 4049 b830 | 6919 5379 | 0100 0049 | 8380 4801 | 0000 014c | 8b44 2448 | 4c8b 4c24 | 508b 7c24 
  0x0000017935ab4a88: 588b 7424 | 5c48 8bc8 | 488b 5424 

  0x0000017935ab4a94: ;   {optimized virtual_call}
  0x0000017935ab4a94: 4066 90e8 

  0x0000017935ab4a98: ; ImmutableOopMap {}
                      ;*invokevirtual defineClass {reexecute=0 rethrow=0 return_oop=0}
                      ; - java.security.SecureClassLoader::defineClass@12 (line 150)
  0x0000017935ab4a98: 24e5 0600 

  0x0000017935ab4a9c: ;   {other}
  0x0000017935ab4a9c: 0f1f 8400 | 8c02 0001 | 4883 c470 

  0x0000017935ab4aa8: ;   {poll_return}
  0x0000017935ab4aa8: 5d49 3ba7 | 4804 0000 | 0f87 2200 

  0x0000017935ab4ab4: ;   {metadata({method} {0x000001794504dfa8} 'defineClass' '(Ljava/lang/String;[BIILjava/security/CodeSource;)Ljava/lang/Class;' in 'java/security/SecureClassLoader')}
  0x0000017935ab4ab4: 0000 c349 | baa0 df04 | 4579 0100 | 004c 8954 | 2408 48c7 | 0424 ffff 

  0x0000017935ab4acc: ;   {runtime_call counter_overflow Runtime1 stub}
  0x0000017935ab4acc: ffff e82d 

  0x0000017935ab4ad0: ; ImmutableOopMap {rdx=Oop r8=Oop r9=Oop rcx=Oop }
                      ;*synchronization entry
                      ; - java.security.SecureClassLoader::defineClass@-1 (line 150)
  0x0000017935ab4ad0: fc44 07e9 | 49ff ffff 

  0x0000017935ab4ad8: ;   {internal_word}
  0x0000017935ab4ad8: 49ba a94a | ab35 7901 | 0000 4d89 | 9760 0400 

  0x0000017935ab4ae8: ;   {runtime_call SafepointBlob}
  0x0000017935ab4ae8: 00e9 1200 | 3a07 498b | 87f8 0400 | 0049 c787 | f804 0000 | 0000 0000 | 49c7 8700 | 0500 0000 
  0x0000017935ab4b08: 0000 0048 | 83c4 705d 

  0x0000017935ab4b10: ;   {runtime_call unwind_exception Runtime1 stub}
  0x0000017935ab4b10: e9eb 7744 | 07f4 f4f4 
[Stub Code]
  0x0000017935ab4b18: ;   {no_reloc}
  0x0000017935ab4b18: 48bb f0de | 0445 7901 

  0x0000017935ab4b20: ;   {runtime_call I2C/C2I adapters}
  0x0000017935ab4b20: 0000 e940 

  0x0000017935ab4b24: ;   {static_stub}
  0x0000017935ab4b24: ec39 0748 | bb78 7243 | 4579 0100 

  0x0000017935ab4b30: ;   {runtime_call I2C/C2I adapters}
  0x0000017935ab4b30: 00e9 bffe 

  0x0000017935ab4b34: ;   {runtime_call handle_exception_from_callee Runtime1 stub}
  0x0000017935ab4b34: 3807 e8c5 

  0x0000017935ab4b38: ;   {external_word}
  0x0000017935ab4b38: b644 0748 | b960 03bf | b5f8 7f00 | 0048 83e4 

  0x0000017935ab4b48: ;   {runtime_call}
  0x0000017935ab4b48: f048 b820 | 6181 b5f8 | 7f00 00ff 

  0x0000017935ab4b54: ;   {section_word}
  0x0000017935ab4b54: d0f4 49ba | 564b ab35 | 7901 0000 

  0x0000017935ab4b60: ;   {runtime_call DeoptimizationBlob}
  0x0000017935ab4b60: 4152 e939 | f239 07f4 
[/MachCode]


---------------  P R O C E S S  ---------------

Threads class SMR info:
_java_thread_list=0x000001795877c8e0, length=21, elements={
0x000001792d1f9e50, 0x000001792d280ed0, 0x000001792d285860, 0x000001792d28b1b0,
0x000001792d28de90, 0x000001792d28e8e0, 0x000001792cfbed90, 0x000001792cfc20c0,
0x000001792cff3620, 0x000001792d25db80, 0x0000017944999170, 0x00000179582d2950,
0x0000017958365690, 0x0000017957c122b0, 0x0000017957457c70, 0x00000179574582d0,
0x0000017958435530, 0x0000017958435b90, 0x000001795846fe70, 0x000001795846e430,
0x000001795846eac0
}

Java Threads: ( => current thread )
  0x000001792d1f9e50 JavaThread "main"                              [_thread_blocked, id=2708, stack(0x000000149f100000,0x000000149f200000) (1024K)]
  0x000001792d280ed0 JavaThread "Reference Handler"          daemon [_thread_blocked, id=4800, stack(0x000000149f400000,0x000000149f500000) (1024K)]
  0x000001792d285860 JavaThread "Finalizer"                  daemon [_thread_blocked, id=18128, stack(0x000000149f500000,0x000000149f600000) (1024K)]
  0x000001792d28b1b0 JavaThread "Signal Dispatcher"          daemon [_thread_blocked, id=15124, stack(0x000000149f600000,0x000000149f700000) (1024K)]
  0x000001792d28de90 JavaThread "Attach Listener"            daemon [_thread_blocked, id=9840, stack(0x000000149f700000,0x000000149f800000) (1024K)]
  0x000001792d28e8e0 JavaThread "Service Thread"             daemon [_thread_blocked, id=17392, stack(0x000000149f800000,0x000000149f900000) (1024K)]
  0x000001792cfbed90 JavaThread "Monitor Deflation Thread"   daemon [_thread_blocked, id=12056, stack(0x000000149f900000,0x000000149fa00000) (1024K)]
  0x000001792cfc20c0 JavaThread "C2 CompilerThread0"         daemon [_thread_in_native, id=1980, stack(0x000000149fa00000,0x000000149fb00000) (1024K)]
  0x000001792cff3620 JavaThread "C1 CompilerThread0"         daemon [_thread_in_native, id=7452, stack(0x000000149fb00000,0x000000149fc00000) (1024K)]
  0x000001792d25db80 JavaThread "Common-Cleaner"             daemon [_thread_blocked, id=18132, stack(0x000000149fc00000,0x000000149fd00000) (1024K)]
  0x0000017944999170 JavaThread "Notification Thread"        daemon [_thread_blocked, id=6368, stack(0x000000149fd00000,0x000000149fe00000) (1024K)]
  0x00000179582d2950 JavaThread "Daemon health stats"               [_thread_blocked, id=18624, stack(0x000000149ff00000,0x00000014a0000000) (1024K)]
  0x0000017958365690 JavaThread "Incoming local TCP Connector on port 54344"        [_thread_in_native, id=8096, stack(0x000000149fe00000,0x000000149ff00000) (1024K)]
  0x0000017957c122b0 JavaThread "Daemon periodic checks"            [_thread_blocked, id=10980, stack(0x00000014a0000000,0x00000014a0100000) (1024K)]
  0x0000017957457c70 JavaThread "Daemon"                            [_thread_blocked, id=2828, stack(0x00000014a0100000,0x00000014a0200000) (1024K)]
  0x00000179574582d0 JavaThread "Handler for socket connection from /127.0.0.1:54344 to /127.0.0.1:54360"        [_thread_in_native, id=2152, stack(0x00000014a0200000,0x00000014a0300000) (1024K)]
  0x0000017958435530 JavaThread "Cancel handler"                    [_thread_blocked, id=3580, stack(0x00000014a0300000,0x00000014a0400000) (1024K)]
=>0x0000017958435b90 JavaThread "Daemon worker"                     [_thread_in_vm, id=2204, stack(0x00000014a0400000,0x00000014a0500000) (1024K)]
  0x000001795846fe70 JavaThread "Asynchronous log dispatcher for DefaultDaemonConnection: socket connection from /127.0.0.1:54344 to /127.0.0.1:54360"        [_thread_blocked, id=18468, stack(0x00000014a0500000,0x00000014a0600000) (1024K)]
  0x000001795846e430 JavaThread "Stdin handler"                     [_thread_blocked, id=16972, stack(0x00000014a0600000,0x00000014a0700000) (1024K)]
  0x000001795846eac0 JavaThread "Daemon client event forwarder"        [_thread_blocked, id=800, stack(0x00000014a0700000,0x00000014a0800000) (1024K)]
Total: 21

Other Threads:
  0x000001792d26db80 VMThread "VM Thread"                           [id=17336, stack(0x000000149f300000,0x000000149f400000) (1024K)]
  0x000001792cfbca00 WatcherThread "VM Periodic Task Thread"        [id=2584, stack(0x000000149f200000,0x000000149f300000) (1024K)]
Total: 2

Threads with active compile tasks:
C2 CompilerThread0  11008 2716   !   4       java.lang.ClassLoader::loadClass (121 bytes)
C1 CompilerThread0  11008 2722       3       java.util.concurrent.locks.AbstractQueuedSynchronizer$ConditionObject::canReacquire (38 bytes)
Total: 2

VM state: not at safepoint (normal execution)

VM Mutex/Monitor currently owned by a thread: None

Heap address: 0x00000000c0000000, size: 1024 MB, Compressed Oops mode: 32-bit

CDS archive(s) mapped at: [0x0000017945000000-0x0000017945c80000-0x0000017945c80000), size 13107200, SharedBaseAddress: 0x0000017945000000, ArchiveRelocationMode: 1.
Compressed class space mapped at: 0x0000017946000000-0x0000017953000000, reserved size: 218103808
Narrow klass base: 0x0000017945000000, Narrow klass shift: 0, Narrow klass range: 0x100000000

GC Precious Log:
 CardTable entry size: 512
 CPUs: 8 total, 8 available
 Memory: 7103M
 Large Page Support: Disabled
 NUMA Support: Disabled
 Compressed Oops: Enabled (32-bit)
 Heap Min Capacity: 256M
 Heap Initial Capacity: 256M
 Heap Max Capacity: 1G
 Pre-touch: Disabled

Heap:
 def new generation   total 78656K, used 52456K [0x00000000c0000000, 0x00000000c5550000, 0x00000000d5550000)
  eden space 69952K,  65% used [0x00000000c0000000, 0x00000000c2cdab78, 0x00000000c4450000)
  from space 8704K,  74% used [0x00000000c4450000, 0x00000000c4aaf528, 0x00000000c4cd0000)
  to   space 8704K,   0% used [0x00000000c4cd0000, 0x00000000c4cd0000, 0x00000000c5550000)
 tenured generation   total 174784K, used 10269K [0x00000000d5550000, 0x00000000e0000000, 0x0000000100000000)
   the space 174784K,   5% used [0x00000000d5550000, 0x00000000d5f57448, 0x00000000d5f57600, 0x00000000e0000000)
 Metaspace       used 15642K, committed 16128K, reserved 278528K
  class space    used 2123K, committed 2368K, reserved 212992K

Card table byte_map: [0x000001792cb70000,0x000001792cd80000] _byte_map_base: 0x000001792c570000

Polling page: 0x000001792afd0000

Metaspace:

Usage:
  Non-class:     13.20 MB used.
      Class:      2.07 MB used.
       Both:     15.28 MB used.

Virtual space:
  Non-class space:       64.00 MB reserved,      13.44 MB ( 21%) committed,  1 nodes.
      Class space:      208.00 MB reserved,       2.31 MB (  1%) committed,  1 nodes.
             Both:      272.00 MB reserved,      15.75 MB (  6%) committed. 

Chunk freelists:
   Non-Class:  1.98 MB
       Class:  13.67 MB
        Both:  15.65 MB

MaxMetaspaceSize: 256.00 MB
CompressedClassSpaceSize: 208.00 MB
Initial GC threshold: 21.00 MB
Current GC threshold: 21.00 MB
CDS: on
 - commit_granule_bytes: 65536.
 - commit_granule_words: 8192.
 - virtual_space_node_default_size: 8388608.
 - enlarge_chunks_in_place: 1.
 - use_allocation_guard: 0.


Internal statistics:

num_allocs_failed_limit: 0.
num_arena_births: 498.
num_arena_deaths: 0.
num_vsnodes_births: 2.
num_vsnodes_deaths: 0.
num_space_committed: 252.
num_space_uncommitted: 0.
num_chunks_returned_to_freelist: 0.
num_chunks_taken_from_freelist: 1005.
num_chunk_merges: 0.
num_chunk_splits: 650.
num_chunks_enlarged: 450.
num_inconsistent_stats: 0.

CodeHeap 'non-profiled nmethods': size=120000Kb used=1225Kb max_used=1225Kb free=118775Kb
 bounds [0x000001793d3a0000, 0x000001793d610000, 0x00000179448d0000]
CodeHeap 'profiled nmethods': size=120000Kb used=5282Kb max_used=5282Kb free=114717Kb
 bounds [0x00000179358d0000, 0x0000017935e00000, 0x000001793ce00000]
CodeHeap 'non-nmethods': size=5760Kb used=1274Kb max_used=1288Kb free=4485Kb
 bounds [0x000001793ce00000, 0x000001793d070000, 0x000001793d3a0000]
CodeCache: size=245760Kb, used=7781Kb, max_used=7795Kb, free=237977Kb
 total_blobs=3272, nmethods=2719, adapters=459, full_count=0
Compilation: enabled, stopped_count=0, restarted_count=0

Compilation events (20 events):
Event: 10.628 Thread 0x000001792cff3620 nmethod 2707 0x0000017935de9f10 code [0x0000017935dea0e0, 0x0000017935dea310]
Event: 10.628 Thread 0x000001792cfc20c0 nmethod 2705 0x000001793d4d1b10 code [0x000001793d4d1cc0, 0x000001793d4d1ee0]
Event: 10.630 Thread 0x000001792cff3620 2709       3       org.gradle.internal.dispatch.ReflectionDispatch::dispatch (9 bytes)
Event: 10.630 Thread 0x000001792cff3620 nmethod 2709 0x0000017935dea490 code [0x0000017935dea660, 0x0000017935dea928]
Event: 10.630 Thread 0x000001792cff3620 2710       3       org.gradle.internal.dispatch.ReflectionDispatch::dispatch (9 bytes)
Event: 10.630 Thread 0x000001792cff3620 nmethod 2710 0x0000017935deaa90 code [0x0000017935deac40, 0x0000017935deada0]
Event: 10.631 Thread 0x000001792cff3620 2711   !   3       org.gradle.internal.dispatch.MethodInvocation::invokeOn (40 bytes)
Event: 10.632 Thread 0x000001792cff3620 nmethod 2711 0x0000017935deae90 code [0x0000017935deb160, 0x0000017935debd88]
Event: 10.632 Thread 0x000001792cff3620 2712       3       java.lang.invoke.DirectMethodHandle$Interface::checkReceiver (82 bytes)
Event: 10.634 Thread 0x000001792cff3620 nmethod 2712 0x0000017935dec410 code [0x0000017935dec7a0, 0x0000017935dedef8]
Event: 10.645 Thread 0x000001792cff3620 2713       3       org.gradle.internal.service.DefaultServiceRegistry::access$1000 (5 bytes)
Event: 10.645 Thread 0x000001792cff3620 nmethod 2713 0x0000017935dee710 code [0x0000017935dee8c0, 0x0000017935dee9d8]
Event: 10.645 Thread 0x000001792cff3620 2714       3       org.gradle.internal.service.DefaultServiceRegistry$OwnServices::getProviders (26 bytes)
Event: 10.646 Thread 0x000001792cff3620 nmethod 2714 0x0000017935deea90 code [0x0000017935deec60, 0x0000017935deefe0]
Event: 10.646 Thread 0x000001792cff3620 2715       3       org.gradle.internal.service.DefaultServiceRegistry$OwnServices::getService (317 bytes)
Event: 10.649 Thread 0x000001792cff3620 nmethod 2715 0x0000017935def110 code [0x0000017935def660, 0x0000017935df22f0]
Event: 10.672 Thread 0x000001792cfc20c0 2716   !   4       java.lang.ClassLoader::loadClass (121 bytes)
Event: 10.675 Thread 0x000001792cff3620 2717       3       jdk.internal.misc.Unsafe::weakCompareAndSetInt (11 bytes)
Event: 10.676 Thread 0x000001792cff3620 nmethod 2717 0x0000017935df3010 code [0x0000017935df31a0, 0x0000017935df32c8]
Event: 10.692 Thread 0x000001792cff3620 2719       3       java.lang.invoke.TypeConvertingMethodAdapter::convertType (299 bytes)

GC Heap History (4 events):
Event: 3.665 GC heap before
{Heap before GC invocations=0 (full 0):
 def new generation   total 78656K, used 69952K [0x00000000c0000000, 0x00000000c5550000, 0x00000000d5550000)
  eden space 69952K, 100% used [0x00000000c0000000, 0x00000000c4450000, 0x00000000c4450000)
  from space 8704K,   0% used [0x00000000c4450000, 0x00000000c4450000, 0x00000000c4cd0000)
  to   space 8704K,   0% used [0x00000000c4cd0000, 0x00000000c4cd0000, 0x00000000c5550000)
 tenured generation   total 174784K, used 0K [0x00000000d5550000, 0x00000000e0000000, 0x0000000100000000)
   the space 174784K,   0% used [0x00000000d5550000, 0x00000000d5550000, 0x00000000d5550200, 0x00000000e0000000)
 Metaspace       used 4607K, committed 4864K, reserved 278528K
  class space    used 582K, committed 704K, reserved 212992K
}
Event: 3.696 GC heap after
{Heap after GC invocations=1 (full 0):
 def new generation   total 78656K, used 8704K [0x00000000c0000000, 0x00000000c5550000, 0x00000000d5550000)
  eden space 69952K,   0% used [0x00000000c0000000, 0x00000000c0000000, 0x00000000c4450000)
  from space 8704K, 100% used [0x00000000c4cd0000, 0x00000000c5550000, 0x00000000c5550000)
  to   space 8704K,   0% used [0x00000000c4450000, 0x00000000c4450000, 0x00000000c4cd0000)
 tenured generation   total 174784K, used 1663K [0x00000000d5550000, 0x00000000e0000000, 0x0000000100000000)
   the space 174784K,   0% used [0x00000000d5550000, 0x00000000d56efe30, 0x00000000d56f0000, 0x00000000e0000000)
 Metaspace       used 4607K, committed 4864K, reserved 278528K
  class space    used 582K, committed 704K, reserved 212992K
}
Event: 6.250 GC heap before
{Heap before GC invocations=1 (full 0):
 def new generation   total 78656K, used 78656K [0x00000000c0000000, 0x00000000c5550000, 0x00000000d5550000)
  eden space 69952K, 100% used [0x00000000c0000000, 0x00000000c4450000, 0x00000000c4450000)
  from space 8704K, 100% used [0x00000000c4cd0000, 0x00000000c5550000, 0x00000000c5550000)
  to   space 8704K,   0% used [0x00000000c4450000, 0x00000000c4450000, 0x00000000c4cd0000)
 tenured generation   total 174784K, used 1663K [0x00000000d5550000, 0x00000000e0000000, 0x0000000100000000)
   the space 174784K,   0% used [0x00000000d5550000, 0x00000000d56efe30, 0x00000000d56f0000, 0x00000000e0000000)
 Metaspace       used 6128K, committed 6400K, reserved 278528K
  class space    used 808K, committed 896K, reserved 212992K
}
Event: 6.278 GC heap after
{Heap after GC invocations=2 (full 0):
 def new generation   total 78656K, used 6525K [0x00000000c0000000, 0x00000000c5550000, 0x00000000d5550000)
  eden space 69952K,   0% used [0x00000000c0000000, 0x00000000c0000000, 0x00000000c4450000)
  from space 8704K,  74% used [0x00000000c4450000, 0x00000000c4aaf528, 0x00000000c4cd0000)
  to   space 8704K,   0% used [0x00000000c4cd0000, 0x00000000c4cd0000, 0x00000000c5550000)
 tenured generation   total 174784K, used 10269K [0x00000000d5550000, 0x00000000e0000000, 0x0000000100000000)
   the space 174784K,   5% used [0x00000000d5550000, 0x00000000d5f57448, 0x00000000d5f57600, 0x00000000e0000000)
 Metaspace       used 6128K, committed 6400K, reserved 278528K
  class space    used 808K, committed 896K, reserved 212992K
}

Dll operation events (15 events):
Event: 0.038 Loaded shared library C:\Users\ibraa\.jdks\ms-21.0.8\bin\java.dll
Event: 0.124 Loaded shared library C:\Users\ibraa\.jdks\ms-21.0.8\bin\jsvml.dll
Event: 0.244 Loaded shared library C:\Users\ibraa\.jdks\ms-21.0.8\bin\zip.dll
Event: 0.256 Loaded shared library C:\Users\ibraa\.jdks\ms-21.0.8\bin\instrument.dll
Event: 0.271 Loaded shared library C:\Users\ibraa\.jdks\ms-21.0.8\bin\net.dll
Event: 0.289 Loaded shared library C:\Users\ibraa\.jdks\ms-21.0.8\bin\nio.dll
Event: 0.308 Loaded shared library C:\Users\ibraa\.jdks\ms-21.0.8\bin\zip.dll
Event: 1.327 Loaded shared library C:\Users\ibraa\.jdks\ms-21.0.8\bin\jimage.dll
Event: 2.088 Loaded shared library C:\Users\ibraa\.jdks\ms-21.0.8\bin\verify.dll
Event: 2.193 Loaded shared library C:\Users\ibraa\project\AsyncMediaProcessorAPI\async-media-processor\native\660c5614fbf4a5f2a75b1949f50a0caf5cd603558e7d8a26e50b933a0cfb79d1\windows-amd64\native-platform.dll
Event: 2.232 Loaded shared library C:\Users\ibraa\project\AsyncMediaProcessorAPI\async-media-processor\native\0.2.8\x86_64-windows-gnu\gradle-fileevents.dll
Event: 6.360 Loaded shared library C:\Users\ibraa\.jdks\ms-21.0.8\bin\management.dll
Event: 6.370 Loaded shared library C:\Users\ibraa\.jdks\ms-21.0.8\bin\management_ext.dll
Event: 7.534 Loaded shared library C:\Users\ibraa\.jdks\ms-21.0.8\bin\extnet.dll
Event: 8.140 Loaded shared library C:\Users\ibraa\.jdks\ms-21.0.8\bin\sunmscapi.dll

Deoptimization events (20 events):
Event: 9.782 Thread 0x0000017958435b90 DEOPT PACKING pc=0x000001793d4363b0 sp=0x00000014a04fb4e0
Event: 9.782 Thread 0x0000017958435b90 DEOPT UNPACKING pc=0x000001793ce53aa2 sp=0x00000014a04fb448 mode 2
Event: 10.194 Thread 0x0000017958435b90 Uncommon trap: trap_request=0xffffffcc fr.pc=0x000001793d4c90fc relative=0x000000000000033c
Event: 10.194 Thread 0x0000017958435b90 Uncommon trap: reason=intrinsic_or_type_checked_inlining action=make_not_entrant pc=0x000001793d4c90fc method=java.util.Arrays.copyOf([Ljava/lang/Object;ILjava/lang/Class;)[Ljava/lang/Object; @ 35 c2
Event: 10.194 Thread 0x0000017958435b90 DEOPT PACKING pc=0x000001793d4c90fc sp=0x00000014a04fce50
Event: 10.194 Thread 0x0000017958435b90 DEOPT UNPACKING pc=0x000001793ce53aa2 sp=0x00000014a04fcde0 mode 2
Event: 10.583 Thread 0x0000017958435b90 DEOPT PACKING pc=0x0000017935a66839 sp=0x00000014a04fb810
Event: 10.583 Thread 0x0000017958435b90 DEOPT UNPACKING pc=0x000001793ce54242 sp=0x00000014a04fad10 mode 0
Event: 10.647 Thread 0x0000017958435b90 Uncommon trap: trap_request=0xffffffde fr.pc=0x000001793d3c6ee8 relative=0x00000000000003e8
Event: 10.647 Thread 0x0000017958435b90 Uncommon trap: reason=class_check action=maybe_recompile pc=0x000001793d3c6ee8 method=java.util.regex.Matcher.match(II)Z @ 121 c2
Event: 10.647 Thread 0x0000017958435b90 DEOPT PACKING pc=0x000001793d3c6ee8 sp=0x00000014a04fbf40
Event: 10.647 Thread 0x0000017958435b90 DEOPT UNPACKING pc=0x000001793ce53aa2 sp=0x00000014a04fbee8 mode 2
Event: 10.647 Thread 0x0000017958435b90 Uncommon trap: trap_request=0xffffffde fr.pc=0x000001793d46ae64 relative=0x0000000000000304
Event: 10.647 Thread 0x0000017958435b90 Uncommon trap: reason=class_check action=maybe_recompile pc=0x000001793d46ae64 method=java.util.regex.Pattern$BmpCharPropertyGreedy.match(Ljava/util/regex/Matcher;ILjava/lang/CharSequence;)Z @ 26 c2
Event: 10.647 Thread 0x0000017958435b90 DEOPT PACKING pc=0x000001793d46ae64 sp=0x00000014a04fbeb0
Event: 10.648 Thread 0x0000017958435b90 DEOPT UNPACKING pc=0x000001793ce53aa2 sp=0x00000014a04fbe68 mode 2
Event: 10.648 Thread 0x0000017958435b90 Uncommon trap: trap_request=0xffffffde fr.pc=0x000001793d46ae64 relative=0x0000000000000304
Event: 10.648 Thread 0x0000017958435b90 Uncommon trap: reason=class_check action=maybe_recompile pc=0x000001793d46ae64 method=java.util.regex.Pattern$BmpCharPropertyGreedy.match(Ljava/util/regex/Matcher;ILjava/lang/CharSequence;)Z @ 26 c2
Event: 10.648 Thread 0x0000017958435b90 DEOPT PACKING pc=0x000001793d46ae64 sp=0x00000014a04fbe20
Event: 10.648 Thread 0x0000017958435b90 DEOPT UNPACKING pc=0x000001793ce53aa2 sp=0x00000014a04fbdd8 mode 2

Classes loaded (20 events):
Event: 9.853 Loading class java/lang/TypeNotPresentException
Event: 9.853 Loading class java/lang/TypeNotPresentException done
Event: 10.048 Loading class java/util/ConcurrentModificationException
Event: 10.049 Loading class java/util/ConcurrentModificationException done
Event: 10.083 Loading class jdk/internal/org/objectweb/asm/ClassReader
Event: 10.084 Loading class jdk/internal/org/objectweb/asm/ClassReader done
Event: 10.112 Loading class sun/reflect/generics/scope/ConstructorScope
Event: 10.112 Loading class sun/reflect/generics/scope/ConstructorScope done
Event: 10.611 Loading class java/nio/file/attribute/PosixFilePermission
Event: 10.612 Loading class java/nio/file/attribute/PosixFilePermission done
Event: 10.613 Loading class java/nio/file/NoSuchFileException
Event: 10.613 Loading class java/nio/file/FileSystemException
Event: 10.613 Loading class java/nio/file/FileSystemException done
Event: 10.613 Loading class java/nio/file/NoSuchFileException done
Event: 10.616 Loading class java/nio/file/attribute/PosixFilePermissions
Event: 10.617 Loading class java/nio/file/attribute/PosixFilePermissions done
Event: 10.617 Loading class java/util/RegularEnumSet$EnumSetIterator
Event: 10.618 Loading class java/util/RegularEnumSet$EnumSetIterator done
Event: 10.618 Loading class java/nio/file/attribute/PosixFilePermissions$1
Event: 10.618 Loading class java/nio/file/attribute/PosixFilePermissions$1 done

Classes unloaded (0 events):
No events

Classes redefined (0 events):
No events

Internal exceptions (20 events):
Event: 8.027 Thread 0x000001792d1f9e50 Exception <a 'java/io/IOException'{0x00000000c0dfcb18}> (0x00000000c0dfcb18) 
thrown [s\src\hotspot\share\prims\jni.cpp, line 520]
Event: 8.047 Thread 0x000001792d1f9e50 Implicit null exception at 0x000001793d3f24a4 to 0x000001793d3f2a38
Event: 8.065 Thread 0x000001792d1f9e50 Exception <a 'java/lang/NoSuchMethodError'{0x00000000c0e746c0}: 'java.lang.Object java.lang.invoke.DirectMethodHandle$Holder.newInvokeSpecial(java.lang.Object, java.lang.Object, java.lang.Object, java.lang.Object, java.lang.Object)'> (0x00000000c0e746c0) 
thrown [s\src\hotspot\share\interpreter\linkResolver.cpp, line 773]
Event: 8.422 Thread 0x00000179574582d0 Exception <a 'java/lang/NoSuchMethodError'{0x00000000c12f66a8}: 'long java.lang.invoke.DirectMethodHandle$Holder.invokeSpecial(java.lang.Object, java.lang.Object)'> (0x00000000c12f66a8) 
thrown [s\src\hotspot\share\interpreter\linkResolver.cpp, line 773]
Event: 8.422 Thread 0x00000179574582d0 Exception <a 'java/lang/NoSuchMethodError'{0x00000000c12f9ae0}: 'long java.lang.invoke.Invokers$Holder.invokeExact_MT(java.lang.Object, java.lang.Object)'> (0x00000000c12f9ae0) 
thrown [s\src\hotspot\share\interpreter\linkResolver.cpp, line 773]
Event: 8.442 Thread 0x00000179574582d0 Exception <a 'java/lang/NoSuchMethodError'{0x00000000c13203b8}: 'void java.lang.invoke.DirectMethodHandle$Holder.invokeSpecial(java.lang.Object, java.lang.Object, java.lang.Object)'> (0x00000000c13203b8) 
thrown [s\src\hotspot\share\interpreter\linkResolver.cpp, line 773]
Event: 8.459 Thread 0x00000179574582d0 Exception <a 'java/lang/NoSuchMethodError'{0x00000000c134a238}: static Lorg/gradle/tooling/internal/provider/serialization/ClassLoaderDetails;.<clinit>()V> (0x00000000c134a238) 
thrown [s\src\hotspot\share\prims\jni.cpp, line 1111]
Event: 8.469 Thread 0x00000179574582d0 Exception <a 'java/lang/NoSuchMethodError'{0x00000000c1364730}: static Lorg/gradle/internal/classloader/ClassLoaderSpec;.<clinit>()V> (0x00000000c1364730) 
thrown [s\src\hotspot\share\prims\jni.cpp, line 1111]
Event: 8.473 Thread 0x00000179574582d0 Exception <a 'java/lang/NoSuchMethodError'{0x00000000c136e1e0}: static Lorg/gradle/tooling/internal/provider/serialization/WellKnownClassLoaderRegistry$KnownClassLoaderSpec;.<clinit>()V> (0x00000000c136e1e0) 
thrown [s\src\hotspot\share\prims\jni.cpp, line 1111]
Event: 8.480 Thread 0x00000179574582d0 Exception <a 'java/lang/NoSuchMethodError'{0x00000000c1384da8}: static Lorg/gradle/tooling/internal/provider/serialization/ClientOwnedClassLoaderSpec;.<clinit>()V> (0x00000000c1384da8) 
thrown [s\src\hotspot\share\prims\jni.cpp, line 1111]
Event: 9.139 Thread 0x0000017958435b90 Exception <a 'java/lang/NoSuchMethodError'{0x00000000c198a418}: 'long java.lang.invoke.DirectMethodHandle$Holder.invokeInterface(java.lang.Object, java.lang.Object)'> (0x00000000c198a418) 
thrown [s\src\hotspot\share\interpreter\linkResolver.cpp, line 773]
Event: 9.456 Thread 0x0000017958435b90 Exception <a 'java/lang/NoSuchMethodError'{0x00000000c1d89350}: 'void java.lang.invoke.DirectMethodHandle$Holder.invokeStatic(java.lang.Object, java.lang.Object)'> (0x00000000c1d89350) 
thrown [s\src\hotspot\share\interpreter\linkResolver.cpp, line 773]
Event: 9.484 Thread 0x0000017958435b90 Exception <a 'java/lang/NoSuchMethodError'{0x00000000c1de6060}: 'java.lang.Object java.lang.invoke.DirectMethodHandle$Holder.invokeVirtual(java.lang.Object, java.lang.Object, java.lang.Object, java.lang.Object, java.lang.Object, java.lang.Object, java.lang.Object, java.lang.Object, java.lang.Object, java.lang.Object, java.lang.Object, java.lang.Object)'> (0x00000000c1de6060) 
thrown [s\src\hotspot\share\interpreter\linkResolver.cpp, line 773]
Event: 9.485 Thread 0x0000017958435b90 Exception <a 'java/lang/NoSuchMethodError'{0x00000000c1deb088}: 'java.lang.Object java.lang.invoke.DirectMethodHandle$Holder.invokeSpecial(java.lang.Object, java.lang.Object, java.lang.Object, java.lang.Object, java.lang.Object, java.lang.Object, java.lang.Object, java.lang.Object, java.lang.Object, java.lang.Object, java.lang.Object, java.lang.Object, java.lang.Object)'> (0x00000000c1deb088) 
thrown [s\src\hotspot\share\interpreter\linkResolver.cpp, line 773]
Event: 9.793 Thread 0x0000017958435b90 Exception <a 'java/lang/NoSuchMethodError'{0x00000000c1ffd340}: 'int java.lang.invoke.DirectMethodHandle$Holder.invokeVirtual(java.lang.Object, java.lang.Object, java.lang.Object)'> (0x00000000c1ffd340) 
thrown [s\src\hotspot\share\interpreter\linkResolver.cpp, line 773]
Event: 9.988 Thread 0x0000017958435b90 Exception <a 'java/lang/NoSuchMethodError'{0x00000000c2298bc8}: 'java.lang.Object java.lang.invoke.DirectMethodHandle$Holder.newInvokeSpecial(java.lang.Object, java.lang.Object, java.lang.Object, java.lang.Object, java.lang.Object, java.lang.Object)'> (0x00000000c2298bc8) 
thrown [s\src\hotspot\share\interpreter\linkResolver.cpp, line 773]
Event: 10.183 Thread 0x0000017958435b90 Exception <a 'java/lang/NoSuchMethodError'{0x00000000c254fab0}: 'void java.lang.invoke.DelegatingMethodHandle$Holder.reinvoke_L(java.lang.Object, java.lang.Object, java.lang.Object, java.lang.Object, java.lang.Object, java.lang.Object, java.lang.Object, java.lang.Object, java.lang.Object, java.lang.Object)'> (0x00000000c254fab0) 
thrown [s\src\hotspot\share\interpreter\linkResolver.cpp, line 773]
Event: 10.186 Thread 0x0000017958435b90 Exception <a 'java/lang/NoSuchMethodError'{0x00000000c2557590}: 'java.lang.Object java.lang.invoke.Invokers$Holder.invoker(java.lang.Object, java.lang.Object, java.lang.Object, java.lang.Object, java.lang.Object, java.lang.Object, java.lang.Object, java.lang.Object, java.lang.Object, java.lang.Object)'> (0x00000000c2557590) 
thrown [s\src\hotspot\share\interpreter\linkResolver.cpp, line 773]
Event: 10.627 Thread 0x0000017958435b90 Exception <a 'java/lang/NoSuchMethodError'{0x00000000c2c050f0}: 'void java.lang.invoke.DirectMethodHandle$Holder.invokeInterface(java.lang.Object, java.lang.Object)'> (0x00000000c2c050f0) 
thrown [s\src\hotspot\share\interpreter\linkResolver.cpp, line 773]
Event: 10.628 Thread 0x0000017958435b90 Exception <a 'java/lang/IncompatibleClassChangeError'{0x00000000c2c08670}: Found class java.lang.Object, but interface was expected> (0x00000000c2c08670) 
thrown [s\src\hotspot\share\interpreter\linkResolver.cpp, line 840]

ZGC Phase Switch (0 events):
No events

VM Operations (20 events):
Event: 6.536 Executing VM operation: HandshakeAllThreads (Deoptimize)
Event: 6.536 Executing VM operation: HandshakeAllThreads (Deoptimize) done
Event: 6.536 Executing VM operation: HandshakeAllThreads (Deoptimize)
Event: 6.537 Executing VM operation: HandshakeAllThreads (Deoptimize) done
Event: 7.523 Executing VM operation: HandshakeAllThreads (Deoptimize)
Event: 7.523 Executing VM operation: HandshakeAllThreads (Deoptimize) done
Event: 7.523 Executing VM operation: Cleanup
Event: 7.523 Executing VM operation: Cleanup done
Event: 7.625 Executing VM operation: HandshakeAllThreads (Deoptimize)
Event: 7.625 Executing VM operation: HandshakeAllThreads (Deoptimize) done
Event: 7.726 Executing VM operation: HandshakeAllThreads (Deoptimize)
Event: 7.726 Executing VM operation: HandshakeAllThreads (Deoptimize) done
Event: 7.816 Executing VM operation: HandshakeAllThreads (Deoptimize)
Event: 7.816 Executing VM operation: HandshakeAllThreads (Deoptimize) done
Event: 8.156 Executing VM operation: HandshakeAllThreads (Deoptimize)
Event: 8.156 Executing VM operation: HandshakeAllThreads (Deoptimize) done
Event: 9.170 Executing VM operation: Cleanup
Event: 9.171 Executing VM operation: Cleanup done
Event: 10.184 Executing VM operation: Cleanup
Event: 10.185 Executing VM operation: Cleanup done

Memory protections (0 events):
No events

Nmethod flushes (0 events):
No events

Events (20 events):
Event: 0.184 Thread 0x000001792d1f9e50 Thread added: 0x000001792d25db80
Event: 0.354 Thread 0x000001792d1f9e50 Thread added: 0x0000017944999170
Event: 1.247 Thread 0x000001792cff3620 Thread added: 0x0000017944a67fc0
Event: 1.312 Thread 0x000001792cff3620 Thread added: 0x0000017944a9a770
Event: 2.272 Thread 0x0000017944a9a770 Thread exited: 0x0000017944a9a770
Event: 2.631 Thread 0x0000017944a67fc0 Thread exited: 0x0000017944a67fc0
Event: 2.852 Thread 0x000001792cff3620 Thread added: 0x00000179579c1060
Event: 5.225 Thread 0x00000179579c1060 Thread exited: 0x00000179579c1060
Event: 6.161 Thread 0x000001792cff3620 Thread added: 0x0000017958251790
Event: 6.538 Thread 0x000001792d1f9e50 Thread added: 0x00000179582d2950
Event: 6.963 Thread 0x0000017958251790 Thread exited: 0x0000017958251790
Event: 7.854 Thread 0x000001792d1f9e50 Thread added: 0x0000017958365690
Event: 8.080 Thread 0x000001792d1f9e50 Thread added: 0x0000017957c122b0
Event: 8.274 Thread 0x0000017958365690 Thread added: 0x0000017957457c70
Event: 8.283 Thread 0x0000017957457c70 Thread added: 0x00000179574582d0
Event: 8.538 Thread 0x0000017957457c70 Thread added: 0x0000017958435530
Event: 8.571 Thread 0x0000017957457c70 Thread added: 0x0000017958435b90
Event: 8.611 Thread 0x0000017958435b90 Thread added: 0x000001795846fe70
Event: 8.624 Thread 0x0000017958435b90 Thread added: 0x000001795846e430
Event: 8.657 Thread 0x0000017958435b90 Thread added: 0x000001795846eac0


Dynamic libraries:
0x00007ff785b00000 - 0x00007ff785b0e000 	C:\Users\ibraa\.jdks\ms-21.0.8\bin\java.exe
0x00007ff93bf60000 - 0x00007ff93c1c7000 	C:\WINDOWS\SYSTEM32\ntdll.dll
0x00007ff93ab20000 - 0x00007ff93abe9000 	C:\WINDOWS\System32\KERNEL32.DLL
0x00007ff939620000 - 0x00007ff939a17000 	C:\WINDOWS\System32\KERNELBASE.dll
0x00007ff939a20000 - 0x00007ff939b6b000 	C:\WINDOWS\System32\ucrtbase.dll
0x00007ff9283a0000 - 0x00007ff9283be000 	C:\Users\ibraa\.jdks\ms-21.0.8\bin\VCRUNTIME140.dll
0x00007ff9282f0000 - 0x00007ff928308000 	C:\Users\ibraa\.jdks\ms-21.0.8\bin\jli.dll
0x00007ff93a290000 - 0x00007ff93a456000 	C:\WINDOWS\System32\USER32.dll
0x00007ff939cb0000 - 0x00007ff939cd7000 	C:\WINDOWS\System32\win32u.dll
0x00007ff93b0a0000 - 0x00007ff93b0cb000 	C:\WINDOWS\System32\GDI32.dll
0x00007ff9394f0000 - 0x00007ff93961c000 	C:\WINDOWS\System32\gdi32full.dll
0x00007ff939c00000 - 0x00007ff939ca3000 	C:\WINDOWS\System32\msvcp_win.dll
0x00007ff926620000 - 0x00007ff9268b2000 	C:\WINDOWS\WinSxS\amd64_microsoft.windows.common-controls_6595b64144ccf1df_6.0.26100.8457_none_3e0b2faee331e92d\COMCTL32.dll
0x00007ff93b280000 - 0x00007ff93b329000 	C:\WINDOWS\System32\msvcrt.dll
0x00007ff93a5f0000 - 0x00007ff93a622000 	C:\WINDOWS\System32\IMM32.DLL
0x0000000059060000 - 0x000000005906d000 	C:\Program Files (x86)\360\Total Security\safemon\SafeWrapper.dll
0x00007ff93bd00000 - 0x00007ff93bdb6000 	C:\WINDOWS\System32\ADVAPI32.dll
0x00007ff93b1d0000 - 0x00007ff93b277000 	C:\WINDOWS\System32\sechost.dll
0x00007ff93acd0000 - 0x00007ff93ade8000 	C:\WINDOWS\System32\RPCRT4.dll
0x00007ff933520000 - 0x00007ff933625000 	C:\Program Files (x86)\360\Total Security\safemon\libzdtp64.dll
0x00007ff93b330000 - 0x00007ff93ba9e000 	C:\WINDOWS\System32\SHELL32.dll
0x00007ff93a580000 - 0x00007ff93a5e6000 	C:\WINDOWS\System32\SHLWAPI.dll
0x00007ff938990000 - 0x00007ff9391fc000 	C:\WINDOWS\System32\Windows.Storage.dll
0x00007ff939d70000 - 0x00007ff93a0f3000 	C:\WINDOWS\System32\combase.dll
0x00007ff938270000 - 0x00007ff93827b000 	C:\WINDOWS\SYSTEM32\VERSION.dll
0x00007ff9282e0000 - 0x00007ff9282ec000 	C:\Users\ibraa\.jdks\ms-21.0.8\bin\vcruntime140_1.dll
0x00007ff8f1340000 - 0x00007ff8f13c9000 	C:\Users\ibraa\.jdks\ms-21.0.8\bin\msvcp140.dll
0x00007ff8b51e0000 - 0x00007ff8b5f8c000 	C:\Users\ibraa\.jdks\ms-21.0.8\bin\server\jvm.dll
0x00007ff93bc70000 - 0x00007ff93bcf0000 	C:\WINDOWS\System32\WS2_32.dll
0x00007ff9324d0000 - 0x00007ff932506000 	C:\WINDOWS\SYSTEM32\WINMM.dll
0x00007ff938810000 - 0x00007ff93886e000 	C:\WINDOWS\SYSTEM32\POWRPROF.dll
0x00007ff9387f0000 - 0x00007ff938804000 	C:\WINDOWS\SYSTEM32\UMPDC.dll
0x00007ff937690000 - 0x00007ff9376ab000 	C:\WINDOWS\SYSTEM32\kernel.appcore.dll
0x00007ff9282d0000 - 0x00007ff9282da000 	C:\Users\ibraa\.jdks\ms-21.0.8\bin\jimage.dll
0x00007ff936ad0000 - 0x00007ff936d12000 	C:\WINDOWS\SYSTEM32\DBGHELP.DLL
0x00007ff93abf0000 - 0x00007ff93acc9000 	C:\WINDOWS\System32\OLEAUT32.dll
0x00007ff921680000 - 0x00007ff9216bb000 	C:\WINDOWS\SYSTEM32\dbgcore.DLL
0x00007ff939200000 - 0x00007ff9392a8000 	C:\WINDOWS\System32\bcryptPrimitives.dll
0x00007ff9282c0000 - 0x00007ff9282d0000 	C:\Users\ibraa\.jdks\ms-21.0.8\bin\instrument.dll
0x00007ff8fb170000 - 0x00007ff8fb191000 	C:\Users\ibraa\.jdks\ms-21.0.8\bin\java.dll
0x00007ff93b0d0000 - 0x00007ff93b1c6000 	C:\WINDOWS\System32\SHCORE.dll
0x00007ff9388b0000 - 0x00007ff9388d9000 	C:\WINDOWS\SYSTEM32\profapi.dll
0x00007ff8f1260000 - 0x00007ff8f1336000 	C:\Users\ibraa\.jdks\ms-21.0.8\bin\jsvml.dll
0x00007ff9282a0000 - 0x00007ff9282b8000 	C:\Users\ibraa\.jdks\ms-21.0.8\bin\zip.dll
0x00007ff9253e0000 - 0x00007ff9253f1000 	C:\Users\ibraa\.jdks\ms-21.0.8\bin\net.dll
0x00007ff92de10000 - 0x00007ff92df39000 	C:\WINDOWS\SYSTEM32\WINHTTP.dll
0x00007ff937c20000 - 0x00007ff937c8c000 	C:\WINDOWS\system32\mswsock.dll
0x00007ff904680000 - 0x00007ff904696000 	C:\Users\ibraa\.jdks\ms-21.0.8\bin\nio.dll
0x00007ff9276c0000 - 0x00007ff9276d0000 	C:\Users\ibraa\.jdks\ms-21.0.8\bin\verify.dll
0x00007ff904500000 - 0x00007ff904527000 	C:\Users\ibraa\project\AsyncMediaProcessorAPI\async-media-processor\native\660c5614fbf4a5f2a75b1949f50a0caf5cd603558e7d8a26e50b933a0cfb79d1\windows-amd64\native-platform.dll
0x00007ff8e9ae0000 - 0x00007ff8e9b57000 	C:\Users\ibraa\project\AsyncMediaProcessorAPI\async-media-processor\native\0.2.8\x86_64-windows-gnu\gradle-fileevents.dll
0x00007ff926da0000 - 0x00007ff926daa000 	C:\Users\ibraa\.jdks\ms-21.0.8\bin\management.dll
0x00007ff9250b0000 - 0x00007ff9250bc000 	C:\Users\ibraa\.jdks\ms-21.0.8\bin\management_ext.dll
0x00007ff93a100000 - 0x00007ff93a108000 	C:\WINDOWS\System32\PSAPI.DLL
0x00007ff9370c0000 - 0x00007ff9370f2000 	C:\WINDOWS\SYSTEM32\IPHLPAPI.DLL
0x00007ff93bab0000 - 0x00007ff93baba000 	C:\WINDOWS\System32\NSI.dll
0x00007ff925060000 - 0x00007ff925069000 	C:\Users\ibraa\.jdks\ms-21.0.8\bin\extnet.dll
0x00007ff937f00000 - 0x00007ff937f1b000 	C:\WINDOWS\SYSTEM32\CRYPTSP.dll
0x00007ff9375f0000 - 0x00007ff937629000 	C:\WINDOWS\system32\rsaenh.dll
0x00007ff937cd0000 - 0x00007ff937d03000 	C:\WINDOWS\SYSTEM32\USERENV.dll
0x00007ff938880000 - 0x00007ff9388aa000 	C:\WINDOWS\SYSTEM32\bcrypt.dll
0x00007ff937f20000 - 0x00007ff937f2c000 	C:\WINDOWS\SYSTEM32\CRYPTBASE.dll
0x00007ff932220000 - 0x00007ff93222e000 	C:\Users\ibraa\.jdks\ms-21.0.8\bin\sunmscapi.dll
0x00007ff939370000 - 0x00007ff9394e8000 	C:\WINDOWS\System32\CRYPT32.dll
0x00007ff938120000 - 0x00007ff938150000 	C:\WINDOWS\SYSTEM32\ncrypt.dll
0x00007ff9380d0000 - 0x00007ff93810f000 	C:\WINDOWS\SYSTEM32\NTASN1.dll
0x00007ff926a80000 - 0x00007ff926a88000 	C:\WINDOWS\system32\wshunix.dll

JVMTI agents:
C:\Users\ibraa\project\AsyncMediaProcessorAPI\async-media-processor\wrapper\dists\gradle-9.3.0-bin\79n14ral3mx1ozqr3csh2u872\gradle-9.3.0\lib\agents\gradle-instrumentation-agent-9.3.0.jar path:C:\Users\ibraa\.jdks\ms-21.0.8\bin\instrument.dll, loaded, initialized, instrumentlib options:none

dbghelp: loaded successfully - version: 4.0.5 - missing functions: none
symbol engine: initialized successfully - sym options: 0x614 - pdb path: (cannot be retrieved)

VM Arguments:
jvm_args: --add-opens=java.base/java.lang=ALL-UNNAMED --add-opens=java.base/java.lang.invoke=ALL-UNNAMED --add-opens=java.base/java.util=ALL-UNNAMED --add-opens=java.prefs/java.util.prefs=ALL-UNNAMED --add-exports=jdk.compiler/com.sun.tools.javac.api=ALL-UNNAMED --add-exports=jdk.compiler/com.sun.tools.javac.util=ALL-UNNAMED --add-opens=java.base/java.util=ALL-UNNAMED --add-opens=java.prefs/java.util.prefs=ALL-UNNAMED --add-opens=java.base/java.nio.charset=ALL-UNNAMED --add-opens=java.base/java.net=ALL-UNNAMED --add-opens=java.base/java.util.concurrent=ALL-UNNAMED --add-opens=java.base/java.util.concurrent.atomic=ALL-UNNAMED --add-opens=java.xml/javax.xml.namespace=ALL-UNNAMED --add-opens=java.base/java.time=ALL-UNNAMED -XX:MaxMetaspaceSize=256m -XX:+UseSerialGC -XX:+HeapDumpOnOutOfMemoryError -Xms256m -Xmx1024m -Dfile.encoding=UTF-8 -Duser.country=RU -Duser.language=ru -Duser.variant -javaagent:C:\Users\ibraa\project\AsyncMediaProcessorAPI\async-media-processor\wrapper\dists\gradle-9.3.0-bin\79n14ral3mx1ozqr3csh2u872\gradle-9.3.0\lib\agents\gradle-instrumentation-agent-9.3.0.jar 
java_command: org.gradle.launcher.daemon.bootstrap.GradleDaemon 9.3.0
java_class_path (initial): C:\Users\ibraa\project\AsyncMediaProcessorAPI\async-media-processor\wrapper\dists\gradle-9.3.0-bin\79n14ral3mx1ozqr3csh2u872\gradle-9.3.0\lib\gradle-daemon-main-9.3.0.jar
Launcher Type: SUN_STANDARD

[Global flags]
     intx CICompilerCount                          = 4                                         {product} {ergonomic}
   size_t CompressedClassSpaceSize                 = 218103808                                 {product} {ergonomic}
     bool HeapDumpOnOutOfMemoryError               = true                                   {manageable} {command line}
   size_t InitialHeapSize                          = 268435456                                 {product} {command line}
   size_t MaxHeapSize                              = 1073741824                                {product} {command line}
   size_t MaxMetaspaceSize                         = 268435456                                 {product} {command line}
   size_t MaxNewSize                               = 357892096                                 {product} {ergonomic}
   size_t MinHeapDeltaBytes                        = 196608                                    {product} {ergonomic}
   size_t MinHeapSize                              = 268435456                                 {product} {command line}
   size_t NewSize                                  = 89456640                                  {product} {ergonomic}
    uintx NonNMethodCodeHeapSize                   = 5839372                                {pd product} {ergonomic}
    uintx NonProfiledCodeHeapSize                  = 122909434                              {pd product} {ergonomic}
   size_t OldSize                                  = 178978816                                 {product} {ergonomic}
    uintx ProfiledCodeHeapSize                     = 122909434                              {pd product} {ergonomic}
    uintx ReservedCodeCacheSize                    = 251658240                              {pd product} {ergonomic}
     bool SegmentedCodeCache                       = true                                      {product} {ergonomic}
   size_t SoftMaxHeapSize                          = 1073741824                             {manageable} {ergonomic}
     bool UseCompressedOops                        = true                           {product lp64_product} {ergonomic}
     bool UseLargePagesIndividualAllocation        = false                                  {pd product} {ergonomic}
     bool UseSerialGC                              = true                                      {product} {command line}

Logging:
Log output configuration:
 #0: stdout all=warning uptime,level,tags foldmultilines=false
 #1: stderr all=off uptime,level,tags foldmultilines=false

Environment Variables:
JAVA_HOME=C:\Users\ibraa\.jdks\ms-21.0.8
PATH=D:\ibraa\Downloads\orcl\WINDOWS.X64_193000_db_home\bin;D:\ibraa\Downloads\23ai\dbhomeFree\bin;C:\WINDOWS\system32;C:\WINDOWS;C:\WINDOWS\System32\Wbem;C:\WINDOWS\System32\WindowsPowerShell\v1.0\;C:\WINDOWS\System32\OpenSSH\;C:\Program Files\PuTTY\;C:\Users\ibraa\.jdks\ms-21.0.8\bin;C:\Program Files\Common Files\Oracle\Java\javapath;C:\Program Files\Git\cmd;C:\Gradle\gradle-8.14\bin;C:\Program Files\Docker\Docker\resources\bin;C:\Program Files\WireGuard\;D:\Go\bin;C:\Users\ibraa\AppData\Local\nvm;C:\nvm4w\nodejs;C:\Program Files\nodejs\;C:\Program Files\Microsoft VS Code\bin;C:\Program Files (x86)\cloudflared\;D:\ibraa\Stack\bin;C:\Users\ibraa\AppData\Local\Programs\Python\Python310\Scripts\;C:\Users\ibraa\AppData\Local\Programs\Python\Python310\;C:\Users\ibraa\AppData\Local\Microsoft\WindowsApps;C:\Program Files\JetBrains\PyCharm Community Edition 2021.2.3\bin;;C:\Users\ibraa\IntelliJ IDEA 2023.2.1\bin;;C:\Users\ibraa\AppData\Local\GitHubDesktop\bin;D:\ibraa\Downloads\Microsoft VS Code\bin;C:\Users\ibraa\AppData\Roaming\local\bin;C:\Users\ibraa\go\bin;C:\Users\ibraa\AppData\Local\Microsoft\WinGet\Packages\GolangCI.golangci-lint_Microsoft.Winget.Source_8wekyb3d8bbwe\golangci-lint-2.11.3-windows-amd64;C:\Users\ibraa\AppData\Local\nvm;C:\nvm4w\nodejs;C:\Users\ibraa\AppData\Roaming\npm;C:\Users\ibraa\.jdks\ms-21.0.8\bin;
USERNAME=ibraa
OS=Windows_NT
PROCESSOR_IDENTIFIER=AMD64 Family 23 Model 24 Stepping 1, AuthenticAMD
TMP=C:\Users\ibraa\AppData\Local\Temp
TEMP=C:\Users\ibraa\AppData\Local\Temp




Periodic native trim disabled

---------------  S Y S T E M  ---------------

OS:
 Windows 11 , 64 bit Build 26100 (10.0.26100.8328)
OS uptime: 0 days 0:17 hours
Hyper-V role detected

CPU: total 8 (initial active 8) (8 cores per cpu, 2 threads per core) family 23 model 24 stepping 1 microcode 0x8108109, cx8, cmov, fxsr, ht, mmx, 3dnowpref, sse, sse2, sse3, ssse3, sse4a, sse4.1, sse4.2, popcnt, lzcnt, tsc, tscinvbit, avx, avx2, aes, clmul, bmi1, bmi2, adx, sha, fma, vzeroupper, clflush, clflushopt, hv, rdtscp, f16c
Processor Information for the first 8 processors :
  Max Mhz: 2100, Current Mhz: 2100, Mhz Limit: 2100

Memory: 4k page, system-wide physical 7103M (954M free)
TotalPageFile size 16815M (AvailPageFile size 0M)
current process WorkingSet (physical memory assigned to process): 179M, peak: 179M
current process commit charge ("private bytes"): 336M, peak: 337M

vm_info: OpenJDK 64-Bit Server VM (21.0.8+9-LTS) for windows-amd64 JRE (21.0.8+9-LTS), built on 2025-07-10T20:22:44Z by "MicrosoftCorporation" with unknown MS VC++:1944

END.
