#
# There is insufficient memory for the Java Runtime Environment to continue.
# Native memory allocation (mmap) failed to map 65536 bytes. Error detail: Failed to commit metaspace.
# Possible reasons:
#   The system is out of physical RAM or swap space
#   This process is running with CompressedOops enabled, and the Java Heap may be blocking the growth of the native heap
# Possible solutions:
#   Reduce memory load on the system
#   Increase physical memory or swap space
#   Check if swap backing store is full
#   Decrease Java heap size (-Xmx/-Xms)
#
#  , pid=7688
#
# ]V  [jvm.dll+0x6833ba]
V  [jvm.dll+0x685bcb]
V  [jvm.dll+0x685a92]
V  [jvm.dll+0x683d2e]
V  [jvm.dll+0x69500a]
V  [jvm.dll+0x68e392]
V  [jvm.dll+0x1fc73a]
V  [jvm.dll+0x1fc918]
V  [jvm.dll+0x16f7cd]
V  [jvm.dll+0x16f60f]
V  [jvm.dll+0x166f27]
V  [jvm.dll+0x1694fb]
V  [jvm.dll+0x167739]
V  [jvm.dll+0x1616d1]
V  [jvm.dll+0x171248]
V  [jvm.dll+0x15cbf5]
V  [jvm.dll+0x15cfad]
V  [jvm.dll+0x15d34c]
V  [jvm.dll+0x15c54c]
V  [jvm.dll+0x15e36d]
V  [jvm.dll+0x260f4a]
V  [jvm.dll+0x25f2b5]
V  [jvm.dll+0x40151d]
V  [jvm.dll+0x86975d]
V  [jvm.dll+0x6dff2d]
C  [ucrtbase.dll+0x37b0]
C  [KERNEL32.DLL+0x2e957]
C  [ntdll.dll+0x427c]


---------------  P R O C E S S  ---------------

Threads class SMR info:
_java_thread_list=0x00000174f901e3f0, length=14, elements={
0x0000017496270d00, 0x00000174b2c60a90, 0x00000174b2c64210, 0x00000174b2c67990,
0x00000174b2c683e0, 0x00000174b2c69b50, 0x00000174b2c6a5a0, 0x00000174b2c6b320,
0x00000174b2c74100, 0x00000174f80a5b70, 0x00000174f80b01f0, 0x00000174f8d5d050,
0x00000174f8065c30, 0x00000174f8db9ec0
}
_to_delete_list=0x00000174f901e660, length=15, elements={
0x0000017496270d00, 0x00000174b2c60a90, 0x00000174b2c64210, 0x00000174b2c67990,
0x00000174b2c683e0, 0x00000174b2c69b50, 0x00000174b2c6a5a0, 0x00000174b2c6b320,
0x00000174b2c74100, 0x00000174f80a5b70, 0x00000174f80b01f0, 0x00000174f8d5d050,
0x00000174f8065c30, 0x00000174f8dbb4f0, 0x00000174f8db9ec0
}

Java Threads: ( => current thread )
  0x0000017496270d00 JavaThread "main"                              [_thread_blocked, id=7200, stack(0x0000001737b00000,0x0000001737c00000) (1024K)]
  0x00000174b2c60a90 JavaThread "Reference Handler"          daemon [_thread_blocked, id=8624, stack(0x0000001738300000,0x0000001738400000) (1024K)]
  0x00000174b2c64210 JavaThread "Finalizer"                  daemon [_thread_blocked, id=12684, stack(0x0000001738400000,0x0000001738500000) (1024K)]
  0x00000174b2c67990 JavaThread "Signal Dispatcher"          daemon [_thread_blocked, id=18088, stack(0x0000001738500000,0x0000001738600000) (1024K)]
  0x00000174b2c683e0 JavaThread "Attach Listener"            daemon [_thread_blocked, id=14384, stack(0x0000001738600000,0x0000001738700000) (1024K)]
  0x00000174b2c69b50 JavaThread "Service Thread"             daemon [_thread_blocked, id=2684, stack(0x0000001738700000,0x0000001738800000) (1024K)]
  0x00000174b2c6a5a0 JavaThread "Monitor Deflation Thread"   daemon [_thread_blocked, id=7576, stack(0x0000001738800000,0x0000001738900000) (1024K)]
  0x00000174b2c6b320 JavaThread "C2 CompilerThread0"         daemon [_thread_blocked, id=7480, stack(0x0000001738900000,0x0000001738a00000) (1024K)]
=>0x00000174b2c74100 JavaThread "C1 CompilerThread0"         daemon [_thread_in_vm, id=7708, stack(0x0000001738a00000,0x0000001738b00000) (1024K)]
  0x00000174f80a5b70 JavaThread "Notification Thread"        daemon [_thread_blocked, id=3788, stack(0x0000001738b00000,0x0000001738c00000) (1024K)]
  0x00000174f80b01f0 JavaThread "Common-Cleaner"             daemon [_thread_blocked, id=3600, stack(0x0000001738c00000,0x0000001738d00000) (1024K)]
  0x00000174f8d5d050 JavaThread "pool-1-thread-1"                   [_thread_blocked, id=18988, stack(0x0000001738d00000,0x0000001738e00000) (1024K)]
  0x00000174f8065c30 JavaThread "Exec process"                      [_thread_in_vm, id=16280, stack(0x0000001739500000,0x0000001739600000) (1024K)]
  0x00000174f8db9ec0 JavaThread "Exec process Thread 2"             [_thread_blocked, id=14908, stack(0x0000001739700000,0x0000001739800000) (1024K)]
Total: 14

Other Threads:
  0x00000174b2c4c3c0 VMThread "VM Thread"                           [id=10724, stack(0x0000001738200000,0x0000001738300000) (1024K)]
  0x00000174b2c35660 WatcherThread "VM Periodic Task Thread"        [id=15744, stack(0x0000001738100000,0x0000001738200000) (1024K)]
  0x00000174987a5380 WorkerThread "GC Thread#0"                     [id=17280, stack(0x0000001737c00000,0x0000001737d00000) (1024K)]
  0x00000174f837cda0 WorkerThread "GC Thread#1"                     [id=16036, stack(0x0000001738e00000,0x0000001738f00000) (1024K)]
  0x00000174f8332a50 WorkerThread "GC Thread#2"                     [id=2368, stack(0x0000001738f00000,0x0000001739000000) (1024K)]
  0x00000174f8332df0 WorkerThread "GC Thread#3"                     [id=19200, stack(0x0000001739000000,0x0000001739100000) (1024K)]
  0x00000174f858c2e0 WorkerThread "GC Thread#4"                     [id=7580, stack(0x0000001739100000,0x0000001739200000) (1024K)]
  0x00000174f858c680 WorkerThread "GC Thread#5"                     [id=3804, stack(0x0000001739200000,0x0000001739300000) (1024K)]
  0x00000174f858ca20 WorkerThread "GC Thread#6"                     [id=18816, stack(0x0000001739300000,0x0000001739400000) (1024K)]
  0x00000174f858cdc0 WorkerThread "GC Thread#7"                     [id=7160, stack(0x0000001739400000,0x0000001739500000) (1024K)]
  0x00000174987a6b60 ConcurrentGCThread "G1 Main Marker"            [id=4688, stack(0x0000001737d00000,0x0000001737e00000) (1024K)]
  0x00000174987a77c0 WorkerThread "G1 Conc#0"                       [id=17872, stack(0x0000001737e00000,0x0000001737f00000) (1024K)]
  0x000001749880f9c0 ConcurrentGCThread "G1 Refine#0"               [id=9420, stack(0x0000001737f00000,0x0000001738000000) (1024K)]
  0x0000017498810530 ConcurrentGCThread "G1 Service"                [id=7500, stack(0x0000001738000000,0x0000001738100000) (1024K)]
Total: 14

Threads with active compile tasks:
C1 CompilerThread0  8778 1650       3       java.nio.Buffer::position (52 bytes)
Total: 1

VM state: not at safepoint (normal execution)

VM Mutex/Monitor currently owned by a thread:  ([mutex/lock_event])
[0x00007ff8b5ea87c8] Metaspace_lock - owner thread: 0x00000174b2c74100

Heap address: 0x00000000fc000000, size: 64 MB, Compressed Oops mode: 32-bit

CDS archive(s) mapped at: [0x00000174b3000000-0x00000174b3c80000-0x00000174b3c80000), size 13107200, SharedBaseAddress: 0x00000174b3000000, ArchiveRelocationMode: 1.
Compressed class space mapped at: 0x00000174b4000000-0x00000174f4000000, reserved size: 1073741824
Narrow klass base: 0x00000174b3000000, Narrow klass shift: 0, Narrow klass range: 0x100000000

GC Precious Log:
 CardTable entry size: 512
 Card Set container configuration: InlinePtr #cards 5 size 8 Array Of Cards #cards 12 size 40 Howl #buckets 4 coarsen threshold 1843 Howl Bitmap #cards 512 size 80 coarsen threshold 460 Card regions per heap region 1 cards per card region 2048
 CPUs: 8 total, 8 available
 Memory: 7103M
 Large Page Support: Disabled
 NUMA Support: Disabled
 Compressed Oops: Enabled (32-bit)
 Heap Region Size: 1M
 Heap Min Capacity: 64M
 Heap Initial Capacity: 64M
 Heap Max Capacity: 64M
 Pre-touch: Disabled
 Parallel Workers: 8
 Concurrent Workers: 2
 Concurrent Refinement Workers: 8
 Periodic GC: Disabled

Heap:
 garbage-first heap   total 65536K, used 18561K [0x00000000fc000000, 0x0000000100000000)
  region size 1024K, 12 young (12288K), 5 survivors (5120K)
 Metaspace       used 9120K, committed 9408K, reserved 1114112K
  class space    used 1208K, committed 1344K, reserved 1048576K

Heap Regions: E=young(eden), S=young(survivor), O=old, HS=humongous(starts), HC=humongous(continues), CS=collection set, F=free, TAMS=top-at-mark-start, PB=parsable bottom
|   0|0x00000000fc000000, 0x00000000fc100000, 0x00000000fc100000|100%|HS|  |TAMS 0x00000000fc000000| PB 0x00000000fc000000| Complete 
|   1|0x00000000fc100000, 0x00000000fc200000, 0x00000000fc200000|100%|HC|  |TAMS 0x00000000fc100000| PB 0x00000000fc100000| Complete 
|   2|0x00000000fc200000, 0x00000000fc300000, 0x00000000fc300000|100%|HC|  |TAMS 0x00000000fc200000| PB 0x00000000fc200000| Complete 
|   3|0x00000000fc300000, 0x00000000fc400000, 0x00000000fc400000|100%|HC|  |TAMS 0x00000000fc300000| PB 0x00000000fc300000| Complete 
|   4|0x00000000fc400000, 0x00000000fc500000, 0x00000000fc500000|100%| O|  |TAMS 0x00000000fc400000| PB 0x00000000fc400000| Untracked 
|   5|0x00000000fc500000, 0x00000000fc600000, 0x00000000fc600000|100%| O|  |TAMS 0x00000000fc500000| PB 0x00000000fc500000| Untracked 
|   6|0x00000000fc600000, 0x00000000fc700000, 0x00000000fc700000|100%| O|  |TAMS 0x00000000fc600000| PB 0x00000000fc600000| Untracked 
|   7|0x00000000fc700000, 0x00000000fc720400, 0x00000000fc800000| 12%| O|  |TAMS 0x00000000fc700000| PB 0x00000000fc700000| Untracked 
|   8|0x00000000fc800000, 0x00000000fc800000, 0x00000000fc900000|  0%| F|  |TAMS 0x00000000fc800000| PB 0x00000000fc800000| Untracked 
|   9|0x00000000fc900000, 0x00000000fc900000, 0x00000000fca00000|  0%| F|  |TAMS 0x00000000fc900000| PB 0x00000000fc900000| Untracked 
|  10|0x00000000fca00000, 0x00000000fca00000, 0x00000000fcb00000|  0%| F|  |TAMS 0x00000000fca00000| PB 0x00000000fca00000| Untracked 
|  11|0x00000000fcb00000, 0x00000000fcb00000, 0x00000000fcc00000|  0%| F|  |TAMS 0x00000000fcb00000| PB 0x00000000fcb00000| Untracked 
|  12|0x00000000fcc00000, 0x00000000fcc00000, 0x00000000fcd00000|  0%| F|  |TAMS 0x00000000fcc00000| PB 0x00000000fcc00000| Untracked 
|  13|0x00000000fcd00000, 0x00000000fcd00000, 0x00000000fce00000|  0%| F|  |TAMS 0x00000000fcd00000| PB 0x00000000fcd00000| Untracked 
|  14|0x00000000fce00000, 0x00000000fce00000, 0x00000000fcf00000|  0%| F|  |TAMS 0x00000000fce00000| PB 0x00000000fce00000| Untracked 
|  15|0x00000000fcf00000, 0x00000000fcf00000, 0x00000000fd000000|  0%| F|  |TAMS 0x00000000fcf00000| PB 0x00000000fcf00000| Untracked 
|  16|0x00000000fd000000, 0x00000000fd000000, 0x00000000fd100000|  0%| F|  |TAMS 0x00000000fd000000| PB 0x00000000fd000000| Untracked 
|  17|0x00000000fd100000, 0x00000000fd100000, 0x00000000fd200000|  0%| F|  |TAMS 0x00000000fd100000| PB 0x00000000fd100000| Untracked 
|  18|0x00000000fd200000, 0x00000000fd200000, 0x00000000fd300000|  0%| F|  |TAMS 0x00000000fd200000| PB 0x00000000fd200000| Untracked 
|  19|0x00000000fd300000, 0x00000000fd300000, 0x00000000fd400000|  0%| F|  |TAMS 0x00000000fd300000| PB 0x00000000fd300000| Untracked 
|  20|0x00000000fd400000, 0x00000000fd400000, 0x00000000fd500000|  0%| F|  |TAMS 0x00000000fd400000| PB 0x00000000fd400000| Untracked 
|  21|0x00000000fd500000, 0x00000000fd500000, 0x00000000fd600000|  0%| F|  |TAMS 0x00000000fd500000| PB 0x00000000fd500000| Untracked 
|  22|0x00000000fd600000, 0x00000000fd600000, 0x00000000fd700000|  0%| F|  |TAMS 0x00000000fd600000| PB 0x00000000fd600000| Untracked 
|  23|0x00000000fd700000, 0x00000000fd700000, 0x00000000fd800000|  0%| F|  |TAMS 0x00000000fd700000| PB 0x00000000fd700000| Untracked 
|  24|0x00000000fd800000, 0x00000000fd900000, 0x00000000fd900000|100%| S|CS|TAMS 0x00000000fd800000| PB 0x00000000fd800000| Complete 
|  25|0x00000000fd900000, 0x00000000fda00000, 0x00000000fda00000|100%| S|CS|TAMS 0x00000000fd900000| PB 0x00000000fd900000| Complete 
|  26|0x00000000fda00000, 0x00000000fdb00000, 0x00000000fdb00000|100%| S|CS|TAMS 0x00000000fda00000| PB 0x00000000fda00000| Complete 
|  27|0x00000000fdb00000, 0x00000000fdc00000, 0x00000000fdc00000|100%| S|CS|TAMS 0x00000000fdb00000| PB 0x00000000fdb00000| Complete 
|  28|0x00000000fdc00000, 0x00000000fdd00000, 0x00000000fdd00000|100%| S|CS|TAMS 0x00000000fdc00000| PB 0x00000000fdc00000| Complete 
|  29|0x00000000fdd00000, 0x00000000fdd00000, 0x00000000fde00000|  0%| F|  |TAMS 0x00000000fdd00000| PB 0x00000000fdd00000| Untracked 
|  30|0x00000000fde00000, 0x00000000fde00000, 0x00000000fdf00000|  0%| F|  |TAMS 0x00000000fde00000| PB 0x00000000fde00000| Untracked 
|  31|0x00000000fdf00000, 0x00000000fdf00000, 0x00000000fe000000|  0%| F|  |TAMS 0x00000000fdf00000| PB 0x00000000fdf00000| Untracked 
|  32|0x00000000fe000000, 0x00000000fe000000, 0x00000000fe100000|  0%| F|  |TAMS 0x00000000fe000000| PB 0x00000000fe000000| Untracked 
|  33|0x00000000fe100000, 0x00000000fe100000, 0x00000000fe200000|  0%| F|  |TAMS 0x00000000fe100000| PB 0x00000000fe100000| Untracked 
|  34|0x00000000fe200000, 0x00000000fe200000, 0x00000000fe300000|  0%| F|  |TAMS 0x00000000fe200000| PB 0x00000000fe200000| Untracked 
|  35|0x00000000fe300000, 0x00000000fe300000, 0x00000000fe400000|  0%| F|  |TAMS 0x00000000fe300000| PB 0x00000000fe300000| Untracked 
|  36|0x00000000fe400000, 0x00000000fe400000, 0x00000000fe500000|  0%| F|  |TAMS 0x00000000fe400000| PB 0x00000000fe400000| Untracked 
|  37|0x00000000fe500000, 0x00000000fe500000, 0x00000000fe600000|  0%| F|  |TAMS 0x00000000fe500000| PB 0x00000000fe500000| Untracked 
|  38|0x00000000fe600000, 0x00000000fe600000, 0x00000000fe700000|  0%| F|  |TAMS 0x00000000fe600000| PB 0x00000000fe600000| Untracked 
|  39|0x00000000fe700000, 0x00000000fe700000, 0x00000000fe800000|  0%| F|  |TAMS 0x00000000fe700000| PB 0x00000000fe700000| Untracked 
|  40|0x00000000fe800000, 0x00000000fe800000, 0x00000000fe900000|  0%| F|  |TAMS 0x00000000fe800000| PB 0x00000000fe800000| Untracked 
|  41|0x00000000fe900000, 0x00000000fe900000, 0x00000000fea00000|  0%| F|  |TAMS 0x00000000fe900000| PB 0x00000000fe900000| Untracked 
|  42|0x00000000fea00000, 0x00000000fea00000, 0x00000000feb00000|  0%| F|  |TAMS 0x00000000fea00000| PB 0x00000000fea00000| Untracked 
|  43|0x00000000feb00000, 0x00000000feb00000, 0x00000000fec00000|  0%| F|  |TAMS 0x00000000feb00000| PB 0x00000000feb00000| Untracked 
|  44|0x00000000fec00000, 0x00000000fec00000, 0x00000000fed00000|  0%| F|  |TAMS 0x00000000fec00000| PB 0x00000000fec00000| Untracked 
|  45|0x00000000fed00000, 0x00000000fed00000, 0x00000000fee00000|  0%| F|  |TAMS 0x00000000fed00000| PB 0x00000000fed00000| Untracked 
|  46|0x00000000fee00000, 0x00000000fee00000, 0x00000000fef00000|  0%| F|  |TAMS 0x00000000fee00000| PB 0x00000000fee00000| Untracked 
|  47|0x00000000fef00000, 0x00000000fef00000, 0x00000000ff000000|  0%| F|  |TAMS 0x00000000fef00000| PB 0x00000000fef00000| Untracked 
|  48|0x00000000ff000000, 0x00000000ff000000, 0x00000000ff100000|  0%| F|  |TAMS 0x00000000ff000000| PB 0x00000000ff000000| Untracked 
|  49|0x00000000ff100000, 0x00000000ff100000, 0x00000000ff200000|  0%| F|  |TAMS 0x00000000ff100000| PB 0x00000000ff100000| Untracked 
|  50|0x00000000ff200000, 0x00000000ff200000, 0x00000000ff300000|  0%| F|  |TAMS 0x00000000ff200000| PB 0x00000000ff200000| Untracked 
|  51|0x00000000ff300000, 0x00000000ff300000, 0x00000000ff400000|  0%| F|  |TAMS 0x00000000ff300000| PB 0x00000000ff300000| Untracked 
|  52|0x00000000ff400000, 0x00000000ff400000, 0x00000000ff500000|  0%| F|  |TAMS 0x00000000ff400000| PB 0x00000000ff400000| Untracked 
|  53|0x00000000ff500000, 0x00000000ff500000, 0x00000000ff600000|  0%| F|  |TAMS 0x00000000ff500000| PB 0x00000000ff500000| Untracked 
|  54|0x00000000ff600000, 0x00000000ff600000, 0x00000000ff700000|  0%| F|  |TAMS 0x00000000ff600000| PB 0x00000000ff600000| Untracked 
|  55|0x00000000ff700000, 0x00000000ff700000, 0x00000000ff800000|  0%| F|  |TAMS 0x00000000ff700000| PB 0x00000000ff700000| Untracked 
|  56|0x00000000ff800000, 0x00000000ff800000, 0x00000000ff900000|  0%| F|  |TAMS 0x00000000ff800000| PB 0x00000000ff800000| Untracked 
|  57|0x00000000ff900000, 0x00000000ff96f610, 0x00000000ffa00000| 43%| E|  |TAMS 0x00000000ff900000| PB 0x00000000ff900000| Complete 
|  58|0x00000000ffa00000, 0x00000000ffb00000, 0x00000000ffb00000|100%| E|CS|TAMS 0x00000000ffa00000| PB 0x00000000ffa00000| Complete 
|  59|0x00000000ffb00000, 0x00000000ffc00000, 0x00000000ffc00000|100%| E|CS|TAMS 0x00000000ffb00000| PB 0x00000000ffb00000| Complete 
|  60|0x00000000ffc00000, 0x00000000ffd00000, 0x00000000ffd00000|100%| E|CS|TAMS 0x00000000ffc00000| PB 0x00000000ffc00000| Complete 
|  61|0x00000000ffd00000, 0x00000000ffe00000, 0x00000000ffe00000|100%| E|CS|TAMS 0x00000000ffd00000| PB 0x00000000ffd00000| Complete 
|  62|0x00000000ffe00000, 0x00000000fff00000, 0x00000000fff00000|100%| E|CS|TAMS 0x00000000ffe00000| PB 0x00000000ffe00000| Complete 
|  63|0x00000000fff00000, 0x0000000100000000, 0x0000000100000000|100%| E|CS|TAMS 0x00000000fff00000| PB 0x00000000fff00000| Complete 

Card table byte_map: [0x0000017496510000,0x0000017496530000] _byte_map_base: 0x0000017495d30000

Marking Bits: (CMBitMap*) 0x00000174987a5a80
 Bits: [0x00000174b0190000, 0x00000174b0290000)

Polling page: 0x00000174964a0000

Metaspace:

Usage:
  Non-class:      7.73 MB used.
      Class:      1.18 MB used.
       Both:      8.91 MB used.

Virtual space:
  Non-class space:       64.00 MB reserved,       7.88 MB ( 12%) committed,  1 nodes.
      Class space:        1.00 GB reserved,       1.31 MB ( <1%) committed,  1 nodes.
             Both:        1.06 GB reserved,       9.19 MB ( <1%) committed. 

Chunk freelists:
   Non-Class:  7.62 MB
       Class:  14.71 MB
        Both:  22.33 MB

MaxMetaspaceSize: unlimited
CompressedClassSpaceSize: 1.00 GB
Initial GC threshold: 21.00 MB
Current GC threshold: 21.00 MB
CDS: on
 - commit_granule_bytes: 65536.
 - commit_granule_words: 8192.
 - virtual_space_node_default_size: 8388608.
 - enlarge_chunks_in_place: 1.
 - use_allocation_guard: 0.


Internal statistics:

num_allocs_failed_limit: 0.
num_arena_births: 230.
num_arena_deaths: 0.
num_vsnodes_births: 2.
num_vsnodes_deaths: 0.
num_space_committed: 147.
num_space_uncommitted: 0.
num_chunks_returned_to_freelist: 0.
num_chunks_taken_from_freelist: 511.
num_chunk_merges: 0.
num_chunk_splits: 332.
num_chunks_enlarged: 236.
num_inconsistent_stats: 0.

CodeHeap 'non-profiled nmethods': size=120000Kb used=715Kb max_used=715Kb free=119284Kb
 bounds [0x00000174a8930000, 0x00000174a8ba0000, 0x00000174afe60000]
CodeHeap 'profiled nmethods': size=120000Kb used=3124Kb max_used=3124Kb free=116875Kb
 bounds [0x00000174a0e60000, 0x00000174a1170000, 0x00000174a8390000]
CodeHeap 'non-nmethods': size=5760Kb used=1387Kb max_used=1397Kb free=4372Kb
 bounds [0x00000174a8390000, 0x00000174a8600000, 0x00000174a8930000]
CodeCache: size=245760Kb, used=5226Kb, max_used=5236Kb, free=240531Kb
 total_blobs=2136, nmethods=1649, adapters=392, full_count=0
Compilation: enabled, stopped_count=0, restarted_count=0

Compilation events (20 events):
Event: 6.791 Thread 0x00000174b2c6b320 nmethod 1634 0x00000174a89e1210 code [0x00000174a89e13e0, 0x00000174a89e1898]
Event: 6.794 Thread 0x00000174b2c6b320 1640       4       java.util.Arrays::copyOfRange (25 bytes)
Event: 6.799 Thread 0x00000174b2c6b320 nmethod 1640 0x00000174a89e1c10 code [0x00000174a89e1dc0, 0x00000174a89e2210]
Event: 7.331 Thread 0x00000174b2c74100 1642       1       java.util.concurrent.atomic.AtomicLong::get (5 bytes)
Event: 7.332 Thread 0x00000174b2c74100 nmethod 1642 0x00000174a89e2810 code [0x00000174a89e29a0, 0x00000174a89e2a70]
Event: 7.731 Thread 0x00000174b2c74100 1643       3       java.util.concurrent.locks.ReentrantLock$Sync::tryRelease (51 bytes)
Event: 7.732 Thread 0x00000174b2c74100 nmethod 1643 0x00000174a116a510 code [0x00000174a116a6e0, 0x00000174a116a9f8]
Event: 8.333 Thread 0x00000174b2c74100 1644       3       java.util.concurrent.ThreadPoolExecutor::runStateAtLeast (11 bytes)
Event: 8.333 Thread 0x00000174b2c74100 nmethod 1644 0x00000174a116ab10 code [0x00000174a116aca0, 0x00000174a116ade0]
Event: 8.594 Thread 0x00000174b2c74100 1645       3       java.lang.String::codePointAt (50 bytes)
Event: 8.594 Thread 0x00000174b2c74100 nmethod 1645 0x00000174a116ae90 code [0x00000174a116b080, 0x00000174a116b4d8]
Event: 8.594 Thread 0x00000174b2c74100 1646       1       java.nio.Buffer::position (5 bytes)
Event: 8.595 Thread 0x00000174b2c74100 nmethod 1646 0x00000174a89e2b10 code [0x00000174a89e2ca0, 0x00000174a89e2d68]
Event: 8.610 Thread 0x00000174b2c74100 1647       3       java.nio.CharBuffer::charAt (16 bytes)
Event: 8.611 Thread 0x00000174b2c74100 nmethod 1647 0x00000174a116b710 code [0x00000174a116b8e0, 0x00000174a116bc80]
Event: 8.611 Thread 0x00000174b2c74100 1648       3       java.nio.Buffer::checkIndex (16 bytes)
Event: 8.611 Thread 0x00000174b2c74100 nmethod 1648 0x00000174a116be90 code [0x00000174a116c040, 0x00000174a116c1a0]
Event: 8.637 Thread 0x00000174b2c74100 1649       3       java.util.regex.Pattern$CharPropertyGreedy::match (160 bytes)
Event: 8.638 Thread 0x00000174b2c74100 nmethod 1649 0x00000174a116c290 code [0x00000174a116c4e0, 0x00000174a116ce60]
Event: 8.671 Thread 0x00000174b2c74100 1650       3       java.nio.Buffer::position (52 bytes)

GC Heap History (4 events):
Event: 1.660 GC heap before
{Heap before GC invocations=0 (full 0):
 garbage-first heap   total 65536K, used 22528K [0x00000000fc000000, 0x0000000100000000)
  region size 1024K, 23 young (23552K), 0 survivors (0K)
 Metaspace       used 1589K, committed 1792K, reserved 1114112K
  class space    used 149K, committed 256K, reserved 1048576K
}
Event: 1.669 GC heap after
{Heap after GC invocations=1 (full 0):
 garbage-first heap   total 65536K, used 1920K [0x00000000fc000000, 0x0000000100000000)
  region size 1024K, 2 young (2048K), 2 survivors (2048K)
 Metaspace       used 1589K, committed 1792K, reserved 1114112K
  class space    used 149K, committed 256K, reserved 1048576K
}
Event: 4.955 GC heap before
{Heap before GC invocations=1 (full 0):
 garbage-first heap   total 65536K, used 38784K [0x00000000fc000000, 0x0000000100000000)
  region size 1024K, 35 young (35840K), 2 survivors (2048K)
 Metaspace       used 8289K, committed 8512K, reserved 1114112K
  class space    used 1120K, committed 1216K, reserved 1048576K
}
Event: 4.967 GC heap after
{Heap after GC invocations=2 (full 0):
 garbage-first heap   total 65536K, used 12417K [0x00000000fc000000, 0x0000000100000000)
  region size 1024K, 5 young (5120K), 5 survivors (5120K)
 Metaspace       used 8289K, committed 8512K, reserved 1114112K
  class space    used 1120K, committed 1216K, reserved 1048576K
}

Dll operation events (11 events):
Event: 0.102 Loaded shared library C:\Users\ibraa\.jdks\ms-21.0.8\bin\java.dll
Event: 0.204 Loaded shared library C:\Users\ibraa\.jdks\ms-21.0.8\bin\jsvml.dll
Event: 0.293 Loaded shared library C:\Users\ibraa\.jdks\ms-21.0.8\bin\net.dll
Event: 0.299 Loaded shared library C:\Users\ibraa\.jdks\ms-21.0.8\bin\nio.dll
Event: 0.308 Loaded shared library C:\Users\ibraa\.jdks\ms-21.0.8\bin\zip.dll
Event: 1.680 Loaded shared library C:\Users\ibraa\.jdks\ms-21.0.8\bin\jimage.dll
Event: 3.012 Loaded shared library C:\Users\ibraa\.jdks\ms-21.0.8\bin\management.dll
Event: 3.021 Loaded shared library C:\Users\ibraa\.jdks\ms-21.0.8\bin\management_ext.dll
Event: 3.181 Loaded shared library C:\Users\ibraa\.gradle\native\660c5614fbf4a5f2a75b1949f50a0caf5cd603558e7d8a26e50b933a0cfb79d1\windows-amd64\native-platform.dll
Event: 3.947 Loaded shared library C:\Users\ibraa\.jdks\ms-21.0.8\bin\extnet.dll
Event: 5.325 Loaded shared library C:\Users\ibraa\.jdks\ms-21.0.8\bin\verify.dll

Deoptimization events (20 events):
Event: 5.418 Thread 0x00000174f8065c30 Uncommon trap: trap_request=0xffffff45 fr.pc=0x00000174a899afb8 relative=0x00000000000004f8
Event: 5.418 Thread 0x00000174f8065c30 Uncommon trap: reason=unstable_if action=reinterpret pc=0x00000174a899afb8 method=java.lang.AbstractStringBuilder.isLatin1()Z @ 10 c2
Event: 5.419 Thread 0x00000174f8065c30 DEOPT PACKING pc=0x00000174a899afb8 sp=0x00000017395fe750
Event: 5.419 Thread 0x00000174f8065c30 DEOPT UNPACKING pc=0x00000174a83e46a2 sp=0x00000017395fe5e8 mode 2
Event: 6.569 Thread 0x00000174f8065c30 Uncommon trap: trap_request=0xffffff45 fr.pc=0x00000174a89cd098 relative=0x0000000000000338
Event: 6.569 Thread 0x00000174f8065c30 Uncommon trap: reason=unstable_if action=reinterpret pc=0x00000174a89cd098 method=jdk.internal.org.objectweb.asm.Frame.execute(IILjdk/internal/org/objectweb/asm/Symbol;Ljdk/internal/org/objectweb/asm/SymbolTable;)V @ 1 c2
Event: 6.569 Thread 0x00000174f8065c30 DEOPT PACKING pc=0x00000174a89cd098 sp=0x00000017395fcef0
Event: 6.569 Thread 0x00000174f8065c30 DEOPT UNPACKING pc=0x00000174a83e46a2 sp=0x00000017395fce78 mode 2
Event: 6.794 Thread 0x00000174f8065c30 Uncommon trap: trap_request=0xffffff45 fr.pc=0x00000174a89b4474 relative=0x0000000000000054
Event: 6.794 Thread 0x00000174f8065c30 Uncommon trap: reason=unstable_if action=reinterpret pc=0x00000174a89b4474 method=java.lang.CharacterData.of(I)Ljava/lang/CharacterData; @ 4 c2
Event: 6.794 Thread 0x00000174f8065c30 DEOPT PACKING pc=0x00000174a89b4474 sp=0x00000017395fe4f0
Event: 6.794 Thread 0x00000174f8065c30 DEOPT UNPACKING pc=0x00000174a83e46a2 sp=0x00000017395fe488 mode 2
Event: 8.593 Thread 0x00000174f8065c30 Uncommon trap: trap_request=0xffffff45 fr.pc=0x00000174a89412e4 relative=0x00000000000000c4
Event: 8.593 Thread 0x00000174f8065c30 Uncommon trap: reason=unstable_if action=reinterpret pc=0x00000174a89412e4 method=java.lang.String.codePointAt(I)I @ 4 c2
Event: 8.594 Thread 0x00000174f8065c30 DEOPT PACKING pc=0x00000174a89412e4 sp=0x00000017395fe920
Event: 8.594 Thread 0x00000174f8065c30 DEOPT UNPACKING pc=0x00000174a83e46a2 sp=0x00000017395fe8a8 mode 2
Event: 8.594 Thread 0x00000174f8065c30 Uncommon trap: trap_request=0xffffff45 fr.pc=0x00000174a89e090c relative=0x000000000000074c
Event: 8.594 Thread 0x00000174f8065c30 Uncommon trap: reason=unstable_if action=reinterpret pc=0x00000174a89e090c method=java.util.regex.Matcher.search(I)Z @ 30 c2
Event: 8.594 Thread 0x00000174f8065c30 DEOPT PACKING pc=0x00000174a89e090c sp=0x00000017395fe9b0
Event: 8.594 Thread 0x00000174f8065c30 DEOPT UNPACKING pc=0x00000174a83e46a2 sp=0x00000017395fe990 mode 2

Classes loaded (20 events):
Event: 6.723 Loading class jdk/internal/module/ModulePatcher$PatchedModuleReader
Event: 6.724 Loading class jdk/internal/module/ModulePatcher$PatchedModuleReader done
Event: 6.724 Loading class sun/net/www/protocol/jrt/Handler
Event: 6.724 Loading class sun/net/www/protocol/jrt/Handler done
Event: 6.745 Loading class sun/util/resources/LocaleData$CommonResourceBundleProvider
Event: 6.745 Loading class sun/util/resources/LocaleData$LocaleDataResourceBundleProvider
Event: 6.745 Loading class java/util/spi/ResourceBundleProvider
Event: 6.745 Loading class java/util/spi/ResourceBundleProvider done
Event: 6.745 Loading class sun/util/resources/LocaleData$LocaleDataResourceBundleProvider done
Event: 6.746 Loading class sun/util/resources/LocaleData$CommonResourceBundleProvider done
Event: 6.748 Loading class sun/util/resources/Bundles$2
Event: 6.748 Loading class sun/util/resources/Bundles$2 done
Event: 6.803 Loading class java/io/PrintWriter
Event: 6.803 Loading class java/io/PrintWriter done
Event: 6.803 Loading class java/io/PrintWriter$1
Event: 6.803 Loading class jdk/internal/access/JavaIOPrintWriterAccess
Event: 6.803 Loading class jdk/internal/access/JavaIOPrintWriterAccess done
Event: 6.804 Loading class java/io/PrintWriter$1 done
Event: 8.595 Loading class java/util/regex/Matcher$ImmutableMatchResult
Event: 8.596 Loading class java/util/regex/Matcher$ImmutableMatchResult done

Classes unloaded (0 events):
No events

Classes redefined (0 events):
No events

Internal exceptions (20 events):
Event: 3.083 Thread 0x0000017496270d00 Implicit null exception at 0x00000174a899543c to 0x00000174a8995a80
Event: 3.222 Thread 0x0000017496270d00 Exception <a 'java/lang/NoSuchMethodError'{0x00000000fec78840}: 'java.lang.Object java.lang.invoke.DirectMethodHandle$Holder.invokeStatic(java.lang.Object, java.lang.Object, int)'> (0x00000000fec78840) 
thrown [s\src\hotspot\share\interpreter\linkResolver.cpp, line 773]
Event: 3.224 Thread 0x0000017496270d00 Exception <a 'java/lang/NoSuchMethodError'{0x00000000fec83ff0}: 'void java.lang.invoke.DelegatingMethodHandle$Holder.delegate(java.lang.Object, java.lang.Object, int, java.lang.Object)'> (0x00000000fec83ff0) 
thrown [s\src\hotspot\share\interpreter\linkResolver.cpp, line 773]
Event: 3.470 Thread 0x0000017496270d00 Exception <a 'java/lang/NoSuchMethodError'{0x00000000fe9a7e40}: 'java.lang.Object java.lang.invoke.DirectMethodHandle$Holder.newInvokeSpecial(java.lang.Object, java.lang.Object, java.lang.Object, java.lang.Object, java.lang.Object)'> (0x00000000fe9a7e40) 
thrown [s\src\hotspot\share\interpreter\linkResolver.cpp, line 773]
Event: 3.507 Thread 0x0000017496270d00 Exception <a 'java/lang/NoSuchMethodError'{0x00000000fe9fe318}: 'java.lang.Object java.lang.invoke.Invokers$Holder.invokeExact_MT(java.lang.Object, java.lang.Object, java.lang.Object, java.lang.Object, java.lang.Object)'> (0x00000000fe9fe318) 
thrown [s\src\hotspot\share\interpreter\linkResolver.cpp, line 773]
Event: 3.528 Thread 0x0000017496270d00 Exception <a 'java/lang/NoSuchMethodError'{0x00000000fe62c8c0}: 'java.lang.Object java.lang.invoke.DirectMethodHandle$Holder.invokeVirtual(java.lang.Object, java.lang.Object, java.lang.Object, java.lang.Object, java.lang.Object, java.lang.Object, java.lang.Object)'> (0x00000000fe62c8c0) 
thrown [s\src\hotspot\share\interpreter\linkResolver.cpp, line 773]
Event: 3.551 Thread 0x0000017496270d00 Exception <a 'java/lang/NoSuchMethodError'{0x00000000fe66ca98}: 'java.lang.Object java.lang.invoke.DirectMethodHandle$Holder.invokeVirtual(java.lang.Object, java.lang.Object, java.lang.Object, java.lang.Object)'> (0x00000000fe66ca98) 
thrown [s\src\hotspot\share\interpreter\linkResolver.cpp, line 773]
Event: 3.707 Thread 0x0000017496270d00 Exception <a 'java/lang/NoSuchMethodError'{0x00000000fe5d3c10}: 'java.lang.Object java.lang.invoke.DirectMethodHandle$Holder.invokeStaticInit(java.lang.Object, int, int, int, int)'> (0x00000000fe5d3c10) 
thrown [s\src\hotspot\share\interpreter\linkResolver.cpp, line 773]
Event: 3.767 Thread 0x0000017496270d00 Exception <a 'java/lang/NoSuchMethodError'{0x00000000fe5f63e8}: 'java.lang.Object java.lang.invoke.DirectMethodHandle$Holder.invokeStaticInit(java.lang.Object, java.lang.Object, int, int, int, int)'> (0x00000000fe5f63e8) 
thrown [s\src\hotspot\share\interpreter\linkResolver.cpp, line 773]
Event: 3.784 Thread 0x0000017496270d00 Exception <a 'java/lang/NoSuchMethodError'{0x00000000fe4204c0}: 'int java.lang.invoke.DirectMethodHandle$Holder.invokeStatic(java.lang.Object)'> (0x00000000fe4204c0) 
thrown [s\src\hotspot\share\interpreter\linkResolver.cpp, line 773]
Event: 3.785 Thread 0x0000017496270d00 Exception <a 'java/lang/NoSuchMethodError'{0x00000000fe4239b8}: 'int java.lang.invoke.DirectMethodHandle$Holder.invokeStaticInit(java.lang.Object)'> (0x00000000fe4239b8) 
thrown [s\src\hotspot\share\interpreter\linkResolver.cpp, line 773]
Event: 3.955 Thread 0x0000017496270d00 Exception <a 'java/lang/NoSuchMethodError'{0x00000000fe382f90}: 'void java.lang.invoke.DirectMethodHandle$Holder.invokeStatic(java.lang.Object, java.lang.Object, java.lang.Object)'> (0x00000000fe382f90) 
thrown [s\src\hotspot\share\interpreter\linkResolver.cpp, line 773]
Event: 4.049 Thread 0x0000017496270d00 Exception <a 'java/lang/NoSuchMethodError'{0x00000000fe24f670}: 'java.lang.Object java.lang.invoke.DirectMethodHandle$Holder.invokeVirtual(java.lang.Object, java.lang.Object, java.lang.Object, java.lang.Object, java.lang.Object)'> (0x00000000fe24f670) 
thrown [s\src\hotspot\share\interpreter\linkResolver.cpp, line 773]
Event: 4.058 Thread 0x0000017496270d00 Exception <a 'java/lang/NoSuchMethodError'{0x00000000fe2624c0}: 'java.lang.Object java.lang.invoke.Invokers$Holder.invokeExact_MT(java.lang.Object, java.lang.Object, java.lang.Object, java.lang.Object, java.lang.Object, java.lang.Object)'> (0x00000000fe2624c0) 
thrown [s\src\hotspot\share\interpreter\linkResolver.cpp, line 773]
Event: 4.405 Thread 0x0000017496270d00 Exception <a 'java/lang/NoSuchMethodError'{0x00000000fe07b788}: 'java.lang.Object java.lang.invoke.DirectMethodHandle$Holder.invokeVirtual(java.lang.Object, java.lang.Object, java.lang.Object, java.lang.Object, java.lang.Object, java.lang.Object, java.lang.Object, java.lang.Object, java.lang.Object)'> (0x00000000fe07b788) 
thrown [s\src\hotspot\share\interpreter\linkResolver.cpp, line 773]
Event: 4.884 Thread 0x0000017496270d00 Exception <a 'java/lang/NoSuchMethodError'{0x00000000fdd5ef00}: 'void java.lang.invoke.DirectMethodHandle$Holder.invokeInterface(java.lang.Object, java.lang.Object, java.lang.Object)'> (0x00000000fdd5ef00) 
thrown [s\src\hotspot\share\interpreter\linkResolver.cpp, line 773]
Event: 6.569 Thread 0x00000174f8065c30 Exception <a 'java/lang/NoSuchMethodError'{0x00000000ffa95d28}: 'void java.lang.invoke.DirectMethodHandle$Holder.invokeStatic(java.lang.Object, long)'> (0x00000000ffa95d28) 
thrown [s\src\hotspot\share\interpreter\linkResolver.cpp, line 773]
Event: 6.571 Thread 0x00000174f8065c30 Exception <a 'java/lang/NoSuchMethodError'{0x00000000ffa9b110}: 'java.lang.Object java.lang.invoke.DirectMethodHandle$Holder.newInvokeSpecial(java.lang.Object, long)'> (0x00000000ffa9b110) 
thrown [s\src\hotspot\share\interpreter\linkResolver.cpp, line 773]
Event: 6.592 Thread 0x00000174f8065c30 Exception <a 'java/lang/NoSuchMethodError'{0x00000000ffaa2188}: 'java.lang.Object java.lang.invoke.DirectMethodHandle$Holder.invokeStatic(java.lang.Object, long, java.lang.Object)'> (0x00000000ffaa2188) 
thrown [s\src\hotspot\share\interpreter\linkResolver.cpp, line 773]
Event: 6.593 Thread 0x00000174f8065c30 Exception <a 'java/lang/NoSuchMethodError'{0x00000000ffaa5ba0}: 'java.lang.Object java.lang.invoke.DirectMethodHandle$Holder.invokeStaticInit(java.lang.Object, long, java.lang.Object)'> (0x00000000ffaa5ba0) 
thrown [s\src\hotspot\share\interpreter\linkResolver.cpp, line 773]

ZGC Phase Switch (0 events):
No events

VM Operations (20 events):
Event: 3.221 Executing VM operation: HandshakeAllThreads (Deoptimize)
Event: 3.221 Executing VM operation: HandshakeAllThreads (Deoptimize) done
Event: 3.410 Executing VM operation: HandshakeAllThreads (Deoptimize)
Event: 3.410 Executing VM operation: HandshakeAllThreads (Deoptimize) done
Event: 3.516 Executing VM operation: HandshakeAllThreads (Deoptimize)
Event: 3.516 Executing VM operation: HandshakeAllThreads (Deoptimize) done
Event: 3.760 Executing VM operation: HandshakeAllThreads (Deoptimize)
Event: 3.761 Executing VM operation: HandshakeAllThreads (Deoptimize) done
Event: 4.768 Executing VM operation: Cleanup
Event: 4.783 Executing VM operation: Cleanup done
Event: 4.955 Executing VM operation: G1CollectForAllocation (G1 Evacuation Pause)
Event: 4.967 Executing VM operation: G1CollectForAllocation (G1 Evacuation Pause) done
Event: 5.981 Executing VM operation: Cleanup
Event: 5.981 Executing VM operation: Cleanup done
Event: 6.624 Executing VM operation: HandshakeAllThreads (Deoptimize)
Event: 6.702 Executing VM operation: HandshakeAllThreads (Deoptimize) done
Event: 6.796 Executing VM operation: HandshakeAllThreads (Deoptimize)
Event: 6.796 Executing VM operation: HandshakeAllThreads (Deoptimize) done
Event: 7.810 Executing VM operation: Cleanup
Event: 7.810 Executing VM operation: Cleanup done

Memory protections (0 events):
No events

Nmethod flushes (0 events):
No events

Events (20 events):
Event: 0.140 Thread 0x0000017496270d00 Thread added: 0x0000017496270d00
Event: 0.187 Thread 0x0000017496270d00 Thread added: 0x00000174b2c60a90
Event: 0.188 Thread 0x0000017496270d00 Thread added: 0x00000174b2c64210
Event: 0.189 Thread 0x0000017496270d00 Thread added: 0x00000174b2c67990
Event: 0.189 Thread 0x0000017496270d00 Thread added: 0x00000174b2c683e0
Event: 0.189 Thread 0x0000017496270d00 Thread added: 0x00000174b2c69b50
Event: 0.189 Thread 0x0000017496270d00 Thread added: 0x00000174b2c6a5a0
Event: 0.190 Thread 0x0000017496270d00 Thread added: 0x00000174b2c6b320
Event: 0.193 Thread 0x0000017496270d00 Thread added: 0x00000174b2c74100
Event: 0.277 Thread 0x0000017496270d00 Thread added: 0x00000174f80a5b70
Event: 0.279 Thread 0x0000017496270d00 Thread added: 0x00000174f80b01f0
Event: 1.642 Thread 0x00000174b2c6b320 Thread added: 0x00000174f8375500
Event: 2.810 Thread 0x00000174f8375500 Thread exited: 0x00000174f8375500
Event: 3.318 Thread 0x0000017496270d00 Thread added: 0x00000174f8d5d050
Event: 5.151 Thread 0x00000174b2c74100 Thread added: 0x00000174f9189310
Event: 5.389 Thread 0x00000174f9189310 Thread exited: 0x00000174f9189310
Event: 5.408 Thread 0x0000017496270d00 Thread added: 0x00000174f8065c30
Event: 6.621 Thread 0x00000174f8065c30 Thread added: 0x00000174f8dbb4f0
Event: 6.624 Thread 0x00000174f8065c30 Thread added: 0x00000174f8db9ec0
Event: 6.653 Thread 0x00000174f8dbb4f0 Thread exited: 0x00000174f8dbb4f0


Dynamic libraries:
0x00007ff785b00000 - 0x00007ff785b0e000 	C:\Users\ibraa\.jdks\ms-21.0.8\bin\java.exe
0x00007ff93bf60000 - 0x00007ff93c1c7000 	C:\WINDOWS\SYSTEM32\ntdll.dll
0x00007ff93ab20000 - 0x00007ff93abe9000 	C:\WINDOWS\System32\KERNEL32.DLL
0x00007ff939620000 - 0x00007ff939a17000 	C:\WINDOWS\System32\KERNELBASE.dll
0x00007ff939a20000 - 0x00007ff939b6b000 	C:\WINDOWS\System32\ucrtbase.dll
0x00007ff9283a0000 - 0x00007ff9283be000 	C:\Users\ibraa\.jdks\ms-21.0.8\bin\VCRUNTIME140.dll
0x00007ff9282f0000 - 0x00007ff928308000 	C:\Users\ibraa\.jdks\ms-21.0.8\bin\jli.dll
0x00007ff93a290000 - 0x00007ff93a456000 	C:\WINDOWS\System32\USER32.dll
0x00007ff939cb0000 - 0x00007ff939cd7000 	C:\WINDOWS\System32\win32u.dll
0x00007ff93b0a0000 - 0x00007ff93b0cb000 	C:\WINDOWS\System32\GDI32.dll
0x00007ff9394f0000 - 0x00007ff93961c000 	C:\WINDOWS\System32\gdi32full.dll
0x00007ff926620000 - 0x00007ff9268b2000 	C:\WINDOWS\WinSxS\amd64_microsoft.windows.common-controls_6595b64144ccf1df_6.0.26100.8457_none_3e0b2faee331e92d\COMCTL32.dll
0x00007ff939c00000 - 0x00007ff939ca3000 	C:\WINDOWS\System32\msvcp_win.dll
0x00007ff93b280000 - 0x00007ff93b329000 	C:\WINDOWS\System32\msvcrt.dll
0x00007ff93a5f0000 - 0x00007ff93a622000 	C:\WINDOWS\System32\IMM32.DLL
0x0000000059060000 - 0x000000005906d000 	C:\Program Files (x86)\360\Total Security\safemon\SafeWrapper.dll
0x00007ff93bd00000 - 0x00007ff93bdb6000 	C:\WINDOWS\System32\ADVAPI32.dll
0x00007ff93b1d0000 - 0x00007ff93b277000 	C:\WINDOWS\System32\sechost.dll
0x00007ff93acd0000 - 0x00007ff93ade8000 	C:\WINDOWS\System32\RPCRT4.dll
0x00007ff933520000 - 0x00007ff933625000 	C:\Program Files (x86)\360\Total Security\safemon\libzdtp64.dll
0x00007ff93b330000 - 0x00007ff93ba9e000 	C:\WINDOWS\System32\SHELL32.dll
0x00007ff93a580000 - 0x00007ff93a5e6000 	C:\WINDOWS\System32\SHLWAPI.dll
0x00007ff938990000 - 0x00007ff9391fc000 	C:\WINDOWS\System32\Windows.Storage.dll
0x00007ff939d70000 - 0x00007ff93a0f3000 	C:\WINDOWS\System32\combase.dll
0x00007ff938270000 - 0x00007ff93827b000 	C:\WINDOWS\SYSTEM32\VERSION.dll
0x00007ff9282e0000 - 0x00007ff9282ec000 	C:\Users\ibraa\.jdks\ms-21.0.8\bin\vcruntime140_1.dll
0x00007ff8f1340000 - 0x00007ff8f13c9000 	C:\Users\ibraa\.jdks\ms-21.0.8\bin\msvcp140.dll
0x00007ff8b51e0000 - 0x00007ff8b5f8c000 	C:\Users\ibraa\.jdks\ms-21.0.8\bin\server\jvm.dll
0x00007ff93bc70000 - 0x00007ff93bcf0000 	C:\WINDOWS\System32\WS2_32.dll
0x00007ff938810000 - 0x00007ff93886e000 	C:\WINDOWS\SYSTEM32\POWRPROF.dll
0x00007ff9324d0000 - 0x00007ff932506000 	C:\WINDOWS\SYSTEM32\WINMM.dll
0x00007ff9387f0000 - 0x00007ff938804000 	C:\WINDOWS\SYSTEM32\UMPDC.dll
0x00007ff937690000 - 0x00007ff9376ab000 	C:\WINDOWS\SYSTEM32\kernel.appcore.dll
0x00007ff9282d0000 - 0x00007ff9282da000 	C:\Users\ibraa\.jdks\ms-21.0.8\bin\jimage.dll
0x00007ff936ad0000 - 0x00007ff936d12000 	C:\WINDOWS\SYSTEM32\DBGHELP.DLL
0x00007ff93abf0000 - 0x00007ff93acc9000 	C:\WINDOWS\System32\OLEAUT32.dll
0x00007ff921680000 - 0x00007ff9216bb000 	C:\WINDOWS\SYSTEM32\dbgcore.DLL
0x00007ff939200000 - 0x00007ff9392a8000 	C:\WINDOWS\System32\bcryptPrimitives.dll
0x00007ff8fb170000 - 0x00007ff8fb191000 	C:\Users\ibraa\.jdks\ms-21.0.8\bin\java.dll
0x00007ff93b0d0000 - 0x00007ff93b1c6000 	C:\WINDOWS\System32\SHCORE.dll
0x00007ff9388b0000 - 0x00007ff9388d9000 	C:\WINDOWS\SYSTEM32\profapi.dll
0x00007ff8f1260000 - 0x00007ff8f1336000 	C:\Users\ibraa\.jdks\ms-21.0.8\bin\jsvml.dll
0x00007ff9253e0000 - 0x00007ff9253f1000 	C:\Users\ibraa\.jdks\ms-21.0.8\bin\net.dll
0x00007ff92de10000 - 0x00007ff92df39000 	C:\WINDOWS\SYSTEM32\WINHTTP.dll
0x00007ff937c20000 - 0x00007ff937c8c000 	C:\WINDOWS\system32\mswsock.dll
0x00007ff904680000 - 0x00007ff904696000 	C:\Users\ibraa\.jdks\ms-21.0.8\bin\nio.dll
0x00007ff9282a0000 - 0x00007ff9282b8000 	C:\Users\ibraa\.jdks\ms-21.0.8\bin\zip.dll
0x00007ff926da0000 - 0x00007ff926daa000 	C:\Users\ibraa\.jdks\ms-21.0.8\bin\management.dll
0x00007ff9250b0000 - 0x00007ff9250bc000 	C:\Users\ibraa\.jdks\ms-21.0.8\bin\management_ext.dll
0x00007ff93a100000 - 0x00007ff93a108000 	C:\WINDOWS\System32\PSAPI.DLL
0x00007ff8f1ec0000 - 0x00007ff8f1ee7000 	C:\Users\ibraa\.gradle\native\660c5614fbf4a5f2a75b1949f50a0caf5cd603558e7d8a26e50b933a0cfb79d1\windows-amd64\native-platform.dll
0x00007ff937f00000 - 0x00007ff937f1b000 	C:\WINDOWS\SYSTEM32\CRYPTSP.dll
0x00007ff9375f0000 - 0x00007ff937629000 	C:\WINDOWS\system32\rsaenh.dll
0x00007ff937cd0000 - 0x00007ff937d03000 	C:\WINDOWS\SYSTEM32\USERENV.dll
0x00007ff938880000 - 0x00007ff9388aa000 	C:\WINDOWS\SYSTEM32\bcrypt.dll
0x00007ff937f20000 - 0x00007ff937f2c000 	C:\WINDOWS\SYSTEM32\CRYPTBASE.dll
0x00007ff9370c0000 - 0x00007ff9370f2000 	C:\WINDOWS\SYSTEM32\IPHLPAPI.DLL
0x00007ff93bab0000 - 0x00007ff93baba000 	C:\WINDOWS\System32\NSI.dll
0x00007ff925060000 - 0x00007ff925069000 	C:\Users\ibraa\.jdks\ms-21.0.8\bin\extnet.dll
0x00007ff9276c0000 - 0x00007ff9276d0000 	C:\Users\ibraa\.jdks\ms-21.0.8\bin\verify.dll

JVMTI agents: none

dbghelp: loaded successfully - version: 4.0.5 - missing functions: none
symbol engine: initialized successfully - sym options: 0x614 - pdb path: .;C:\Users\ibraa\.jdks\ms-21.0.8\bin;C:\WINDOWS\SYSTEM32;C:\WINDOWS\WinSxS\amd64_microsoft.windows.common-controls_6595b64144ccf1df_6.0.26100.8457_none_3e0b2faee331e92d;C:\Program Files (x86)\360\Total Security\safemon;C:\Users\ibraa\.jdks\ms-21.0.8\bin\server;C:\Users\ibraa\.gradle\native\660c5614fbf4a5f2a75b1949f50a0caf5cd603558e7d8a26e50b933a0cfb79d1\windows-amd64

VM Arguments:
jvm_args: -Xmx64m -Xms64m -Dorg.gradle.appname=gradlew 
java_command: C:\Users\ibraa\project\blps_mts_service\mts_service\\gradle\wrapper\gradle-wrapper.jar bootRun --no-build-cache
java_class_path (initial): C:\Users\ibraa\project\blps_mts_service\mts_service\\gradle\wrapper\gradle-wrapper.jar
Launcher Type: SUN_STANDARD

[Global flags]
     intx CICompilerCount                          = 4                                         {product} {ergonomic}
     uint ConcGCThreads                            = 2                                         {product} {ergonomic}
     uint G1ConcRefinementThreads                  = 8                                         {product} {ergonomic}
   size_t G1HeapRegionSize                         = 1048576                                   {product} {ergonomic}
    uintx GCDrainStackTargetSize                   = 64                                        {product} {ergonomic}
   size_t InitialHeapSize                          = 67108864                                  {product} {command line}
   size_t MarkStackSize                            = 4194304                                   {product} {ergonomic}
   size_t MaxHeapSize                              = 67108864                                  {product} {command line}
   size_t MaxNewSize                               = 39845888                                  {product} {ergonomic}
   size_t MinHeapDeltaBytes                        = 1048576                                   {product} {ergonomic}
   size_t MinHeapSize                              = 67108864                                  {product} {command line}
    uintx NonNMethodCodeHeapSize                   = 5839372                                {pd product} {ergonomic}
    uintx NonProfiledCodeHeapSize                  = 122909434                              {pd product} {ergonomic}
    uintx ProfiledCodeHeapSize                     = 122909434                              {pd product} {ergonomic}
    uintx ReservedCodeCacheSize                    = 251658240                              {pd product} {ergonomic}
     bool SegmentedCodeCache                       = true                                      {product} {ergonomic}
   size_t SoftMaxHeapSize                          = 67108864                               {manageable} {ergonomic}
     bool UseCompressedOops                        = true                           {product lp64_product} {ergonomic}
     bool UseG1GC                                  = true                                      {product} {ergonomic}
     bool UseLargePagesIndividualAllocation        = false                                  {pd product} {ergonomic}

Logging:
Log output configuration:
 #0: stdout all=warning uptime,level,tags foldmultilines=false
 #1: stderr all=off uptime,level,tags foldmultilines=false

Environment Variables:
JAVA_HOME=C:\Users\ibraa\.jdks\ms-21.0.8
PATH=D:\ibraa\Downloads\orcl\WINDOWS.X64_193000_db_home\bin;D:\ibraa\Downloads\23ai\dbhomeFree\bin;C:\WINDOWS\system32;C:\WINDOWS;C:\WINDOWS\System32\Wbem;C:\WINDOWS\System32\WindowsPowerShell\v1.0\;C:\WINDOWS\System32\OpenSSH\;C:\Program Files\PuTTY\;C:\Users\ibraa\.jdks\ms-21.0.8\bin;C:\Program Files\Common Files\Oracle\Java\javapath;C:\Program Files\Git\cmd;C:\Gradle\gradle-8.14\bin;C:\Program Files\Docker\Docker\resources\bin;C:\Program Files\WireGuard\;D:\Go\bin;C:\Users\ibraa\AppData\Local\nvm;C:\nvm4w\nodejs;C:\Program Files\nodejs\;C:\Program Files\Microsoft VS Code\bin;C:\Program Files (x86)\cloudflared\;D:\ibraa\Stack\bin;C:\Users\ibraa\AppData\Local\Programs\Python\Python310\Scripts\;C:\Users\ibraa\AppData\Local\Programs\Python\Python310\;C:\Users\ibraa\AppData\Local\Microsoft\WindowsApps;C:\Program Files\JetBrains\PyCharm Community Edition 2021.2.3\bin;;C:\Users\ibraa\IntelliJ IDEA 2023.2.1\bin;;C:\Users\ibraa\AppData\Local\GitHubDesktop\bin;D:\ibraa\Downloads\Microsoft VS Code\bin;C:\Users\ibraa\AppData\Roaming\local\bin;C:\Users\ibraa\go\bin;C:\Users\ibraa\AppData\Local\Microsoft\WinGet\Packages\GolangCI.golangci-lint_Microsoft.Winget.Source_8wekyb3d8bbwe\golangci-lint-2.11.3-windows-amd64;C:\Users\ibraa\AppData\Local\nvm;C:\nvm4w\nodejs;C:\Users\ibraa\AppData\Roaming\npm;C:\Users\ibraa\.jdks\ms-21.0.8\bin;
USERNAME=ibraa
OS=Windows_NT
PROCESSOR_IDENTIFIER=AMD64 Family 23 Model 24 Stepping 1, AuthenticAMD
TMP=C:\Users\ibraa\AppData\Local\Temp
TEMP=C:\Users\ibraa\AppData\Local\Temp




Periodic native trim disabled

---------------  S Y S T E M  ---------------

OS:
 Windows 11 , 64 bit Build 26100 (10.0.26100.8328)
OS uptime: 0 days 0:17 hours
Hyper-V role detected

CPU: total 8 (initial active 8) (8 cores per cpu, 2 threads per core) family 23 model 24 stepping 1 microcode 0x8108109, cx8, cmov, fxsr, ht, mmx, 3dnowpref, sse, sse2, sse3, ssse3, sse4a, sse4.1, sse4.2, popcnt, lzcnt, tsc, tscinvbit, avx, avx2, aes, clmul, bmi1, bmi2, adx, sha, fma, vzeroupper, clflush, clflushopt, hv, rdtscp, f16c
Processor Information for the first 8 processors :
  Max Mhz: 2100, Current Mhz: 2100, Mhz Limit: 2100

Memory: 4k page, system-wide physical 7103M (947M free)
TotalPageFile size 16815M (AvailPageFile size 0M)
current process WorkingSet (physical memory assigned to process): 109M, peak: 111M
current process commit charge ("private bytes"): 167M, peak: 168M

vm_info: OpenJDK 64-Bit Server VM (21.0.8+9-LTS) for windows-amd64 JRE (21.0.8+9-LTS), built on 2025-07-10T20:22:44Z by "MicrosoftCorporation" with unknown MS VC++:1944

END.
