#
# There is insufficient memory for the Java Runtime Environment to continue.
# Native memory allocation (malloc) failed to allocate 519392 bytes. Error detail: Chunk::new
# Possible reasons:
#   The system is out of physical RAM or swap space
#   This process is running with CompressedOops enabled, and the Java Heap may be blocking the growth of the native heap
# Possible solutions:
#   Reduce memory load on the system
#   Increase physical memory or swap space
#   Check if swap backing store is full
#   Decrease Java heap size (-Xmx/-Xms)
#   Decrease number of Java threads
#   Decrease Java thread stack sizes (-Xss)
#   Set larger code cache with -XX:ReservedCodeCacheSize=
#   JVM is running with Unscaled Compressed Oops mode in which the Java heap is
#     placed in the first 4GB address space. The Java Heap base address is the
#     maximum limit for the native heap growth. Please use -XX:HeapBaseMinAddress
#     to set the Java Heap base and to place the Java Heap above 4GB virtual address.
# This output file may be truncated or incomplete.
#
#  Out of Memory Error (arena.cpp:168), pid=8848, tid=21684
#
# JRE version: OpenJDK Runtime Environment Microsoft-11933218 (21.0.8+9) (build 21.0.8+9-LTS)
# Java VM: OpenJDK 64-Bit Server VM Microsoft-11933218 (21.0.8+9-LTS, mixed mode, sharing, tiered, compressed oops, compressed class ptrs, g1 gc, windows-amd64)
# No core dump will be written. Minidumps are not enabled by default on client versions of Windows
#

---------------  S U M M A R Y ------------

Command Line: --add-opens=java.base/java.lang=ALL-UNNAMED --add-opens=java.base/java.lang.invoke=ALL-UNNAMED --add-opens=java.base/java.util=ALL-UNNAMED --add-opens=java.prefs/java.util.prefs=ALL-UNNAMED --add-exports=jdk.compiler/com.sun.tools.javac.api=ALL-UNNAMED --add-exports=jdk.compiler/com.sun.tools.javac.util=ALL-UNNAMED --add-opens=java.base/java.util=ALL-UNNAMED --add-opens=java.prefs/java.util.prefs=ALL-UNNAMED --add-opens=java.base/java.nio.charset=ALL-UNNAMED --add-opens=java.base/java.net=ALL-UNNAMED --add-opens=java.base/java.util.concurrent=ALL-UNNAMED --add-opens=java.base/java.util.concurrent.atomic=ALL-UNNAMED --add-opens=java.xml/javax.xml.namespace=ALL-UNNAMED --add-opens=java.base/java.time=ALL-UNNAMED -XX:MaxMetaspaceSize=384m -XX:+HeapDumpOnOutOfMemoryError -Xms256m -Xmx512m -Dfile.encoding=UTF-8 -Duser.country=RU -Duser.language=ru -Duser.variant -javaagent:C:\Users\ibraa\.gradle\wrapper\dists\gradle-9.3.0-bin\79n14ral3mx1ozqr3csh2u872\gradle-9.3.0\lib\agents\gradle-instrumentation-agent-9.3.0.jar org.gradle.launcher.daemon.bootstrap.GradleDaemon 9.3.0

Host: AMD Ryzen 5 3500U with Radeon Vega Mobile Gfx  , 8 cores, 6G,  Windows 11 , 64 bit Build 26100 (10.0.26100.8328)
Time: Fri May 15 14:10:49 2026 elapsed time: 9.462086 seconds (0d 0h 0m 9s)

---------------  T H R E A D  ---------------

Current thread (0x000002247efd7090):  JavaThread "C2 CompilerThread0" daemon [_thread_in_native, id=21684, stack(0x00000092ea100000,0x00000092ea200000) (1024K)]


Current CompileTask:
C2:9462 3748  s!   4       jdk.internal.loader.URLClassPath::getLoader (194 bytes)

Stack: [0x00000092ea100000,0x00000092ea200000]
Native frames: (J=compiled Java code, j=interpreted, Vv=VM code, C=native code)
V  [jvm.dll+0x6e1729]
V  [jvm.dll+0x8bf47b]
V  [jvm.dll+0x8c19aa]
V  [jvm.dll+0x8c2083]
V  [jvm.dll+0x289fd6]
V  [jvm.dll+0xc903d]
V  [jvm.dll+0xc958c]
V  [jvm.dll+0x3c771c]
V  [jvm.dll+0x393f22]
V  [jvm.dll+0x39337a]
V  [jvm.dll+0x251c60]
V  [jvm.dll+0x251283]
V  [jvm.dll+0x1d18bf]
V  [jvm.dll+0x260f4a]
V  [jvm.dll+0x25f2b5]
V  [jvm.dll+0x40151d]
V  [jvm.dll+0x86975d]
V  [jvm.dll+0x6dff2d]
C  [ucrtbase.dll+0x37b0]
C  [KERNEL32.DLL+0x2e957]
C  [ntdll.dll+0x427c]


---------------  P R O C E S S  ---------------

Threads class SMR info:
_java_thread_list=0x000002241c6be2a0, length=33, elements={
0x00000224640ed620, 0x000002247efb8a20, 0x000002247efbf490, 0x000002247efc2690,
0x000002247efc3210, 0x000002247efc4350, 0x000002247efd22e0, 0x000002247efd7090,
0x000002247efeac40, 0x000002247f0bfad0, 0x000002247f215100, 0x000002241a313930,
0x000002241a4a54c0, 0x000002247fb32250, 0x000002247f7501c0, 0x000002247f750820,
0x000002247f4c0780, 0x000002247f4c0de0, 0x000002241a3f3790, 0x000002241a3f44b0,
0x000002241a3f16c0, 0x000002241a3f23e0, 0x000002241a3f1030, 0x000002241a3f1d50,
0x000002241a3f2a70, 0x000002241a3f3100, 0x000002241a3f3e20, 0x000002241b519aa0,
0x000002241b518060, 0x000002241b51ae50, 0x000002241b51a130, 0x000002241b51a7c0,
0x000002241bc3f650
}

Java Threads: ( => current thread )
  0x00000224640ed620 JavaThread "main"                              [_thread_blocked, id=22008, stack(0x00000092e9300000,0x00000092e9400000) (1024K)]
  0x000002247efb8a20 JavaThread "Reference Handler"          daemon [_thread_blocked, id=9896, stack(0x00000092e9b00000,0x00000092e9c00000) (1024K)]
  0x000002247efbf490 JavaThread "Finalizer"                  daemon [_thread_blocked, id=11148, stack(0x00000092e9c00000,0x00000092e9d00000) (1024K)]
  0x000002247efc2690 JavaThread "Signal Dispatcher"          daemon [_thread_blocked, id=1276, stack(0x00000092e9d00000,0x00000092e9e00000) (1024K)]
  0x000002247efc3210 JavaThread "Attach Listener"            daemon [_thread_blocked, id=19972, stack(0x00000092e9e00000,0x00000092e9f00000) (1024K)]
  0x000002247efc4350 JavaThread "Service Thread"             daemon [_thread_blocked, id=22516, stack(0x00000092e9f00000,0x00000092ea000000) (1024K)]
  0x000002247efd22e0 JavaThread "Monitor Deflation Thread"   daemon [_thread_blocked, id=19832, stack(0x00000092ea000000,0x00000092ea100000) (1024K)]
=>0x000002247efd7090 JavaThread "C2 CompilerThread0"         daemon [_thread_in_native, id=21684, stack(0x00000092ea100000,0x00000092ea200000) (1024K)]
  0x000002247efeac40 JavaThread "C1 CompilerThread0"         daemon [_thread_blocked, id=18100, stack(0x00000092ea200000,0x00000092ea300000) (1024K)]
  0x000002247f0bfad0 JavaThread "Common-Cleaner"             daemon [_thread_blocked, id=20272, stack(0x00000092ea300000,0x00000092ea400000) (1024K)]
  0x000002247f215100 JavaThread "Notification Thread"        daemon [_thread_blocked, id=20276, stack(0x00000092ea400000,0x00000092ea500000) (1024K)]
  0x000002241a313930 JavaThread "Daemon health stats"               [_thread_blocked, id=2344, stack(0x00000092eab00000,0x00000092eac00000) (1024K)]
  0x000002241a4a54c0 JavaThread "Incoming local TCP Connector on port 64485"        [_thread_in_native, id=20320, stack(0x00000092eac00000,0x00000092ead00000) (1024K)]
  0x000002247fb32250 JavaThread "Daemon periodic checks"            [_thread_blocked, id=13240, stack(0x00000092ead00000,0x00000092eae00000) (1024K)]
  0x000002247f7501c0 JavaThread "Daemon"                            [_thread_blocked, id=18148, stack(0x00000092eae00000,0x00000092eaf00000) (1024K)]
  0x000002247f750820 JavaThread "Handler for socket connection from /127.0.0.1:64485 to /127.0.0.1:64486"        [_thread_in_native, id=19172, stack(0x00000092eaf00000,0x00000092eb000000) (1024K)]
  0x000002247f4c0780 JavaThread "Cancel handler"                    [_thread_blocked, id=21736, stack(0x00000092eb000000,0x00000092eb100000) (1024K)]
  0x000002247f4c0de0 JavaThread "Daemon worker"                     [_thread_in_vm, id=6868, stack(0x00000092eb100000,0x00000092eb200000) (1024K)]
  0x000002241a3f3790 JavaThread "Asynchronous log dispatcher for DefaultDaemonConnection: socket connection from /127.0.0.1:64485 to /127.0.0.1:64486"        [_thread_blocked, id=10804, stack(0x00000092eb200000,0x00000092eb300000) (1024K)]
  0x000002241a3f44b0 JavaThread "Stdin handler"                     [_thread_blocked, id=22212, stack(0x00000092eb300000,0x00000092eb400000) (1024K)]
  0x000002241a3f16c0 JavaThread "Daemon client event forwarder"        [_thread_blocked, id=19448, stack(0x00000092eb400000,0x00000092eb500000) (1024K)]
  0x000002241a3f23e0 JavaThread "Cache worker for journal cache (C:\Users\ibraa\.gradle\caches\journal-1)"        [_thread_blocked, id=8972, stack(0x00000092eb500000,0x00000092eb600000) (1024K)]
  0x000002241a3f1030 JavaThread "File lock request listener"        [_thread_in_native, id=14408, stack(0x00000092eb600000,0x00000092eb700000) (1024K)]
  0x000002241a3f1d50 JavaThread "Cache worker for file hash cache (C:\Users\ibraa\.gradle\caches\9.3.0\fileHashes)"        [_thread_blocked, id=22184, stack(0x00000092eb700000,0x00000092eb800000) (1024K)]
  0x000002241a3f2a70 JavaThread "Cache worker for file hash cache (C:\Users\ibraa\project\blps_mts_service\mts_service\.gradle\9.3.0\fileHashes)"        [_thread_blocked, id=10724, stack(0x00000092ebc00000,0x00000092ebd00000) (1024K)]
  0x000002241a3f3100 JavaThread "Cache worker for Build Output Cleanup Cache (C:\Users\ibraa\project\blps_mts_service\mts_service\.gradle\buildOutputCleanup)"        [_thread_blocked, id=9836, stack(0x00000092ebd00000,0x00000092ebe00000) (1024K)]
  0x000002241a3f3e20 JavaThread "File watcher server"        daemon [_thread_in_native, id=9692, stack(0x00000092ebb00000,0x00000092ebc00000) (1024K)]
  0x000002241b519aa0 JavaThread "File watcher consumer"      daemon [_thread_blocked, id=21488, stack(0x00000092ebe00000,0x00000092ebf00000) (1024K)]
  0x000002241b518060 JavaThread "Cache worker for checksums cache (C:\Users\ibraa\project\blps_mts_service\mts_service\.gradle\9.3.0\checksums)"        [_thread_blocked, id=14356, stack(0x00000092ebf00000,0x00000092ec000000) (1024K)]
  0x000002241b51ae50 JavaThread "Cache worker for file content cache (C:\Users\ibraa\.gradle\caches\9.3.0\fileContent)"        [_thread_blocked, id=3812, stack(0x00000092ec000000,0x00000092ec100000) (1024K)]
  0x000002241b51a130 JavaThread "Cache worker for cache directory md-supplier (C:\Users\ibraa\.gradle\caches\9.3.0\md-supplier)"        [_thread_blocked, id=10632, stack(0x00000092ec100000,0x00000092ec200000) (1024K)]
  0x000002241b51a7c0 JavaThread "Cache worker for cache directory md-rule (C:\Users\ibraa\.gradle\caches\9.3.0\md-rule)"        [_thread_blocked, id=21336, stack(0x00000092ec200000,0x00000092ec300000) (1024K)]
  0x000002241bc3f650 JavaThread "C2 CompilerThread1"         daemon [_thread_blocked, id=21516, stack(0x00000092eba00000,0x00000092ebb00000) (1024K)]
Total: 33

Other Threads:
  0x000002247efa2a90 VMThread "VM Thread"                           [id=19220, stack(0x00000092e9a00000,0x00000092e9b00000) (1024K)]
  0x000002247ef8c0a0 WatcherThread "VM Periodic Task Thread"        [id=21964, stack(0x00000092e9900000,0x00000092e9a00000) (1024K)]
  0x00000224641194a0 WorkerThread "GC Thread#0"                     [id=22180, stack(0x00000092e9400000,0x00000092e9500000) (1024K)]
  0x000002247f32b600 WorkerThread "GC Thread#1"                     [id=14236, stack(0x00000092ea600000,0x00000092ea700000) (1024K)]
  0x000002247f32b9a0 WorkerThread "GC Thread#2"                     [id=12028, stack(0x00000092ea700000,0x00000092ea800000) (1024K)]
  0x000002247f32bd40 WorkerThread "GC Thread#3"                     [id=13028, stack(0x00000092ea800000,0x00000092ea900000) (1024K)]
  0x000002247f46b140 WorkerThread "GC Thread#4"                     [id=14484, stack(0x00000092ea900000,0x00000092eaa00000) (1024K)]
  0x000002247f46b4e0 WorkerThread "GC Thread#5"                     [id=18040, stack(0x00000092eaa00000,0x00000092eab00000) (1024K)]
  0x000002241ba62fe0 WorkerThread "GC Thread#6"                     [id=5780, stack(0x00000092ea500000,0x00000092ea600000) (1024K)]
  0x000002241b5da300 WorkerThread "GC Thread#7"                     [id=20168, stack(0x00000092eb800000,0x00000092eb900000) (1024K)]
  0x000002246411e3a0 ConcurrentGCThread "G1 Main Marker"            [id=22416, stack(0x00000092e9500000,0x00000092e9600000) (1024K)]
  0x0000022464120bd0 WorkerThread "G1 Conc#0"                       [id=5064, stack(0x00000092e9600000,0x00000092e9700000) (1024K)]
  0x000002241b5d9f60 WorkerThread "G1 Conc#1"                       [id=20948, stack(0x00000092eb900000,0x00000092eba00000) (1024K)]
  0x000002247ee662a0 ConcurrentGCThread "G1 Refine#0"               [id=8884, stack(0x00000092e9700000,0x00000092e9800000) (1024K)]
  0x000002247ee686e0 ConcurrentGCThread "G1 Service"                [id=16344, stack(0x00000092e9800000,0x00000092e9900000) (1024K)]
Total: 15

Threads with active compile tasks:
C2 CompilerThread0  9554 3748  s!   4       jdk.internal.loader.URLClassPath::getLoader (194 bytes)
C1 CompilerThread0  9554 3759       3       java.net.URI::hash (33 bytes)
Total: 2

VM state: not at safepoint (normal execution)

VM Mutex/Monitor currently owned by a thread: None

Heap address: 0x00000000e0000000, size: 512 MB, Compressed Oops mode: 32-bit

CDS archive(s) mapped at: [0x0000022400000000-0x0000022400c80000-0x0000022400c80000), size 13107200, SharedBaseAddress: 0x0000022400000000, ArchiveRelocationMode: 1.
Compressed class space mapped at: 0x0000022401000000-0x0000022415000000, reserved size: 335544320
Narrow klass base: 0x0000022400000000, Narrow klass shift: 0, Narrow klass range: 0x100000000

GC Precious Log:
 CardTable entry size: 512
 Card Set container configuration: InlinePtr #cards 5 size 8 Array Of Cards #cards 12 size 40 Howl #buckets 4 coarsen threshold 1843 Howl Bitmap #cards 512 size 80 coarsen threshold 460 Card regions per heap region 1 cards per card region 2048
 CPUs: 8 total, 8 available
 Memory: 7103M
 Large Page Support: Disabled
 NUMA Support: Disabled
 Compressed Oops: Enabled (32-bit)
 Heap Region Size: 1M
 Heap Min Capacity: 256M
 Heap Initial Capacity: 256M
 Heap Max Capacity: 512M
 Pre-touch: Disabled
 Parallel Workers: 8
 Concurrent Workers: 2
 Concurrent Refinement Workers: 8
 Periodic GC: Disabled

Heap:
 garbage-first heap   total 262144K, used 125577K [0x00000000e0000000, 0x0000000100000000)
  region size 1024K, 118 young (120832K), 17 survivors (17408K)
 Metaspace       used 34003K, committed 35328K, reserved 393216K
  class space    used 4881K, committed 5504K, reserved 327680K

Heap Regions: E=young(eden), S=young(survivor), O=old, HS=humongous(starts), HC=humongous(continues), CS=collection set, F=free, TAMS=top-at-mark-start, PB=parsable bottom
|   0|0x00000000e0000000, 0x00000000e0100000, 0x00000000e0100000|100%|HS|  |TAMS 0x00000000e0000000| PB 0x00000000e0000000| Complete 
|   1|0x00000000e0100000, 0x00000000e0200000, 0x00000000e0200000|100%|HC|  |TAMS 0x00000000e0100000| PB 0x00000000e0100000| Complete 
|   2|0x00000000e0200000, 0x00000000e0300000, 0x00000000e0300000|100%|HC|  |TAMS 0x00000000e0200000| PB 0x00000000e0200000| Complete 
|   3|0x00000000e0300000, 0x00000000e0400000, 0x00000000e0400000|100%|HC|  |TAMS 0x00000000e0300000| PB 0x00000000e0300000| Complete 
|   4|0x00000000e0400000, 0x00000000e0500000, 0x00000000e0500000|100%| O|  |TAMS 0x00000000e0400000| PB 0x00000000e0400000| Untracked 
|   5|0x00000000e0500000, 0x00000000e0600000, 0x00000000e0600000|100%| O|  |TAMS 0x00000000e0500000| PB 0x00000000e0500000| Untracked 
|   6|0x00000000e0600000, 0x00000000e064fd90, 0x00000000e0700000| 31%| O|  |TAMS 0x00000000e0600000| PB 0x00000000e0600000| Untracked 
|   7|0x00000000e0700000, 0x00000000e0800000, 0x00000000e0800000|100%|HS|  |TAMS 0x00000000e0700000| PB 0x00000000e0700000| Complete 
|   8|0x00000000e0800000, 0x00000000e0800000, 0x00000000e0900000|  0%| F|  |TAMS 0x00000000e0800000| PB 0x00000000e0800000| Untracked 
|   9|0x00000000e0900000, 0x00000000e0900000, 0x00000000e0a00000|  0%| F|  |TAMS 0x00000000e0900000| PB 0x00000000e0900000| Untracked 
|  10|0x00000000e0a00000, 0x00000000e0a00000, 0x00000000e0b00000|  0%| F|  |TAMS 0x00000000e0a00000| PB 0x00000000e0a00000| Untracked 
|  11|0x00000000e0b00000, 0x00000000e0b00000, 0x00000000e0c00000|  0%| F|  |TAMS 0x00000000e0b00000| PB 0x00000000e0b00000| Untracked 
|  12|0x00000000e0c00000, 0x00000000e0c00000, 0x00000000e0d00000|  0%| F|  |TAMS 0x00000000e0c00000| PB 0x00000000e0c00000| Untracked 
|  13|0x00000000e0d00000, 0x00000000e0d00000, 0x00000000e0e00000|  0%| F|  |TAMS 0x00000000e0d00000| PB 0x00000000e0d00000| Untracked 
|  14|0x00000000e0e00000, 0x00000000e0e00000, 0x00000000e0f00000|  0%| F|  |TAMS 0x00000000e0e00000| PB 0x00000000e0e00000| Untracked 
|  15|0x00000000e0f00000, 0x00000000e0f00000, 0x00000000e1000000|  0%| F|  |TAMS 0x00000000e0f00000| PB 0x00000000e0f00000| Untracked 
|  16|0x00000000e1000000, 0x00000000e1000000, 0x00000000e1100000|  0%| F|  |TAMS 0x00000000e1000000| PB 0x00000000e1000000| Untracked 
|  17|0x00000000e1100000, 0x00000000e1100000, 0x00000000e1200000|  0%| F|  |TAMS 0x00000000e1100000| PB 0x00000000e1100000| Untracked 
|  18|0x00000000e1200000, 0x00000000e1200000, 0x00000000e1300000|  0%| F|  |TAMS 0x00000000e1200000| PB 0x00000000e1200000| Untracked 
|  19|0x00000000e1300000, 0x00000000e1300000, 0x00000000e1400000|  0%| F|  |TAMS 0x00000000e1300000| PB 0x00000000e1300000| Untracked 
|  20|0x00000000e1400000, 0x00000000e1400000, 0x00000000e1500000|  0%| F|  |TAMS 0x00000000e1400000| PB 0x00000000e1400000| Untracked 
|  21|0x00000000e1500000, 0x00000000e1500000, 0x00000000e1600000|  0%| F|  |TAMS 0x00000000e1500000| PB 0x00000000e1500000| Untracked 
|  22|0x00000000e1600000, 0x00000000e1600000, 0x00000000e1700000|  0%| F|  |TAMS 0x00000000e1600000| PB 0x00000000e1600000| Untracked 
|  23|0x00000000e1700000, 0x00000000e1700000, 0x00000000e1800000|  0%| F|  |TAMS 0x00000000e1700000| PB 0x00000000e1700000| Untracked 
|  24|0x00000000e1800000, 0x00000000e1800000, 0x00000000e1900000|  0%| F|  |TAMS 0x00000000e1800000| PB 0x00000000e1800000| Untracked 
|  25|0x00000000e1900000, 0x00000000e1900000, 0x00000000e1a00000|  0%| F|  |TAMS 0x00000000e1900000| PB 0x00000000e1900000| Untracked 
|  26|0x00000000e1a00000, 0x00000000e1a00000, 0x00000000e1b00000|  0%| F|  |TAMS 0x00000000e1a00000| PB 0x00000000e1a00000| Untracked 
|  27|0x00000000e1b00000, 0x00000000e1b00000, 0x00000000e1c00000|  0%| F|  |TAMS 0x00000000e1b00000| PB 0x00000000e1b00000| Untracked 
|  28|0x00000000e1c00000, 0x00000000e1c00000, 0x00000000e1d00000|  0%| F|  |TAMS 0x00000000e1c00000| PB 0x00000000e1c00000| Untracked 
|  29|0x00000000e1d00000, 0x00000000e1d00000, 0x00000000e1e00000|  0%| F|  |TAMS 0x00000000e1d00000| PB 0x00000000e1d00000| Untracked 
|  30|0x00000000e1e00000, 0x00000000e1e00000, 0x00000000e1f00000|  0%| F|  |TAMS 0x00000000e1e00000| PB 0x00000000e1e00000| Untracked 
|  31|0x00000000e1f00000, 0x00000000e1f00000, 0x00000000e2000000|  0%| F|  |TAMS 0x00000000e1f00000| PB 0x00000000e1f00000| Untracked 
|  32|0x00000000e2000000, 0x00000000e2000000, 0x00000000e2100000|  0%| F|  |TAMS 0x00000000e2000000| PB 0x00000000e2000000| Untracked 
|  33|0x00000000e2100000, 0x00000000e2100000, 0x00000000e2200000|  0%| F|  |TAMS 0x00000000e2100000| PB 0x00000000e2100000| Untracked 
|  34|0x00000000e2200000, 0x00000000e2200000, 0x00000000e2300000|  0%| F|  |TAMS 0x00000000e2200000| PB 0x00000000e2200000| Untracked 
|  35|0x00000000e2300000, 0x00000000e2300000, 0x00000000e2400000|  0%| F|  |TAMS 0x00000000e2300000| PB 0x00000000e2300000| Untracked 
|  36|0x00000000e2400000, 0x00000000e2400000, 0x00000000e2500000|  0%| F|  |TAMS 0x00000000e2400000| PB 0x00000000e2400000| Untracked 
|  37|0x00000000e2500000, 0x00000000e2500000, 0x00000000e2600000|  0%| F|  |TAMS 0x00000000e2500000| PB 0x00000000e2500000| Untracked 
|  38|0x00000000e2600000, 0x00000000e2600000, 0x00000000e2700000|  0%| F|  |TAMS 0x00000000e2600000| PB 0x00000000e2600000| Untracked 
|  39|0x00000000e2700000, 0x00000000e2700000, 0x00000000e2800000|  0%| F|  |TAMS 0x00000000e2700000| PB 0x00000000e2700000| Untracked 
|  40|0x00000000e2800000, 0x00000000e2800000, 0x00000000e2900000|  0%| F|  |TAMS 0x00000000e2800000| PB 0x00000000e2800000| Untracked 
|  41|0x00000000e2900000, 0x00000000e2900000, 0x00000000e2a00000|  0%| F|  |TAMS 0x00000000e2900000| PB 0x00000000e2900000| Untracked 
|  42|0x00000000e2a00000, 0x00000000e2a00000, 0x00000000e2b00000|  0%| F|  |TAMS 0x00000000e2a00000| PB 0x00000000e2a00000| Untracked 
|  43|0x00000000e2b00000, 0x00000000e2b00000, 0x00000000e2c00000|  0%| F|  |TAMS 0x00000000e2b00000| PB 0x00000000e2b00000| Untracked 
|  44|0x00000000e2c00000, 0x00000000e2c00000, 0x00000000e2d00000|  0%| F|  |TAMS 0x00000000e2c00000| PB 0x00000000e2c00000| Untracked 
|  45|0x00000000e2d00000, 0x00000000e2d00000, 0x00000000e2e00000|  0%| F|  |TAMS 0x00000000e2d00000| PB 0x00000000e2d00000| Untracked 
|  46|0x00000000e2e00000, 0x00000000e2e00000, 0x00000000e2f00000|  0%| F|  |TAMS 0x00000000e2e00000| PB 0x00000000e2e00000| Untracked 
|  47|0x00000000e2f00000, 0x00000000e2f00000, 0x00000000e3000000|  0%| F|  |TAMS 0x00000000e2f00000| PB 0x00000000e2f00000| Untracked 
|  48|0x00000000e3000000, 0x00000000e3000000, 0x00000000e3100000|  0%| F|  |TAMS 0x00000000e3000000| PB 0x00000000e3000000| Untracked 
|  49|0x00000000e3100000, 0x00000000e3100000, 0x00000000e3200000|  0%| F|  |TAMS 0x00000000e3100000| PB 0x00000000e3100000| Untracked 
|  50|0x00000000e3200000, 0x00000000e3200000, 0x00000000e3300000|  0%| F|  |TAMS 0x00000000e3200000| PB 0x00000000e3200000| Untracked 
|  51|0x00000000e3300000, 0x00000000e3300000, 0x00000000e3400000|  0%| F|  |TAMS 0x00000000e3300000| PB 0x00000000e3300000| Untracked 
|  52|0x00000000e3400000, 0x00000000e3400000, 0x00000000e3500000|  0%| F|  |TAMS 0x00000000e3400000| PB 0x00000000e3400000| Untracked 
|  53|0x00000000e3500000, 0x00000000e3500000, 0x00000000e3600000|  0%| F|  |TAMS 0x00000000e3500000| PB 0x00000000e3500000| Untracked 
|  54|0x00000000e3600000, 0x00000000e3600000, 0x00000000e3700000|  0%| F|  |TAMS 0x00000000e3600000| PB 0x00000000e3600000| Untracked 
|  55|0x00000000e3700000, 0x00000000e3700000, 0x00000000e3800000|  0%| F|  |TAMS 0x00000000e3700000| PB 0x00000000e3700000| Untracked 
|  56|0x00000000e3800000, 0x00000000e3800000, 0x00000000e3900000|  0%| F|  |TAMS 0x00000000e3800000| PB 0x00000000e3800000| Untracked 
|  57|0x00000000e3900000, 0x00000000e3900000, 0x00000000e3a00000|  0%| F|  |TAMS 0x00000000e3900000| PB 0x00000000e3900000| Untracked 
|  58|0x00000000e3a00000, 0x00000000e3a00000, 0x00000000e3b00000|  0%| F|  |TAMS 0x00000000e3a00000| PB 0x00000000e3a00000| Untracked 
|  59|0x00000000e3b00000, 0x00000000e3b00000, 0x00000000e3c00000|  0%| F|  |TAMS 0x00000000e3b00000| PB 0x00000000e3b00000| Untracked 
|  60|0x00000000e3c00000, 0x00000000e3c00000, 0x00000000e3d00000|  0%| F|  |TAMS 0x00000000e3c00000| PB 0x00000000e3c00000| Untracked 
|  61|0x00000000e3d00000, 0x00000000e3d00000, 0x00000000e3e00000|  0%| F|  |TAMS 0x00000000e3d00000| PB 0x00000000e3d00000| Untracked 
|  62|0x00000000e3e00000, 0x00000000e3e00000, 0x00000000e3f00000|  0%| F|  |TAMS 0x00000000e3e00000| PB 0x00000000e3e00000| Untracked 
|  63|0x00000000e3f00000, 0x00000000e3f00000, 0x00000000e4000000|  0%| F|  |TAMS 0x00000000e3f00000| PB 0x00000000e3f00000| Untracked 
|  64|0x00000000e4000000, 0x00000000e4000000, 0x00000000e4100000|  0%| F|  |TAMS 0x00000000e4000000| PB 0x00000000e4000000| Untracked 
|  65|0x00000000e4100000, 0x00000000e4100000, 0x00000000e4200000|  0%| F|  |TAMS 0x00000000e4100000| PB 0x00000000e4100000| Untracked 
|  66|0x00000000e4200000, 0x00000000e4200000, 0x00000000e4300000|  0%| F|  |TAMS 0x00000000e4200000| PB 0x00000000e4200000| Untracked 
|  67|0x00000000e4300000, 0x00000000e4300000, 0x00000000e4400000|  0%| F|  |TAMS 0x00000000e4300000| PB 0x00000000e4300000| Untracked 
|  68|0x00000000e4400000, 0x00000000e4400000, 0x00000000e4500000|  0%| F|  |TAMS 0x00000000e4400000| PB 0x00000000e4400000| Untracked 
|  69|0x00000000e4500000, 0x00000000e4500000, 0x00000000e4600000|  0%| F|  |TAMS 0x00000000e4500000| PB 0x00000000e4500000| Untracked 
|  70|0x00000000e4600000, 0x00000000e4600000, 0x00000000e4700000|  0%| F|  |TAMS 0x00000000e4600000| PB 0x00000000e4600000| Untracked 
|  71|0x00000000e4700000, 0x00000000e4700000, 0x00000000e4800000|  0%| F|  |TAMS 0x00000000e4700000| PB 0x00000000e4700000| Untracked 
|  72|0x00000000e4800000, 0x00000000e4800000, 0x00000000e4900000|  0%| F|  |TAMS 0x00000000e4800000| PB 0x00000000e4800000| Untracked 
|  73|0x00000000e4900000, 0x00000000e4900000, 0x00000000e4a00000|  0%| F|  |TAMS 0x00000000e4900000| PB 0x00000000e4900000| Untracked 
|  74|0x00000000e4a00000, 0x00000000e4a00000, 0x00000000e4b00000|  0%| F|  |TAMS 0x00000000e4a00000| PB 0x00000000e4a00000| Untracked 
|  75|0x00000000e4b00000, 0x00000000e4b00000, 0x00000000e4c00000|  0%| F|  |TAMS 0x00000000e4b00000| PB 0x00000000e4b00000| Untracked 
|  76|0x00000000e4c00000, 0x00000000e4c00000, 0x00000000e4d00000|  0%| F|  |TAMS 0x00000000e4c00000| PB 0x00000000e4c00000| Untracked 
|  77|0x00000000e4d00000, 0x00000000e4d00000, 0x00000000e4e00000|  0%| F|  |TAMS 0x00000000e4d00000| PB 0x00000000e4d00000| Untracked 
|  78|0x00000000e4e00000, 0x00000000e4e00000, 0x00000000e4f00000|  0%| F|  |TAMS 0x00000000e4e00000| PB 0x00000000e4e00000| Untracked 
|  79|0x00000000e4f00000, 0x00000000e4f00000, 0x00000000e5000000|  0%| F|  |TAMS 0x00000000e4f00000| PB 0x00000000e4f00000| Untracked 
|  80|0x00000000e5000000, 0x00000000e5000000, 0x00000000e5100000|  0%| F|  |TAMS 0x00000000e5000000| PB 0x00000000e5000000| Untracked 
|  81|0x00000000e5100000, 0x00000000e5100000, 0x00000000e5200000|  0%| F|  |TAMS 0x00000000e5100000| PB 0x00000000e5100000| Untracked 
|  82|0x00000000e5200000, 0x00000000e5200000, 0x00000000e5300000|  0%| F|  |TAMS 0x00000000e5200000| PB 0x00000000e5200000| Untracked 
|  83|0x00000000e5300000, 0x00000000e5300000, 0x00000000e5400000|  0%| F|  |TAMS 0x00000000e5300000| PB 0x00000000e5300000| Untracked 
|  84|0x00000000e5400000, 0x00000000e5400000, 0x00000000e5500000|  0%| F|  |TAMS 0x00000000e5400000| PB 0x00000000e5400000| Untracked 
|  85|0x00000000e5500000, 0x00000000e5500000, 0x00000000e5600000|  0%| F|  |TAMS 0x00000000e5500000| PB 0x00000000e5500000| Untracked 
|  86|0x00000000e5600000, 0x00000000e5600000, 0x00000000e5700000|  0%| F|  |TAMS 0x00000000e5600000| PB 0x00000000e5600000| Untracked 
|  87|0x00000000e5700000, 0x00000000e5700000, 0x00000000e5800000|  0%| F|  |TAMS 0x00000000e5700000| PB 0x00000000e5700000| Untracked 
|  88|0x00000000e5800000, 0x00000000e5800000, 0x00000000e5900000|  0%| F|  |TAMS 0x00000000e5800000| PB 0x00000000e5800000| Untracked 
|  89|0x00000000e5900000, 0x00000000e5900000, 0x00000000e5a00000|  0%| F|  |TAMS 0x00000000e5900000| PB 0x00000000e5900000| Untracked 
|  90|0x00000000e5a00000, 0x00000000e5a00000, 0x00000000e5b00000|  0%| F|  |TAMS 0x00000000e5a00000| PB 0x00000000e5a00000| Untracked 
|  91|0x00000000e5b00000, 0x00000000e5b00000, 0x00000000e5c00000|  0%| F|  |TAMS 0x00000000e5b00000| PB 0x00000000e5b00000| Untracked 
|  92|0x00000000e5c00000, 0x00000000e5c00000, 0x00000000e5d00000|  0%| F|  |TAMS 0x00000000e5c00000| PB 0x00000000e5c00000| Untracked 
|  93|0x00000000e5d00000, 0x00000000e5d00000, 0x00000000e5e00000|  0%| F|  |TAMS 0x00000000e5d00000| PB 0x00000000e5d00000| Untracked 
|  94|0x00000000e5e00000, 0x00000000e5e00000, 0x00000000e5f00000|  0%| F|  |TAMS 0x00000000e5e00000| PB 0x00000000e5e00000| Untracked 
|  95|0x00000000e5f00000, 0x00000000e5f00000, 0x00000000e6000000|  0%| F|  |TAMS 0x00000000e5f00000| PB 0x00000000e5f00000| Untracked 
|  96|0x00000000e6000000, 0x00000000e6000000, 0x00000000e6100000|  0%| F|  |TAMS 0x00000000e6000000| PB 0x00000000e6000000| Untracked 
|  97|0x00000000e6100000, 0x00000000e6100000, 0x00000000e6200000|  0%| F|  |TAMS 0x00000000e6100000| PB 0x00000000e6100000| Untracked 
|  98|0x00000000e6200000, 0x00000000e6200000, 0x00000000e6300000|  0%| F|  |TAMS 0x00000000e6200000| PB 0x00000000e6200000| Untracked 
|  99|0x00000000e6300000, 0x00000000e6352860, 0x00000000e6400000| 32%| S|CS|TAMS 0x00000000e6300000| PB 0x00000000e6300000| Complete 
| 100|0x00000000e6400000, 0x00000000e6500000, 0x00000000e6500000|100%| S|CS|TAMS 0x00000000e6400000| PB 0x00000000e6400000| Complete 
| 101|0x00000000e6500000, 0x00000000e6600000, 0x00000000e6600000|100%| S|CS|TAMS 0x00000000e6500000| PB 0x00000000e6500000| Complete 
| 102|0x00000000e6600000, 0x00000000e6700000, 0x00000000e6700000|100%| S|CS|TAMS 0x00000000e6600000| PB 0x00000000e6600000| Complete 
| 103|0x00000000e6700000, 0x00000000e6800000, 0x00000000e6800000|100%| S|CS|TAMS 0x00000000e6700000| PB 0x00000000e6700000| Complete 
| 104|0x00000000e6800000, 0x00000000e6900000, 0x00000000e6900000|100%| S|CS|TAMS 0x00000000e6800000| PB 0x00000000e6800000| Complete 
| 105|0x00000000e6900000, 0x00000000e6a00000, 0x00000000e6a00000|100%| S|CS|TAMS 0x00000000e6900000| PB 0x00000000e6900000| Complete 
| 106|0x00000000e6a00000, 0x00000000e6b00000, 0x00000000e6b00000|100%| S|CS|TAMS 0x00000000e6a00000| PB 0x00000000e6a00000| Complete 
| 107|0x00000000e6b00000, 0x00000000e6c00000, 0x00000000e6c00000|100%| S|CS|TAMS 0x00000000e6b00000| PB 0x00000000e6b00000| Complete 
| 108|0x00000000e6c00000, 0x00000000e6d00000, 0x00000000e6d00000|100%| S|CS|TAMS 0x00000000e6c00000| PB 0x00000000e6c00000| Complete 
| 109|0x00000000e6d00000, 0x00000000e6e00000, 0x00000000e6e00000|100%| S|CS|TAMS 0x00000000e6d00000| PB 0x00000000e6d00000| Complete 
| 110|0x00000000e6e00000, 0x00000000e6f00000, 0x00000000e6f00000|100%| S|CS|TAMS 0x00000000e6e00000| PB 0x00000000e6e00000| Complete 
| 111|0x00000000e6f00000, 0x00000000e7000000, 0x00000000e7000000|100%| S|CS|TAMS 0x00000000e6f00000| PB 0x00000000e6f00000| Complete 
| 112|0x00000000e7000000, 0x00000000e7100000, 0x00000000e7100000|100%| S|CS|TAMS 0x00000000e7000000| PB 0x00000000e7000000| Complete 
| 113|0x00000000e7100000, 0x00000000e7200000, 0x00000000e7200000|100%| S|CS|TAMS 0x00000000e7100000| PB 0x00000000e7100000| Complete 
| 114|0x00000000e7200000, 0x00000000e7300000, 0x00000000e7300000|100%| S|CS|TAMS 0x00000000e7200000| PB 0x00000000e7200000| Complete 
| 115|0x00000000e7300000, 0x00000000e7400000, 0x00000000e7400000|100%| S|CS|TAMS 0x00000000e7300000| PB 0x00000000e7300000| Complete 
| 116|0x00000000e7400000, 0x00000000e7400000, 0x00000000e7500000|  0%| F|  |TAMS 0x00000000e7400000| PB 0x00000000e7400000| Untracked 
| 117|0x00000000e7500000, 0x00000000e7500000, 0x00000000e7600000|  0%| F|  |TAMS 0x00000000e7500000| PB 0x00000000e7500000| Untracked 
| 118|0x00000000e7600000, 0x00000000e7600000, 0x00000000e7700000|  0%| F|  |TAMS 0x00000000e7600000| PB 0x00000000e7600000| Untracked 
| 119|0x00000000e7700000, 0x00000000e7700000, 0x00000000e7800000|  0%| F|  |TAMS 0x00000000e7700000| PB 0x00000000e7700000| Untracked 
| 120|0x00000000e7800000, 0x00000000e7800000, 0x00000000e7900000|  0%| F|  |TAMS 0x00000000e7800000| PB 0x00000000e7800000| Untracked 
| 121|0x00000000e7900000, 0x00000000e7900000, 0x00000000e7a00000|  0%| F|  |TAMS 0x00000000e7900000| PB 0x00000000e7900000| Untracked 
| 122|0x00000000e7a00000, 0x00000000e7a00000, 0x00000000e7b00000|  0%| F|  |TAMS 0x00000000e7a00000| PB 0x00000000e7a00000| Untracked 
| 123|0x00000000e7b00000, 0x00000000e7b00000, 0x00000000e7c00000|  0%| F|  |TAMS 0x00000000e7b00000| PB 0x00000000e7b00000| Untracked 
| 124|0x00000000e7c00000, 0x00000000e7c00000, 0x00000000e7d00000|  0%| F|  |TAMS 0x00000000e7c00000| PB 0x00000000e7c00000| Untracked 
| 125|0x00000000e7d00000, 0x00000000e7d00000, 0x00000000e7e00000|  0%| F|  |TAMS 0x00000000e7d00000| PB 0x00000000e7d00000| Untracked 
| 126|0x00000000e7e00000, 0x00000000e7e00000, 0x00000000e7f00000|  0%| F|  |TAMS 0x00000000e7e00000| PB 0x00000000e7e00000| Untracked 
| 127|0x00000000e7f00000, 0x00000000e7f00000, 0x00000000e8000000|  0%| F|  |TAMS 0x00000000e7f00000| PB 0x00000000e7f00000| Untracked 
| 128|0x00000000e8000000, 0x00000000e8000000, 0x00000000e8100000|  0%| F|  |TAMS 0x00000000e8000000| PB 0x00000000e8000000| Untracked 
| 129|0x00000000e8100000, 0x00000000e8100000, 0x00000000e8200000|  0%| F|  |TAMS 0x00000000e8100000| PB 0x00000000e8100000| Untracked 
| 130|0x00000000e8200000, 0x00000000e8200000, 0x00000000e8300000|  0%| F|  |TAMS 0x00000000e8200000| PB 0x00000000e8200000| Untracked 
| 131|0x00000000e8300000, 0x00000000e8300000, 0x00000000e8400000|  0%| F|  |TAMS 0x00000000e8300000| PB 0x00000000e8300000| Untracked 
| 132|0x00000000e8400000, 0x00000000e8400000, 0x00000000e8500000|  0%| F|  |TAMS 0x00000000e8400000| PB 0x00000000e8400000| Untracked 
| 133|0x00000000e8500000, 0x00000000e8500000, 0x00000000e8600000|  0%| F|  |TAMS 0x00000000e8500000| PB 0x00000000e8500000| Untracked 
| 134|0x00000000e8600000, 0x00000000e8600000, 0x00000000e8700000|  0%| F|  |TAMS 0x00000000e8600000| PB 0x00000000e8600000| Untracked 
| 135|0x00000000e8700000, 0x00000000e8700000, 0x00000000e8800000|  0%| F|  |TAMS 0x00000000e8700000| PB 0x00000000e8700000| Untracked 
| 136|0x00000000e8800000, 0x00000000e8800000, 0x00000000e8900000|  0%| F|  |TAMS 0x00000000e8800000| PB 0x00000000e8800000| Untracked 
| 137|0x00000000e8900000, 0x00000000e8900000, 0x00000000e8a00000|  0%| F|  |TAMS 0x00000000e8900000| PB 0x00000000e8900000| Untracked 
| 138|0x00000000e8a00000, 0x00000000e8a00000, 0x00000000e8b00000|  0%| F|  |TAMS 0x00000000e8a00000| PB 0x00000000e8a00000| Untracked 
| 139|0x00000000e8b00000, 0x00000000e8b00000, 0x00000000e8c00000|  0%| F|  |TAMS 0x00000000e8b00000| PB 0x00000000e8b00000| Untracked 
| 140|0x00000000e8c00000, 0x00000000e8c00000, 0x00000000e8d00000|  0%| F|  |TAMS 0x00000000e8c00000| PB 0x00000000e8c00000| Untracked 
| 141|0x00000000e8d00000, 0x00000000e8d00000, 0x00000000e8e00000|  0%| F|  |TAMS 0x00000000e8d00000| PB 0x00000000e8d00000| Untracked 
| 142|0x00000000e8e00000, 0x00000000e8e00000, 0x00000000e8f00000|  0%| F|  |TAMS 0x00000000e8e00000| PB 0x00000000e8e00000| Untracked 
| 143|0x00000000e8f00000, 0x00000000e8f00000, 0x00000000e9000000|  0%| F|  |TAMS 0x00000000e8f00000| PB 0x00000000e8f00000| Untracked 
| 144|0x00000000e9000000, 0x00000000e9000000, 0x00000000e9100000|  0%| F|  |TAMS 0x00000000e9000000| PB 0x00000000e9000000| Untracked 
| 145|0x00000000e9100000, 0x00000000e9100000, 0x00000000e9200000|  0%| F|  |TAMS 0x00000000e9100000| PB 0x00000000e9100000| Untracked 
| 146|0x00000000e9200000, 0x00000000e9200000, 0x00000000e9300000|  0%| F|  |TAMS 0x00000000e9200000| PB 0x00000000e9200000| Untracked 
| 147|0x00000000e9300000, 0x00000000e9300000, 0x00000000e9400000|  0%| F|  |TAMS 0x00000000e9300000| PB 0x00000000e9300000| Untracked 
| 148|0x00000000e9400000, 0x00000000e9400000, 0x00000000e9500000|  0%| F|  |TAMS 0x00000000e9400000| PB 0x00000000e9400000| Untracked 
| 149|0x00000000e9500000, 0x00000000e9500000, 0x00000000e9600000|  0%| F|  |TAMS 0x00000000e9500000| PB 0x00000000e9500000| Untracked 
| 150|0x00000000e9600000, 0x00000000e9600000, 0x00000000e9700000|  0%| F|  |TAMS 0x00000000e9600000| PB 0x00000000e9600000| Untracked 
| 151|0x00000000e9700000, 0x00000000e9700000, 0x00000000e9800000|  0%| F|  |TAMS 0x00000000e9700000| PB 0x00000000e9700000| Untracked 
| 152|0x00000000e9800000, 0x00000000e9800000, 0x00000000e9900000|  0%| F|  |TAMS 0x00000000e9800000| PB 0x00000000e9800000| Untracked 
| 153|0x00000000e9900000, 0x00000000e9900000, 0x00000000e9a00000|  0%| F|  |TAMS 0x00000000e9900000| PB 0x00000000e9900000| Untracked 
| 154|0x00000000e9a00000, 0x00000000e9a00000, 0x00000000e9b00000|  0%| F|  |TAMS 0x00000000e9a00000| PB 0x00000000e9a00000| Untracked 
| 155|0x00000000e9b00000, 0x00000000e9c00000, 0x00000000e9c00000|100%| E|  |TAMS 0x00000000e9b00000| PB 0x00000000e9b00000| Complete 
| 156|0x00000000e9c00000, 0x00000000e9d00000, 0x00000000e9d00000|100%| E|CS|TAMS 0x00000000e9c00000| PB 0x00000000e9c00000| Complete 
| 157|0x00000000e9d00000, 0x00000000e9e00000, 0x00000000e9e00000|100%| E|CS|TAMS 0x00000000e9d00000| PB 0x00000000e9d00000| Complete 
| 158|0x00000000e9e00000, 0x00000000e9f00000, 0x00000000e9f00000|100%| E|CS|TAMS 0x00000000e9e00000| PB 0x00000000e9e00000| Complete 
| 159|0x00000000e9f00000, 0x00000000ea000000, 0x00000000ea000000|100%| E|CS|TAMS 0x00000000e9f00000| PB 0x00000000e9f00000| Complete 
| 160|0x00000000ea000000, 0x00000000ea100000, 0x00000000ea100000|100%| E|  |TAMS 0x00000000ea000000| PB 0x00000000ea000000| Complete 
| 161|0x00000000ea100000, 0x00000000ea200000, 0x00000000ea200000|100%| E|CS|TAMS 0x00000000ea100000| PB 0x00000000ea100000| Complete 
| 162|0x00000000ea200000, 0x00000000ea300000, 0x00000000ea300000|100%| E|CS|TAMS 0x00000000ea200000| PB 0x00000000ea200000| Complete 
| 163|0x00000000ea300000, 0x00000000ea400000, 0x00000000ea400000|100%| E|CS|TAMS 0x00000000ea300000| PB 0x00000000ea300000| Complete 
| 164|0x00000000ea400000, 0x00000000ea500000, 0x00000000ea500000|100%| E|CS|TAMS 0x00000000ea400000| PB 0x00000000ea400000| Complete 
| 165|0x00000000ea500000, 0x00000000ea600000, 0x00000000ea600000|100%| E|CS|TAMS 0x00000000ea500000| PB 0x00000000ea500000| Complete 
| 166|0x00000000ea600000, 0x00000000ea700000, 0x00000000ea700000|100%| E|CS|TAMS 0x00000000ea600000| PB 0x00000000ea600000| Complete 
| 167|0x00000000ea700000, 0x00000000ea800000, 0x00000000ea800000|100%| E|CS|TAMS 0x00000000ea700000| PB 0x00000000ea700000| Complete 
| 168|0x00000000ea800000, 0x00000000ea900000, 0x00000000ea900000|100%| E|CS|TAMS 0x00000000ea800000| PB 0x00000000ea800000| Complete 
| 169|0x00000000ea900000, 0x00000000eaa00000, 0x00000000eaa00000|100%| E|CS|TAMS 0x00000000ea900000| PB 0x00000000ea900000| Complete 
| 170|0x00000000eaa00000, 0x00000000eab00000, 0x00000000eab00000|100%| E|CS|TAMS 0x00000000eaa00000| PB 0x00000000eaa00000| Complete 
| 171|0x00000000eab00000, 0x00000000eac00000, 0x00000000eac00000|100%| E|CS|TAMS 0x00000000eab00000| PB 0x00000000eab00000| Complete 
| 172|0x00000000eac00000, 0x00000000ead00000, 0x00000000ead00000|100%| E|CS|TAMS 0x00000000eac00000| PB 0x00000000eac00000| Complete 
| 173|0x00000000ead00000, 0x00000000eae00000, 0x00000000eae00000|100%| E|CS|TAMS 0x00000000ead00000| PB 0x00000000ead00000| Complete 
| 174|0x00000000eae00000, 0x00000000eaf00000, 0x00000000eaf00000|100%| E|CS|TAMS 0x00000000eae00000| PB 0x00000000eae00000| Complete 
| 175|0x00000000eaf00000, 0x00000000eb000000, 0x00000000eb000000|100%| E|CS|TAMS 0x00000000eaf00000| PB 0x00000000eaf00000| Complete 
| 176|0x00000000eb000000, 0x00000000eb100000, 0x00000000eb100000|100%| E|CS|TAMS 0x00000000eb000000| PB 0x00000000eb000000| Complete 
| 177|0x00000000eb100000, 0x00000000eb200000, 0x00000000eb200000|100%| E|CS|TAMS 0x00000000eb100000| PB 0x00000000eb100000| Complete 
| 178|0x00000000eb200000, 0x00000000eb300000, 0x00000000eb300000|100%| E|CS|TAMS 0x00000000eb200000| PB 0x00000000eb200000| Complete 
| 179|0x00000000eb300000, 0x00000000eb400000, 0x00000000eb400000|100%| E|CS|TAMS 0x00000000eb300000| PB 0x00000000eb300000| Complete 
| 180|0x00000000eb400000, 0x00000000eb500000, 0x00000000eb500000|100%| E|CS|TAMS 0x00000000eb400000| PB 0x00000000eb400000| Complete 
| 181|0x00000000eb500000, 0x00000000eb600000, 0x00000000eb600000|100%| E|CS|TAMS 0x00000000eb500000| PB 0x00000000eb500000| Complete 
| 182|0x00000000eb600000, 0x00000000eb700000, 0x00000000eb700000|100%| E|CS|TAMS 0x00000000eb600000| PB 0x00000000eb600000| Complete 
| 183|0x00000000eb700000, 0x00000000eb800000, 0x00000000eb800000|100%| E|CS|TAMS 0x00000000eb700000| PB 0x00000000eb700000| Complete 
| 184|0x00000000eb800000, 0x00000000eb900000, 0x00000000eb900000|100%| E|CS|TAMS 0x00000000eb800000| PB 0x00000000eb800000| Complete 
| 185|0x00000000eb900000, 0x00000000eba00000, 0x00000000eba00000|100%| E|CS|TAMS 0x00000000eb900000| PB 0x00000000eb900000| Complete 
| 186|0x00000000eba00000, 0x00000000ebb00000, 0x00000000ebb00000|100%| E|CS|TAMS 0x00000000eba00000| PB 0x00000000eba00000| Complete 
| 187|0x00000000ebb00000, 0x00000000ebc00000, 0x00000000ebc00000|100%| E|CS|TAMS 0x00000000ebb00000| PB 0x00000000ebb00000| Complete 
| 188|0x00000000ebc00000, 0x00000000ebd00000, 0x00000000ebd00000|100%| E|CS|TAMS 0x00000000ebc00000| PB 0x00000000ebc00000| Complete 
| 189|0x00000000ebd00000, 0x00000000ebe00000, 0x00000000ebe00000|100%| E|CS|TAMS 0x00000000ebd00000| PB 0x00000000ebd00000| Complete 
| 190|0x00000000ebe00000, 0x00000000ebf00000, 0x00000000ebf00000|100%| E|CS|TAMS 0x00000000ebe00000| PB 0x00000000ebe00000| Complete 
| 191|0x00000000ebf00000, 0x00000000ec000000, 0x00000000ec000000|100%| E|CS|TAMS 0x00000000ebf00000| PB 0x00000000ebf00000| Complete 
| 192|0x00000000ec000000, 0x00000000ec100000, 0x00000000ec100000|100%| E|CS|TAMS 0x00000000ec000000| PB 0x00000000ec000000| Complete 
| 193|0x00000000ec100000, 0x00000000ec200000, 0x00000000ec200000|100%| E|CS|TAMS 0x00000000ec100000| PB 0x00000000ec100000| Complete 
| 194|0x00000000ec200000, 0x00000000ec300000, 0x00000000ec300000|100%| E|CS|TAMS 0x00000000ec200000| PB 0x00000000ec200000| Complete 
| 195|0x00000000ec300000, 0x00000000ec400000, 0x00000000ec400000|100%| E|CS|TAMS 0x00000000ec300000| PB 0x00000000ec300000| Complete 
| 196|0x00000000ec400000, 0x00000000ec500000, 0x00000000ec500000|100%| E|CS|TAMS 0x00000000ec400000| PB 0x00000000ec400000| Complete 
| 197|0x00000000ec500000, 0x00000000ec600000, 0x00000000ec600000|100%| E|CS|TAMS 0x00000000ec500000| PB 0x00000000ec500000| Complete 
| 198|0x00000000ec600000, 0x00000000ec700000, 0x00000000ec700000|100%| E|CS|TAMS 0x00000000ec600000| PB 0x00000000ec600000| Complete 
| 199|0x00000000ec700000, 0x00000000ec800000, 0x00000000ec800000|100%| E|CS|TAMS 0x00000000ec700000| PB 0x00000000ec700000| Complete 
| 200|0x00000000ec800000, 0x00000000ec900000, 0x00000000ec900000|100%| E|CS|TAMS 0x00000000ec800000| PB 0x00000000ec800000| Complete 
| 201|0x00000000ec900000, 0x00000000eca00000, 0x00000000eca00000|100%| E|CS|TAMS 0x00000000ec900000| PB 0x00000000ec900000| Complete 
| 202|0x00000000eca00000, 0x00000000ecb00000, 0x00000000ecb00000|100%| E|CS|TAMS 0x00000000eca00000| PB 0x00000000eca00000| Complete 
| 203|0x00000000ecb00000, 0x00000000ecc00000, 0x00000000ecc00000|100%| E|CS|TAMS 0x00000000ecb00000| PB 0x00000000ecb00000| Complete 
| 204|0x00000000ecc00000, 0x00000000ecd00000, 0x00000000ecd00000|100%| E|CS|TAMS 0x00000000ecc00000| PB 0x00000000ecc00000| Complete 
| 205|0x00000000ecd00000, 0x00000000ece00000, 0x00000000ece00000|100%| E|CS|TAMS 0x00000000ecd00000| PB 0x00000000ecd00000| Complete 
| 206|0x00000000ece00000, 0x00000000ecf00000, 0x00000000ecf00000|100%| E|CS|TAMS 0x00000000ece00000| PB 0x00000000ece00000| Complete 
| 207|0x00000000ecf00000, 0x00000000ed000000, 0x00000000ed000000|100%| E|CS|TAMS 0x00000000ecf00000| PB 0x00000000ecf00000| Complete 
| 208|0x00000000ed000000, 0x00000000ed100000, 0x00000000ed100000|100%| E|CS|TAMS 0x00000000ed000000| PB 0x00000000ed000000| Complete 
| 209|0x00000000ed100000, 0x00000000ed200000, 0x00000000ed200000|100%| E|CS|TAMS 0x00000000ed100000| PB 0x00000000ed100000| Complete 
| 210|0x00000000ed200000, 0x00000000ed300000, 0x00000000ed300000|100%| E|CS|TAMS 0x00000000ed200000| PB 0x00000000ed200000| Complete 
| 211|0x00000000ed300000, 0x00000000ed400000, 0x00000000ed400000|100%| E|CS|TAMS 0x00000000ed300000| PB 0x00000000ed300000| Complete 
| 212|0x00000000ed400000, 0x00000000ed500000, 0x00000000ed500000|100%| E|CS|TAMS 0x00000000ed400000| PB 0x00000000ed400000| Complete 
| 213|0x00000000ed500000, 0x00000000ed600000, 0x00000000ed600000|100%| E|CS|TAMS 0x00000000ed500000| PB 0x00000000ed500000| Complete 
| 214|0x00000000ed600000, 0x00000000ed700000, 0x00000000ed700000|100%| E|CS|TAMS 0x00000000ed600000| PB 0x00000000ed600000| Complete 
| 215|0x00000000ed700000, 0x00000000ed800000, 0x00000000ed800000|100%| E|CS|TAMS 0x00000000ed700000| PB 0x00000000ed700000| Complete 
| 216|0x00000000ed800000, 0x00000000ed900000, 0x00000000ed900000|100%| E|CS|TAMS 0x00000000ed800000| PB 0x00000000ed800000| Complete 
| 217|0x00000000ed900000, 0x00000000eda00000, 0x00000000eda00000|100%| E|CS|TAMS 0x00000000ed900000| PB 0x00000000ed900000| Complete 
| 218|0x00000000eda00000, 0x00000000edb00000, 0x00000000edb00000|100%| E|CS|TAMS 0x00000000eda00000| PB 0x00000000eda00000| Complete 
| 219|0x00000000edb00000, 0x00000000edc00000, 0x00000000edc00000|100%| E|CS|TAMS 0x00000000edb00000| PB 0x00000000edb00000| Complete 
| 220|0x00000000edc00000, 0x00000000edd00000, 0x00000000edd00000|100%| E|CS|TAMS 0x00000000edc00000| PB 0x00000000edc00000| Complete 
| 221|0x00000000edd00000, 0x00000000ede00000, 0x00000000ede00000|100%| E|CS|TAMS 0x00000000edd00000| PB 0x00000000edd00000| Complete 
| 222|0x00000000ede00000, 0x00000000edf00000, 0x00000000edf00000|100%| E|CS|TAMS 0x00000000ede00000| PB 0x00000000ede00000| Complete 
| 223|0x00000000edf00000, 0x00000000ee000000, 0x00000000ee000000|100%| E|CS|TAMS 0x00000000edf00000| PB 0x00000000edf00000| Complete 
| 224|0x00000000ee000000, 0x00000000ee100000, 0x00000000ee100000|100%| E|CS|TAMS 0x00000000ee000000| PB 0x00000000ee000000| Complete 
| 225|0x00000000ee100000, 0x00000000ee200000, 0x00000000ee200000|100%| E|CS|TAMS 0x00000000ee100000| PB 0x00000000ee100000| Complete 
| 226|0x00000000ee200000, 0x00000000ee300000, 0x00000000ee300000|100%| E|CS|TAMS 0x00000000ee200000| PB 0x00000000ee200000| Complete 
| 227|0x00000000ee300000, 0x00000000ee400000, 0x00000000ee400000|100%| E|CS|TAMS 0x00000000ee300000| PB 0x00000000ee300000| Complete 
| 228|0x00000000ee400000, 0x00000000ee500000, 0x00000000ee500000|100%| E|CS|TAMS 0x00000000ee400000| PB 0x00000000ee400000| Complete 
| 229|0x00000000ee500000, 0x00000000ee600000, 0x00000000ee600000|100%| E|CS|TAMS 0x00000000ee500000| PB 0x00000000ee500000| Complete 
| 230|0x00000000ee600000, 0x00000000ee700000, 0x00000000ee700000|100%| E|CS|TAMS 0x00000000ee600000| PB 0x00000000ee600000| Complete 
| 231|0x00000000ee700000, 0x00000000ee800000, 0x00000000ee800000|100%| E|CS|TAMS 0x00000000ee700000| PB 0x00000000ee700000| Complete 
| 232|0x00000000ee800000, 0x00000000ee900000, 0x00000000ee900000|100%| E|CS|TAMS 0x00000000ee800000| PB 0x00000000ee800000| Complete 
| 233|0x00000000ee900000, 0x00000000eea00000, 0x00000000eea00000|100%| E|CS|TAMS 0x00000000ee900000| PB 0x00000000ee900000| Complete 
| 234|0x00000000eea00000, 0x00000000eeb00000, 0x00000000eeb00000|100%| E|CS|TAMS 0x00000000eea00000| PB 0x00000000eea00000| Complete 
| 235|0x00000000eeb00000, 0x00000000eec00000, 0x00000000eec00000|100%| E|CS|TAMS 0x00000000eeb00000| PB 0x00000000eeb00000| Complete 
| 236|0x00000000eec00000, 0x00000000eed00000, 0x00000000eed00000|100%| E|CS|TAMS 0x00000000eec00000| PB 0x00000000eec00000| Complete 
| 237|0x00000000eed00000, 0x00000000eee00000, 0x00000000eee00000|100%| E|CS|TAMS 0x00000000eed00000| PB 0x00000000eed00000| Complete 
| 238|0x00000000eee00000, 0x00000000eef00000, 0x00000000eef00000|100%| E|CS|TAMS 0x00000000eee00000| PB 0x00000000eee00000| Complete 
| 239|0x00000000eef00000, 0x00000000ef000000, 0x00000000ef000000|100%| E|CS|TAMS 0x00000000eef00000| PB 0x00000000eef00000| Complete 
| 240|0x00000000ef000000, 0x00000000ef100000, 0x00000000ef100000|100%| E|CS|TAMS 0x00000000ef000000| PB 0x00000000ef000000| Complete 
| 241|0x00000000ef100000, 0x00000000ef200000, 0x00000000ef200000|100%| E|CS|TAMS 0x00000000ef100000| PB 0x00000000ef100000| Complete 
| 242|0x00000000ef200000, 0x00000000ef300000, 0x00000000ef300000|100%| E|CS|TAMS 0x00000000ef200000| PB 0x00000000ef200000| Complete 
| 243|0x00000000ef300000, 0x00000000ef400000, 0x00000000ef400000|100%| E|CS|TAMS 0x00000000ef300000| PB 0x00000000ef300000| Complete 
| 244|0x00000000ef400000, 0x00000000ef500000, 0x00000000ef500000|100%| E|CS|TAMS 0x00000000ef400000| PB 0x00000000ef400000| Complete 
| 245|0x00000000ef500000, 0x00000000ef600000, 0x00000000ef600000|100%| E|CS|TAMS 0x00000000ef500000| PB 0x00000000ef500000| Complete 
| 246|0x00000000ef600000, 0x00000000ef700000, 0x00000000ef700000|100%| E|CS|TAMS 0x00000000ef600000| PB 0x00000000ef600000| Complete 
| 247|0x00000000ef700000, 0x00000000ef800000, 0x00000000ef800000|100%| E|CS|TAMS 0x00000000ef700000| PB 0x00000000ef700000| Complete 
| 248|0x00000000ef800000, 0x00000000ef900000, 0x00000000ef900000|100%| E|CS|TAMS 0x00000000ef800000| PB 0x00000000ef800000| Complete 
| 249|0x00000000ef900000, 0x00000000efa00000, 0x00000000efa00000|100%| E|CS|TAMS 0x00000000ef900000| PB 0x00000000ef900000| Complete 
| 250|0x00000000efa00000, 0x00000000efb00000, 0x00000000efb00000|100%| E|CS|TAMS 0x00000000efa00000| PB 0x00000000efa00000| Complete 
| 251|0x00000000efb00000, 0x00000000efc00000, 0x00000000efc00000|100%| E|CS|TAMS 0x00000000efb00000| PB 0x00000000efb00000| Complete 
| 252|0x00000000efc00000, 0x00000000efd00000, 0x00000000efd00000|100%| E|CS|TAMS 0x00000000efc00000| PB 0x00000000efc00000| Complete 
| 253|0x00000000efd00000, 0x00000000efe00000, 0x00000000efe00000|100%| E|CS|TAMS 0x00000000efd00000| PB 0x00000000efd00000| Complete 
| 254|0x00000000efe00000, 0x00000000eff00000, 0x00000000eff00000|100%| E|CS|TAMS 0x00000000efe00000| PB 0x00000000efe00000| Complete 
| 255|0x00000000eff00000, 0x00000000f0000000, 0x00000000f0000000|100%| E|CS|TAMS 0x00000000eff00000| PB 0x00000000eff00000| Complete 

Card table byte_map: [0x000002247bc00000,0x000002247bd00000] _byte_map_base: 0x000002247b500000

Marking Bits: (CMBitMap*) 0x0000022464119950
 Bits: [0x000002247bd00000, 0x000002247c500000)

Polling page: 0x0000022461e60000

Metaspace:

Usage:
  Non-class:     28.47 MB used.
      Class:      4.78 MB used.
       Both:     33.24 MB used.

Virtual space:
  Non-class space:       64.00 MB reserved,      29.19 MB ( 46%) committed,  1 nodes.
      Class space:      320.00 MB reserved,       5.44 MB (  2%) committed,  1 nodes.
             Both:      384.00 MB reserved,      34.62 MB (  9%) committed. 

Chunk freelists:
   Non-Class:  2.87 MB
       Class:  10.44 MB
        Both:  13.31 MB

MaxMetaspaceSize: 384.00 MB
CompressedClassSpaceSize: 320.00 MB
Initial GC threshold: 21.00 MB
Current GC threshold: 35.12 MB
CDS: on
 - commit_granule_bytes: 65536.
 - commit_granule_words: 8192.
 - virtual_space_node_default_size: 8388608.
 - enlarge_chunks_in_place: 1.
 - use_allocation_guard: 0.


Internal statistics:

num_allocs_failed_limit: 3.
num_arena_births: 2326.
num_arena_deaths: 0.
num_vsnodes_births: 2.
num_vsnodes_deaths: 0.
num_space_committed: 554.
num_space_uncommitted: 0.
num_chunks_returned_to_freelist: 3.
num_chunks_taken_from_freelist: 3963.
num_chunk_merges: 3.
num_chunk_splits: 2567.
num_chunks_enlarged: 1551.
num_inconsistent_stats: 0.

CodeHeap 'non-profiled nmethods': size=120000Kb used=2253Kb max_used=2253Kb free=117746Kb
 bounds [0x0000022474290000, 0x0000022474500000, 0x000002247b7c0000]
CodeHeap 'profiled nmethods': size=120000Kb used=7448Kb max_used=7448Kb free=112551Kb
 bounds [0x000002246c7c0000, 0x000002246cf10000, 0x0000022473cf0000]
CodeHeap 'non-nmethods': size=5760Kb used=1913Kb max_used=1944Kb free=3846Kb
 bounds [0x0000022473cf0000, 0x0000022473f60000, 0x0000022474290000]
CodeCache: size=245760Kb, used=11614Kb, max_used=11645Kb, free=234143Kb
 total_blobs=4469, nmethods=3786, adapters=587, full_count=0
Compilation: enabled, stopped_count=0, restarted_count=0

Compilation events (20 events):
Event: 9.400 Thread 0x000002241bc3f650 3740       4       java.util.concurrent.locks.ReentrantLock$NonfairSync::initialTryLock (58 bytes)
Event: 9.404 Thread 0x000002247efeac40 3743       3       java.lang.PublicMethods$MethodList::length (24 bytes)
Event: 9.404 Thread 0x000002241bc3f650 nmethod 3740 0x00000224744b9e90 code [0x00000224744ba020, 0x00000224744ba1e8]
Event: 9.404 Thread 0x000002241bc3f650 3739       4       java.io.BufferedInputStream::implRead (112 bytes)
Event: 9.404 Thread 0x000002247efeac40 nmethod 3743 0x000002246cef3e90 code [0x000002246cef4040, 0x000002246cef41f8]
Event: 9.405 Thread 0x000002247efeac40 3744       3       java.lang.PublicMethods::merge (81 bytes)
Event: 9.406 Thread 0x000002247efeac40 nmethod 3744 0x000002246cef4310 code [0x000002246cef4560, 0x000002246cef4f18]
Event: 9.407 Thread 0x000002247efeac40 3746       3       java.lang.PublicMethods$MethodList::merge (192 bytes)
Event: 9.408 Thread 0x000002247efd7090 nmethod 3736 0x00000224744ba290 code [0x00000224744ba5a0, 0x00000224744bc288]
Event: 9.408 Thread 0x000002247efeac40 nmethod 3746 0x000002246cef5310 code [0x000002246cef5580, 0x000002246cef5ff0]
Event: 9.408 Thread 0x000002247efeac40 3745       3       java.lang.PublicMethods$Key::<init> (24 bytes)
Event: 9.409 Thread 0x000002247efeac40 nmethod 3745 0x000002246cef6390 code [0x000002246cef6560, 0x000002246cef6880]
Event: 9.409 Thread 0x000002247efeac40 3747       3       org.codehaus.groovy.util.LockableObject::<init> (5 bytes)
Event: 9.409 Thread 0x000002247efeac40 nmethod 3747 0x000002246cef6a10 code [0x000002246cef6bc0, 0x000002246cef6de8]
Event: 9.410 Thread 0x000002247efd7090 3748  s!   4       jdk.internal.loader.URLClassPath::getLoader (194 bytes)
Event: 9.433 Thread 0x000002241bc3f650 nmethod 3739 0x00000224744bd010 code [0x00000224744bd280, 0x00000224744be0d0]
Event: 9.433 Thread 0x000002241bc3f650 3738   !   4       java.io.BufferedInputStream::read (69 bytes)
Event: 9.445 Thread 0x000002241bc3f650 nmethod 3738 0x00000224744be790 code [0x00000224744be980, 0x00000224744bee40]
Event: 9.446 Thread 0x000002241bc3f650 3737       4       java.lang.Integer::hashCode (8 bytes)
Event: 9.448 Thread 0x000002241bc3f650 nmethod 3737 0x00000224744bf290 code [0x00000224744bf420, 0x00000224744bf4a8]

GC Heap History (6 events):
Event: 0.565 GC heap before
{Heap before GC invocations=0 (full 0):
 garbage-first heap   total 262144K, used 22528K [0x00000000e0000000, 0x0000000100000000)
  region size 1024K, 23 young (23552K), 0 survivors (0K)
 Metaspace       used 867K, committed 1024K, reserved 393216K
  class space    used 70K, committed 128K, reserved 327680K
}
Event: 0.570 GC heap after
{Heap after GC invocations=1 (full 0):
 garbage-first heap   total 262144K, used 1578K [0x00000000e0000000, 0x0000000100000000)
  region size 1024K, 2 young (2048K), 2 survivors (2048K)
 Metaspace       used 867K, committed 1024K, reserved 393216K
  class space    used 70K, committed 128K, reserved 327680K
}
Event: 1.925 GC heap before
{Heap before GC invocations=1 (full 0):
 garbage-first heap   total 262144K, used 41514K [0x00000000e0000000, 0x0000000100000000)
  region size 1024K, 38 young (38912K), 2 survivors (2048K)
 Metaspace       used 4626K, committed 4864K, reserved 393216K
  class space    used 585K, committed 704K, reserved 327680K
}
Event: 1.932 GC heap after
{Heap after GC invocations=2 (full 0):
 garbage-first heap   total 262144K, used 11583K [0x00000000e0000000, 0x0000000100000000)
  region size 1024K, 5 young (5120K), 5 survivors (5120K)
 Metaspace       used 4626K, committed 4864K, reserved 393216K
  class space    used 585K, committed 704K, reserved 327680K
}
Event: 6.192 GC heap before
{Heap before GC invocations=2 (full 0):
 garbage-first heap   total 262144K, used 151871K [0x00000000e0000000, 0x0000000100000000)
  region size 1024K, 140 young (143360K), 5 survivors (5120K)
 Metaspace       used 20842K, committed 21504K, reserved 393216K
  class space    used 2855K, committed 3200K, reserved 327680K
}
Event: 6.209 GC heap after
{Heap after GC invocations=3 (full 0):
 garbage-first heap   total 262144K, used 24201K [0x00000000e0000000, 0x0000000100000000)
  region size 1024K, 17 young (17408K), 17 survivors (17408K)
 Metaspace       used 20842K, committed 21504K, reserved 393216K
  class space    used 2855K, committed 3200K, reserved 327680K
}

Dll operation events (15 events):
Event: 0.021 Loaded shared library C:\Users\ibraa\.jdks\ms-21.0.8\bin\java.dll
Event: 0.064 Loaded shared library C:\Users\ibraa\.jdks\ms-21.0.8\bin\jsvml.dll
Event: 0.122 Loaded shared library C:\Users\ibraa\.jdks\ms-21.0.8\bin\zip.dll
Event: 0.129 Loaded shared library C:\Users\ibraa\.jdks\ms-21.0.8\bin\instrument.dll
Event: 0.135 Loaded shared library C:\Users\ibraa\.jdks\ms-21.0.8\bin\net.dll
Event: 0.139 Loaded shared library C:\Users\ibraa\.jdks\ms-21.0.8\bin\nio.dll
Event: 0.143 Loaded shared library C:\Users\ibraa\.jdks\ms-21.0.8\bin\zip.dll
Event: 0.576 Loaded shared library C:\Users\ibraa\.jdks\ms-21.0.8\bin\jimage.dll
Event: 1.056 Loaded shared library C:\Users\ibraa\.jdks\ms-21.0.8\bin\verify.dll
Event: 1.133 Loaded shared library C:\Users\ibraa\.gradle\native\660c5614fbf4a5f2a75b1949f50a0caf5cd603558e7d8a26e50b933a0cfb79d1\windows-amd64\native-platform.dll
Event: 1.167 Loaded shared library C:\Users\ibraa\.gradle\native\0.2.8\x86_64-windows-gnu\gradle-fileevents.dll
Event: 3.099 Loaded shared library C:\Users\ibraa\.jdks\ms-21.0.8\bin\management.dll
Event: 3.102 Loaded shared library C:\Users\ibraa\.jdks\ms-21.0.8\bin\management_ext.dll
Event: 3.372 Loaded shared library C:\Users\ibraa\.jdks\ms-21.0.8\bin\extnet.dll
Event: 3.864 Loaded shared library C:\Users\ibraa\.jdks\ms-21.0.8\bin\sunmscapi.dll

Deoptimization events (20 events):
Event: 9.222 Thread 0x000002247f4c0de0 Uncommon trap: trap_request=0xffffffde fr.pc=0x000002247429e648 relative=0x00000000000001a8
Event: 9.223 Thread 0x000002247f4c0de0 Uncommon trap: reason=class_check action=maybe_recompile pc=0x000002247429e648 method=java.lang.String.equals(Ljava/lang/Object;)Z @ 8 c2
Event: 9.223 Thread 0x000002247f4c0de0 DEOPT PACKING pc=0x000002247429e648 sp=0x00000092eb1f9d00
Event: 9.223 Thread 0x000002247f4c0de0 DEOPT UNPACKING pc=0x0000022473d446a2 sp=0x00000092eb1f9c98 mode 2
Event: 9.355 Thread 0x000002247f4c0de0 Uncommon trap: trap_request=0xffffffde fr.pc=0x00000224743f2368 relative=0x00000000000015c8
Event: 9.356 Thread 0x000002247f4c0de0 Uncommon trap: reason=class_check action=maybe_recompile pc=0x00000224743f2368 method=java.io.BufferedInputStream.implRead([BII)I @ 100 c2
Event: 9.356 Thread 0x000002247f4c0de0 DEOPT PACKING pc=0x00000224743f2368 sp=0x00000092eb1f92d0
Event: 9.356 Thread 0x000002247f4c0de0 DEOPT UNPACKING pc=0x0000022473d446a2 sp=0x00000092eb1f91b0 mode 2
Event: 9.356 Thread 0x000002247f4c0de0 Uncommon trap: trap_request=0xffffffde fr.pc=0x00000224743f2368 relative=0x00000000000015c8
Event: 9.356 Thread 0x000002247f4c0de0 Uncommon trap: reason=class_check action=maybe_recompile pc=0x00000224743f2368 method=java.io.BufferedInputStream.implRead([BII)I @ 100 c2
Event: 9.356 Thread 0x000002247f4c0de0 DEOPT PACKING pc=0x00000224743f2368 sp=0x00000092eb1f92d0
Event: 9.356 Thread 0x000002247f4c0de0 DEOPT UNPACKING pc=0x0000022473d446a2 sp=0x00000092eb1f91b0 mode 2
Event: 9.357 Thread 0x000002247f4c0de0 Uncommon trap: trap_request=0xffffffde fr.pc=0x00000224743f2368 relative=0x00000000000015c8
Event: 9.357 Thread 0x000002247f4c0de0 Uncommon trap: reason=class_check action=maybe_recompile pc=0x00000224743f2368 method=java.io.BufferedInputStream.implRead([BII)I @ 100 c2
Event: 9.357 Thread 0x000002247f4c0de0 DEOPT PACKING pc=0x00000224743f2368 sp=0x00000092eb1f92d0
Event: 9.357 Thread 0x000002247f4c0de0 DEOPT UNPACKING pc=0x0000022473d446a2 sp=0x00000092eb1f91b0 mode 2
Event: 9.357 Thread 0x000002247f4c0de0 Uncommon trap: trap_request=0xffffffde fr.pc=0x00000224743f2368 relative=0x00000000000015c8
Event: 9.357 Thread 0x000002247f4c0de0 Uncommon trap: reason=class_check action=maybe_recompile pc=0x00000224743f2368 method=java.io.BufferedInputStream.implRead([BII)I @ 100 c2
Event: 9.357 Thread 0x000002247f4c0de0 DEOPT PACKING pc=0x00000224743f2368 sp=0x00000092eb1f92d0
Event: 9.357 Thread 0x000002247f4c0de0 DEOPT UNPACKING pc=0x0000022473d446a2 sp=0x00000092eb1f91b0 mode 2

Classes loaded (20 events):
Event: 9.346 Loading class java/util/TimerTask
Event: 9.346 Loading class java/util/TimerTask done
Event: 9.346 Loading class java/util/Timer
Event: 9.347 Loading class java/util/Timer done
Event: 9.348 Loading class java/lang/Process
Event: 9.348 Loading class java/lang/Process done
Event: 9.349 Loading class java/util/stream/DoubleStream
Event: 9.349 Loading class java/util/stream/DoubleStream done
Event: 9.349 Loading class java/util/stream/LongStream
Event: 9.350 Loading class java/util/stream/LongStream done
Event: 9.350 Loading class java/util/OptionalDouble
Event: 9.350 Loading class java/util/OptionalDouble done
Event: 9.350 Loading class java/util/OptionalInt
Event: 9.351 Loading class java/util/OptionalInt done
Event: 9.351 Loading class java/util/OptionalLong
Event: 9.351 Loading class java/util/OptionalLong done
Event: 9.401 Loading class java/security/AccessControlException
Event: 9.402 Loading class java/security/AccessControlException done
Event: 9.420 Loading class java/math/MathContext
Event: 9.421 Loading class java/math/MathContext done

Classes unloaded (0 events):
No events

Classes redefined (0 events):
No events

Internal exceptions (20 events):
Event: 7.699 Thread 0x000002247f4c0de0 Exception <a 'java/lang/NoSuchMethodError'{0x00000000ed3af608}: 'int java.lang.invoke.DirectMethodHandle$Holder.invokeVirtual(java.lang.Object, java.lang.Object)'> (0x00000000ed3af608) 
thrown [s\src\hotspot\share\interpreter\linkResolver.cpp, line 773]
Event: 7.774 Thread 0x000002247f4c0de0 Exception <a 'java/lang/NoSuchMethodError'{0x00000000ed09d498}: 'void java.lang.invoke.DirectMethodHandle$Holder.invokeInterface(java.lang.Object, java.lang.Object, java.lang.Object, java.lang.Object, java.lang.Object)'> (0x00000000ed09d498) 
thrown [s\src\hotspot\share\interpreter\linkResolver.cpp, line 773]
Event: 7.952 Thread 0x000002247f4c0de0 Exception <a 'java/lang/NoSuchMethodError'{0x00000000ec9a4460}: 'java.lang.Object java.lang.invoke.DirectMethodHandle$Holder.invokeStaticInit(java.lang.Object, java.lang.Object, java.lang.Object)'> (0x00000000ec9a4460) 
thrown [s\src\hotspot\share\interpreter\linkResolver.cpp, line 773]
Event: 8.021 Thread 0x000002247f4c0de0 Exception <a 'java/lang/NoSuchMethodError'{0x00000000ec6a83f0}: 'java.lang.Object java.lang.invoke.DirectMethodHandle$Holder.invokeSpecialIFC(java.lang.Object, java.lang.Object, java.lang.Object, java.lang.Object)'> (0x00000000ec6a83f0) 
thrown [s\src\hotspot\share\interpreter\linkResolver.cpp, line 773]
Event: 8.178 Thread 0x000002247f4c0de0 Exception <a 'java/lang/NoSuchMethodError'{0x00000000ec14fd50}: 'java.lang.Object java.lang.invoke.DirectMethodHandle$Holder.invokeVirtual(java.lang.Object, java.lang.Object, java.lang.Object, java.lang.Object, java.lang.Object, java.lang.Object, java.lang.Object, java.lang.Object, java.lang.Object, java.lang.Object, java.lang.Object, java.lang.Object, java.lang.Object, java.lang.Object, java.lang.Object, java.lang.Object, java.lang.Object, java.lang.Object, java.lang.Object, java.lang.Object, java.lang.Ob
Event: 8.179 Thread 0x000002247f4c0de0 Exception <a 'java/lang/NoSuchMethodError'{0x00000000ec156870}: 'java.lang.Object java.lang.invoke.DelegatingMethodHandle$Holder.reinvoke_L(java.lang.Object, java.lang.Object, java.lang.Object, java.lang.Object, java.lang.Object, java.lang.Object, java.lang.Object, java.lang.Object, java.lang.Object, java.lang.Object, java.lang.Object, java.lang.Object, java.lang.Object, java.lang.Object, java.lang.Object, java.lang.Object, java.lang.Object, java.lang.Object, java.lang.Object, java.lang.Object, java.lang.O
Event: 8.455 Thread 0x000002247f4c0de0 Exception <a 'java/lang/NoSuchMethodError'{0x00000000eb9ff8d8}: 'java.lang.Object java.lang.invoke.DirectMethodHandle$Holder.newInvokeSpecial(java.lang.Object, java.lang.Object, int, int)'> (0x00000000eb9ff8d8) 
thrown [s\src\hotspot\share\interpreter\linkResolver.cpp, line 773]
Event: 8.464 Thread 0x000002247f4c0de0 Exception <a 'java/lang/NoSuchMethodError'{0x00000000eb83d1b8}: 'void java.lang.invoke.DirectMethodHandle$Holder.invokeSpecial(java.lang.Object, java.lang.Object, int)'> (0x00000000eb83d1b8) 
thrown [s\src\hotspot\share\interpreter\linkResolver.cpp, line 773]
Event: 8.464 Thread 0x000002247f4c0de0 Exception <a 'java/lang/NoSuchMethodError'{0x00000000eb8416e8}: 'void java.lang.invoke.Invokers$Holder.invokeExact_MT(java.lang.Object, int, java.lang.Object)'> (0x00000000eb8416e8) 
thrown [s\src\hotspot\share\interpreter\linkResolver.cpp, line 773]
Event: 8.567 Thread 0x000002247f4c0de0 Exception <a 'java/lang/NoSuchMethodError'{0x00000000eb599fb8}: 'java.lang.Object java.lang.invoke.DirectMethodHandle$Holder.newInvokeSpecial(java.lang.Object, java.lang.Object, java.lang.Object, java.lang.Object, java.lang.Object, java.lang.Object, java.lang.Object, java.lang.Object, java.lang.Object, java.lang.Object, java.lang.Object)'> (0x00000000eb599fb8) 
thrown [s\src\hotspot\share\interpreter\linkResolver.cpp, line 773]
Event: 8.622 Thread 0x000002247f4c0de0 Exception <a 'java/lang/NoSuchMethodError'{0x00000000eb399640}: 'java.lang.Object java.lang.invoke.Invokers$Holder.linkToTargetMethod(java.lang.Object, java.lang.Object, java.lang.Object, java.lang.Object, java.lang.Object, java.lang.Object, java.lang.Object, java.lang.Object, java.lang.Object, java.lang.Object, java.lang.Object, java.lang.Object)'> (0x00000000eb399640) 
thrown [s\src\hotspot\share\interpreter\linkResolver.cpp, line 773]
Event: 8.645 Thread 0x000002247f4c0de0 Exception <a 'java/lang/NoSuchMethodError'{0x00000000eb22ff40}: 'java.lang.Object java.lang.invoke.DirectMethodHandle$Holder.newInvokeSpecial(java.lang.Object, java.lang.Object, java.lang.Object, java.lang.Object, java.lang.Object, java.lang.Object, java.lang.Object, java.lang.Object, java.lang.Object, java.lang.Object, java.lang.Object, java.lang.Object, java.lang.Object, java.lang.Object, java.lang.Object)'> (0x00000000eb22ff40) 
thrown [s\src\hotspot\share\interpreter\linkResolver.cpp, line 773]
Event: 8.646 Thread 0x000002247f4c0de0 Exception <a 'java/lang/NoSuchMethodError'{0x00000000eb236320}: 'java.lang.Object java.lang.invoke.DirectMethodHandle$Holder.invokeSpecial(java.lang.Object, java.lang.Object, java.lang.Object, java.lang.Object, java.lang.Object, java.lang.Object, java.lang.Object, java.lang.Object, java.lang.Object, java.lang.Object, java.lang.Object, java.lang.Object, java.lang.Object, java.lang.Object, java.lang.Object, java.lang.Object)'> (0x00000000eb236320) 
thrown [s\src\hotspot\share\interpreter\linkResolver.cpp, li
Event: 8.646 Thread 0x000002247f4c0de0 Exception <a 'java/lang/NoSuchMethodError'{0x00000000eb23b5a0}: 'java.lang.Object java.lang.invoke.DelegatingMethodHandle$Holder.reinvoke_L(java.lang.Object, java.lang.Object, java.lang.Object, java.lang.Object, java.lang.Object, java.lang.Object, java.lang.Object, java.lang.Object, java.lang.Object, java.lang.Object, java.lang.Object, java.lang.Object, java.lang.Object, java.lang.Object, java.lang.Object)'> (0x00000000eb23b5a0) 
thrown [s\src\hotspot\share\interpreter\linkResolver.cpp, line 773]
Event: 8.991 Thread 0x000002247f4c0de0 Exception <a 'java/lang/NoSuchMethodError'{0x00000000eacaa2f8}: 'java.lang.Object java.lang.invoke.DelegatingMethodHandle$Holder.reinvoke_L(java.lang.Object, java.lang.Object, java.lang.Object, java.lang.Object, java.lang.Object, java.lang.Object, java.lang.Object, java.lang.Object, java.lang.Object, java.lang.Object, java.lang.Object, java.lang.Object, java.lang.Object, java.lang.Object, java.lang.Object, java.lang.Object, java.lang.Object, java.lang.Object, java.lang.Object, java.lang.Object, java.lang.O
Event: 9.027 Thread 0x000002247f4c0de0 Exception <a 'java/lang/NoSuchMethodError'{0x00000000eaba4d08}: 'java.lang.Object java.lang.invoke.DirectMethodHandle$Holder.invokeStatic(java.lang.Object, java.lang.Object, java.lang.Object, java.lang.Object, java.lang.Object, java.lang.Object, java.lang.Object, java.lang.Object, java.lang.Object, java.lang.Object, java.lang.Object, java.lang.Object, java.lang.Object, java.lang.Object, java.lang.Object, java.lang.Object, java.lang.Object, java.lang.Object, java.lang.Object, java.lang.Object, java.lang.Obj
Event: 9.031 Thread 0x000002247f4c0de0 Exception <a 'java/lang/NoSuchMethodError'{0x00000000eabdd528}: 'java.lang.Object java.lang.invoke.DirectMethodHandle$Holder.invokeStatic(java.lang.Object, java.lang.Object, java.lang.Object, java.lang.Object, java.lang.Object, java.lang.Object, java.lang.Object, java.lang.Object, java.lang.Object, java.lang.Object, java.lang.Object, java.lang.Object, java.lang.Object, java.lang.Object, java.lang.Object, java.lang.Object, java.lang.Object, java.lang.Object, java.lang.Object, java.lang.Object, java.lang.Obj
Event: 9.036 Thread 0x000002247f4c0de0 Exception <a 'java/lang/NoSuchMethodError'{0x00000000eaa19088}: 'java.lang.Object java.lang.invoke.DirectMethodHandle$Holder.invokeStatic(java.lang.Object, java.lang.Object, java.lang.Object, java.lang.Object, java.lang.Object, java.lang.Object, java.lang.Object, java.lang.Object, java.lang.Object, java.lang.Object, java.lang.Object, java.lang.Object, java.lang.Object, java.lang.Object, java.lang.Object, java.lang.Object, java.lang.Object, java.lang.Object, java.lang.Object, java.lang.Object, java.lang.Obj
Event: 9.041 Thread 0x000002247f4c0de0 Exception <a 'java/lang/NoSuchMethodError'{0x00000000eaa56790}: 'java.lang.Object java.lang.invoke.DirectMethodHandle$Holder.invokeStatic(java.lang.Object, java.lang.Object, java.lang.Object, java.lang.Object, java.lang.Object, java.lang.Object, java.lang.Object, java.lang.Object, java.lang.Object, java.lang.Object, java.lang.Object, java.lang.Object, java.lang.Object, java.lang.Object, java.lang.Object, java.lang.Object, java.lang.Object, java.lang.Object, java.lang.Object, java.lang.Object, java.lang.Obj
Event: 9.149 Thread 0x000002247f4c0de0 Exception <a 'java/lang/NoSuchMethodError'{0x00000000ea8fde00}: 'java.lang.Object java.lang.invoke.DirectMethodHandle$Holder.newInvokeSpecial(java.lang.Object, java.lang.Object, java.lang.Object, java.lang.Object, java.lang.Object, java.lang.Object, java.lang.Object, java.lang.Object, java.lang.Object)'> (0x00000000ea8fde00) 
thrown [s\src\hotspot\share\interpreter\linkResolver.cpp, line 773]

ZGC Phase Switch (0 events):
No events

VM Operations (20 events):
Event: 5.353 Executing VM operation: HandshakeAllThreads (Deoptimize)
Event: 5.353 Executing VM operation: HandshakeAllThreads (Deoptimize) done
Event: 6.192 Executing VM operation: CollectForMetadataAllocation (Metadata GC Threshold)
Event: 6.209 Executing VM operation: CollectForMetadataAllocation (Metadata GC Threshold) done
Event: 6.216 Executing VM operation: G1PauseRemark
Event: 6.220 Executing VM operation: G1PauseRemark done
Event: 6.221 Executing VM operation: G1PauseCleanup
Event: 6.221 Executing VM operation: G1PauseCleanup done
Event: 7.224 Executing VM operation: Cleanup
Event: 7.224 Executing VM operation: Cleanup done
Event: 7.956 Executing VM operation: HandshakeAllThreads (Deoptimize)
Event: 7.956 Executing VM operation: HandshakeAllThreads (Deoptimize) done
Event: 8.253 Executing VM operation: HandshakeAllThreads (Deoptimize)
Event: 8.253 Executing VM operation: HandshakeAllThreads (Deoptimize) done
Event: 8.253 Executing VM operation: Cleanup
Event: 8.254 Executing VM operation: Cleanup done
Event: 9.260 Executing VM operation: Cleanup
Event: 9.260 Executing VM operation: Cleanup done
Event: 9.402 Executing VM operation: HandshakeAllThreads (Deoptimize)
Event: 9.402 Executing VM operation: HandshakeAllThreads (Deoptimize) done

Memory protections (0 events):
No events

Nmethod flushes (0 events):
No events

Events (20 events):
Event: 4.031 Thread 0x000002247f4c0de0 Thread added: 0x000002241a3f16c0
Event: 4.804 Thread 0x000002247f4c0de0 Thread added: 0x000002241a3f23e0
Event: 4.818 Thread 0x000002247f4c0de0 Thread added: 0x000002241a3f1030
Event: 4.964 Thread 0x000002247f4c0de0 Thread added: 0x000002241a3f1d50
Event: 5.800 Thread 0x000002247f45b160 Thread exited: 0x000002247f45b160
Event: 5.874 Thread 0x000002247efeac40 Thread added: 0x000002247f45b160
Event: 6.164 Thread 0x000002247f45b160 Thread exited: 0x000002247f45b160
Event: 6.440 Thread 0x000002247efeac40 Thread added: 0x000002247f45b160
Event: 6.877 Thread 0x000002247efeac40 Thread added: 0x000002241bc3c6a0
Event: 7.232 Thread 0x000002247f4c0de0 Thread added: 0x000002241a3f2a70
Event: 7.255 Thread 0x000002247f4c0de0 Thread added: 0x000002241a3f3100
Event: 7.377 Thread 0x000002241bc3c6a0 Thread exited: 0x000002241bc3c6a0
Event: 7.689 Thread 0x000002247f4c0de0 Thread added: 0x000002241a3f3e20
Event: 7.697 Thread 0x000002247f4c0de0 Thread added: 0x000002241b519aa0
Event: 8.006 Thread 0x000002247f4c0de0 Thread added: 0x000002241b518060
Event: 8.130 Thread 0x000002247f4c0de0 Thread added: 0x000002241b51ae50
Event: 8.641 Thread 0x000002247f4c0de0 Thread added: 0x000002241b51a130
Event: 8.879 Thread 0x000002247f4c0de0 Thread added: 0x000002241b51a7c0
Event: 9.007 Thread 0x000002247f45b160 Thread exited: 0x000002247f45b160
Event: 9.400 Thread 0x000002247efeac40 Thread added: 0x000002241bc3f650


Dynamic libraries:
0x00007ff6549d0000 - 0x00007ff6549de000 	C:\Users\ibraa\.jdks\ms-21.0.8\bin\java.exe
0x00007ff828d20000 - 0x00007ff828f87000 	C:\WINDOWS\SYSTEM32\ntdll.dll
0x00007ff827e80000 - 0x00007ff827f49000 	C:\WINDOWS\System32\KERNEL32.DLL
0x00007ff826080000 - 0x00007ff826477000 	C:\WINDOWS\System32\KERNELBASE.dll
0x00007ff826890000 - 0x00007ff8269db000 	C:\WINDOWS\System32\ucrtbase.dll
0x00007ff820630000 - 0x00007ff82064e000 	C:\Users\ibraa\.jdks\ms-21.0.8\bin\VCRUNTIME140.dll
0x00007ff820670000 - 0x00007ff820688000 	C:\Users\ibraa\.jdks\ms-21.0.8\bin\jli.dll
0x00007ff827260000 - 0x00007ff827426000 	C:\WINDOWS\System32\USER32.dll
0x00007ff8269e0000 - 0x00007ff826a07000 	C:\WINDOWS\System32\win32u.dll
0x00007ff819080000 - 0x00007ff819312000 	C:\WINDOWS\WinSxS\amd64_microsoft.windows.common-controls_6595b64144ccf1df_6.0.26100.8457_none_3e0b2faee331e92d\COMCTL32.dll
0x00007ff827230000 - 0x00007ff82725b000 	C:\WINDOWS\System32\GDI32.dll
0x00007ff828150000 - 0x00007ff8281f9000 	C:\WINDOWS\System32\msvcrt.dll
0x00007ff8266b0000 - 0x00007ff8267dc000 	C:\WINDOWS\System32\gdi32full.dll
0x00007ff826480000 - 0x00007ff826523000 	C:\WINDOWS\System32\msvcp_win.dll
0x00007ff828200000 - 0x00007ff828232000 	C:\WINDOWS\System32\IMM32.DLL
0x0000000056890000 - 0x000000005689d000 	C:\Program Files (x86)\360\Total Security\safemon\SafeWrapper.dll
0x00007ff8274e0000 - 0x00007ff827596000 	C:\WINDOWS\System32\ADVAPI32.dll
0x00007ff827430000 - 0x00007ff8274d7000 	C:\WINDOWS\System32\sechost.dll
0x00007ff828bc0000 - 0x00007ff828cd8000 	C:\WINDOWS\System32\RPCRT4.dll
0x00007ff81b6d0000 - 0x00007ff81b7d5000 	C:\Program Files (x86)\360\Total Security\safemon\libzdtp64.dll
0x00007ff828440000 - 0x00007ff828bae000 	C:\WINDOWS\System32\SHELL32.dll
0x00007ff8283d0000 - 0x00007ff828436000 	C:\WINDOWS\System32\SHLWAPI.dll
0x00007ff825750000 - 0x00007ff825fbc000 	C:\WINDOWS\System32\Windows.Storage.dll
0x00007ff826e90000 - 0x00007ff827213000 	C:\WINDOWS\System32\combase.dll
0x00007ff825030000 - 0x00007ff82503b000 	C:\WINDOWS\SYSTEM32\VERSION.dll
0x00007ff820620000 - 0x00007ff82062c000 	C:\Users\ibraa\.jdks\ms-21.0.8\bin\vcruntime140_1.dll
0x00007ff8011b0000 - 0x00007ff801239000 	C:\Users\ibraa\.jdks\ms-21.0.8\bin\msvcp140.dll
0x00007fff691c0000 - 0x00007fff69f6c000 	C:\Users\ibraa\.jdks\ms-21.0.8\bin\server\jvm.dll
0x00007ff827fd0000 - 0x00007ff828050000 	C:\WINDOWS\System32\WS2_32.dll
0x00007ff8255d0000 - 0x00007ff82562e000 	C:\WINDOWS\SYSTEM32\POWRPROF.dll
0x00007ff81fed0000 - 0x00007ff81ff06000 	C:\WINDOWS\SYSTEM32\WINMM.dll
0x00007ff8255b0000 - 0x00007ff8255c4000 	C:\WINDOWS\SYSTEM32\UMPDC.dll
0x00007ff824450000 - 0x00007ff82446b000 	C:\WINDOWS\SYSTEM32\kernel.appcore.dll
0x00007ff81ec50000 - 0x00007ff81ec5a000 	C:\Users\ibraa\.jdks\ms-21.0.8\bin\jimage.dll
0x00007ff823890000 - 0x00007ff823ad2000 	C:\WINDOWS\SYSTEM32\DBGHELP.DLL
0x00007ff827910000 - 0x00007ff8279e9000 	C:\WINDOWS\System32\OLEAUT32.dll
0x00007ff807620000 - 0x00007ff80765b000 	C:\WINDOWS\SYSTEM32\dbgcore.DLL
0x00007ff8267e0000 - 0x00007ff826888000 	C:\WINDOWS\System32\bcryptPrimitives.dll
0x00007ff800f20000 - 0x00007ff800f30000 	C:\Users\ibraa\.jdks\ms-21.0.8\bin\instrument.dll
0x00007ff819850000 - 0x00007ff819871000 	C:\Users\ibraa\.jdks\ms-21.0.8\bin\java.dll
0x00007ff828240000 - 0x00007ff828336000 	C:\WINDOWS\System32\SHCORE.dll
0x00007ff825670000 - 0x00007ff825699000 	C:\WINDOWS\SYSTEM32\profapi.dll
0x00007ff8010d0000 - 0x00007ff8011a6000 	C:\Users\ibraa\.jdks\ms-21.0.8\bin\jsvml.dll
0x00007ff8010b0000 - 0x00007ff8010c8000 	C:\Users\ibraa\.jdks\ms-21.0.8\bin\zip.dll
0x00007ff81b020000 - 0x00007ff81b031000 	C:\Users\ibraa\.jdks\ms-21.0.8\bin\net.dll
0x00007ff81e370000 - 0x00007ff81e499000 	C:\WINDOWS\SYSTEM32\WINHTTP.dll
0x00007ff8249e0000 - 0x00007ff824a4c000 	C:\WINDOWS\system32\mswsock.dll
0x00007ff819740000 - 0x00007ff819756000 	C:\Users\ibraa\.jdks\ms-21.0.8\bin\nio.dll
0x00007ff801040000 - 0x00007ff801050000 	C:\Users\ibraa\.jdks\ms-21.0.8\bin\verify.dll
0x00007ff801080000 - 0x00007ff8010a7000 	C:\Users\ibraa\.gradle\native\660c5614fbf4a5f2a75b1949f50a0caf5cd603558e7d8a26e50b933a0cfb79d1\windows-amd64\native-platform.dll
0x00007ff800400000 - 0x00007ff800477000 	C:\Users\ibraa\.gradle\native\0.2.8\x86_64-windows-gnu\gradle-fileevents.dll
0x00007ff81ec40000 - 0x00007ff81ec4a000 	C:\Users\ibraa\.jdks\ms-21.0.8\bin\management.dll
0x00007ff81ebc0000 - 0x00007ff81ebcc000 	C:\Users\ibraa\.jdks\ms-21.0.8\bin\management_ext.dll
0x00007ff828060000 - 0x00007ff828068000 	C:\WINDOWS\System32\PSAPI.DLL
0x00007ff823ee0000 - 0x00007ff823f12000 	C:\WINDOWS\SYSTEM32\IPHLPAPI.DLL
0x00007ff8283c0000 - 0x00007ff8283ca000 	C:\WINDOWS\System32\NSI.dll
0x00007ff819730000 - 0x00007ff819739000 	C:\Users\ibraa\.jdks\ms-21.0.8\bin\extnet.dll
0x00007ff824cc0000 - 0x00007ff824cdb000 	C:\WINDOWS\SYSTEM32\CRYPTSP.dll
0x00007ff8243b0000 - 0x00007ff8243e9000 	C:\WINDOWS\system32\rsaenh.dll
0x00007ff824a90000 - 0x00007ff824ac3000 	C:\WINDOWS\SYSTEM32\USERENV.dll
0x00007ff825640000 - 0x00007ff82566a000 	C:\WINDOWS\SYSTEM32\bcrypt.dll
0x00007ff824ce0000 - 0x00007ff824cec000 	C:\WINDOWS\SYSTEM32\CRYPTBASE.dll
0x00007ff800cc0000 - 0x00007ff800cce000 	C:\Users\ibraa\.jdks\ms-21.0.8\bin\sunmscapi.dll
0x00007ff826530000 - 0x00007ff8266a8000 	C:\WINDOWS\System32\CRYPT32.dll
0x00007ff824ee0000 - 0x00007ff824f10000 	C:\WINDOWS\SYSTEM32\ncrypt.dll
0x00007ff824e90000 - 0x00007ff824ecf000 	C:\WINDOWS\SYSTEM32\NTASN1.dll
0x00007ff81ebd0000 - 0x00007ff81ebd8000 	C:\WINDOWS\system32\wshunix.dll

JVMTI agents:
C:\Users\ibraa\.gradle\wrapper\dists\gradle-9.3.0-bin\79n14ral3mx1ozqr3csh2u872\gradle-9.3.0\lib\agents\gradle-instrumentation-agent-9.3.0.jar path:C:\Users\ibraa\.jdks\ms-21.0.8\bin\instrument.dll, loaded, initialized, instrumentlib options:none

dbghelp: loaded successfully - version: 4.0.5 - missing functions: none
symbol engine: initialized successfully - sym options: 0x614 - pdb path: .;C:\Users\ibraa\.jdks\ms-21.0.8\bin;C:\WINDOWS\SYSTEM32;C:\WINDOWS\WinSxS\amd64_microsoft.windows.common-controls_6595b64144ccf1df_6.0.26100.8457_none_3e0b2faee331e92d;C:\Program Files (x86)\360\Total Security\safemon;C:\Users\ibraa\.jdks\ms-21.0.8\bin\server;C:\Users\ibraa\.gradle\native\660c5614fbf4a5f2a75b1949f50a0caf5cd603558e7d8a26e50b933a0cfb79d1\windows-amd64;C:\Users\ibraa\.gradle\native\0.2.8\x86_64-windows-gnu

VM Arguments:
jvm_args: --add-opens=java.base/java.lang=ALL-UNNAMED --add-opens=java.base/java.lang.invoke=ALL-UNNAMED --add-opens=java.base/java.util=ALL-UNNAMED --add-opens=java.prefs/java.util.prefs=ALL-UNNAMED --add-exports=jdk.compiler/com.sun.tools.javac.api=ALL-UNNAMED --add-exports=jdk.compiler/com.sun.tools.javac.util=ALL-UNNAMED --add-opens=java.base/java.util=ALL-UNNAMED --add-opens=java.prefs/java.util.prefs=ALL-UNNAMED --add-opens=java.base/java.nio.charset=ALL-UNNAMED --add-opens=java.base/java.net=ALL-UNNAMED --add-opens=java.base/java.util.concurrent=ALL-UNNAMED --add-opens=java.base/java.util.concurrent.atomic=ALL-UNNAMED --add-opens=java.xml/javax.xml.namespace=ALL-UNNAMED --add-opens=java.base/java.time=ALL-UNNAMED -XX:MaxMetaspaceSize=384m -XX:+HeapDumpOnOutOfMemoryError -Xms256m -Xmx512m -Dfile.encoding=UTF-8 -Duser.country=RU -Duser.language=ru -Duser.variant -javaagent:C:\Users\ibraa\.gradle\wrapper\dists\gradle-9.3.0-bin\79n14ral3mx1ozqr3csh2u872\gradle-9.3.0\lib\agents\gradle-instrumentation-agent-9.3.0.jar 
java_command: org.gradle.launcher.daemon.bootstrap.GradleDaemon 9.3.0
java_class_path (initial): C:\Users\ibraa\.gradle\wrapper\dists\gradle-9.3.0-bin\79n14ral3mx1ozqr3csh2u872\gradle-9.3.0\lib\gradle-daemon-main-9.3.0.jar
Launcher Type: SUN_STANDARD

[Global flags]
     intx CICompilerCount                          = 4                                         {product} {ergonomic}
   size_t CompressedClassSpaceSize                 = 335544320                                 {product} {ergonomic}
     uint ConcGCThreads                            = 2                                         {product} {ergonomic}
     uint G1ConcRefinementThreads                  = 8                                         {product} {ergonomic}
   size_t G1HeapRegionSize                         = 1048576                                   {product} {ergonomic}
    uintx GCDrainStackTargetSize                   = 64                                        {product} {ergonomic}
     bool HeapDumpOnOutOfMemoryError               = true                                   {manageable} {command line}
   size_t InitialHeapSize                          = 268435456                                 {product} {command line}
   size_t MarkStackSize                            = 4194304                                   {product} {ergonomic}
   size_t MaxHeapSize                              = 536870912                                 {product} {command line}
   size_t MaxMetaspaceSize                         = 402653184                                 {product} {command line}
   size_t MaxNewSize                               = 321912832                                 {product} {ergonomic}
   size_t MinHeapDeltaBytes                        = 1048576                                   {product} {ergonomic}
   size_t MinHeapSize                              = 268435456                                 {product} {command line}
    uintx NonNMethodCodeHeapSize                   = 5839372                                {pd product} {ergonomic}
    uintx NonProfiledCodeHeapSize                  = 122909434                              {pd product} {ergonomic}
    uintx ProfiledCodeHeapSize                     = 122909434                              {pd product} {ergonomic}
    uintx ReservedCodeCacheSize                    = 251658240                              {pd product} {ergonomic}
     bool SegmentedCodeCache                       = true                                      {product} {ergonomic}
   size_t SoftMaxHeapSize                          = 536870912                              {manageable} {ergonomic}
     bool UseCompressedOops                        = true                           {product lp64_product} {ergonomic}
     bool UseG1GC                                  = true                                      {product} {ergonomic}
     bool UseLargePagesIndividualAllocation        = false                                  {pd product} {ergonomic}

Logging:
Log output configuration:
 #0: stdout all=warning uptime,level,tags foldmultilines=false
 #1: stderr all=off uptime,level,tags foldmultilines=false

Environment Variables:
JAVA_HOME=C:\Users\ibraa\.jdks\ms-21.0.8
PATH=D:\ibraa\Downloads\orcl\WINDOWS.X64_193000_db_home\bin;D:\ibraa\Downloads\23ai\dbhomeFree\bin;C:\WINDOWS\system32;C:\WINDOWS;C:\WINDOWS\System32\Wbem;C:\WINDOWS\System32\WindowsPowerShell\v1.0\;C:\WINDOWS\System32\OpenSSH\;C:\Program Files\PuTTY\;C:\Users\ibraa\.jdks\ms-21.0.8\bin;C:\Program Files\Common Files\Oracle\Java\javapath;C:\Program Files\Git\cmd;C:\Gradle\gradle-8.14\bin;C:\Program Files\Docker\Docker\resources\bin;C:\Program Files\WireGuard\;D:\Go\bin;C:\Users\ibraa\AppData\Local\nvm;C:\nvm4w\nodejs;C:\Program Files\nodejs\;C:\Program Files\Microsoft VS Code\bin;D:\ibraa\Stack\bin;C:\Users\ibraa\AppData\Local\Programs\Python\Python310\Scripts\;C:\Users\ibraa\AppData\Local\Programs\Python\Python310\;C:\Users\ibraa\AppData\Local\Microsoft\WindowsApps;C:\Program Files\JetBrains\PyCharm Community Edition 2021.2.3\bin;;C:\Users\ibraa\IntelliJ IDEA 2023.2.1\bin;;C:\Users\ibraa\AppData\Local\GitHubDesktop\bin;D:\ibraa\Downloads\Microsoft VS Code\bin;C:\Users\ibraa\AppData\Roaming\local\bin;C:\Users\ibraa\go\bin;C:\Users\ibraa\AppData\Local\Microsoft\WinGet\Packages\GolangCI.golangci-lint_Microsoft.Winget.Source_8wekyb3d8bbwe\golangci-lint-2.11.3-windows-amd64;C:\Users\ibraa\AppData\Local\nvm;C:\nvm4w\nodejs;C:\Users\ibraa\AppData\Roaming\npm;C:\Users\ibraa\.jdks\ms-21.0.8\bin;
USERNAME=ibraa
OS=Windows_NT
PROCESSOR_IDENTIFIER=AMD64 Family 23 Model 24 Stepping 1, AuthenticAMD
TMP=C:\Users\ibraa\AppData\Local\Temp
TEMP=C:\Users\ibraa\AppData\Local\Temp




Periodic native trim disabled

---------------  S Y S T E M  ---------------

OS:
 Windows 11 , 64 bit Build 26100 (10.0.26100.8328)
OS uptime: 0 days 13:09 hours
Hyper-V role detected

CPU: total 8 (initial active 8) (8 cores per cpu, 2 threads per core) family 23 model 24 stepping 1 microcode 0x8108109, cx8, cmov, fxsr, ht, mmx, 3dnowpref, sse, sse2, sse3, ssse3, sse4a, sse4.1, sse4.2, popcnt, lzcnt, tsc, tscinvbit, avx, avx2, aes, clmul, bmi1, bmi2, adx, sha, fma, vzeroupper, clflush, clflushopt, hv, rdtscp, f16c
Processor Information for the first 8 processors :
  Max Mhz: 2100, Current Mhz: 2100, Mhz Limit: 2100

Memory: 4k page, system-wide physical 7103M (926M free)
TotalPageFile size 18504M (AvailPageFile size 5M)
current process WorkingSet (physical memory assigned to process): 322M, peak: 322M
current process commit charge ("private bytes"): 456M, peak: 456M

vm_info: OpenJDK 64-Bit Server VM (21.0.8+9-LTS) for windows-amd64 JRE (21.0.8+9-LTS), built on 2025-07-10T20:22:44Z by "MicrosoftCorporation" with unknown MS VC++:1944

END.
