#
# There is insufficient memory for the Java Runtime Environment to continue.
# Native memory allocation (malloc) failed to allocate 168976 bytes. Error detail: Chunk::new
# Possible reasons:
#   The system is out of physical RAM or swap space
#   This process is running with CompressedOops enabled, and the Java Heap may be blocking the growth of the native heap
# Possible solutions:
#   Reduce memory load on the system
#   Increase physical memory or swap space
#   Check if swap backing store is full
#   Decrease Java heap size (-Xmx/-Xms)
#   Decrease number of Java threads
#   Decrease Java thread stack sizes (-Xss)
#   Set larger code cache with -XX:ReservedCodeCacheSize=
#   JVM is running with Unscaled Compressed Oops mode in which the Java heap is
#     placed in the first 4GB address space. The Java Heap base address is the
#     maximum limit for the native heap growth. Please use -XX:HeapBaseMinAddress
#     to set the Java Heap base and to place the Java Heap above 4GB virtual address.
# This output file may be truncated or incomplete.
#
#  Out of Memory Error (arena.cpp:168), pid=12892, tid=3844
#
# JRE version: OpenJDK Runtime Environment Microsoft-11933218 (21.0.8+9) (build 21.0.8+9-LTS)
# Java VM: OpenJDK 64-Bit Server VM Microsoft-11933218 (21.0.8+9-LTS, mixed mode, sharing, tiered, compressed oops, compressed class ptrs, g1 gc, windows-amd64)
# No core dump will be written. Minidumps are not enabled by default on client versions of Windows
#

---------------  S U M M A R Y ------------

Command Line: --add-opens=java.base/java.lang=ALL-UNNAMED --add-opens=java.base/java.lang.invoke=ALL-UNNAMED --add-opens=java.base/java.util=ALL-UNNAMED --add-opens=java.prefs/java.util.prefs=ALL-UNNAMED --add-exports=jdk.compiler/com.sun.tools.javac.api=ALL-UNNAMED --add-exports=jdk.compiler/com.sun.tools.javac.util=ALL-UNNAMED --add-opens=java.base/java.util=ALL-UNNAMED --add-opens=java.prefs/java.util.prefs=ALL-UNNAMED --add-opens=java.base/java.nio.charset=ALL-UNNAMED --add-opens=java.base/java.net=ALL-UNNAMED --add-opens=java.base/java.util.concurrent=ALL-UNNAMED --add-opens=java.base/java.util.concurrent.atomic=ALL-UNNAMED --add-opens=java.xml/javax.xml.namespace=ALL-UNNAMED --add-opens=java.base/java.time=ALL-UNNAMED -XX:MaxMetaspaceSize=192m -XX:+HeapDumpOnOutOfMemoryError -Xms128m -Xmx384m -Dfile.encoding=UTF-8 -Duser.country=RU -Duser.language=ru -Duser.variant -javaagent:C:\Users\ibraa\.gradle\wrapper\dists\gradle-9.3.0-bin\79n14ral3mx1ozqr3csh2u872\gradle-9.3.0\lib\agents\gradle-instrumentation-agent-9.3.0.jar org.gradle.launcher.daemon.bootstrap.GradleDaemon 9.3.0

Host: AMD Ryzen 5 3500U with Radeon Vega Mobile Gfx  , 8 cores, 6G,  Windows 11 , 64 bit Build 26100 (10.0.26100.8328)
Time: Wed May 20 18:04:27 2026 elapsed time: 50.513854 seconds (0d 0h 0m 50s)

---------------  T H R E A D  ---------------

Current thread (0x000001dbe02e89c0):  JavaThread "C2 CompilerThread0" daemon [_thread_in_native, id=3844, stack(0x000000a1c9300000,0x000000a1c9400000) (1024K)]


Current CompileTask:
C2:50514 11607       4       org.gradle.internal.logging.text.AbstractLineChoppingStyledTextOutput::doAppend (43 bytes)

Stack: [0x000000a1c9300000,0x000000a1c9400000]
Native frames: (J=compiled Java code, j=interpreted, Vv=VM code, C=native code)
V  [jvm.dll+0x6e1729]
V  [jvm.dll+0x8bf47b]
V  [jvm.dll+0x8c19aa]
V  [jvm.dll+0x8c2083]
V  [jvm.dll+0x289fd6]
V  [jvm.dll+0xc903d]
V  [jvm.dll+0xc958c]
V  [jvm.dll+0x30113e]
V  [jvm.dll+0x608897]
V  [jvm.dll+0x25af97]
V  [jvm.dll+0x25332b]
V  [jvm.dll+0x251171]
V  [jvm.dll+0x1d18bf]
V  [jvm.dll+0x260f4a]
V  [jvm.dll+0x25f2b5]
V  [jvm.dll+0x40151d]
V  [jvm.dll+0x86975d]
V  [jvm.dll+0x6dff2d]
C  [ucrtbase.dll+0x37b0]
C  [KERNEL32.DLL+0x2e957]
C  [ntdll.dll+0x427c]


---------------  P R O C E S S  ---------------

Threads class SMR info:
_java_thread_list=0x000001dbf0eeba40, length=71, elements={
0x000001dbc57d64f0, 0x000001dbe02cce80, 0x000001dbe02cfa90, 0x000001dbe02d4c90,
0x000001dbe02d5b70, 0x000001dbe02d6770, 0x000001dbe02dc600, 0x000001dbe02e89c0,
0x000001dbe02eb070, 0x000001dbe0400310, 0x000001dbe03fef60, 0x000001dbe04009a0,
0x000001dbe03fdbb0, 0x000001dbe03ffc80, 0x000001dbe03fe8d0, 0x000001dbe0401030,
0x000001dbf1029080, 0x000001dbf10289f0, 0x000001dbf1029710, 0x000001dbf1029da0,
0x000001dbf102b7e0, 0x000001dbf102a430, 0x000001dbf102be70, 0x000001dbf102b150,
0x000001dbf1a5eae0, 0x000001dbf1a5e450, 0x000001dbf1a5f800, 0x000001dbf1a5d0a0,
0x000001dbf1a5fe90, 0x000001dbf1a5d730, 0x000001dbf1a5ca10, 0x000001dbf1a5f170,
0x000001dbf1a60520, 0x000001dbf1a60bb0, 0x000001dbf1a618d0, 0x000001dbf1a61f60,
0x000001dbf1a625f0, 0x000001dbf1a62c80, 0x000001dbf1a639a0, 0x000001dbf1a64030,
0x000001dbf2e100c0, 0x000001dbf2e0fa30, 0x000001dbf2e13bd0, 0x000001dbf2e10750,
0x000001dbf2e13540, 0x000001dbf2e12190, 0x000001dbf2e10de0, 0x000001dbf2e14260,
0x000001dbf2e148f0, 0x000001dbf2e11470, 0x000001dbf2e14f80, 0x000001dbf2e15ca0,
0x000001dbf2e16330, 0x000001dbf2e169c0, 0x000001dbf2e17050, 0x000001dbf44dcf60,
0x000001dbf44da170, 0x000001dbf44ddc80, 0x000001dbf44dc240, 0x000001dbf44de310,
0x000001dbf44dc8d0, 0x000001dbf44dbbb0, 0x000001dbf44df6c0, 0x000001dbf44df030,
0x000001dbf44e1100, 0x000001dbf44e03e0, 0x000001dbf44e0a70, 0x000001dbf44dfd50,
0x000001dbf44e1790, 0x000001dbe03ff5f0, 0x000001dbf1ce5f30
}

Java Threads: ( => current thread )
  0x000001dbc57d64f0 JavaThread "main"                              [_thread_blocked, id=15876, stack(0x000000a1c8500000,0x000000a1c8600000) (1024K)]
  0x000001dbe02cce80 JavaThread "Reference Handler"          daemon [_thread_blocked, id=2420, stack(0x000000a1c8d00000,0x000000a1c8e00000) (1024K)]
  0x000001dbe02cfa90 JavaThread "Finalizer"                  daemon [_thread_blocked, id=8616, stack(0x000000a1c8e00000,0x000000a1c8f00000) (1024K)]
  0x000001dbe02d4c90 JavaThread "Signal Dispatcher"          daemon [_thread_blocked, id=5540, stack(0x000000a1c8f00000,0x000000a1c9000000) (1024K)]
  0x000001dbe02d5b70 JavaThread "Attach Listener"            daemon [_thread_blocked, id=10692, stack(0x000000a1c9000000,0x000000a1c9100000) (1024K)]
  0x000001dbe02d6770 JavaThread "Service Thread"             daemon [_thread_blocked, id=3412, stack(0x000000a1c9100000,0x000000a1c9200000) (1024K)]
  0x000001dbe02dc600 JavaThread "Monitor Deflation Thread"   daemon [_thread_blocked, id=14504, stack(0x000000a1c9200000,0x000000a1c9300000) (1024K)]
=>0x000001dbe02e89c0 JavaThread "C2 CompilerThread0"         daemon [_thread_in_native, id=3844, stack(0x000000a1c9300000,0x000000a1c9400000) (1024K)]
  0x000001dbe02eb070 JavaThread "C1 CompilerThread0"         daemon [_thread_blocked, id=8556, stack(0x000000a1c9400000,0x000000a1c9500000) (1024K)]
  0x000001dbe0400310 JavaThread "Common-Cleaner"             daemon [_thread_blocked, id=15168, stack(0x000000a1c9500000,0x000000a1c9600000) (1024K)]
  0x000001dbe03fef60 JavaThread "Notification Thread"        daemon [_thread_blocked, id=16548, stack(0x000000a1c9600000,0x000000a1c9700000) (1024K)]
  0x000001dbe04009a0 JavaThread "Daemon health stats"               [_thread_blocked, id=18464, stack(0x000000a1c9a00000,0x000000a1c9b00000) (1024K)]
  0x000001dbe03fdbb0 JavaThread "Incoming local TCP Connector on port 58283"        [_thread_in_native, id=18472, stack(0x000000a1c9700000,0x000000a1c9800000) (1024K)]
  0x000001dbe03ffc80 JavaThread "Daemon periodic checks"            [_thread_blocked, id=18476, stack(0x000000a1c9d00000,0x000000a1c9e00000) (1024K)]
  0x000001dbe03fe8d0 JavaThread "Daemon"                            [_thread_blocked, id=18488, stack(0x000000a1c9e00000,0x000000a1c9f00000) (1024K)]
  0x000001dbe0401030 JavaThread "Handler for socket connection from /127.0.0.1:58283 to /127.0.0.1:58284"        [_thread_in_native, id=18504, stack(0x000000a1ca200000,0x000000a1ca300000) (1024K)]
  0x000001dbf1029080 JavaThread "Cancel handler"                    [_thread_blocked, id=18508, stack(0x000000a1ca300000,0x000000a1ca400000) (1024K)]
  0x000001dbf10289f0 JavaThread "Daemon worker"                     [_thread_blocked, id=18512, stack(0x000000a1ca400000,0x000000a1ca500000) (1024K)]
  0x000001dbf1029710 JavaThread "Asynchronous log dispatcher for DefaultDaemonConnection: socket connection from /127.0.0.1:58283 to /127.0.0.1:58284"        [_thread_in_Java, id=18516, stack(0x000000a1ca500000,0x000000a1ca600000) (1024K)]
  0x000001dbf1029da0 JavaThread "Stdin handler"                     [_thread_blocked, id=18520, stack(0x000000a1ca600000,0x000000a1ca700000) (1024K)]
  0x000001dbf102b7e0 JavaThread "Daemon client event forwarder"        [_thread_blocked, id=18524, stack(0x000000a1ca700000,0x000000a1ca800000) (1024K)]
  0x000001dbf102a430 JavaThread "Cache worker for journal cache (C:\Users\ibraa\.gradle\caches\journal-1)"        [_thread_blocked, id=18668, stack(0x000000a1ca800000,0x000000a1ca900000) (1024K)]
  0x000001dbf102be70 JavaThread "File lock request listener"        [_thread_in_native, id=18672, stack(0x000000a1ca900000,0x000000a1caa00000) (1024K)]
  0x000001dbf102b150 JavaThread "Cache worker for file hash cache (C:\Users\ibraa\.gradle\caches\9.3.0\fileHashes)"        [_thread_blocked, id=18708, stack(0x000000a1caa00000,0x000000a1cab00000) (1024K)]
  0x000001dbf1a5eae0 JavaThread "Cache worker for file hash cache (C:\Users\ibraa\project\blps_mts_service\mts_service\.gradle\9.3.0\fileHashes)"        [_thread_blocked, id=19016, stack(0x000000a1cae00000,0x000000a1caf00000) (1024K)]
  0x000001dbf1a5e450 JavaThread "Cache worker for Build Output Cleanup Cache (C:\Users\ibraa\project\blps_mts_service\mts_service\.gradle\buildOutputCleanup)"        [_thread_blocked, id=19020, stack(0x000000a1caf00000,0x000000a1cb000000) (1024K)]
  0x000001dbf1a5f800 JavaThread "File watcher server"        daemon [_thread_in_native, id=19024, stack(0x000000a1cb000000,0x000000a1cb100000) (1024K)]
  0x000001dbf1a5d0a0 JavaThread "File watcher consumer"      daemon [_thread_blocked, id=19028, stack(0x000000a1cb100000,0x000000a1cb200000) (1024K)]
  0x000001dbf1a5fe90 JavaThread "Cache worker for checksums cache (C:\Users\ibraa\project\blps_mts_service\mts_service\.gradle\9.3.0\checksums)"        [_thread_blocked, id=19036, stack(0x000000a1cab00000,0x000000a1cac00000) (1024K)]
  0x000001dbf1a5d730 JavaThread "Cache worker for file content cache (C:\Users\ibraa\.gradle\caches\9.3.0\fileContent)"        [_thread_blocked, id=19040, stack(0x000000a1cac00000,0x000000a1cad00000) (1024K)]
  0x000001dbf1a5ca10 JavaThread "Cache worker for cache directory md-supplier (C:\Users\ibraa\.gradle\caches\9.3.0\md-supplier)"        [_thread_blocked, id=19048, stack(0x000000a1cb200000,0x000000a1cb300000) (1024K)]
  0x000001dbf1a5f170 JavaThread "Cache worker for cache directory md-rule (C:\Users\ibraa\.gradle\caches\9.3.0\md-rule)"        [_thread_blocked, id=19052, stack(0x000000a1cb300000,0x000000a1cb400000) (1024K)]
  0x000001dbf1a60520 JavaThread "jar transforms"                    [_thread_blocked, id=19068, stack(0x000000a1cb500000,0x000000a1cb600000) (1024K)]
  0x000001dbf1a60bb0 JavaThread "jar transforms Thread 2"           [_thread_blocked, id=19072, stack(0x000000a1cb600000,0x000000a1cb700000) (1024K)]
  0x000001dbf1a618d0 JavaThread "jar transforms Thread 3"           [_thread_blocked, id=19092, stack(0x000000a1cb700000,0x000000a1cb800000) (1024K)]
  0x000001dbf1a61f60 JavaThread "Unconstrained build operations"        [_thread_blocked, id=17140, stack(0x000000a1cb900000,0x000000a1cba00000) (1024K)]
  0x000001dbf1a625f0 JavaThread "Unconstrained build operations Thread 2"        [_thread_blocked, id=18416, stack(0x000000a1cba00000,0x000000a1cbb00000) (1024K)]
  0x000001dbf1a62c80 JavaThread "Unconstrained build operations Thread 3"        [_thread_blocked, id=7616, stack(0x000000a1cbb00000,0x000000a1cbc00000) (1024K)]
  0x000001dbf1a639a0 JavaThread "Memory manager"                    [_thread_blocked, id=17464, stack(0x000000a1cbc00000,0x000000a1cbd00000) (1024K)]
  0x000001dbf1a64030 JavaThread "jar transforms Thread 4"           [_thread_blocked, id=17508, stack(0x000000a1cbd00000,0x000000a1cbe00000) (1024K)]
  0x000001dbf2e100c0 JavaThread "Problems report writer"            [_thread_blocked, id=18592, stack(0x000000a1cbe00000,0x000000a1cbf00000) (1024K)]
  0x000001dbf2e0fa30 JavaThread "ForkJoinPool.commonPool-worker-1" daemon [_thread_blocked, id=18684, stack(0x000000a1cbf00000,0x000000a1cc000000) (1024K)]
  0x000001dbf2e13bd0 JavaThread "ForkJoinPool.commonPool-worker-2" daemon [_thread_blocked, id=18696, stack(0x000000a1cc000000,0x000000a1cc100000) (1024K)]
  0x000001dbf2e10750 JavaThread "ForkJoinPool.commonPool-worker-3" daemon [_thread_blocked, id=18664, stack(0x000000a1cc100000,0x000000a1cc200000) (1024K)]
  0x000001dbf2e13540 JavaThread "ForkJoinPool.commonPool-worker-4" daemon [_thread_blocked, id=18636, stack(0x000000a1cc200000,0x000000a1cc300000) (1024K)]
  0x000001dbf2e12190 JavaThread "ForkJoinPool.commonPool-worker-5" daemon [_thread_blocked, id=18576, stack(0x000000a1cc300000,0x000000a1cc400000) (1024K)]
  0x000001dbf2e10de0 JavaThread "ForkJoinPool.commonPool-worker-6" daemon [_thread_blocked, id=18608, stack(0x000000a1cc400000,0x000000a1cc500000) (1024K)]
  0x000001dbf2e14260 JavaThread "ForkJoinPool.commonPool-worker-7" daemon [_thread_blocked, id=19132, stack(0x000000a1cc500000,0x000000a1cc600000) (1024K)]
  0x000001dbf2e148f0 JavaThread "Exec process"                      [_thread_blocked, id=18616, stack(0x000000a1cc600000,0x000000a1cc700000) (1024K)]
  0x000001dbf2e11470 JavaThread "Exec process Thread 2"             [_thread_blocked, id=19248, stack(0x000000a1cc700000,0x000000a1cc800000) (1024K)]
  0x000001dbf2e14f80 JavaThread "Exec process Thread 3"             [_thread_blocked, id=19284, stack(0x000000a1cc800000,0x000000a1cc900000) (1024K)]
  0x000001dbf2e15ca0 JavaThread "Unconstrained build operations Thread 4"        [_thread_blocked, id=11692, stack(0x000000a1cc900000,0x000000a1cca00000) (1024K)]
  0x000001dbf2e16330 JavaThread "Unconstrained build operations Thread 5"        [_thread_blocked, id=2912, stack(0x000000a1cca00000,0x000000a1ccb00000) (1024K)]
  0x000001dbf2e169c0 JavaThread "Unconstrained build operations Thread 6"        [_thread_blocked, id=7224, stack(0x000000a1ccb00000,0x000000a1ccc00000) (1024K)]
  0x000001dbf2e17050 JavaThread "Unconstrained build operations Thread 7"        [_thread_blocked, id=12860, stack(0x000000a1ccc00000,0x000000a1ccd00000) (1024K)]
  0x000001dbf44dcf60 JavaThread "Unconstrained build operations Thread 8"        [_thread_blocked, id=4280, stack(0x000000a1ccd00000,0x000000a1cce00000) (1024K)]
  0x000001dbf44da170 JavaThread "Unconstrained build operations Thread 9"        [_thread_blocked, id=18392, stack(0x000000a1cce00000,0x000000a1ccf00000) (1024K)]
  0x000001dbf44ddc80 JavaThread "Unconstrained build operations Thread 10"        [_thread_blocked, id=17528, stack(0x000000a1ccf00000,0x000000a1cd000000) (1024K)]
  0x000001dbf44dc240 JavaThread "included builds"                   [_thread_blocked, id=7572, stack(0x000000a1cd100000,0x000000a1cd200000) (1024K)]
  0x000001dbf44de310 JavaThread "Cache worker for execution history cache (C:\Users\ibraa\project\blps_mts_service\mts_service\.gradle\9.3.0\executionHistory)"        [_thread_blocked, id=16044, stack(0x000000a1cd200000,0x000000a1cd300000) (1024K)]
  0x000001dbf44dc8d0 JavaThread "Cache worker for Java compile cache (C:\Users\ibraa\.gradle\caches\9.3.0\javaCompile)"        [_thread_blocked, id=13352, stack(0x000000a1cb400000,0x000000a1cb500000) (1024K)]
  0x000001dbf44dbbb0 JavaThread "Incoming local TCP Connector on port 63804"        [_thread_blocked, id=8064, stack(0x000000a1cd300000,0x000000a1cd400000) (1024K)]
  0x000001dbf44df6c0 JavaThread "Exec process"                      [_thread_in_vm, id=16904, stack(0x000000a1cd400000,0x000000a1cd500000) (1024K)]
  0x000001dbf44df030 JavaThread "Exec process Thread 2"             [_thread_blocked, id=8332, stack(0x000000a1cd600000,0x000000a1cd700000) (1024K)]
  0x000001dbf44e1100 JavaThread "Exec process Thread 3"             [_thread_blocked, id=3272, stack(0x000000a1cd700000,0x000000a1cd800000) (1024K)]
  0x000001dbf44e03e0 JavaThread "Exec process Thread 4"             [_thread_blocked, id=6112, stack(0x000000a1cd800000,0x000000a1cd900000) (1024K)]
  0x000001dbf44e0a70 JavaThread "/127.0.0.1:63804 to /127.0.0.1:50382 workers"        [_thread_blocked, id=3808, stack(0x000000a1cd500000,0x000000a1cd600000) (1024K)]
  0x000001dbf44dfd50 JavaThread "/127.0.0.1:63804 to /127.0.0.1:50382 workers Thread 2"        [_thread_blocked, id=6084, stack(0x000000a1cd900000,0x000000a1cda00000) (1024K)]
  0x000001dbf44e1790 JavaThread "/127.0.0.1:63804 to /127.0.0.1:50382 workers Thread 3"        [_thread_blocked, id=10156, stack(0x000000a1cda00000,0x000000a1cdb00000) (1024K)]
  0x000001dbe03ff5f0 JavaThread "/127.0.0.1:63804 to /127.0.0.1:50382 workers Thread 4"        [_thread_blocked, id=4140, stack(0x000000a1cdb00000,0x000000a1cdc00000) (1024K)]
  0x000001dbf1ce5f30 JavaThread "/127.0.0.1:63804 to /127.0.0.1:50382 workers Thread 5"        [_thread_blocked, id=7720, stack(0x000000a1cdc00000,0x000000a1cdd00000) (1024K)]
Total: 71

Other Threads:
  0x000001dbe02b80b0 VMThread "VM Thread"                           [id=13100, stack(0x000000a1c8c00000,0x000000a1c8d00000) (1024K)]
  0x000001dbe02a2750 WatcherThread "VM Periodic Task Thread"        [id=12944, stack(0x000000a1c8b00000,0x000000a1c8c00000) (1024K)]
  0x000001dbc57fc390 WorkerThread "GC Thread#0"                     [id=9632, stack(0x000000a1c8600000,0x000000a1c8700000) (1024K)]
  0x000001dbe06c44d0 WorkerThread "GC Thread#1"                     [id=11940, stack(0x000000a1c9800000,0x000000a1c9900000) (1024K)]
  0x000001dbe06c4870 WorkerThread "GC Thread#2"                     [id=17440, stack(0x000000a1c9900000,0x000000a1c9a00000) (1024K)]
  0x000001dbf06e9c30 WorkerThread "GC Thread#3"                     [id=16264, stack(0x000000a1c9b00000,0x000000a1c9c00000) (1024K)]
  0x000001dbf036f1f0 WorkerThread "GC Thread#4"                     [id=16676, stack(0x000000a1c9c00000,0x000000a1c9d00000) (1024K)]
  0x000001dbf0e56870 WorkerThread "GC Thread#5"                     [id=18492, stack(0x000000a1c9f00000,0x000000a1ca000000) (1024K)]
  0x000001dbf0e56c10 WorkerThread "GC Thread#6"                     [id=18496, stack(0x000000a1ca000000,0x000000a1ca100000) (1024K)]
  0x000001dbf10c1020 WorkerThread "GC Thread#7"                     [id=18500, stack(0x000000a1ca100000,0x000000a1ca200000) (1024K)]
  0x000001dbc5800fb0 ConcurrentGCThread "G1 Main Marker"            [id=2052, stack(0x000000a1c8700000,0x000000a1c8800000) (1024K)]
  0x000001dbc58045a0 WorkerThread "G1 Conc#0"                       [id=2152, stack(0x000000a1c8800000,0x000000a1c8900000) (1024K)]
  0x000001dbf1229b90 WorkerThread "G1 Conc#1"                       [id=18996, stack(0x000000a1cad00000,0x000000a1cae00000) (1024K)]
  0x000001dbc585e920 ConcurrentGCThread "G1 Refine#0"               [id=2708, stack(0x000000a1c8900000,0x000000a1c8a00000) (1024K)]
  0x000001dbe0168590 ConcurrentGCThread "G1 Service"                [id=9836, stack(0x000000a1c8a00000,0x000000a1c8b00000) (1024K)]
Total: 15

Threads with active compile tasks:
C2 CompilerThread0  50634 11607       4       org.gradle.internal.logging.text.AbstractLineChoppingStyledTextOutput::doAppend (43 bytes)
C1 CompilerThread0  50634 11622   !   3       java.io.ObjectOutputStream::defaultWriteFields (288 bytes)
Total: 2

VM state: not at safepoint (normal execution)

VM Mutex/Monitor currently owned by a thread: None

Heap address: 0x00000000e8000000, size: 384 MB, Compressed Oops mode: 32-bit

CDS archive(s) mapped at: [0x000001dbe1000000-0x000001dbe1c80000-0x000001dbe1c80000), size 13107200, SharedBaseAddress: 0x000001dbe1000000, ArchiveRelocationMode: 1.
Compressed class space mapped at: 0x000001dbe2000000-0x000001dbec000000, reserved size: 167772160
Narrow klass base: 0x000001dbe1000000, Narrow klass shift: 0, Narrow klass range: 0x100000000

GC Precious Log:
 CardTable entry size: 512
 Card Set container configuration: InlinePtr #cards 5 size 8 Array Of Cards #cards 12 size 40 Howl #buckets 4 coarsen threshold 1843 Howl Bitmap #cards 512 size 80 coarsen threshold 460 Card regions per heap region 1 cards per card region 2048
 CPUs: 8 total, 8 available
 Memory: 7103M
 Large Page Support: Disabled
 NUMA Support: Disabled
 Compressed Oops: Enabled (32-bit)
 Heap Region Size: 1M
 Heap Min Capacity: 128M
 Heap Initial Capacity: 128M
 Heap Max Capacity: 384M
 Pre-touch: Disabled
 Parallel Workers: 8
 Concurrent Workers: 2
 Concurrent Refinement Workers: 8
 Periodic GC: Disabled

Heap:
 garbage-first heap   total 132096K, used 111719K [0x00000000e8000000, 0x0000000100000000)
  region size 1024K, 36 young (36864K), 5 survivors (5120K)
 Metaspace       used 70220K, committed 72512K, reserved 229376K
  class space    used 10074K, committed 11200K, reserved 163840K

Heap Regions: E=young(eden), S=young(survivor), O=old, HS=humongous(starts), HC=humongous(continues), CS=collection set, F=free, TAMS=top-at-mark-start, PB=parsable bottom
|   0|0x00000000e8000000, 0x00000000e8100000, 0x00000000e8100000|100%|HS|  |TAMS 0x00000000e8000000| PB 0x00000000e8000000| Complete 
|   1|0x00000000e8100000, 0x00000000e8200000, 0x00000000e8200000|100%|HC|  |TAMS 0x00000000e8100000| PB 0x00000000e8100000| Complete 
|   2|0x00000000e8200000, 0x00000000e8300000, 0x00000000e8300000|100%|HC|  |TAMS 0x00000000e8200000| PB 0x00000000e8200000| Complete 
|   3|0x00000000e8300000, 0x00000000e8400000, 0x00000000e8400000|100%|HC|  |TAMS 0x00000000e8300000| PB 0x00000000e8300000| Complete 
|   4|0x00000000e8400000, 0x00000000e8500000, 0x00000000e8500000|100%| O|  |TAMS 0x00000000e8400000| PB 0x00000000e8400000| Untracked 
|   5|0x00000000e8500000, 0x00000000e8600000, 0x00000000e8600000|100%| O|  |TAMS 0x00000000e8500000| PB 0x00000000e8500000| Untracked 
|   6|0x00000000e8600000, 0x00000000e8700000, 0x00000000e8700000|100%| O|  |TAMS 0x00000000e8600000| PB 0x00000000e8600000| Untracked 
|   7|0x00000000e8700000, 0x00000000e8800000, 0x00000000e8800000|100%|HS|  |TAMS 0x00000000e8700000| PB 0x00000000e8700000| Complete 
|   8|0x00000000e8800000, 0x00000000e8900000, 0x00000000e8900000|100%| O|  |TAMS 0x00000000e8800000| PB 0x00000000e8800000| Untracked 
|   9|0x00000000e8900000, 0x00000000e8a00000, 0x00000000e8a00000|100%| O|  |TAMS 0x00000000e8900000| PB 0x00000000e8900000| Untracked 
|  10|0x00000000e8a00000, 0x00000000e8b00000, 0x00000000e8b00000|100%| O|  |TAMS 0x00000000e8a00000| PB 0x00000000e8a00000| Untracked 
|  11|0x00000000e8b00000, 0x00000000e8c00000, 0x00000000e8c00000|100%| O|  |TAMS 0x00000000e8b00000| PB 0x00000000e8b00000| Untracked 
|  12|0x00000000e8c00000, 0x00000000e8d00000, 0x00000000e8d00000|100%| O|  |TAMS 0x00000000e8c00000| PB 0x00000000e8c00000| Untracked 
|  13|0x00000000e8d00000, 0x00000000e8e00000, 0x00000000e8e00000|100%| O|  |TAMS 0x00000000e8d00000| PB 0x00000000e8d00000| Untracked 
|  14|0x00000000e8e00000, 0x00000000e8f00000, 0x00000000e8f00000|100%| O|  |TAMS 0x00000000e8e00000| PB 0x00000000e8e00000| Untracked 
|  15|0x00000000e8f00000, 0x00000000e9000000, 0x00000000e9000000|100%| O|  |TAMS 0x00000000e8f00000| PB 0x00000000e8f00000| Untracked 
|  16|0x00000000e9000000, 0x00000000e9100000, 0x00000000e9100000|100%| O|  |TAMS 0x00000000e9000000| PB 0x00000000e9000000| Untracked 
|  17|0x00000000e9100000, 0x00000000e9200000, 0x00000000e9200000|100%| O|  |TAMS 0x00000000e9100000| PB 0x00000000e9100000| Untracked 
|  18|0x00000000e9200000, 0x00000000e9300000, 0x00000000e9300000|100%| O|  |TAMS 0x00000000e9200000| PB 0x00000000e9200000| Untracked 
|  19|0x00000000e9300000, 0x00000000e9400000, 0x00000000e9400000|100%| O|  |TAMS 0x00000000e9300000| PB 0x00000000e9300000| Untracked 
|  20|0x00000000e9400000, 0x00000000e9500000, 0x00000000e9500000|100%| O|  |TAMS 0x00000000e9400000| PB 0x00000000e9400000| Untracked 
|  21|0x00000000e9500000, 0x00000000e9600000, 0x00000000e9600000|100%| O|  |TAMS 0x00000000e9500000| PB 0x00000000e9500000| Untracked 
|  22|0x00000000e9600000, 0x00000000e9700000, 0x00000000e9700000|100%| O|  |TAMS 0x00000000e9600000| PB 0x00000000e9600000| Untracked 
|  23|0x00000000e9700000, 0x00000000e9800000, 0x00000000e9800000|100%| O|  |TAMS 0x00000000e9700000| PB 0x00000000e9700000| Untracked 
|  24|0x00000000e9800000, 0x00000000e9900000, 0x00000000e9900000|100%| O|  |TAMS 0x00000000e9800000| PB 0x00000000e9800000| Untracked 
|  25|0x00000000e9900000, 0x00000000e9a00000, 0x00000000e9a00000|100%| O|  |TAMS 0x00000000e9900000| PB 0x00000000e9900000| Untracked 
|  26|0x00000000e9a00000, 0x00000000e9b00000, 0x00000000e9b00000|100%| O|  |TAMS 0x00000000e9a00000| PB 0x00000000e9a00000| Untracked 
|  27|0x00000000e9b00000, 0x00000000e9c00000, 0x00000000e9c00000|100%| O|  |TAMS 0x00000000e9b00000| PB 0x00000000e9b00000| Untracked 
|  28|0x00000000e9c00000, 0x00000000e9d00000, 0x00000000e9d00000|100%| O|  |TAMS 0x00000000e9c00000| PB 0x00000000e9c00000| Untracked 
|  29|0x00000000e9d00000, 0x00000000e9e00000, 0x00000000e9e00000|100%| O|  |TAMS 0x00000000e9d00000| PB 0x00000000e9d00000| Untracked 
|  30|0x00000000e9e00000, 0x00000000e9f00000, 0x00000000e9f00000|100%| O|  |TAMS 0x00000000e9e00000| PB 0x00000000e9e00000| Untracked 
|  31|0x00000000e9f00000, 0x00000000ea000000, 0x00000000ea000000|100%| O|  |TAMS 0x00000000e9f00000| PB 0x00000000e9f00000| Untracked 
|  32|0x00000000ea000000, 0x00000000ea100000, 0x00000000ea100000|100%| O|  |TAMS 0x00000000ea000000| PB 0x00000000ea000000| Untracked 
|  33|0x00000000ea100000, 0x00000000ea200000, 0x00000000ea200000|100%| O|  |TAMS 0x00000000ea100000| PB 0x00000000ea100000| Untracked 
|  34|0x00000000ea200000, 0x00000000ea300000, 0x00000000ea300000|100%| O|  |TAMS 0x00000000ea200000| PB 0x00000000ea200000| Untracked 
|  35|0x00000000ea300000, 0x00000000ea400000, 0x00000000ea400000|100%| O|  |TAMS 0x00000000ea300000| PB 0x00000000ea300000| Untracked 
|  36|0x00000000ea400000, 0x00000000ea500000, 0x00000000ea500000|100%| O|  |TAMS 0x00000000ea400000| PB 0x00000000ea400000| Untracked 
|  37|0x00000000ea500000, 0x00000000ea600000, 0x00000000ea600000|100%| O|  |TAMS 0x00000000ea500000| PB 0x00000000ea500000| Untracked 
|  38|0x00000000ea600000, 0x00000000ea700000, 0x00000000ea700000|100%| O|  |TAMS 0x00000000ea600000| PB 0x00000000ea600000| Untracked 
|  39|0x00000000ea700000, 0x00000000ea800000, 0x00000000ea800000|100%| O|  |TAMS 0x00000000ea700000| PB 0x00000000ea700000| Untracked 
|  40|0x00000000ea800000, 0x00000000ea900000, 0x00000000ea900000|100%| O|  |TAMS 0x00000000ea800000| PB 0x00000000ea800000| Untracked 
|  41|0x00000000ea900000, 0x00000000eaa00000, 0x00000000eaa00000|100%| O|  |TAMS 0x00000000ea900000| PB 0x00000000ea900000| Untracked 
|  42|0x00000000eaa00000, 0x00000000eab00000, 0x00000000eab00000|100%| O|  |TAMS 0x00000000eaa00000| PB 0x00000000eaa00000| Untracked 
|  43|0x00000000eab00000, 0x00000000eac00000, 0x00000000eac00000|100%| O|  |TAMS 0x00000000eab00000| PB 0x00000000eab00000| Untracked 
|  44|0x00000000eac00000, 0x00000000eac00000, 0x00000000ead00000|  0%| F|  |TAMS 0x00000000eac00000| PB 0x00000000eac00000| Untracked 
|  45|0x00000000ead00000, 0x00000000eae00000, 0x00000000eae00000|100%| O|  |TAMS 0x00000000ead00000| PB 0x00000000ead00000| Untracked 
|  46|0x00000000eae00000, 0x00000000eaf00000, 0x00000000eaf00000|100%| O|  |TAMS 0x00000000eae00000| PB 0x00000000eae00000| Untracked 
|  47|0x00000000eaf00000, 0x00000000eb000000, 0x00000000eb000000|100%| O|  |TAMS 0x00000000eaf00000| PB 0x00000000eaf00000| Untracked 
|  48|0x00000000eb000000, 0x00000000eb100000, 0x00000000eb100000|100%| O|  |TAMS 0x00000000eb000000| PB 0x00000000eb000000| Untracked 
|  49|0x00000000eb100000, 0x00000000eb200000, 0x00000000eb200000|100%| O|  |TAMS 0x00000000eb100000| PB 0x00000000eb100000| Untracked 
|  50|0x00000000eb200000, 0x00000000eb300000, 0x00000000eb300000|100%| O|  |TAMS 0x00000000eb200000| PB 0x00000000eb200000| Untracked 
|  51|0x00000000eb300000, 0x00000000eb400000, 0x00000000eb400000|100%| O|  |TAMS 0x00000000eb300000| PB 0x00000000eb300000| Untracked 
|  52|0x00000000eb400000, 0x00000000eb500000, 0x00000000eb500000|100%| O|  |TAMS 0x00000000eb400000| PB 0x00000000eb400000| Untracked 
|  53|0x00000000eb500000, 0x00000000eb600000, 0x00000000eb600000|100%| O|  |TAMS 0x00000000eb500000| PB 0x00000000eb500000| Untracked 
|  54|0x00000000eb600000, 0x00000000eb700000, 0x00000000eb700000|100%| O|  |TAMS 0x00000000eb600000| PB 0x00000000eb600000| Untracked 
|  55|0x00000000eb700000, 0x00000000eb800000, 0x00000000eb800000|100%| O|  |TAMS 0x00000000eb700000| PB 0x00000000eb700000| Untracked 
|  56|0x00000000eb800000, 0x00000000eb800000, 0x00000000eb900000|  0%| F|  |TAMS 0x00000000eb800000| PB 0x00000000eb800000| Untracked 
|  57|0x00000000eb900000, 0x00000000eba00000, 0x00000000eba00000|100%| O|  |TAMS 0x00000000eb900000| PB 0x00000000eb900000| Untracked 
|  58|0x00000000eba00000, 0x00000000ebb00000, 0x00000000ebb00000|100%| O|  |TAMS 0x00000000eba00000| PB 0x00000000eba00000| Untracked 
|  59|0x00000000ebb00000, 0x00000000ebc00000, 0x00000000ebc00000|100%| O|  |TAMS 0x00000000ebb00000| PB 0x00000000ebb00000| Untracked 
|  60|0x00000000ebc00000, 0x00000000ebd00000, 0x00000000ebd00000|100%| O|  |TAMS 0x00000000ebc00000| PB 0x00000000ebc00000| Untracked 
|  61|0x00000000ebd00000, 0x00000000ebe00000, 0x00000000ebe00000|100%| O|  |TAMS 0x00000000ebd00000| PB 0x00000000ebd00000| Untracked 
|  62|0x00000000ebe00000, 0x00000000ebf00000, 0x00000000ebf00000|100%| O|  |TAMS 0x00000000ebe00000| PB 0x00000000ebe00000| Untracked 
|  63|0x00000000ebf00000, 0x00000000ec000000, 0x00000000ec000000|100%| O|  |TAMS 0x00000000ebf00000| PB 0x00000000ebf00000| Untracked 
|  64|0x00000000ec000000, 0x00000000ec100000, 0x00000000ec100000|100%| O|  |TAMS 0x00000000ec000000| PB 0x00000000ec000000| Untracked 
|  65|0x00000000ec100000, 0x00000000ec200000, 0x00000000ec200000|100%| O|  |TAMS 0x00000000ec100000| PB 0x00000000ec100000| Untracked 
|  66|0x00000000ec200000, 0x00000000ec300000, 0x00000000ec300000|100%| O|  |TAMS 0x00000000ec200000| PB 0x00000000ec200000| Untracked 
|  67|0x00000000ec300000, 0x00000000ec400000, 0x00000000ec400000|100%| O|  |TAMS 0x00000000ec300000| PB 0x00000000ec300000| Untracked 
|  68|0x00000000ec400000, 0x00000000ec500000, 0x00000000ec500000|100%| O|  |TAMS 0x00000000ec400000| PB 0x00000000ec400000| Untracked 
|  69|0x00000000ec500000, 0x00000000ec600000, 0x00000000ec600000|100%| O|  |TAMS 0x00000000ec500000| PB 0x00000000ec500000| Untracked 
|  70|0x00000000ec600000, 0x00000000ec700000, 0x00000000ec700000|100%| O|  |TAMS 0x00000000ec600000| PB 0x00000000ec600000| Untracked 
|  71|0x00000000ec700000, 0x00000000ec800000, 0x00000000ec800000|100%| O|  |TAMS 0x00000000ec700000| PB 0x00000000ec700000| Untracked 
|  72|0x00000000ec800000, 0x00000000ec900000, 0x00000000ec900000|100%| O|  |TAMS 0x00000000ec800000| PB 0x00000000ec800000| Untracked 
|  73|0x00000000ec900000, 0x00000000eca00000, 0x00000000eca00000|100%| O|  |TAMS 0x00000000ec900000| PB 0x00000000ec900000| Untracked 
|  74|0x00000000eca00000, 0x00000000ecb00000, 0x00000000ecb00000|100%| O|  |TAMS 0x00000000eca00000| PB 0x00000000eca00000| Untracked 
|  75|0x00000000ecb00000, 0x00000000ecc00000, 0x00000000ecc00000|100%| O|  |TAMS 0x00000000ecb00000| PB 0x00000000ecb00000| Untracked 
|  76|0x00000000ecc00000, 0x00000000ecd00000, 0x00000000ecd00000|100%| O|  |TAMS 0x00000000ecc00000| PB 0x00000000ecc00000| Untracked 
|  77|0x00000000ecd00000, 0x00000000ecd662d0, 0x00000000ece00000| 39%| O|  |TAMS 0x00000000ecd00000| PB 0x00000000ecd00000| Untracked 
|  78|0x00000000ece00000, 0x00000000ece00000, 0x00000000ecf00000|  0%| F|  |TAMS 0x00000000ece00000| PB 0x00000000ece00000| Untracked 
|  79|0x00000000ecf00000, 0x00000000ecf00000, 0x00000000ed000000|  0%| F|  |TAMS 0x00000000ecf00000| PB 0x00000000ecf00000| Untracked 
|  80|0x00000000ed000000, 0x00000000ed000000, 0x00000000ed100000|  0%| F|  |TAMS 0x00000000ed000000| PB 0x00000000ed000000| Untracked 
|  81|0x00000000ed100000, 0x00000000ed100000, 0x00000000ed200000|  0%| F|  |TAMS 0x00000000ed100000| PB 0x00000000ed100000| Untracked 
|  82|0x00000000ed200000, 0x00000000ed200000, 0x00000000ed300000|  0%| F|  |TAMS 0x00000000ed200000| PB 0x00000000ed200000| Untracked 
|  83|0x00000000ed300000, 0x00000000ed300000, 0x00000000ed400000|  0%| F|  |TAMS 0x00000000ed300000| PB 0x00000000ed300000| Untracked 
|  84|0x00000000ed400000, 0x00000000ed400000, 0x00000000ed500000|  0%| F|  |TAMS 0x00000000ed400000| PB 0x00000000ed400000| Untracked 
|  85|0x00000000ed500000, 0x00000000ed500000, 0x00000000ed600000|  0%| F|  |TAMS 0x00000000ed500000| PB 0x00000000ed500000| Untracked 
|  86|0x00000000ed600000, 0x00000000ed600000, 0x00000000ed700000|  0%| F|  |TAMS 0x00000000ed600000| PB 0x00000000ed600000| Untracked 
|  87|0x00000000ed700000, 0x00000000ed7b3c40, 0x00000000ed800000| 70%| S|CS|TAMS 0x00000000ed700000| PB 0x00000000ed700000| Complete 
|  88|0x00000000ed800000, 0x00000000ed900000, 0x00000000ed900000|100%| S|CS|TAMS 0x00000000ed800000| PB 0x00000000ed800000| Complete 
|  89|0x00000000ed900000, 0x00000000eda00000, 0x00000000eda00000|100%| S|CS|TAMS 0x00000000ed900000| PB 0x00000000ed900000| Complete 
|  90|0x00000000eda00000, 0x00000000edb00000, 0x00000000edb00000|100%| S|CS|TAMS 0x00000000eda00000| PB 0x00000000eda00000| Complete 
|  91|0x00000000edb00000, 0x00000000edc00000, 0x00000000edc00000|100%| S|CS|TAMS 0x00000000edb00000| PB 0x00000000edb00000| Complete 
|  92|0x00000000edc00000, 0x00000000edc00000, 0x00000000edd00000|  0%| F|  |TAMS 0x00000000edc00000| PB 0x00000000edc00000| Untracked 
|  93|0x00000000edd00000, 0x00000000edd00000, 0x00000000ede00000|  0%| F|  |TAMS 0x00000000edd00000| PB 0x00000000edd00000| Untracked 
|  94|0x00000000ede00000, 0x00000000ede00000, 0x00000000edf00000|  0%| F|  |TAMS 0x00000000ede00000| PB 0x00000000ede00000| Untracked 
|  95|0x00000000edf00000, 0x00000000edf00000, 0x00000000ee000000|  0%| F|  |TAMS 0x00000000edf00000| PB 0x00000000edf00000| Untracked 
|  96|0x00000000ee000000, 0x00000000ee000000, 0x00000000ee100000|  0%| F|  |TAMS 0x00000000ee000000| PB 0x00000000ee000000| Untracked 
|  97|0x00000000ee100000, 0x00000000ee100000, 0x00000000ee200000|  0%| F|  |TAMS 0x00000000ee100000| PB 0x00000000ee100000| Untracked 
|  98|0x00000000ee200000, 0x00000000ee2c4cc0, 0x00000000ee300000| 76%| E|  |TAMS 0x00000000ee200000| PB 0x00000000ee200000| Complete 
|  99|0x00000000ee300000, 0x00000000ee400000, 0x00000000ee400000|100%| E|CS|TAMS 0x00000000ee300000| PB 0x00000000ee300000| Complete 
| 100|0x00000000ee400000, 0x00000000ee500000, 0x00000000ee500000|100%| E|CS|TAMS 0x00000000ee400000| PB 0x00000000ee400000| Complete 
| 101|0x00000000ee500000, 0x00000000ee600000, 0x00000000ee600000|100%| E|CS|TAMS 0x00000000ee500000| PB 0x00000000ee500000| Complete 
| 102|0x00000000ee600000, 0x00000000ee700000, 0x00000000ee700000|100%| E|CS|TAMS 0x00000000ee600000| PB 0x00000000ee600000| Complete 
| 103|0x00000000ee700000, 0x00000000ee800000, 0x00000000ee800000|100%| E|CS|TAMS 0x00000000ee700000| PB 0x00000000ee700000| Complete 
| 104|0x00000000ee800000, 0x00000000ee900000, 0x00000000ee900000|100%| E|CS|TAMS 0x00000000ee800000| PB 0x00000000ee800000| Complete 
| 105|0x00000000ee900000, 0x00000000eea00000, 0x00000000eea00000|100%| E|CS|TAMS 0x00000000ee900000| PB 0x00000000ee900000| Complete 
| 106|0x00000000eea00000, 0x00000000eeb00000, 0x00000000eeb00000|100%| E|CS|TAMS 0x00000000eea00000| PB 0x00000000eea00000| Complete 
| 107|0x00000000eeb00000, 0x00000000eec00000, 0x00000000eec00000|100%| E|CS|TAMS 0x00000000eeb00000| PB 0x00000000eeb00000| Complete 
| 108|0x00000000eec00000, 0x00000000eed00000, 0x00000000eed00000|100%| E|CS|TAMS 0x00000000eec00000| PB 0x00000000eec00000| Complete 
| 109|0x00000000eed00000, 0x00000000eee00000, 0x00000000eee00000|100%| E|CS|TAMS 0x00000000eed00000| PB 0x00000000eed00000| Complete 
| 110|0x00000000eee00000, 0x00000000eef00000, 0x00000000eef00000|100%| E|CS|TAMS 0x00000000eee00000| PB 0x00000000eee00000| Complete 
| 111|0x00000000eef00000, 0x00000000ef000000, 0x00000000ef000000|100%| E|CS|TAMS 0x00000000eef00000| PB 0x00000000eef00000| Complete 
| 112|0x00000000ef000000, 0x00000000ef100000, 0x00000000ef100000|100%| E|CS|TAMS 0x00000000ef000000| PB 0x00000000ef000000| Complete 
| 113|0x00000000ef100000, 0x00000000ef200000, 0x00000000ef200000|100%| E|CS|TAMS 0x00000000ef100000| PB 0x00000000ef100000| Complete 
| 114|0x00000000ef200000, 0x00000000ef300000, 0x00000000ef300000|100%| E|CS|TAMS 0x00000000ef200000| PB 0x00000000ef200000| Complete 
| 115|0x00000000ef300000, 0x00000000ef400000, 0x00000000ef400000|100%| E|CS|TAMS 0x00000000ef300000| PB 0x00000000ef300000| Complete 
| 116|0x00000000ef400000, 0x00000000ef500000, 0x00000000ef500000|100%| E|CS|TAMS 0x00000000ef400000| PB 0x00000000ef400000| Complete 
| 117|0x00000000ef500000, 0x00000000ef600000, 0x00000000ef600000|100%| E|CS|TAMS 0x00000000ef500000| PB 0x00000000ef500000| Complete 
| 118|0x00000000ef600000, 0x00000000ef700000, 0x00000000ef700000|100%| E|CS|TAMS 0x00000000ef600000| PB 0x00000000ef600000| Complete 
| 119|0x00000000ef700000, 0x00000000ef800000, 0x00000000ef800000|100%| E|  |TAMS 0x00000000ef700000| PB 0x00000000ef700000| Complete 
| 120|0x00000000ef800000, 0x00000000ef900000, 0x00000000ef900000|100%| E|CS|TAMS 0x00000000ef800000| PB 0x00000000ef800000| Complete 
| 121|0x00000000ef900000, 0x00000000efa00000, 0x00000000efa00000|100%| E|CS|TAMS 0x00000000ef900000| PB 0x00000000ef900000| Complete 
| 122|0x00000000efa00000, 0x00000000efb00000, 0x00000000efb00000|100%| E|CS|TAMS 0x00000000efa00000| PB 0x00000000efa00000| Complete 
| 123|0x00000000efb00000, 0x00000000efc00000, 0x00000000efc00000|100%| E|CS|TAMS 0x00000000efb00000| PB 0x00000000efb00000| Complete 
| 124|0x00000000efc00000, 0x00000000efd00000, 0x00000000efd00000|100%| E|CS|TAMS 0x00000000efc00000| PB 0x00000000efc00000| Complete 
| 125|0x00000000efd00000, 0x00000000efe00000, 0x00000000efe00000|100%| E|CS|TAMS 0x00000000efd00000| PB 0x00000000efd00000| Complete 
| 126|0x00000000efe00000, 0x00000000eff00000, 0x00000000eff00000|100%| E|CS|TAMS 0x00000000efe00000| PB 0x00000000efe00000| Complete 
| 127|0x00000000eff00000, 0x00000000f0000000, 0x00000000f0000000|100%| E|CS|TAMS 0x00000000eff00000| PB 0x00000000eff00000| Complete 
| 128|0x00000000f0000000, 0x00000000f0100000, 0x00000000f0100000|100%| E|CS|TAMS 0x00000000f0000000| PB 0x00000000f0000000| Complete 

Card table byte_map: [0x000001dbdd1d0000,0x000001dbdd290000] _byte_map_base: 0x000001dbdca90000

Marking Bits: (CMBitMap*) 0x000001dbc57fc840
 Bits: [0x000001dbdd290000, 0x000001dbdd890000)

Polling page: 0x000001dbc35e0000

Metaspace:

Usage:
  Non-class:     58.75 MB used.
      Class:      9.84 MB used.
       Both:     68.60 MB used.

Virtual space:
  Non-class space:       64.00 MB reserved,      59.94 MB ( 94%) committed,  1 nodes.
      Class space:      160.00 MB reserved,      10.94 MB (  7%) committed,  1 nodes.
             Both:      224.00 MB reserved,      70.88 MB ( 32%) committed. 

Chunk freelists:
   Non-Class:  3.61 MB
       Class:  5.03 MB
        Both:  8.64 MB

MaxMetaspaceSize: 192.00 MB
CompressedClassSpaceSize: 160.00 MB
Initial GC threshold: 21.00 MB
Current GC threshold: 111.50 MB
CDS: on
 - commit_granule_bytes: 65536.
 - commit_granule_words: 8192.
 - virtual_space_node_default_size: 8388608.
 - enlarge_chunks_in_place: 1.
 - use_allocation_guard: 0.


Internal statistics:

num_allocs_failed_limit: 12.
num_arena_births: 4276.
num_arena_deaths: 0.
num_vsnodes_births: 2.
num_vsnodes_deaths: 0.
num_space_committed: 1134.
num_space_uncommitted: 0.
num_chunks_returned_to_freelist: 12.
num_chunks_taken_from_freelist: 7815.
num_chunk_merges: 6.
num_chunk_splits: 4905.
num_chunks_enlarged: 2796.
num_inconsistent_stats: 0.

CodeHeap 'non-profiled nmethods': size=120000Kb used=6143Kb max_used=6143Kb free=113856Kb
 bounds [0x000001dbd5970000, 0x000001dbd5f70000, 0x000001dbdcea0000]
CodeHeap 'profiled nmethods': size=120000Kb used=20468Kb max_used=20468Kb free=99531Kb
 bounds [0x000001dbcdea0000, 0x000001dbcf2a0000, 0x000001dbd53d0000]
CodeHeap 'non-nmethods': size=5760Kb used=2101Kb max_used=2169Kb free=3658Kb
 bounds [0x000001dbd53d0000, 0x000001dbd5640000, 0x000001dbd5970000]
CodeCache: size=245760Kb, used=28712Kb, max_used=28780Kb, free=217045Kb
 total_blobs=11241, nmethods=10415, adapters=730, full_count=0
Compilation: enabled, stopped_count=0, restarted_count=0

Compilation events (20 events):
Event: 50.197 Thread 0x000001dbe02eb070 nmethod 11597 0x000001dbcf28a910 code [0x000001dbcf28ab40, 0x000001dbcf28b258]
Event: 50.198 Thread 0x000001dbe02eb070 11598       3       java.lang.management.ManagementFactory$PlatformMBeanFinder$$Lambda/0x000001dbe20730d8::test (12 bytes)
Event: 50.198 Thread 0x000001dbe02eb070 nmethod 11598 0x000001dbcf28b490 code [0x000001dbcf28b660, 0x000001dbcf28ba78]
Event: 50.198 Thread 0x000001dbe02eb070 11599       3       java.lang.management.ManagementFactory$PlatformMBeanFinder::lambda$findFirst$0 (13 bytes)
Event: 50.199 Thread 0x000001dbe02eb070 nmethod 11599 0x000001dbcf28bb90 code [0x000001dbcf28bd60, 0x000001dbcf28bff0]
Event: 50.342 Thread 0x000001dbe02e89c0 11600       4       org.gradle.internal.logging.text.AbstractLineChoppingStyledTextOutput$1::execute (9 bytes)
Event: 50.349 Thread 0x000001dbe02eb070 11604       3       sun.nio.cs.StreamEncoder::implWrite (145 bytes)
Event: 50.351 Thread 0x000001dbe02eb070 nmethod 11604 0x000001dbcf28c110 code [0x000001dbcf28c380, 0x000001dbcf28cc60]
Event: 50.351 Thread 0x000001dbe02eb070 11605       3       org.gradle.internal.io.LineBufferingOutputStream::write (59 bytes)
Event: 50.354 Thread 0x000001dbe02eb070 nmethod 11605 0x000001dbcf28cf10 code [0x000001dbcf28d1e0, 0x000001dbcf28dfe0]
Event: 50.354 Thread 0x000001dbe02eb070 11606       3       org.gradle.internal.io.LineBufferingOutputStream::endsWithLineSeparator (27 bytes)
Event: 50.355 Thread 0x000001dbe02eb070 nmethod 11606 0x000001dbcf28e510 code [0x000001dbcf28e6c0, 0x000001dbcf28e860]
Event: 50.362 Thread 0x000001dbe02e89c0 nmethod 11600 0x000001dbd5bd2190 code [0x000001dbd5bd2400, 0x000001dbd5bd2b78]
Event: 50.363 Thread 0x000001dbe02e89c0 11601       4       org.gradle.internal.logging.text.AbstractLineChoppingStyledTextOutput$1::execute (140 bytes)
Event: 50.380 Thread 0x000001dbe02e89c0 nmethod 11601 0x000001dbd5f6d910 code [0x000001dbd5f6db80, 0x000001dbd5f6e2c0]
Event: 50.381 Thread 0x000001dbe02e89c0 11602       4       org.gradle.internal.logging.text.AbstractLineChoppingStyledTextOutput$2::execute (77 bytes)
Event: 50.398 Thread 0x000001dbe02e89c0 nmethod 11602 0x000001dbd5f6e910 code [0x000001dbd5f6eb60, 0x000001dbd5f6f0b8]
Event: 50.398 Thread 0x000001dbe02e89c0 11603       4       org.gradle.internal.logging.text.AbstractLineChoppingStyledTextOutput$StateContext::setState (10 bytes)
Event: 50.401 Thread 0x000001dbe02e89c0 nmethod 11603 0x000001dbd5bd1c90 code [0x000001dbd5bd1e20, 0x000001dbd5bd1f98]
Event: 50.490 Thread 0x000001dbe02e89c0 11607       4       org.gradle.internal.logging.text.AbstractLineChoppingStyledTextOutput::doAppend (43 bytes)

GC Heap History (20 events):
Event: 12.627 GC heap before
{Heap before GC invocations=7 (full 0):
 garbage-first heap   total 131072K, used 32101K [0x00000000e8000000, 0x0000000100000000)
  region size 1024K, 9 young (9216K), 7 survivors (7168K)
 Metaspace       used 34964K, committed 36288K, reserved 229376K
  class space    used 4984K, committed 5632K, reserved 163840K
}
Event: 12.634 GC heap after
{Heap after GC invocations=8 (full 0):
 garbage-first heap   total 131072K, used 31735K [0x00000000e8000000, 0x0000000100000000)
  region size 1024K, 4 young (4096K), 4 survivors (4096K)
 Metaspace       used 34964K, committed 36288K, reserved 229376K
  class space    used 4984K, committed 5632K, reserved 163840K
}
Event: 15.678 GC heap before
{Heap before GC invocations=9 (full 0):
 garbage-first heap   total 131072K, used 101367K [0x00000000e8000000, 0x0000000100000000)
  region size 1024K, 72 young (73728K), 4 survivors (4096K)
 Metaspace       used 43065K, committed 44864K, reserved 229376K
  class space    used 6358K, committed 7232K, reserved 163840K
}
Event: 15.698 GC heap after
{Heap after GC invocations=10 (full 0):
 garbage-first heap   total 131072K, used 36122K [0x00000000e8000000, 0x0000000100000000)
  region size 1024K, 8 young (8192K), 8 survivors (8192K)
 Metaspace       used 43065K, committed 44864K, reserved 229376K
  class space    used 6358K, committed 7232K, reserved 163840K
}
Event: 20.542 GC heap before
{Heap before GC invocations=10 (full 0):
 garbage-first heap   total 131072K, used 105754K [0x00000000e8000000, 0x0000000100000000)
  region size 1024K, 76 young (77824K), 8 survivors (8192K)
 Metaspace       used 54408K, committed 56256K, reserved 229376K
  class space    used 7885K, committed 8768K, reserved 163840K
}
Event: 20.555 GC heap after
{Heap after GC invocations=11 (full 0):
 garbage-first heap   total 131072K, used 41690K [0x00000000e8000000, 0x0000000100000000)
  region size 1024K, 10 young (10240K), 10 survivors (10240K)
 Metaspace       used 54408K, committed 56256K, reserved 229376K
  class space    used 7885K, committed 8768K, reserved 163840K
}
Event: 23.478 GC heap before
{Heap before GC invocations=11 (full 0):
 garbage-first heap   total 131072K, used 95962K [0x00000000e8000000, 0x0000000100000000)
  region size 1024K, 64 young (65536K), 10 survivors (10240K)
 Metaspace       used 58714K, committed 60736K, reserved 229376K
  class space    used 8572K, committed 9600K, reserved 163840K
}
Event: 23.506 GC heap after
{Heap after GC invocations=12 (full 0):
 garbage-first heap   total 131072K, used 46916K [0x00000000e8000000, 0x0000000100000000)
  region size 1024K, 6 young (6144K), 6 survivors (6144K)
 Metaspace       used 58714K, committed 60736K, reserved 229376K
  class space    used 8572K, committed 9600K, reserved 163840K
}
Event: 27.193 GC heap before
{Heap before GC invocations=13 (full 0):
 garbage-first heap   total 131072K, used 110404K [0x00000000e8000000, 0x0000000100000000)
  region size 1024K, 68 young (69632K), 6 survivors (6144K)
 Metaspace       used 63488K, committed 65600K, reserved 229376K
  class space    used 9220K, committed 10240K, reserved 163840K
}
Event: 27.206 GC heap after
{Heap after GC invocations=14 (full 0):
 garbage-first heap   total 131072K, used 53841K [0x00000000e8000000, 0x0000000100000000)
  region size 1024K, 9 young (9216K), 9 survivors (9216K)
 Metaspace       used 63488K, committed 65600K, reserved 229376K
  class space    used 9220K, committed 10240K, reserved 163840K
}
Event: 30.272 GC heap before
{Heap before GC invocations=14 (full 0):
 garbage-first heap   total 131072K, used 112209K [0x00000000e8000000, 0x0000000100000000)
  region size 1024K, 66 young (67584K), 9 survivors (9216K)
 Metaspace       used 65198K, committed 67328K, reserved 229376K
  class space    used 9339K, committed 10368K, reserved 163840K
}
Event: 30.291 GC heap after
{Heap after GC invocations=15 (full 0):
 garbage-first heap   total 132096K, used 63017K [0x00000000e8000000, 0x0000000100000000)
  region size 1024K, 9 young (9216K), 9 survivors (9216K)
 Metaspace       used 65198K, committed 67328K, reserved 229376K
  class space    used 9339K, committed 10368K, reserved 163840K
}
Event: 31.992 GC heap before
{Heap before GC invocations=15 (full 0):
 garbage-first heap   total 132096K, used 112169K [0x00000000e8000000, 0x0000000100000000)
  region size 1024K, 58 young (59392K), 9 survivors (9216K)
 Metaspace       used 65921K, committed 68096K, reserved 229376K
  class space    used 9385K, committed 10432K, reserved 163840K
}
Event: 32.003 GC heap after
{Heap after GC invocations=16 (full 0):
 garbage-first heap   total 132096K, used 66820K [0x00000000e8000000, 0x0000000100000000)
  region size 1024K, 5 young (5120K), 5 survivors (5120K)
 Metaspace       used 65921K, committed 68096K, reserved 229376K
  class space    used 9385K, committed 10432K, reserved 163840K
}
Event: 32.811 GC heap before
{Heap before GC invocations=16 (full 0):
 garbage-first heap   total 132096K, used 114948K [0x00000000e8000000, 0x0000000100000000)
  region size 1024K, 52 young (53248K), 5 survivors (5120K)
 Metaspace       used 66198K, committed 68416K, reserved 229376K
  class space    used 9397K, committed 10496K, reserved 163840K
}
Event: 32.821 GC heap after
{Heap after GC invocations=17 (full 0):
 garbage-first heap   total 132096K, used 72926K [0x00000000e8000000, 0x0000000100000000)
  region size 1024K, 6 young (6144K), 6 survivors (6144K)
 Metaspace       used 66198K, committed 68416K, reserved 229376K
  class space    used 9397K, committed 10496K, reserved 163840K
}
Event: 33.503 GC heap before
{Heap before GC invocations=18 (full 0):
 garbage-first heap   total 132096K, used 115934K [0x00000000e8000000, 0x0000000100000000)
  region size 1024K, 48 young (49152K), 6 survivors (6144K)
 Metaspace       used 66411K, committed 68672K, reserved 229376K
  class space    used 9405K, committed 10496K, reserved 163840K
}
Event: 33.512 GC heap after
{Heap after GC invocations=19 (full 0):
 garbage-first heap   total 132096K, used 79454K [0x00000000e8000000, 0x0000000100000000)
  region size 1024K, 6 young (6144K), 6 survivors (6144K)
 Metaspace       used 66411K, committed 68672K, reserved 229376K
  class space    used 9405K, committed 10496K, reserved 163840K
}
Event: 34.797 GC heap before
{Heap before GC invocations=19 (full 0):
 garbage-first heap   total 132096K, used 117342K [0x00000000e8000000, 0x0000000100000000)
  region size 1024K, 43 young (44032K), 6 survivors (6144K)
 Metaspace       used 68431K, committed 70720K, reserved 229376K
  class space    used 9776K, committed 10880K, reserved 163840K
}
Event: 34.807 GC heap after
{Heap after GC invocations=20 (full 0):
 garbage-first heap   total 132096K, used 82023K [0x00000000e8000000, 0x0000000100000000)
  region size 1024K, 5 young (5120K), 5 survivors (5120K)
 Metaspace       used 68431K, committed 70720K, reserved 229376K
  class space    used 9776K, committed 10880K, reserved 163840K
}

Dll operation events (15 events):
Event: 0.079 Loaded shared library C:\Users\ibraa\.jdks\ms-21.0.8\bin\java.dll
Event: 0.154 Loaded shared library C:\Users\ibraa\.jdks\ms-21.0.8\bin\jsvml.dll
Event: 0.350 Loaded shared library C:\Users\ibraa\.jdks\ms-21.0.8\bin\zip.dll
Event: 0.360 Loaded shared library C:\Users\ibraa\.jdks\ms-21.0.8\bin\instrument.dll
Event: 0.372 Loaded shared library C:\Users\ibraa\.jdks\ms-21.0.8\bin\net.dll
Event: 0.378 Loaded shared library C:\Users\ibraa\.jdks\ms-21.0.8\bin\nio.dll
Event: 0.385 Loaded shared library C:\Users\ibraa\.jdks\ms-21.0.8\bin\zip.dll
Event: 0.976 Loaded shared library C:\Users\ibraa\.jdks\ms-21.0.8\bin\jimage.dll
Event: 1.451 Loaded shared library C:\Users\ibraa\.jdks\ms-21.0.8\bin\verify.dll
Event: 1.544 Loaded shared library C:\Users\ibraa\.gradle\native\660c5614fbf4a5f2a75b1949f50a0caf5cd603558e7d8a26e50b933a0cfb79d1\windows-amd64\native-platform.dll
Event: 1.577 Loaded shared library C:\Users\ibraa\.gradle\native\0.2.8\x86_64-windows-gnu\gradle-fileevents.dll
Event: 4.068 Loaded shared library C:\Users\ibraa\.jdks\ms-21.0.8\bin\management.dll
Event: 4.074 Loaded shared library C:\Users\ibraa\.jdks\ms-21.0.8\bin\management_ext.dll
Event: 4.497 Loaded shared library C:\Users\ibraa\.jdks\ms-21.0.8\bin\extnet.dll
Event: 5.039 Loaded shared library C:\Users\ibraa\.jdks\ms-21.0.8\bin\sunmscapi.dll

Deoptimization events (20 events):
Event: 35.941 Thread 0x000001dbf44dc240 Uncommon trap: trap_request=0xffffffc6 fr.pc=0x000001dbd5baeeb8 relative=0x0000000000000258
Event: 35.941 Thread 0x000001dbf44dc240 Uncommon trap: reason=bimorphic_or_optimized_type_check action=maybe_recompile pc=0x000001dbd5baeeb8 method=java.util.Spliterators$IteratorSpliterator.tryAdvance(Ljava/util/function/Consumer;)Z @ 50 c2
Event: 35.941 Thread 0x000001dbf44dc240 DEOPT PACKING pc=0x000001dbd5baeeb8 sp=0x000000a1cd1f9e50
Event: 35.941 Thread 0x000001dbf44dc240 DEOPT UNPACKING pc=0x000001dbd54246a2 sp=0x000000a1cd1f9df0 mode 2
Event: 36.246 Thread 0x000001dbf44dc240 Uncommon trap: trap_request=0xffffffc6 fr.pc=0x000001dbd5ce4430 relative=0x0000000000000690
Event: 36.246 Thread 0x000001dbf44dc240 Uncommon trap: reason=bimorphic_or_optimized_type_check action=maybe_recompile pc=0x000001dbd5ce4430 method=sun.security.provider.DigestBase.engineUpdate([BII)V @ 115 c2
Event: 36.246 Thread 0x000001dbf44dc240 DEOPT PACKING pc=0x000001dbd5ce4430 sp=0x000000a1cd1f7dd0
Event: 36.246 Thread 0x000001dbf44dc240 DEOPT UNPACKING pc=0x000001dbd54246a2 sp=0x000000a1cd1f7d98 mode 2
Event: 36.255 Thread 0x000001dbf44dc240 Uncommon trap: trap_request=0xffffff45 fr.pc=0x000001dbd5edca58 relative=0x0000000000000598
Event: 36.256 Thread 0x000001dbf44dc240 Uncommon trap: reason=unstable_if action=reinterpret pc=0x000001dbd5edca58 method=jdk.internal.reflect.DirectMethodHandleAccessor.checkArgumentCount(I[Ljava/lang/Object;)V @ 1 c2
Event: 36.256 Thread 0x000001dbf44dc240 DEOPT PACKING pc=0x000001dbd5edca58 sp=0x000000a1cd1f83b0
Event: 36.256 Thread 0x000001dbf44dc240 DEOPT UNPACKING pc=0x000001dbd54246a2 sp=0x000000a1cd1f82e0 mode 2
Event: 36.284 Thread 0x000001dbf44dc240 Uncommon trap: trap_request=0xffffff45 fr.pc=0x000001dbd5e36688 relative=0x0000000000000068
Event: 36.284 Thread 0x000001dbf44dc240 Uncommon trap: reason=unstable_if action=reinterpret pc=0x000001dbd5e36688 method=jdk.internal.reflect.DirectMethodHandleAccessor.checkArgumentCount(I[Ljava/lang/Object;)V @ 1 c2
Event: 36.284 Thread 0x000001dbf44dc240 DEOPT PACKING pc=0x000001dbd5e36688 sp=0x000000a1cd1f8250
Event: 36.284 Thread 0x000001dbf44dc240 DEOPT UNPACKING pc=0x000001dbd54246a2 sp=0x000000a1cd1f81d8 mode 2
Event: 36.443 Thread 0x000001dbf44dc240 Uncommon trap: trap_request=0xffffffc6 fr.pc=0x000001dbd5b984a8 relative=0x00000000000012a8
Event: 36.444 Thread 0x000001dbf44dc240 Uncommon trap: reason=bimorphic_or_optimized_type_check action=maybe_recompile pc=0x000001dbd5b984a8 method=java.util.concurrent.ConcurrentHashMap.putAll(Ljava/util/Map;)V @ 23 c2
Event: 36.444 Thread 0x000001dbf44dc240 DEOPT PACKING pc=0x000001dbd5b984a8 sp=0x000000a1cd1f83d0
Event: 36.444 Thread 0x000001dbf44dc240 DEOPT UNPACKING pc=0x000001dbd54246a2 sp=0x000000a1cd1f83a0 mode 2

Classes loaded (20 events):
Event: 34.979 Loading class java/io/ObjectStreamClass$4
Event: 34.979 Loading class java/io/ObjectStreamClass$4 done
Event: 34.979 Loading class java/io/ObjectStreamClass$5
Event: 34.980 Loading class java/io/ObjectStreamClass$5 done
Event: 34.980 Loading class java/io/ObjectStreamClass$ClassDataSlot
Event: 34.981 Loading class java/io/ObjectStreamClass$ClassDataSlot done
Event: 36.023 Loading class java/util/PriorityQueue
Event: 36.023 Loading class java/util/PriorityQueue done
Event: 36.072 Loading class java/nio/file/FileTreeWalker$1
Event: 36.072 Loading class java/nio/file/FileTreeWalker$1 done
Event: 36.190 Loading class jdk/internal/reflect/MethodHandleLongFieldAccessorImpl
Event: 36.190 Loading class jdk/internal/reflect/MethodHandleLongFieldAccessorImpl done
Event: 36.195 Loading class java/io/ObjectStreamClass$ExceptionInfo
Event: 36.195 Loading class java/io/ObjectStreamClass$ExceptionInfo done
Event: 36.219 Loading class java/io/SerialCallbackContext
Event: 36.220 Loading class java/io/SerialCallbackContext done
Event: 36.474 Loading class java/lang/UnsupportedClassVersionError
Event: 36.474 Loading class java/lang/UnsupportedClassVersionError done
Event: 39.743 Loading class java/nio/channels/AsynchronousCloseException
Event: 39.756 Loading class java/nio/channels/AsynchronousCloseException done

Classes unloaded (0 events):
No events

Classes redefined (0 events):
No events

Internal exceptions (20 events):
Event: 35.864 Thread 0x000001dbf44dc240 Exception <a 'java/lang/NoSuchMethodError'{0x00000000ef1eb6d8}: 'int java.lang.invoke.DirectMethodHandle$Holder.invokeStaticInit(java.lang.Object, java.lang.Object, java.lang.Object, java.lang.Object, java.lang.Object)'> (0x00000000ef1eb6d8) 
thrown [s\src\hotspot\share\interpreter\linkResolver.cpp, line 773]
Event: 36.058 Thread 0x000001dbf44dc240 Exception <a 'java/lang/NoSuchMethodError'{0x00000000eed39f08}: 'java.lang.Object java.lang.invoke.DirectMethodHandle$Holder.newInvokeSpecial(java.lang.Object, java.lang.Object, int, java.lang.Object, java.lang.Object, java.lang.Object, java.lang.Object)'> (0x00000000eed39f08) 
thrown [s\src\hotspot\share\interpreter\linkResolver.cpp, line 773]
Event: 36.059 Thread 0x000001dbf44dc240 Exception <a 'java/lang/NoSuchMethodError'{0x00000000eed42788}: 'java.lang.Object java.lang.invoke.Invokers$Holder.linkToTargetMethod(java.lang.Object, int, java.lang.Object, java.lang.Object, java.lang.Object, java.lang.Object, java.lang.Object)'> (0x00000000eed42788) 
thrown [s\src\hotspot\share\interpreter\linkResolver.cpp, line 773]
Event: 36.189 Thread 0x000001dbf44dc240 Exception <a 'java/lang/NoSuchMethodError'{0x00000000eeb1ecc0}: static Lorg/gradle/api/internal/tasks/compile/DaemonJavaCompiler$JavaCompilerParameters;.<clinit>()V> (0x00000000eeb1ecc0) 
thrown [s\src\hotspot\share\prims\jni.cpp, line 1111]
Event: 36.189 Thread 0x000001dbf44dc240 Exception <a 'java/lang/NoSuchMethodError'{0x00000000eeb21c20}: static Lorg/gradle/api/internal/tasks/compile/daemon/CompilerWorkerExecutor$CompilerParameters;.<clinit>()V> (0x00000000eeb21c20) 
thrown [s\src\hotspot\share\prims\jni.cpp, line 1111]
Event: 36.191 Thread 0x000001dbf44dc240 Exception <a 'java/lang/NoSuchMethodError'{0x00000000eeb27130}: 'long java.lang.invoke.DirectMethodHandle$Holder.invokeSpecial(java.lang.Object, java.lang.Object)'> (0x00000000eeb27130) 
thrown [s\src\hotspot\share\interpreter\linkResolver.cpp, line 773]
Event: 36.192 Thread 0x000001dbf44dc240 Exception <a 'java/lang/NoSuchMethodError'{0x00000000eeb2b318}: 'long java.lang.invoke.Invokers$Holder.invokeExact_MT(java.lang.Object, java.lang.Object)'> (0x00000000eeb2b318) 
thrown [s\src\hotspot\share\interpreter\linkResolver.cpp, line 773]
Event: 36.196 Thread 0x000001dbf44dc240 Exception <a 'java/lang/NoSuchMethodError'{0x00000000eeb41258}: static [Ljava/lang/Object;.<clinit>()V> (0x00000000eeb41258) 
thrown [s\src\hotspot\share\prims\jni.cpp, line 1111]
Event: 36.210 Thread 0x000001dbf44dc240 Exception <a 'java/lang/NoSuchMethodError'{0x00000000eeb68c00}: static Ljava/lang/Object;.<clinit>()V> (0x00000000eeb68c00) 
thrown [s\src\hotspot\share\prims\jni.cpp, line 1111]
Event: 36.216 Thread 0x000001dbf44dc240 Exception <a 'java/lang/NoSuchMethodError'{0x00000000eeb83ae0}: static Ljava/util/AbstractList;.<clinit>()V> (0x00000000eeb83ae0) 
thrown [s\src\hotspot\share\prims\jni.cpp, line 1111]
Event: 36.244 Thread 0x000001dbf44dc240 Exception <a 'java/lang/NoSuchMethodError'{0x00000000eea00cf8}: static Lorg/gradle/api/internal/tasks/compile/DefaultJavaCompileSpecFactory$DefaultForkingJavaCompileSpec;.<clinit>()V> (0x00000000eea00cf8) 
thrown [s\src\hotspot\share\prims\jni.cpp, line 1111]
Event: 36.245 Thread 0x000001dbf44dc240 Exception <a 'java/lang/NoSuchMethodError'{0x00000000eea0a118}: static Lorg/gradle/api/internal/tasks/compile/DefaultJavaCompileSpec;.<clinit>()V> (0x00000000eea0a118) 
thrown [s\src\hotspot\share\prims\jni.cpp, line 1111]
Event: 36.246 Thread 0x000001dbf44dc240 Exception <a 'java/lang/NoSuchMethodError'{0x00000000eea0f888}: static Lorg/gradle/api/internal/tasks/compile/DefaultJvmLanguageCompileSpec;.<clinit>()V> (0x00000000eea0f888) 
thrown [s\src\hotspot\share\prims\jni.cpp, line 1111]
Event: 36.255 Thread 0x000001dbf44dc240 Implicit null exception at 0x000001dbd5edc551 to 0x000001dbd5edca34
Event: 36.283 Thread 0x000001dbf44dc240 Implicit null exception at 0x000001dbd5e3663a to 0x000001dbd5e36674
Event: 36.307 Thread 0x000001dbf44dc240 Exception <a 'java/lang/NoSuchMethodError'{0x00000000ee903528}: static Lorg/gradle/api/internal/tasks/compile/MinimalJavaCompileOptions;.<clinit>()V> (0x00000000ee903528) 
thrown [s\src\hotspot\share\prims\jni.cpp, line 1111]
Event: 36.327 Thread 0x000001dbf44dc240 Exception <a 'java/lang/NoSuchMethodError'{0x00000000ee96c528}: static Lorg/gradle/api/internal/tasks/compile/MinimalJavaCompilerDaemonForkOptions;.<clinit>()V> (0x00000000ee96c528) 
thrown [s\src\hotspot\share\prims\jni.cpp, line 1111]
Event: 36.328 Thread 0x000001dbf44dc240 Exception <a 'java/lang/NoSuchMethodError'{0x00000000ee96ef58}: static Lorg/gradle/api/internal/tasks/compile/MinimalCompilerDaemonForkOptions;.<clinit>()V> (0x00000000ee96ef58) 
thrown [s\src\hotspot\share\prims\jni.cpp, line 1111]
Event: 36.337 Thread 0x000001dbf44dc240 Exception <a 'java/lang/NoSuchMethodError'{0x00000000ee997a30}: static Lorg/gradle/api/internal/tasks/compile/processing/AnnotationProcessorDeclaration;.<clinit>()V> (0x00000000ee997a30) 
thrown [s\src\hotspot\share\prims\jni.cpp, line 1111]
Event: 36.485 Thread 0x000001dbf44dc240 Exception <a 'java/lang/NoSuchMethodError'{0x00000000ee533ea8}: static Lorg/gradle/process/internal/worker/request/WorkerAction;.<clinit>()V> (0x00000000ee533ea8) 
thrown [s\src\hotspot\share\prims\jni.cpp, line 1111]

ZGC Phase Switch (0 events):
No events

VM Operations (20 events):
Event: 34.940 Executing VM operation: HandshakeAllThreads (Deoptimize)
Event: 34.941 Executing VM operation: HandshakeAllThreads (Deoptimize) done
Event: 34.943 Executing VM operation: HandshakeAllThreads (Deoptimize)
Event: 34.943 Executing VM operation: HandshakeAllThreads (Deoptimize) done
Event: 35.362 Executing VM operation: HandshakeAllThreads (Deoptimize)
Event: 35.363 Executing VM operation: HandshakeAllThreads (Deoptimize) done
Event: 35.527 Executing VM operation: ICBufferFull
Event: 35.527 Executing VM operation: ICBufferFull done
Event: 36.080 Executing VM operation: HandshakeAllThreads (Deoptimize)
Event: 36.080 Executing VM operation: HandshakeAllThreads (Deoptimize) done
Event: 37.081 Executing VM operation: Cleanup
Event: 37.082 Executing VM operation: Cleanup done
Event: 38.086 Executing VM operation: Cleanup
Event: 38.086 Executing VM operation: Cleanup done
Event: 39.831 Executing VM operation: HandshakeAllThreads (Deoptimize)
Event: 39.831 Executing VM operation: HandshakeAllThreads (Deoptimize) done
Event: 39.831 Executing VM operation: Cleanup
Event: 39.832 Executing VM operation: Cleanup done
Event: 45.881 Executing VM operation: Cleanup
Event: 45.881 Executing VM operation: Cleanup done

Memory protections (0 events):
No events

Nmethod flushes (20 events):
Event: 32.932 Thread 0x000001dbe02b80b0 flushing  nmethod 0x000001dbce320890
Event: 32.932 Thread 0x000001dbe02b80b0 flushing  nmethod 0x000001dbce321a90
Event: 32.932 Thread 0x000001dbe02b80b0 flushing  nmethod 0x000001dbce322f90
Event: 32.932 Thread 0x000001dbe02b80b0 flushing  nmethod 0x000001dbce3f3b10
Event: 32.932 Thread 0x000001dbe02b80b0 flushing  nmethod 0x000001dbce3f4310
Event: 32.932 Thread 0x000001dbe02b80b0 flushing  nmethod 0x000001dbce559b10
Event: 32.932 Thread 0x000001dbe02b80b0 flushing  nmethod 0x000001dbce55bd10
Event: 32.932 Thread 0x000001dbe02b80b0 flushing  nmethod 0x000001dbce55d790
Event: 32.932 Thread 0x000001dbe02b80b0 flushing  nmethod 0x000001dbce560210
Event: 32.932 Thread 0x000001dbe02b80b0 flushing  nmethod 0x000001dbce580290
Event: 32.932 Thread 0x000001dbe02b80b0 flushing  nmethod 0x000001dbce582990
Event: 32.932 Thread 0x000001dbe02b80b0 flushing  nmethod 0x000001dbce622810
Event: 32.932 Thread 0x000001dbe02b80b0 flushing  nmethod 0x000001dbce624090
Event: 32.932 Thread 0x000001dbe02b80b0 flushing  nmethod 0x000001dbce625990
Event: 32.932 Thread 0x000001dbe02b80b0 flushing  nmethod 0x000001dbce77b510
Event: 32.932 Thread 0x000001dbe02b80b0 flushing  nmethod 0x000001dbce78f790
Event: 32.932 Thread 0x000001dbe02b80b0 flushing  nmethod 0x000001dbce79c410
Event: 32.932 Thread 0x000001dbe02b80b0 flushing  nmethod 0x000001dbce8b5210
Event: 32.932 Thread 0x000001dbe02b80b0 flushing  nmethod 0x000001dbce8b5810
Event: 32.932 Thread 0x000001dbe02b80b0 flushing  nmethod 0x000001dbce8ef710

Events (20 events):
Event: 34.388 Thread 0x000001dbf44dc240 Thread added: 0x000001dbf44de310
Event: 34.557 Thread 0x000001dbf1c5b370 Thread exited: 0x000001dbf1c5b370
Event: 34.691 Thread 0x000001dbf4cbc800 Thread exited: 0x000001dbf4cbc800
Event: 34.828 Thread 0x000001dbe02eb070 Thread added: 0x000001dbf4cbc800
Event: 35.899 Thread 0x000001dbf4cbc800 Thread exited: 0x000001dbf4cbc800
Event: 35.976 Thread 0x000001dbf44dc240 Thread added: 0x000001dbf44dc8d0
Event: 36.105 Thread 0x000001dbe02eb070 Thread added: 0x000001dbf4cbc800
Event: 36.435 Thread 0x000001dbf44dc240 Thread added: 0x000001dbf44dbbb0
Event: 36.505 Thread 0x000001dbf44dc240 Thread added: 0x000001dbf44df6c0
Event: 37.142 Thread 0x000001dbf44df6c0 Thread added: 0x000001dbf44dfd50
Event: 37.142 Thread 0x000001dbf44df6c0 Thread added: 0x000001dbf44df030
Event: 37.143 Thread 0x000001dbf44df6c0 Thread added: 0x000001dbf44e1100
Event: 37.143 Thread 0x000001dbf44df6c0 Thread added: 0x000001dbf44e03e0
Event: 37.143 Thread 0x000001dbf44dfd50 Thread exited: 0x000001dbf44dfd50
Event: 39.738 Thread 0x000001dbf44dbbb0 Thread added: 0x000001dbf44e0a70
Event: 39.743 Thread 0x000001dbf44dbbb0 Thread added: 0x000001dbf44dfd50
Event: 39.744 Thread 0x000001dbf44dc240 Thread added: 0x000001dbf44e1790
Event: 39.849 Thread 0x000001dbf44dc240 Thread added: 0x000001dbe03ff5f0
Event: 39.857 Thread 0x000001dbf44dc240 Thread added: 0x000001dbf1ce5f30
Event: 39.871 Thread 0x000001dbf4cbc800 Thread exited: 0x000001dbf4cbc800


Dynamic libraries:
0x00007ff78afe0000 - 0x00007ff78afee000 	C:\Users\ibraa\.jdks\ms-21.0.8\bin\java.exe
0x00007ff93bf60000 - 0x00007ff93c1c7000 	C:\WINDOWS\SYSTEM32\ntdll.dll
0x00007ff93ab20000 - 0x00007ff93abe9000 	C:\WINDOWS\System32\KERNEL32.DLL
0x00007ff939620000 - 0x00007ff939a17000 	C:\WINDOWS\System32\KERNELBASE.dll
0x00007ff939a20000 - 0x00007ff939b6b000 	C:\WINDOWS\System32\ucrtbase.dll
0x00007ff903d80000 - 0x00007ff903d98000 	C:\Users\ibraa\.jdks\ms-21.0.8\bin\jli.dll
0x00007ff903da0000 - 0x00007ff903dbe000 	C:\Users\ibraa\.jdks\ms-21.0.8\bin\VCRUNTIME140.dll
0x00007ff93a290000 - 0x00007ff93a456000 	C:\WINDOWS\System32\USER32.dll
0x00007ff939cb0000 - 0x00007ff939cd7000 	C:\WINDOWS\System32\win32u.dll
0x00007ff93b0a0000 - 0x00007ff93b0cb000 	C:\WINDOWS\System32\GDI32.dll
0x00007ff926620000 - 0x00007ff9268b2000 	C:\WINDOWS\WinSxS\amd64_microsoft.windows.common-controls_6595b64144ccf1df_6.0.26100.8457_none_3e0b2faee331e92d\COMCTL32.dll
0x00007ff93b280000 - 0x00007ff93b329000 	C:\WINDOWS\System32\msvcrt.dll
0x00007ff9394f0000 - 0x00007ff93961c000 	C:\WINDOWS\System32\gdi32full.dll
0x00007ff939c00000 - 0x00007ff939ca3000 	C:\WINDOWS\System32\msvcp_win.dll
0x00007ff93a5f0000 - 0x00007ff93a622000 	C:\WINDOWS\System32\IMM32.DLL
0x0000000059060000 - 0x000000005906d000 	C:\Program Files (x86)\360\Total Security\safemon\SafeWrapper.dll
0x00007ff93bd00000 - 0x00007ff93bdb6000 	C:\WINDOWS\System32\ADVAPI32.dll
0x00007ff93b1d0000 - 0x00007ff93b277000 	C:\WINDOWS\System32\sechost.dll
0x00007ff93acd0000 - 0x00007ff93ade8000 	C:\WINDOWS\System32\RPCRT4.dll
0x00007ff933520000 - 0x00007ff933625000 	C:\Program Files (x86)\360\Total Security\safemon\libzdtp64.dll
0x00007ff93b330000 - 0x00007ff93ba9e000 	C:\WINDOWS\System32\SHELL32.dll
0x00007ff93a580000 - 0x00007ff93a5e6000 	C:\WINDOWS\System32\SHLWAPI.dll
0x00007ff938990000 - 0x00007ff9391fc000 	C:\WINDOWS\System32\Windows.Storage.dll
0x00007ff939d70000 - 0x00007ff93a0f3000 	C:\WINDOWS\System32\combase.dll
0x00007ff938270000 - 0x00007ff93827b000 	C:\WINDOWS\SYSTEM32\VERSION.dll
0x00007ff92ec70000 - 0x00007ff92ec7c000 	C:\Users\ibraa\.jdks\ms-21.0.8\bin\vcruntime140_1.dll
0x00007ff903970000 - 0x00007ff9039f9000 	C:\Users\ibraa\.jdks\ms-21.0.8\bin\msvcp140.dll
0x00007ff87f730000 - 0x00007ff8804dc000 	C:\Users\ibraa\.jdks\ms-21.0.8\bin\server\jvm.dll
0x00007ff93bc70000 - 0x00007ff93bcf0000 	C:\WINDOWS\System32\WS2_32.dll
0x00007ff938810000 - 0x00007ff93886e000 	C:\WINDOWS\SYSTEM32\POWRPROF.dll
0x00007ff9324d0000 - 0x00007ff932506000 	C:\WINDOWS\SYSTEM32\WINMM.dll
0x00007ff9387f0000 - 0x00007ff938804000 	C:\WINDOWS\SYSTEM32\UMPDC.dll
0x00007ff937690000 - 0x00007ff9376ab000 	C:\WINDOWS\SYSTEM32\kernel.appcore.dll
0x00007ff92eb30000 - 0x00007ff92eb3a000 	C:\Users\ibraa\.jdks\ms-21.0.8\bin\jimage.dll
0x00007ff936ad0000 - 0x00007ff936d12000 	C:\WINDOWS\SYSTEM32\DBGHELP.DLL
0x00007ff93abf0000 - 0x00007ff93acc9000 	C:\WINDOWS\System32\OLEAUT32.dll
0x00007ff921680000 - 0x00007ff9216bb000 	C:\WINDOWS\SYSTEM32\dbgcore.DLL
0x00007ff939200000 - 0x00007ff9392a8000 	C:\WINDOWS\System32\bcryptPrimitives.dll
0x00007ff9253e0000 - 0x00007ff9253f0000 	C:\Users\ibraa\.jdks\ms-21.0.8\bin\instrument.dll
0x00007ff903800000 - 0x00007ff903821000 	C:\Users\ibraa\.jdks\ms-21.0.8\bin\java.dll
0x00007ff93b0d0000 - 0x00007ff93b1c6000 	C:\WINDOWS\System32\SHCORE.dll
0x00007ff9388b0000 - 0x00007ff9388d9000 	C:\WINDOWS\SYSTEM32\profapi.dll
0x00007ff8bd5b0000 - 0x00007ff8bd686000 	C:\Users\ibraa\.jdks\ms-21.0.8\bin\jsvml.dll
0x00007ff9036f0000 - 0x00007ff903708000 	C:\Users\ibraa\.jdks\ms-21.0.8\bin\zip.dll
0x00007ff903d60000 - 0x00007ff903d71000 	C:\Users\ibraa\.jdks\ms-21.0.8\bin\net.dll
0x00007ff92de10000 - 0x00007ff92df39000 	C:\WINDOWS\SYSTEM32\WINHTTP.dll
0x00007ff937c20000 - 0x00007ff937c8c000 	C:\WINDOWS\system32\mswsock.dll
0x00007ff9037e0000 - 0x00007ff9037f6000 	C:\Users\ibraa\.jdks\ms-21.0.8\bin\nio.dll
0x00007ff904440000 - 0x00007ff904450000 	C:\Users\ibraa\.jdks\ms-21.0.8\bin\verify.dll
0x00007ff8fb170000 - 0x00007ff8fb197000 	C:\Users\ibraa\.gradle\native\660c5614fbf4a5f2a75b1949f50a0caf5cd603558e7d8a26e50b933a0cfb79d1\windows-amd64\native-platform.dll
0x00007ff8ef750000 - 0x00007ff8ef7c7000 	C:\Users\ibraa\.gradle\native\0.2.8\x86_64-windows-gnu\gradle-fileevents.dll
0x00007ff926da0000 - 0x00007ff926daa000 	C:\Users\ibraa\.jdks\ms-21.0.8\bin\management.dll
0x00007ff926270000 - 0x00007ff92627c000 	C:\Users\ibraa\.jdks\ms-21.0.8\bin\management_ext.dll
0x00007ff93a100000 - 0x00007ff93a108000 	C:\WINDOWS\System32\PSAPI.DLL
0x00007ff9370c0000 - 0x00007ff9370f2000 	C:\WINDOWS\SYSTEM32\IPHLPAPI.DLL
0x00007ff93bab0000 - 0x00007ff93baba000 	C:\WINDOWS\System32\NSI.dll
0x00007ff9250e0000 - 0x00007ff9250e9000 	C:\Users\ibraa\.jdks\ms-21.0.8\bin\extnet.dll
0x00007ff937f00000 - 0x00007ff937f1b000 	C:\WINDOWS\SYSTEM32\CRYPTSP.dll
0x00007ff9375f0000 - 0x00007ff937629000 	C:\WINDOWS\system32\rsaenh.dll
0x00007ff937cd0000 - 0x00007ff937d03000 	C:\WINDOWS\SYSTEM32\USERENV.dll
0x00007ff938880000 - 0x00007ff9388aa000 	C:\WINDOWS\SYSTEM32\bcrypt.dll
0x00007ff937f20000 - 0x00007ff937f2c000 	C:\WINDOWS\SYSTEM32\CRYPTBASE.dll
0x00007ff907690000 - 0x00007ff90769e000 	C:\Users\ibraa\.jdks\ms-21.0.8\bin\sunmscapi.dll
0x00007ff939370000 - 0x00007ff9394e8000 	C:\WINDOWS\System32\CRYPT32.dll
0x00007ff938120000 - 0x00007ff938150000 	C:\WINDOWS\SYSTEM32\ncrypt.dll
0x00007ff9380d0000 - 0x00007ff93810f000 	C:\WINDOWS\SYSTEM32\NTASN1.dll
0x00007ff926a80000 - 0x00007ff926a88000 	C:\WINDOWS\system32\wshunix.dll
0x00007ff937160000 - 0x00007ff937292000 	C:\WINDOWS\SYSTEM32\DNSAPI.dll
0x00007ff92e710000 - 0x00007ff92e71b000 	C:\Windows\System32\rasadhlp.dll
0x00007ff92cce0000 - 0x00007ff92cd66000 	C:\WINDOWS\System32\fwpuclnt.dll

JVMTI agents:
C:\Users\ibraa\.gradle\wrapper\dists\gradle-9.3.0-bin\79n14ral3mx1ozqr3csh2u872\gradle-9.3.0\lib\agents\gradle-instrumentation-agent-9.3.0.jar path:C:\Users\ibraa\.jdks\ms-21.0.8\bin\instrument.dll, loaded, initialized, instrumentlib options:none

dbghelp: loaded successfully - version: 4.0.5 - missing functions: none
symbol engine: initialized successfully - sym options: 0x614 - pdb path: .;C:\Users\ibraa\.jdks\ms-21.0.8\bin;C:\WINDOWS\SYSTEM32;C:\WINDOWS\WinSxS\amd64_microsoft.windows.common-controls_6595b64144ccf1df_6.0.26100.8457_none_3e0b2faee331e92d;C:\Program Files (x86)\360\Total Security\safemon;C:\Users\ibraa\.jdks\ms-21.0.8\bin\server;C:\Users\ibraa\.gradle\native\660c5614fbf4a5f2a75b1949f50a0caf5cd603558e7d8a26e50b933a0cfb79d1\windows-amd64;C:\Users\ibraa\.gradle\native\0.2.8\x86_64-windows-gnu

VM Arguments:
jvm_args: --add-opens=java.base/java.lang=ALL-UNNAMED --add-opens=java.base/java.lang.invoke=ALL-UNNAMED --add-opens=java.base/java.util=ALL-UNNAMED --add-opens=java.prefs/java.util.prefs=ALL-UNNAMED --add-exports=jdk.compiler/com.sun.tools.javac.api=ALL-UNNAMED --add-exports=jdk.compiler/com.sun.tools.javac.util=ALL-UNNAMED --add-opens=java.base/java.util=ALL-UNNAMED --add-opens=java.prefs/java.util.prefs=ALL-UNNAMED --add-opens=java.base/java.nio.charset=ALL-UNNAMED --add-opens=java.base/java.net=ALL-UNNAMED --add-opens=java.base/java.util.concurrent=ALL-UNNAMED --add-opens=java.base/java.util.concurrent.atomic=ALL-UNNAMED --add-opens=java.xml/javax.xml.namespace=ALL-UNNAMED --add-opens=java.base/java.time=ALL-UNNAMED -XX:MaxMetaspaceSize=192m -XX:+HeapDumpOnOutOfMemoryError -Xms128m -Xmx384m -Dfile.encoding=UTF-8 -Duser.country=RU -Duser.language=ru -Duser.variant -javaagent:C:\Users\ibraa\.gradle\wrapper\dists\gradle-9.3.0-bin\79n14ral3mx1ozqr3csh2u872\gradle-9.3.0\lib\agents\gradle-instrumentation-agent-9.3.0.jar 
java_command: org.gradle.launcher.daemon.bootstrap.GradleDaemon 9.3.0
java_class_path (initial): C:\Users\ibraa\.gradle\wrapper\dists\gradle-9.3.0-bin\79n14ral3mx1ozqr3csh2u872\gradle-9.3.0\lib\gradle-daemon-main-9.3.0.jar
Launcher Type: SUN_STANDARD

[Global flags]
     intx CICompilerCount                          = 4                                         {product} {ergonomic}
   size_t CompressedClassSpaceSize                 = 167772160                                 {product} {ergonomic}
     uint ConcGCThreads                            = 2                                         {product} {ergonomic}
     uint G1ConcRefinementThreads                  = 8                                         {product} {ergonomic}
   size_t G1HeapRegionSize                         = 1048576                                   {product} {ergonomic}
    uintx GCDrainStackTargetSize                   = 64                                        {product} {ergonomic}
     bool HeapDumpOnOutOfMemoryError               = true                                   {manageable} {command line}
   size_t InitialHeapSize                          = 134217728                                 {product} {command line}
   size_t MarkStackSize                            = 4194304                                   {product} {ergonomic}
   size_t MaxHeapSize                              = 402653184                                 {product} {command line}
   size_t MaxMetaspaceSize                         = 201326592                                 {product} {command line}
   size_t MaxNewSize                               = 241172480                                 {product} {ergonomic}
   size_t MinHeapDeltaBytes                        = 1048576                                   {product} {ergonomic}
   size_t MinHeapSize                              = 134217728                                 {product} {command line}
    uintx NonNMethodCodeHeapSize                   = 5839372                                {pd product} {ergonomic}
    uintx NonProfiledCodeHeapSize                  = 122909434                              {pd product} {ergonomic}
    uintx ProfiledCodeHeapSize                     = 122909434                              {pd product} {ergonomic}
    uintx ReservedCodeCacheSize                    = 251658240                              {pd product} {ergonomic}
     bool SegmentedCodeCache                       = true                                      {product} {ergonomic}
   size_t SoftMaxHeapSize                          = 402653184                              {manageable} {ergonomic}
     bool UseCompressedOops                        = true                           {product lp64_product} {ergonomic}
     bool UseG1GC                                  = true                                      {product} {ergonomic}
     bool UseLargePagesIndividualAllocation        = false                                  {pd product} {ergonomic}

Logging:
Log output configuration:
 #0: stdout all=warning uptime,level,tags foldmultilines=false
 #1: stderr all=off uptime,level,tags foldmultilines=false

Environment Variables:
JAVA_HOME=C:\Users\ibraa\.jdks\ms-21.0.8
PATH=D:\ibraa\Downloads\orcl\WINDOWS.X64_193000_db_home\bin;D:\ibraa\Downloads\23ai\dbhomeFree\bin;C:\WINDOWS\system32;C:\WINDOWS;C:\WINDOWS\System32\Wbem;C:\WINDOWS\System32\WindowsPowerShell\v1.0\;C:\WINDOWS\System32\OpenSSH\;C:\Program Files\PuTTY\;C:\Users\ibraa\.jdks\ms-21.0.8\bin;C:\Program Files\Common Files\Oracle\Java\javapath;C:\Program Files\Git\cmd;C:\Gradle\gradle-8.14\bin;C:\Program Files\Docker\Docker\resources\bin;C:\Program Files\WireGuard\;D:\Go\bin;C:\Users\ibraa\AppData\Local\nvm;C:\nvm4w\nodejs;C:\Program Files\nodejs\;C:\Program Files\Microsoft VS Code\bin;C:\Program Files (x86)\cloudflared\;D:\ibraa\Stack\bin;C:\Users\ibraa\AppData\Local\Programs\Python\Python310\Scripts\;C:\Users\ibraa\AppData\Local\Programs\Python\Python310\;C:\Users\ibraa\AppData\Local\Microsoft\WindowsApps;C:\Program Files\JetBrains\PyCharm Community Edition 2021.2.3\bin;;C:\Users\ibraa\IntelliJ IDEA 2023.2.1\bin;;C:\Users\ibraa\AppData\Local\GitHubDesktop\bin;D:\ibraa\Downloads\Microsoft VS Code\bin;C:\Users\ibraa\AppData\Roaming\local\bin;C:\Users\ibraa\go\bin;C:\Users\ibraa\AppData\Local\Microsoft\WinGet\Packages\GolangCI.golangci-lint_Microsoft.Winget.Source_8wekyb3d8bbwe\golangci-lint-2.11.3-windows-amd64;C:\Users\ibraa\AppData\Local\nvm;C:\nvm4w\nodejs;C:\Users\ibraa\AppData\Roaming\npm;C:\Users\ibraa\.jdks\ms-21.0.8\bin;
USERNAME=ibraa
OS=Windows_NT
PROCESSOR_IDENTIFIER=AMD64 Family 23 Model 24 Stepping 1, AuthenticAMD
TMP=C:\Users\ibraa\AppData\Local\Temp
TEMP=C:\Users\ibraa\AppData\Local\Temp




Periodic native trim disabled

---------------  S Y S T E M  ---------------

OS:
 Windows 11 , 64 bit Build 26100 (10.0.26100.8328)
OS uptime: 0 days 0:07 hours
Hyper-V role detected

CPU: total 8 (initial active 8) (8 cores per cpu, 2 threads per core) family 23 model 24 stepping 1 microcode 0x8108109, cx8, cmov, fxsr, ht, mmx, 3dnowpref, sse, sse2, sse3, ssse3, sse4a, sse4.1, sse4.2, popcnt, lzcnt, tsc, tscinvbit, avx, avx2, aes, clmul, bmi1, bmi2, adx, sha, fma, vzeroupper, clflush, clflushopt, hv, rdtscp, f16c
Processor Information for the first 8 processors :
  Max Mhz: 2100, Current Mhz: 2100, Mhz Limit: 2100

Memory: 4k page, system-wide physical 7103M (812M free)
TotalPageFile size 16431M (AvailPageFile size 275M)
current process WorkingSet (physical memory assigned to process): 312M, peak: 362M
current process commit charge ("private bytes"): 371M, peak: 403M

vm_info: OpenJDK 64-Bit Server VM (21.0.8+9-LTS) for windows-amd64 JRE (21.0.8+9-LTS), built on 2025-07-10T20:22:44Z by "MicrosoftCorporation" with unknown MS VC++:1944

END.
