#
# There is insufficient memory for the Java Runtime Environment to continue.
# Native memory allocation (mmap) failed to map 67108864 bytes. Error detail: G1 virtual space
# Possible reasons:
#   The system is out of physical RAM or swap space
#   This process is running with CompressedOops enabled, and the Java Heap may be blocking the growth of the native heap
# Possible solutions:
#   Reduce memory load on the system
#   Increase physical memory or swap space
#   Check if swap backing store is full
#   Decrease Java heap size (-Xmx/-Xms)
#   Decrease number of Java threads
#   Decrease Java thread stack sizes (-Xss)
#   Set larger code cache with -XX:ReservedCodeCacheSize=
#   JVM is running with Unscaled Compressed Oops mode in which the Java heap is
#     placed in the first 4GB address space. The Java Heap base address is the
#     maximum limit for the native heap growth. Please use -XX:HeapBaseMinAddress
#     to set the Java Heap base and to place the Java Heap above 4GB virtual address.
# This output file may be truncated or incomplete.
#
#  Out of Memory Error (os_windows.cpp:3736), pid=12644, tid=14264
#
# JRE version:  (21.0.8+9) (build )
# Java VM: OpenJDK 64-Bit Server VM (21.0.8+9-LTS, mixed mode, sharing, tiered, compressed oops, compressed class ptrs, g1 gc, windows-amd64)
# No core dump will be written. Minidumps are not enabled by default on client versions of Windows
#

---------------  S U M M A R Y ------------

Command Line: -Xmx64m -Xms64m -Dorg.gradle.appname=gradlew C:\Users\ibraa\project\blps_mts_service\mts_service\\gradle\wrapper\gradle-wrapper.jar clean bootRun

Host: AMD Ryzen 5 3500U with Radeon Vega Mobile Gfx  , 8 cores, 6G,  Windows 11 , 64 bit Build 26100 (10.0.26100.8328)
Time: Wed May 20 17:54:06 2026 elapsed time: 0.028665 seconds (0d 0h 0m 0s)

---------------  T H R E A D  ---------------

Current thread (0x0000026bef681520):  JavaThread "Unknown thread" [_thread_in_vm, id=14264, stack(0x000000d363300000,0x000000d363400000) (1024K)]

Stack: [0x000000d363300000,0x000000d363400000]
Native frames: (J=compiled Java code, j=interpreted, Vv=VM code, C=native code)
V  [jvm.dll+0x6e1729]
V  [jvm.dll+0x8bf47b]
V  [jvm.dll+0x8c19aa]
V  [jvm.dll+0x8c2083]
V  [jvm.dll+0x289fd6]
V  [jvm.dll+0x6de085]
V  [jvm.dll+0x6d218a]
V  [jvm.dll+0x366f6e]
V  [jvm.dll+0x36ee1b]
V  [jvm.dll+0x3c06b9]
V  [jvm.dll+0x3c095b]
V  [jvm.dll+0x33a8b7]
V  [jvm.dll+0x33b3fb]
V  [jvm.dll+0x888e5e]
V  [jvm.dll+0x3cd611]
V  [jvm.dll+0x871e5c]
V  [jvm.dll+0x461261]
V  [jvm.dll+0x462ea1]
C  [jli.dll+0x52f0]
C  [ucrtbase.dll+0x37b0]
C  [KERNEL32.DLL+0x2e957]
C  [ntdll.dll+0x427c]


---------------  P R O C E S S  ---------------

Threads class SMR info:
_java_thread_list=0x00007fff33666288, length=0, elements={
}

Java Threads: ( => current thread )
Total: 0

Other Threads:
  0x0000026bf1a45c20 WorkerThread "GC Thread#0"                     [id=19072, stack(0x000000d363400000,0x000000d363500000) (1024K)]
  0x0000026bf1a48c00 ConcurrentGCThread "G1 Main Marker"            [id=9400, stack(0x000000d363500000,0x000000d363600000) (1024K)]
  0x0000026bf1a4a550 WorkerThread "G1 Conc#0"                       [id=5972, stack(0x000000d363600000,0x000000d363700000) (1024K)]

[error occurred during error reporting (printing all threads), id 0xc0000005, EXCEPTION_ACCESS_VIOLATION (0xc0000005) at pc=0x00007fff32d5d307]
VM state: not at safepoint (not fully initialized)

VM Mutex/Monitor currently owned by a thread:  ([mutex/lock_event])
[0x00007fff336da8c8] Heap_lock - owner thread: 0x0000026bef681520

Heap address: 0x00000000fc000000, size: 64 MB, Compressed Oops mode: 32-bit

CDS archive(s) mapped at: [0x0000000000000000-0x0000000000000000-0x0000000000000000), size 0, SharedBaseAddress: 0x0000000800000000, ArchiveRelocationMode: 1.
Narrow klass base: 0x0000000000000000, Narrow klass shift: 0, Narrow klass range: 0x0

GC Precious Log:
 CardTable entry size: 512
 Card Set container configuration: InlinePtr #cards 5 size 8 Array Of Cards #cards 12 size 40 Howl #buckets 4 coarsen threshold 1843 Howl Bitmap #cards 512 size 80 coarsen threshold 460 Card regions per heap region 1 cards per card region 2048

Heap:
 garbage-first heap   total 0K, used 0K [0x00000000fc000000, 0x0000000100000000)
  region size 1024K, 0 young (0K), 0 survivors (0K)

[error occurred during error reporting (printing heap information), id 0xc0000005, EXCEPTION_ACCESS_VIOLATION (0xc0000005) at pc=0x00007fff3314ba99]
GC Heap History (0 events):
No events

Dll operation events (1 events):
Event: 0.018 Loaded shared library C:\Users\ibraa\.jdks\ms-21.0.8\bin\java.dll

Deoptimization events (0 events):
No events

Classes loaded (0 events):
No events

Classes unloaded (0 events):
No events

Classes redefined (0 events):
No events

Internal exceptions (0 events):
No events

ZGC Phase Switch (0 events):
No events

VM Operations (0 events):
No events

Memory protections (0 events):
No events

Nmethod flushes (0 events):
No events

Events (0 events):
No events


Dynamic libraries:
0x00007ff7ee910000 - 0x00007ff7ee91e000 	C:\Users\ibraa\.jdks\ms-21.0.8\bin\java.exe
0x00007fffe4260000 - 0x00007fffe44c7000 	C:\WINDOWS\SYSTEM32\ntdll.dll
0x00007fffe1fe0000 - 0x00007fffe20a9000 	C:\WINDOWS\System32\KERNEL32.DLL
0x00007fffe19a0000 - 0x00007fffe1d97000 	C:\WINDOWS\System32\KERNELBASE.dll
0x00007fffe1850000 - 0x00007fffe199b000 	C:\WINDOWS\System32\ucrtbase.dll
0x00007fffdd120000 - 0x00007fffdd13e000 	C:\Users\ibraa\.jdks\ms-21.0.8\bin\VCRUNTIME140.dll
0x00007fffdd140000 - 0x00007fffdd158000 	C:\Users\ibraa\.jdks\ms-21.0.8\bin\jli.dll
0x00007fffe3e60000 - 0x00007fffe4026000 	C:\WINDOWS\System32\USER32.dll
0x00007fffe1f20000 - 0x00007fffe1f47000 	C:\WINDOWS\System32\win32u.dll
0x00007fffcffe0000 - 0x00007fffd0272000 	C:\WINDOWS\WinSxS\amd64_microsoft.windows.common-controls_6595b64144ccf1df_6.0.26100.8457_none_3e0b2faee331e92d\COMCTL32.dll
0x00007fffe3860000 - 0x00007fffe388b000 	C:\WINDOWS\System32\GDI32.dll
0x00007fffe20c0000 - 0x00007fffe2169000 	C:\WINDOWS\System32\msvcrt.dll
0x00007fffe1720000 - 0x00007fffe184c000 	C:\WINDOWS\System32\gdi32full.dll
0x00007fffe0c90000 - 0x00007fffe0d33000 	C:\WINDOWS\System32\msvcp_win.dll
0x00007fffe4150000 - 0x00007fffe4182000 	C:\WINDOWS\System32\IMM32.DLL
0x000000005ece0000 - 0x000000005eced000 	C:\Program Files (x86)\360\Total Security\safemon\SafeWrapper.dll
0x00007fffe3890000 - 0x00007fffe3946000 	C:\WINDOWS\System32\ADVAPI32.dll
0x00007fffe2600000 - 0x00007fffe26a7000 	C:\WINDOWS\System32\sechost.dll
0x00007fffe4030000 - 0x00007fffe4148000 	C:\WINDOWS\System32\RPCRT4.dll
0x00007fffdb760000 - 0x00007fffdb865000 	C:\Program Files (x86)\360\Total Security\safemon\libzdtp64.dll
0x00007fffe2ae0000 - 0x00007fffe324e000 	C:\WINDOWS\System32\SHELL32.dll
0x00007fffe2810000 - 0x00007fffe2876000 	C:\WINDOWS\System32\SHLWAPI.dll
0x00007fffe0eb0000 - 0x00007fffe171c000 	C:\WINDOWS\System32\Windows.Storage.dll
0x00007fffe2170000 - 0x00007fffe24f3000 	C:\WINDOWS\System32\combase.dll
0x00007fffe0570000 - 0x00007fffe057b000 	C:\WINDOWS\SYSTEM32\VERSION.dll
0x00007fffdd110000 - 0x00007fffdd11c000 	C:\Users\ibraa\.jdks\ms-21.0.8\bin\vcruntime140_1.dll
0x00007fffd6390000 - 0x00007fffd6419000 	C:\Users\ibraa\.jdks\ms-21.0.8\bin\msvcp140.dll
0x00007fff32a10000 - 0x00007fff337bc000 	C:\Users\ibraa\.jdks\ms-21.0.8\bin\server\jvm.dll
0x00007fffe4190000 - 0x00007fffe4210000 	C:\WINDOWS\System32\WS2_32.dll
0x00007fffe0b10000 - 0x00007fffe0b6e000 	C:\WINDOWS\SYSTEM32\POWRPROF.dll
0x00007fffdb350000 - 0x00007fffdb386000 	C:\WINDOWS\SYSTEM32\WINMM.dll
0x00007fffe0af0000 - 0x00007fffe0b04000 	C:\WINDOWS\SYSTEM32\UMPDC.dll
0x00007fffdf9b0000 - 0x00007fffdf9cb000 	C:\WINDOWS\SYSTEM32\kernel.appcore.dll
0x00007fffdd100000 - 0x00007fffdd10a000 	C:\Users\ibraa\.jdks\ms-21.0.8\bin\jimage.dll
0x00007fffdedd0000 - 0x00007fffdf012000 	C:\WINDOWS\SYSTEM32\DBGHELP.DLL
0x00007fffe3260000 - 0x00007fffe3339000 	C:\WINDOWS\System32\OLEAUT32.dll
0x00007fffcde00000 - 0x00007fffcde3b000 	C:\WINDOWS\SYSTEM32\dbgcore.DLL
0x00007fffe0d40000 - 0x00007fffe0de8000 	C:\WINDOWS\System32\bcryptPrimitives.dll
0x00007fffd5eb0000 - 0x00007fffd5ed1000 	C:\Users\ibraa\.jdks\ms-21.0.8\bin\java.dll

JVMTI agents: none

dbghelp: loaded successfully - version: 4.0.5 - missing functions: none
symbol engine: initialized successfully - sym options: 0x614 - pdb path: .;C:\Users\ibraa\.jdks\ms-21.0.8\bin;C:\WINDOWS\SYSTEM32;C:\WINDOWS\WinSxS\amd64_microsoft.windows.common-controls_6595b64144ccf1df_6.0.26100.8457_none_3e0b2faee331e92d;C:\Program Files (x86)\360\Total Security\safemon;C:\Users\ibraa\.jdks\ms-21.0.8\bin\server

VM Arguments:
jvm_args: -Xmx64m -Xms64m -Dorg.gradle.appname=gradlew 
java_command: C:\Users\ibraa\project\blps_mts_service\mts_service\\gradle\wrapper\gradle-wrapper.jar clean bootRun
java_class_path (initial): C:\Users\ibraa\project\blps_mts_service\mts_service\\gradle\wrapper\gradle-wrapper.jar
Launcher Type: SUN_STANDARD

[Global flags]
     intx CICompilerCount                          = 4                                         {product} {ergonomic}
     uint ConcGCThreads                            = 2                                         {product} {ergonomic}
     uint G1ConcRefinementThreads                  = 8                                         {product} {ergonomic}
   size_t G1HeapRegionSize                         = 1048576                                   {product} {ergonomic}
    uintx GCDrainStackTargetSize                   = 64                                        {product} {ergonomic}
   size_t InitialHeapSize                          = 67108864                                  {product} {command line}
   size_t MarkStackSize                            = 4194304                                   {product} {ergonomic}
   size_t MaxHeapSize                              = 67108864                                  {product} {command line}
   size_t MinHeapDeltaBytes                        = 1048576                                   {product} {ergonomic}
   size_t MinHeapSize                              = 67108864                                  {product} {command line}
    uintx NonNMethodCodeHeapSize                   = 5839372                                {pd product} {ergonomic}
    uintx NonProfiledCodeHeapSize                  = 122909434                              {pd product} {ergonomic}
    uintx ProfiledCodeHeapSize                     = 122909434                              {pd product} {ergonomic}
    uintx ReservedCodeCacheSize                    = 251658240                              {pd product} {ergonomic}
     bool SegmentedCodeCache                       = true                                      {product} {ergonomic}
   size_t SoftMaxHeapSize                          = 67108864                               {manageable} {ergonomic}
     bool UseCompressedOops                        = true                           {product lp64_product} {ergonomic}
     bool UseG1GC                                  = true                                      {product} {ergonomic}
     bool UseLargePagesIndividualAllocation        = false                                  {pd product} {ergonomic}

Logging:
Log output configuration:
 #0: stdout all=warning uptime,level,tags foldmultilines=false
 #1: stderr all=off uptime,level,tags foldmultilines=false

Environment Variables:
JAVA_HOME=C:\Users\ibraa\.jdks\ms-21.0.8
PATH=D:\ibraa\Downloads\orcl\WINDOWS.X64_193000_db_home\bin;D:\ibraa\Downloads\23ai\dbhomeFree\bin;C:\WINDOWS\system32;C:\WINDOWS;C:\WINDOWS\System32\Wbem;C:\WINDOWS\System32\WindowsPowerShell\v1.0\;C:\WINDOWS\System32\OpenSSH\;C:\Program Files\PuTTY\;C:\Users\ibraa\.jdks\ms-21.0.8\bin;C:\Program Files\Common Files\Oracle\Java\javapath;C:\Program Files\Git\cmd;C:\Gradle\gradle-8.14\bin;C:\Program Files\Docker\Docker\resources\bin;C:\Program Files\WireGuard\;D:\Go\bin;C:\Users\ibraa\AppData\Local\nvm;C:\nvm4w\nodejs;C:\Program Files\nodejs\;C:\Program Files\Microsoft VS Code\bin;C:\Program Files (x86)\cloudflared\;D:\ibraa\Stack\bin;C:\Users\ibraa\AppData\Local\Programs\Python\Python310\Scripts\;C:\Users\ibraa\AppData\Local\Programs\Python\Python310\;C:\Users\ibraa\AppData\Local\Microsoft\WindowsApps;C:\Program Files\JetBrains\PyCharm Community Edition 2021.2.3\bin;;C:\Users\ibraa\IntelliJ IDEA 2023.2.1\bin;;C:\Users\ibraa\AppData\Local\GitHubDesktop\bin;D:\ibraa\Downloads\Microsoft VS Code\bin;C:\Users\ibraa\AppData\Roaming\local\bin;C:\Users\ibraa\go\bin;C:\Users\ibraa\AppData\Local\Microsoft\WinGet\Packages\GolangCI.golangci-lint_Microsoft.Winget.Source_8wekyb3d8bbwe\golangci-lint-2.11.3-windows-amd64;C:\Users\ibraa\AppData\Local\nvm;C:\nvm4w\nodejs;C:\Users\ibraa\AppData\Roaming\npm;C:\Users\ibraa\.jdks\ms-21.0.8\bin;
USERNAME=ibraa
OS=Windows_NT
PROCESSOR_IDENTIFIER=AMD64 Family 23 Model 24 Stepping 1, AuthenticAMD
TMP=C:\Users\ibraa\AppData\Local\Temp
TEMP=C:\Users\ibraa\AppData\Local\Temp




Periodic native trim disabled

---------------  S Y S T E M  ---------------

OS:
 Windows 11 , 64 bit Build 26100 (10.0.26100.8328)
OS uptime: 0 days 1:42 hours
Hyper-V role detected

CPU: total 8 (initial active 8) (8 cores per cpu, 2 threads per core) family 23 model 24 stepping 1 microcode 0x8108109, cx8, cmov, fxsr, ht, mmx, 3dnowpref, sse, sse2, sse3, ssse3, sse4a, sse4.1, sse4.2, popcnt, lzcnt, tsc, tscinvbit, avx, avx2, aes, clmul, bmi1, bmi2, adx, sha, fma, vzeroupper, clflush, clflushopt, hv, rdtscp, f16c
Processor Information for the first 8 processors :
  Max Mhz: 2100, Current Mhz: 2100, Mhz Limit: 2100

Memory: 4k page, system-wide physical 7103M (1062M free)
TotalPageFile size 16266M (AvailPageFile size 47M)
current process WorkingSet (physical memory assigned to process): 14M, peak: 14M
current process commit charge ("private bytes"): 60M, peak: 124M

vm_info: OpenJDK 64-Bit Server VM (21.0.8+9-LTS) for windows-amd64 JRE (21.0.8+9-LTS), built on 2025-07-10T20:22:44Z by "MicrosoftCorporation" with unknown MS VC++:1944

END.
