#
# There is insufficient memory for the Java Runtime Environment to continue.
# Native memory allocation (malloc) failed to allocate 32744 bytes. Error detail: Chunk::new
# Possible reasons:
#   The system is out of physical RAM or swap space
#   This process is running with CompressedOops enabled, and the Java Heap may be blocking the growth of the native heap
# Possible solutions:
#   Reduce memory load on the system
#   Increase physical memory or swap space
#   Check if swap backing store is full
#   Decrease Java heap size (-Xmx/-Xms)
#   Decrease number of Java threads
#   Decrease Java thread stack sizes (-Xss)
#   Set larger code cache with -XX:ReservedCodeCacheSize=
#   JVM is running with Unscaled Compressed Oops mode in which the Java heap is
#     placed in the first 4GB address space. The Java Heap base address is the
#     maximum limit for the native heap growth. Please use -XX:HeapBaseMinAddress
#     to set the Java Heap base and to place the Java Heap above 4GB virtual address.
# This output file may be truncated or incomplete.
#
#  Out of Memory Error (arena.cpp:168), pid=4384, tid=12624
#
# JRE version: OpenJDK Runtime Environment Microsoft-11933218 (21.0.8+9) (build 21.0.8+9-LTS)
# Java VM: OpenJDK 64-Bit Server VM Microsoft-11933218 (21.0.8+9-LTS, mixed mode, sharing, tiered, compressed oops, compressed class ptrs, g1 gc, windows-amd64)
# No core dump will be written. Minidumps are not enabled by default on client versions of Windows
#

---------------  S U M M A R Y ------------

Command Line: --add-opens=java.base/java.lang=ALL-UNNAMED --add-opens=java.base/java.lang.invoke=ALL-UNNAMED --add-opens=java.base/java.util=ALL-UNNAMED --add-opens=java.prefs/java.util.prefs=ALL-UNNAMED --add-exports=jdk.compiler/com.sun.tools.javac.api=ALL-UNNAMED --add-exports=jdk.compiler/com.sun.tools.javac.util=ALL-UNNAMED --add-opens=java.base/java.util=ALL-UNNAMED --add-opens=java.prefs/java.util.prefs=ALL-UNNAMED --add-opens=java.base/java.nio.charset=ALL-UNNAMED --add-opens=java.base/java.net=ALL-UNNAMED --add-opens=java.base/java.util.concurrent=ALL-UNNAMED --add-opens=java.base/java.util.concurrent.atomic=ALL-UNNAMED --add-opens=java.xml/javax.xml.namespace=ALL-UNNAMED --add-opens=java.base/java.time=ALL-UNNAMED -XX:MaxMetaspaceSize=192m -XX:+HeapDumpOnOutOfMemoryError -Xms128m -Xmx384m -Dfile.encoding=UTF-8 -Duser.country=RU -Duser.language=ru -Duser.variant -javaagent:C:\Users\ibraa\.gradle\wrapper\dists\gradle-9.3.0-bin\79n14ral3mx1ozqr3csh2u872\gradle-9.3.0\lib\agents\gradle-instrumentation-agent-9.3.0.jar org.gradle.launcher.daemon.bootstrap.GradleDaemon 9.3.0

Host: AMD Ryzen 5 3500U with Radeon Vega Mobile Gfx  , 8 cores, 6G,  Windows 11 , 64 bit Build 26100 (10.0.26100.8328)
Time: Wed May 20 16:21:19 2026 elapsed time: 43.571349 seconds (0d 0h 0m 43s)

---------------  T H R E A D  ---------------

Current thread (0x0000026ae18cafd0):  JavaThread "C1 CompilerThread0" daemon [_thread_in_native, id=12624, stack(0x0000007dc4b00000,0x0000007dc4c00000) (1024K)]


Current CompileTask:
C1:43571 9074       3       org.gradle.api.internal.artifacts.ivyservice.ivyresolve.RepositoryChainComponentMetaDataResolver::resolveModule (310 bytes)

Stack: [0x0000007dc4b00000,0x0000007dc4c00000]
Native frames: (J=compiled Java code, j=interpreted, Vv=VM code, C=native code)
V  [jvm.dll+0x6e1729]
V  [jvm.dll+0x8bf47b]
V  [jvm.dll+0x8c19aa]
V  [jvm.dll+0x8c2083]
V  [jvm.dll+0x289fd6]
V  [jvm.dll+0xc903d]
V  [jvm.dll+0xc958c]
V  [jvm.dll+0x1a0de2]
V  [jvm.dll+0x1a2ec1]
V  [jvm.dll+0x15d0e2]
V  [jvm.dll+0x15d34c]
V  [jvm.dll+0x15c54c]
V  [jvm.dll+0x15e36d]
V  [jvm.dll+0x260f4a]
V  [jvm.dll+0x25f2b5]
V  [jvm.dll+0x40151d]
V  [jvm.dll+0x86975d]
V  [jvm.dll+0x6dff2d]
C  [ucrtbase.dll+0x37b0]
C  [KERNEL32.DLL+0x2e957]
C  [ntdll.dll+0x427c]


---------------  P R O C E S S  ---------------

Threads class SMR info:
_java_thread_list=0x0000026af3b06b90, length=59, elements={
0x0000026ac6dcdf70, 0x0000026ae18b9490, 0x0000026ae18bbef0, 0x0000026ae18be950,
0x0000026ae18bf3a0, 0x0000026ae18bfdf0, 0x0000026ae18c0fe0, 0x0000026ae18c49d0,
0x0000026ae18cafd0, 0x0000026ae188a650, 0x0000026ae1aa4cc0, 0x0000026af27688d0,
0x0000026af2524240, 0x0000026af26c1550, 0x0000026af1d02880, 0x0000026af1d02ee0,
0x0000026af13fe880, 0x0000026af13e83b0, 0x0000026af13faa00, 0x0000026af13f9ce0,
0x0000026af13fb090, 0x0000026af13fb720, 0x0000026af13fc440, 0x0000026af13fa370,
0x0000026af13f8fc0, 0x0000026af13f9650, 0x0000026af5564d70, 0x0000026af55646e0,
0x0000026af5565a90, 0x0000026af5566120, 0x0000026af5566e40, 0x0000026af5565400,
0x0000026af55674d0, 0x0000026af55667b0, 0x0000026af5564050, 0x0000026af556a2c0,
0x0000026af556a950, 0x0000026af5568880, 0x0000026af5569c30, 0x0000026af55681f0,
0x0000026af5567b60, 0x0000026af5568f10, 0x0000026af55695a0, 0x0000026af556afe0,
0x0000026af556b670, 0x0000026af2f3cc40, 0x0000026af2f3bf20, 0x0000026af2f3dff0,
0x0000026af2f3b890, 0x0000026af2f3d960, 0x0000026af2f3e680, 0x0000026af2f3c5b0,
0x0000026af2f40750, 0x0000026af2f3f3a0, 0x0000026af2f3d2d0, 0x0000026af2f400c0,
0x0000026af2f41470, 0x0000026af2f3fa30, 0x0000026af1bc9a00
}

Java Threads: ( => current thread )
  0x0000026ac6dcdf70 JavaThread "main"                              [_thread_blocked, id=7852, stack(0x0000007dc3c00000,0x0000007dc3d00000) (1024K)]
  0x0000026ae18b9490 JavaThread "Reference Handler"          daemon [_thread_blocked, id=4228, stack(0x0000007dc4400000,0x0000007dc4500000) (1024K)]
  0x0000026ae18bbef0 JavaThread "Finalizer"                  daemon [_thread_blocked, id=772, stack(0x0000007dc4500000,0x0000007dc4600000) (1024K)]
  0x0000026ae18be950 JavaThread "Signal Dispatcher"          daemon [_thread_blocked, id=16588, stack(0x0000007dc4600000,0x0000007dc4700000) (1024K)]
  0x0000026ae18bf3a0 JavaThread "Attach Listener"            daemon [_thread_blocked, id=7124, stack(0x0000007dc4700000,0x0000007dc4800000) (1024K)]
  0x0000026ae18bfdf0 JavaThread "Service Thread"             daemon [_thread_blocked, id=3880, stack(0x0000007dc4800000,0x0000007dc4900000) (1024K)]
  0x0000026ae18c0fe0 JavaThread "Monitor Deflation Thread"   daemon [_thread_blocked, id=7068, stack(0x0000007dc4900000,0x0000007dc4a00000) (1024K)]
  0x0000026ae18c49d0 JavaThread "C2 CompilerThread0"         daemon [_thread_in_native, id=7780, stack(0x0000007dc4a00000,0x0000007dc4b00000) (1024K)]
=>0x0000026ae18cafd0 JavaThread "C1 CompilerThread0"         daemon [_thread_in_native, id=12624, stack(0x0000007dc4b00000,0x0000007dc4c00000) (1024K)]
  0x0000026ae188a650 JavaThread "Common-Cleaner"             daemon [_thread_blocked, id=16592, stack(0x0000007dc4c00000,0x0000007dc4d00000) (1024K)]
  0x0000026ae1aa4cc0 JavaThread "Notification Thread"        daemon [_thread_blocked, id=2980, stack(0x0000007dc4d00000,0x0000007dc4e00000) (1024K)]
  0x0000026af27688d0 JavaThread "Daemon health stats"               [_thread_blocked, id=4684, stack(0x0000007dc5300000,0x0000007dc5400000) (1024K)]
  0x0000026af2524240 JavaThread "Incoming local TCP Connector on port 50288"        [_thread_in_native, id=11404, stack(0x0000007dc5400000,0x0000007dc5500000) (1024K)]
  0x0000026af26c1550 JavaThread "Daemon periodic checks"            [_thread_blocked, id=10132, stack(0x0000007dc4e00000,0x0000007dc4f00000) (1024K)]
  0x0000026af1d02880 JavaThread "Daemon"                            [_thread_blocked, id=6692, stack(0x0000007dc5800000,0x0000007dc5900000) (1024K)]
  0x0000026af1d02ee0 JavaThread "Handler for socket connection from /127.0.0.1:50288 to /127.0.0.1:50289"        [_thread_in_native, id=11080, stack(0x0000007dc5900000,0x0000007dc5a00000) (1024K)]
  0x0000026af13fe880 JavaThread "Cancel handler"                    [_thread_blocked, id=10628, stack(0x0000007dc5a00000,0x0000007dc5b00000) (1024K)]
  0x0000026af13e83b0 JavaThread "Daemon worker"                     [_thread_in_vm, id=13928, stack(0x0000007dc5b00000,0x0000007dc5c00000) (1024K)]
  0x0000026af13faa00 JavaThread "Asynchronous log dispatcher for DefaultDaemonConnection: socket connection from /127.0.0.1:50288 to /127.0.0.1:50289"        [_thread_blocked, id=3900, stack(0x0000007dc5c00000,0x0000007dc5d00000) (1024K)]
  0x0000026af13f9ce0 JavaThread "Stdin handler"                     [_thread_blocked, id=8916, stack(0x0000007dc5d00000,0x0000007dc5e00000) (1024K)]
  0x0000026af13fb090 JavaThread "Daemon client event forwarder"        [_thread_blocked, id=11320, stack(0x0000007dc5e00000,0x0000007dc5f00000) (1024K)]
  0x0000026af13fb720 JavaThread "Cache worker for journal cache (C:\Users\ibraa\.gradle\caches\journal-1)"        [_thread_blocked, id=12228, stack(0x0000007dc5f00000,0x0000007dc6000000) (1024K)]
  0x0000026af13fc440 JavaThread "File lock request listener"        [_thread_in_native, id=812, stack(0x0000007dc6000000,0x0000007dc6100000) (1024K)]
  0x0000026af13fa370 JavaThread "Cache worker for file hash cache (C:\Users\ibraa\.gradle\caches\9.3.0\fileHashes)"        [_thread_blocked, id=8472, stack(0x0000007dc6200000,0x0000007dc6300000) (1024K)]
  0x0000026af13f8fc0 JavaThread "Cache worker for file hash cache (C:\Users\ibraa\project\blps_mts_service\mts_service\.gradle\9.3.0\fileHashes)"        [_thread_blocked, id=16520, stack(0x0000007dc6400000,0x0000007dc6500000) (1024K)]
  0x0000026af13f9650 JavaThread "Cache worker for Build Output Cleanup Cache (C:\Users\ibraa\project\blps_mts_service\mts_service\.gradle\buildOutputCleanup)"        [_thread_blocked, id=11808, stack(0x0000007dc6500000,0x0000007dc6600000) (1024K)]
  0x0000026af5564d70 JavaThread "File watcher server"        daemon [_thread_in_native, id=2380, stack(0x0000007dc6600000,0x0000007dc6700000) (1024K)]
  0x0000026af55646e0 JavaThread "File watcher consumer"      daemon [_thread_blocked, id=15460, stack(0x0000007dc6700000,0x0000007dc6800000) (1024K)]
  0x0000026af5565a90 JavaThread "Cache worker for checksums cache (C:\Users\ibraa\project\blps_mts_service\mts_service\.gradle\9.3.0\checksums)"        [_thread_blocked, id=6744, stack(0x0000007dc6300000,0x0000007dc6400000) (1024K)]
  0x0000026af5566120 JavaThread "Cache worker for file content cache (C:\Users\ibraa\.gradle\caches\9.3.0\fileContent)"        [_thread_blocked, id=16808, stack(0x0000007dc6800000,0x0000007dc6900000) (1024K)]
  0x0000026af5566e40 JavaThread "Cache worker for cache directory md-supplier (C:\Users\ibraa\.gradle\caches\9.3.0\md-supplier)"        [_thread_blocked, id=10208, stack(0x0000007dc6900000,0x0000007dc6a00000) (1024K)]
  0x0000026af5565400 JavaThread "Cache worker for cache directory md-rule (C:\Users\ibraa\.gradle\caches\9.3.0\md-rule)"        [_thread_blocked, id=5228, stack(0x0000007dc6a00000,0x0000007dc6b00000) (1024K)]
  0x0000026af55674d0 JavaThread "jar transforms"                    [_thread_blocked, id=11840, stack(0x0000007dc6b00000,0x0000007dc6c00000) (1024K)]
  0x0000026af55667b0 JavaThread "jar transforms Thread 2"           [_thread_blocked, id=16840, stack(0x0000007dc6e00000,0x0000007dc6f00000) (1024K)]
  0x0000026af5564050 JavaThread "jar transforms Thread 3"           [_thread_blocked, id=7060, stack(0x0000007dc6c00000,0x0000007dc6d00000) (1024K)]
  0x0000026af556a2c0 JavaThread "Unconstrained build operations"        [_thread_blocked, id=11484, stack(0x0000007dc6f00000,0x0000007dc7000000) (1024K)]
  0x0000026af556a950 JavaThread "Unconstrained build operations Thread 2"        [_thread_blocked, id=12220, stack(0x0000007dc7000000,0x0000007dc7100000) (1024K)]
  0x0000026af5568880 JavaThread "Unconstrained build operations Thread 3"        [_thread_blocked, id=11140, stack(0x0000007dc7100000,0x0000007dc7200000) (1024K)]
  0x0000026af5569c30 JavaThread "Memory manager"                    [_thread_blocked, id=17344, stack(0x0000007dc7200000,0x0000007dc7300000) (1024K)]
  0x0000026af55681f0 JavaThread "jar transforms Thread 4"           [_thread_blocked, id=9484, stack(0x0000007dc7300000,0x0000007dc7400000) (1024K)]
  0x0000026af5567b60 JavaThread "Problems report writer"            [_thread_blocked, id=6256, stack(0x0000007dc7500000,0x0000007dc7600000) (1024K)]
  0x0000026af5568f10 JavaThread "ForkJoinPool.commonPool-worker-1" daemon [_thread_blocked, id=9220, stack(0x0000007dc7400000,0x0000007dc7500000) (1024K)]
  0x0000026af55695a0 JavaThread "ForkJoinPool.commonPool-worker-2" daemon [_thread_blocked, id=1392, stack(0x0000007dc7600000,0x0000007dc7700000) (1024K)]
  0x0000026af556afe0 JavaThread "ForkJoinPool.commonPool-worker-3" daemon [_thread_blocked, id=3204, stack(0x0000007dc7700000,0x0000007dc7800000) (1024K)]
  0x0000026af556b670 JavaThread "ForkJoinPool.commonPool-worker-4" daemon [_thread_blocked, id=9588, stack(0x0000007dc7800000,0x0000007dc7900000) (1024K)]
  0x0000026af2f3cc40 JavaThread "ForkJoinPool.commonPool-worker-5" daemon [_thread_blocked, id=15796, stack(0x0000007dc7900000,0x0000007dc7a00000) (1024K)]
  0x0000026af2f3bf20 JavaThread "ForkJoinPool.commonPool-worker-6" daemon [_thread_blocked, id=13824, stack(0x0000007dc7a00000,0x0000007dc7b00000) (1024K)]
  0x0000026af2f3dff0 JavaThread "ForkJoinPool.commonPool-worker-7" daemon [_thread_blocked, id=12512, stack(0x0000007dc7b00000,0x0000007dc7c00000) (1024K)]
  0x0000026af2f3b890 JavaThread "Exec process"                      [_thread_blocked, id=3260, stack(0x0000007dc7c00000,0x0000007dc7d00000) (1024K)]
  0x0000026af2f3d960 JavaThread "Exec process Thread 2"             [_thread_blocked, id=11408, stack(0x0000007dc6d00000,0x0000007dc6e00000) (1024K)]
  0x0000026af2f3e680 JavaThread "Exec process Thread 3"             [_thread_blocked, id=7688, stack(0x0000007dc7d00000,0x0000007dc7e00000) (1024K)]
  0x0000026af2f3c5b0 JavaThread "Unconstrained build operations Thread 4"        [_thread_blocked, id=8720, stack(0x0000007dc7e00000,0x0000007dc7f00000) (1024K)]
  0x0000026af2f40750 JavaThread "Unconstrained build operations Thread 5"        [_thread_blocked, id=11648, stack(0x0000007dc8000000,0x0000007dc8100000) (1024K)]
  0x0000026af2f3f3a0 JavaThread "Unconstrained build operations Thread 6"        [_thread_blocked, id=2656, stack(0x0000007dc8100000,0x0000007dc8200000) (1024K)]
  0x0000026af2f3d2d0 JavaThread "Unconstrained build operations Thread 7"        [_thread_blocked, id=11668, stack(0x0000007dc8200000,0x0000007dc8300000) (1024K)]
  0x0000026af2f400c0 JavaThread "Unconstrained build operations Thread 8"        [_thread_blocked, id=14988, stack(0x0000007dc8300000,0x0000007dc8400000) (1024K)]
  0x0000026af2f41470 JavaThread "Unconstrained build operations Thread 9"        [_thread_blocked, id=1276, stack(0x0000007dc8400000,0x0000007dc8500000) (1024K)]
  0x0000026af2f3fa30 JavaThread "Unconstrained build operations Thread 10"        [_thread_blocked, id=5036, stack(0x0000007dc8500000,0x0000007dc8600000) (1024K)]
  0x0000026af1bc9a00 JavaThread "C2 CompilerThread1"         daemon [_thread_in_native, id=14212, stack(0x0000007dc7f00000,0x0000007dc8000000) (1024K)]
Total: 59

Other Threads:
  0x0000026ae18a4080 VMThread "VM Thread"                           [id=6552, stack(0x0000007dc4300000,0x0000007dc4400000) (1024K)]
  0x0000026ae1889590 WatcherThread "VM Periodic Task Thread"        [id=11368, stack(0x0000007dc4200000,0x0000007dc4300000) (1024K)]
  0x0000026ac6df50e0 WorkerThread "GC Thread#0"                     [id=9876, stack(0x0000007dc3d00000,0x0000007dc3e00000) (1024K)]
  0x0000026ae1c074e0 WorkerThread "GC Thread#1"                     [id=13448, stack(0x0000007dc4f00000,0x0000007dc5000000) (1024K)]
  0x0000026af10240a0 WorkerThread "GC Thread#2"                     [id=6376, stack(0x0000007dc5000000,0x0000007dc5100000) (1024K)]
  0x0000026af1a9dcf0 WorkerThread "GC Thread#3"                     [id=2924, stack(0x0000007dc5100000,0x0000007dc5200000) (1024K)]
  0x0000026af1a9e090 WorkerThread "GC Thread#4"                     [id=13896, stack(0x0000007dc5200000,0x0000007dc5300000) (1024K)]
  0x0000026af1d3b080 WorkerThread "GC Thread#5"                     [id=7800, stack(0x0000007dc5500000,0x0000007dc5600000) (1024K)]
  0x0000026af1206ce0 WorkerThread "GC Thread#6"                     [id=3244, stack(0x0000007dc5600000,0x0000007dc5700000) (1024K)]
  0x0000026af1207480 WorkerThread "GC Thread#7"                     [id=2188, stack(0x0000007dc5700000,0x0000007dc5800000) (1024K)]
  0x0000026ac6dfaf60 ConcurrentGCThread "G1 Main Marker"            [id=7052, stack(0x0000007dc3e00000,0x0000007dc3f00000) (1024K)]
  0x0000026ac6dfb810 WorkerThread "G1 Conc#0"                       [id=11720, stack(0x0000007dc3f00000,0x0000007dc4000000) (1024K)]
  0x0000026af43809e0 WorkerThread "G1 Conc#1"                       [id=4180, stack(0x0000007dc6100000,0x0000007dc6200000) (1024K)]
  0x0000026ae1751550 ConcurrentGCThread "G1 Refine#0"               [id=13280, stack(0x0000007dc4000000,0x0000007dc4100000) (1024K)]
  0x0000026ae1751e70 ConcurrentGCThread "G1 Service"                [id=17392, stack(0x0000007dc4100000,0x0000007dc4200000) (1024K)]
Total: 15

Threads with active compile tasks:
C2 CompilerThread0  43706 8972       4       org.gradle.api.internal.artifacts.ModuleComponentSelectorSerializer::readVersionConstraint (95 bytes)
C1 CompilerThread0  43707 9074       3       org.gradle.api.internal.artifacts.ivyservice.ivyresolve.RepositoryChainComponentMetaDataResolver::resolveModule (310 bytes)
C2 CompilerThread1  43707 8967       4       org.gradle.api.internal.artifacts.ModuleComponentSelectorSerializer::read (50 bytes)
Total: 3

VM state: not at safepoint (normal execution)

VM Mutex/Monitor currently owned by a thread: None

Heap address: 0x00000000e8000000, size: 384 MB, Compressed Oops mode: 32-bit

CDS archive(s) mapped at: [0x0000026ae2000000-0x0000026ae2c80000-0x0000026ae2c80000), size 13107200, SharedBaseAddress: 0x0000026ae2000000, ArchiveRelocationMode: 1.
Compressed class space mapped at: 0x0000026ae3000000-0x0000026aed000000, reserved size: 167772160
Narrow klass base: 0x0000026ae2000000, Narrow klass shift: 0, Narrow klass range: 0x100000000

GC Precious Log:
 CardTable entry size: 512
 Card Set container configuration: InlinePtr #cards 5 size 8 Array Of Cards #cards 12 size 40 Howl #buckets 4 coarsen threshold 1843 Howl Bitmap #cards 512 size 80 coarsen threshold 460 Card regions per heap region 1 cards per card region 2048
 CPUs: 8 total, 8 available
 Memory: 7103M
 Large Page Support: Disabled
 NUMA Support: Disabled
 Compressed Oops: Enabled (32-bit)
 Heap Region Size: 1M
 Heap Min Capacity: 128M
 Heap Initial Capacity: 128M
 Heap Max Capacity: 384M
 Pre-touch: Disabled
 Parallel Workers: 8
 Concurrent Workers: 2
 Concurrent Refinement Workers: 8
 Periodic GC: Disabled

Heap:
 garbage-first heap   total 131072K, used 64343K [0x00000000e8000000, 0x0000000100000000)
  region size 1024K, 12 young (12288K), 5 survivors (5120K)
 Metaspace       used 58727K, committed 60800K, reserved 229376K
  class space    used 8548K, committed 9536K, reserved 163840K

Heap Regions: E=young(eden), S=young(survivor), O=old, HS=humongous(starts), HC=humongous(continues), CS=collection set, F=free, TAMS=top-at-mark-start, PB=parsable bottom
|   0|0x00000000e8000000, 0x00000000e8100000, 0x00000000e8100000|100%|HS|  |TAMS 0x00000000e8000000| PB 0x00000000e8000000| Complete 
|   1|0x00000000e8100000, 0x00000000e8200000, 0x00000000e8200000|100%|HC|  |TAMS 0x00000000e8100000| PB 0x00000000e8100000| Complete 
|   2|0x00000000e8200000, 0x00000000e8300000, 0x00000000e8300000|100%|HC|  |TAMS 0x00000000e8200000| PB 0x00000000e8200000| Complete 
|   3|0x00000000e8300000, 0x00000000e8400000, 0x00000000e8400000|100%|HC|  |TAMS 0x00000000e8300000| PB 0x00000000e8300000| Complete 
|   4|0x00000000e8400000, 0x00000000e8500000, 0x00000000e8500000|100%| O|  |TAMS 0x00000000e8400000| PB 0x00000000e8400000| Untracked 
|   5|0x00000000e8500000, 0x00000000e8600000, 0x00000000e8600000|100%| O|  |TAMS 0x00000000e8500000| PB 0x00000000e8500000| Untracked 
|   6|0x00000000e8600000, 0x00000000e8700000, 0x00000000e8700000|100%| O|  |TAMS 0x00000000e8600000| PB 0x00000000e8600000| Untracked 
|   7|0x00000000e8700000, 0x00000000e8800000, 0x00000000e8800000|100%|HS|  |TAMS 0x00000000e8700000| PB 0x00000000e8700000| Complete 
|   8|0x00000000e8800000, 0x00000000e8900000, 0x00000000e8900000|100%| O|  |TAMS 0x00000000e8800000| PB 0x00000000e8800000| Untracked 
|   9|0x00000000e8900000, 0x00000000e8a00000, 0x00000000e8a00000|100%| O|  |TAMS 0x00000000e8900000| PB 0x00000000e8900000| Untracked 
|  10|0x00000000e8a00000, 0x00000000e8b00000, 0x00000000e8b00000|100%| O|  |TAMS 0x00000000e8a00000| PB 0x00000000e8a00000| Untracked 
|  11|0x00000000e8b00000, 0x00000000e8c00000, 0x00000000e8c00000|100%| O|  |TAMS 0x00000000e8b00000| PB 0x00000000e8b00000| Untracked 
|  12|0x00000000e8c00000, 0x00000000e8d00000, 0x00000000e8d00000|100%| O|  |TAMS 0x00000000e8c00000| PB 0x00000000e8c00000| Untracked 
|  13|0x00000000e8d00000, 0x00000000e8e00000, 0x00000000e8e00000|100%| O|  |TAMS 0x00000000e8d00000| PB 0x00000000e8d00000| Untracked 
|  14|0x00000000e8e00000, 0x00000000e8f00000, 0x00000000e8f00000|100%| O|  |TAMS 0x00000000e8e00000| PB 0x00000000e8e00000| Untracked 
|  15|0x00000000e8f00000, 0x00000000e9000000, 0x00000000e9000000|100%| O|  |TAMS 0x00000000e8f00000| PB 0x00000000e8f00000| Untracked 
|  16|0x00000000e9000000, 0x00000000e9100000, 0x00000000e9100000|100%| O|  |TAMS 0x00000000e9000000| PB 0x00000000e9000000| Untracked 
|  17|0x00000000e9100000, 0x00000000e9200000, 0x00000000e9200000|100%| O|  |TAMS 0x00000000e9100000| PB 0x00000000e9100000| Untracked 
|  18|0x00000000e9200000, 0x00000000e9300000, 0x00000000e9300000|100%| O|  |TAMS 0x00000000e9200000| PB 0x00000000e9200000| Untracked 
|  19|0x00000000e9300000, 0x00000000e9400000, 0x00000000e9400000|100%| O|  |TAMS 0x00000000e9300000| PB 0x00000000e9300000| Untracked 
|  20|0x00000000e9400000, 0x00000000e9500000, 0x00000000e9500000|100%| O|  |TAMS 0x00000000e9400000| PB 0x00000000e9400000| Untracked 
|  21|0x00000000e9500000, 0x00000000e9600000, 0x00000000e9600000|100%| O|  |TAMS 0x00000000e9500000| PB 0x00000000e9500000| Untracked 
|  22|0x00000000e9600000, 0x00000000e9700000, 0x00000000e9700000|100%| O|  |TAMS 0x00000000e9600000| PB 0x00000000e9600000| Untracked 
|  23|0x00000000e9700000, 0x00000000e9800000, 0x00000000e9800000|100%| O|  |TAMS 0x00000000e9700000| PB 0x00000000e9700000| Untracked 
|  24|0x00000000e9800000, 0x00000000e9900000, 0x00000000e9900000|100%| O|  |TAMS 0x00000000e9800000| PB 0x00000000e9800000| Untracked 
|  25|0x00000000e9900000, 0x00000000e9a00000, 0x00000000e9a00000|100%| O|  |TAMS 0x00000000e9900000| PB 0x00000000e9900000| Untracked 
|  26|0x00000000e9a00000, 0x00000000e9b00000, 0x00000000e9b00000|100%| O|  |TAMS 0x00000000e9a00000| PB 0x00000000e9a00000| Untracked 
|  27|0x00000000e9b00000, 0x00000000e9c00000, 0x00000000e9c00000|100%| O|  |TAMS 0x00000000e9b00000| PB 0x00000000e9b00000| Untracked 
|  28|0x00000000e9c00000, 0x00000000e9d00000, 0x00000000e9d00000|100%| O|  |TAMS 0x00000000e9c00000| PB 0x00000000e9c00000| Untracked 
|  29|0x00000000e9d00000, 0x00000000e9e00000, 0x00000000e9e00000|100%| O|  |TAMS 0x00000000e9d00000| PB 0x00000000e9d00000| Untracked 
|  30|0x00000000e9e00000, 0x00000000e9f00000, 0x00000000e9f00000|100%| O|  |TAMS 0x00000000e9e00000| PB 0x00000000e9e00000| Untracked 
|  31|0x00000000e9f00000, 0x00000000ea000000, 0x00000000ea000000|100%| O|  |TAMS 0x00000000e9f00000| PB 0x00000000e9f00000| Untracked 
|  32|0x00000000ea000000, 0x00000000ea100000, 0x00000000ea100000|100%| O|  |TAMS 0x00000000ea000000| PB 0x00000000ea000000| Untracked 
|  33|0x00000000ea100000, 0x00000000ea200000, 0x00000000ea200000|100%| O|  |TAMS 0x00000000ea100000| PB 0x00000000ea100000| Untracked 
|  34|0x00000000ea200000, 0x00000000ea300000, 0x00000000ea300000|100%| O|  |TAMS 0x00000000ea200000| PB 0x00000000ea200000| Untracked 
|  35|0x00000000ea300000, 0x00000000ea400000, 0x00000000ea400000|100%| O|  |TAMS 0x00000000ea300000| PB 0x00000000ea300000| Untracked 
|  36|0x00000000ea400000, 0x00000000ea500000, 0x00000000ea500000|100%| O|Cm|TAMS 0x00000000ea400000| PB 0x00000000ea400000| Complete 
|  37|0x00000000ea500000, 0x00000000ea600000, 0x00000000ea600000|100%| O|  |TAMS 0x00000000ea500000| PB 0x00000000ea500000| Untracked 
|  38|0x00000000ea600000, 0x00000000ea700000, 0x00000000ea700000|100%| O|  |TAMS 0x00000000ea600000| PB 0x00000000ea600000| Untracked 
|  39|0x00000000ea700000, 0x00000000ea800000, 0x00000000ea800000|100%| O|  |TAMS 0x00000000ea700000| PB 0x00000000ea700000| Untracked 
|  40|0x00000000ea800000, 0x00000000ea900000, 0x00000000ea900000|100%| O|  |TAMS 0x00000000ea800000| PB 0x00000000ea800000| Untracked 
|  41|0x00000000ea900000, 0x00000000eaa00000, 0x00000000eaa00000|100%| O|  |TAMS 0x00000000ea900000| PB 0x00000000ea900000| Untracked 
|  42|0x00000000eaa00000, 0x00000000eab00000, 0x00000000eab00000|100%| O|  |TAMS 0x00000000eaa00000| PB 0x00000000eaa00000| Untracked 
|  43|0x00000000eab00000, 0x00000000eac00000, 0x00000000eac00000|100%| O|  |TAMS 0x00000000eab00000| PB 0x00000000eab00000| Untracked 
|  44|0x00000000eac00000, 0x00000000ead00000, 0x00000000ead00000|100%| O|  |TAMS 0x00000000eac00000| PB 0x00000000eac00000| Untracked 
|  45|0x00000000ead00000, 0x00000000eae00000, 0x00000000eae00000|100%| O|  |TAMS 0x00000000ead00000| PB 0x00000000ead00000| Untracked 
|  46|0x00000000eae00000, 0x00000000eaf00000, 0x00000000eaf00000|100%| O|  |TAMS 0x00000000eae00000| PB 0x00000000eae00000| Untracked 
|  47|0x00000000eaf00000, 0x00000000eb000000, 0x00000000eb000000|100%| O|  |TAMS 0x00000000eaf00000| PB 0x00000000eaf00000| Untracked 
|  48|0x00000000eb000000, 0x00000000eb100000, 0x00000000eb100000|100%| O|  |TAMS 0x00000000eb000000| PB 0x00000000eb000000| Untracked 
|  49|0x00000000eb100000, 0x00000000eb200000, 0x00000000eb200000|100%| O|  |TAMS 0x00000000eb100000| PB 0x00000000eb100000| Untracked 
|  50|0x00000000eb200000, 0x00000000eb300000, 0x00000000eb300000|100%| O|  |TAMS 0x00000000eb200000| PB 0x00000000eb200000| Untracked 
|  51|0x00000000eb300000, 0x00000000eb400000, 0x00000000eb400000|100%| O|  |TAMS 0x00000000eb300000| PB 0x00000000eb300000| Untracked 
|  52|0x00000000eb400000, 0x00000000eb464ce0, 0x00000000eb500000| 39%| O|  |TAMS 0x00000000eb400000| PB 0x00000000eb400000| Untracked 
|  53|0x00000000eb500000, 0x00000000eb500000, 0x00000000eb600000|  0%| F|  |TAMS 0x00000000eb500000| PB 0x00000000eb500000| Untracked 
|  54|0x00000000eb600000, 0x00000000eb600000, 0x00000000eb700000|  0%| F|  |TAMS 0x00000000eb600000| PB 0x00000000eb600000| Untracked 
|  55|0x00000000eb700000, 0x00000000eb700000, 0x00000000eb800000|  0%| F|  |TAMS 0x00000000eb700000| PB 0x00000000eb700000| Untracked 
|  56|0x00000000eb800000, 0x00000000eb800000, 0x00000000eb900000|  0%| F|  |TAMS 0x00000000eb800000| PB 0x00000000eb800000| Untracked 
|  57|0x00000000eb900000, 0x00000000eb900000, 0x00000000eba00000|  0%| F|  |TAMS 0x00000000eb900000| PB 0x00000000eb900000| Untracked 
|  58|0x00000000eba00000, 0x00000000eba00000, 0x00000000ebb00000|  0%| F|  |TAMS 0x00000000eba00000| PB 0x00000000eba00000| Untracked 
|  59|0x00000000ebb00000, 0x00000000ebb00000, 0x00000000ebc00000|  0%| F|  |TAMS 0x00000000ebb00000| PB 0x00000000ebb00000| Untracked 
|  60|0x00000000ebc00000, 0x00000000ebc00000, 0x00000000ebd00000|  0%| F|  |TAMS 0x00000000ebc00000| PB 0x00000000ebc00000| Untracked 
|  61|0x00000000ebd00000, 0x00000000ebd00000, 0x00000000ebe00000|  0%| F|  |TAMS 0x00000000ebd00000| PB 0x00000000ebd00000| Untracked 
|  62|0x00000000ebe00000, 0x00000000ebe00000, 0x00000000ebf00000|  0%| F|  |TAMS 0x00000000ebe00000| PB 0x00000000ebe00000| Untracked 
|  63|0x00000000ebf00000, 0x00000000ebf00000, 0x00000000ec000000|  0%| F|  |TAMS 0x00000000ebf00000| PB 0x00000000ebf00000| Untracked 
|  64|0x00000000ec000000, 0x00000000ec000000, 0x00000000ec100000|  0%| F|  |TAMS 0x00000000ec000000| PB 0x00000000ec000000| Untracked 
|  65|0x00000000ec100000, 0x00000000ec100000, 0x00000000ec200000|  0%| F|  |TAMS 0x00000000ec100000| PB 0x00000000ec100000| Untracked 
|  66|0x00000000ec200000, 0x00000000ec200000, 0x00000000ec300000|  0%| F|  |TAMS 0x00000000ec200000| PB 0x00000000ec200000| Untracked 
|  67|0x00000000ec300000, 0x00000000ec300000, 0x00000000ec400000|  0%| F|  |TAMS 0x00000000ec300000| PB 0x00000000ec300000| Untracked 
|  68|0x00000000ec400000, 0x00000000ec400000, 0x00000000ec500000|  0%| F|  |TAMS 0x00000000ec400000| PB 0x00000000ec400000| Untracked 
|  69|0x00000000ec500000, 0x00000000ec500000, 0x00000000ec600000|  0%| F|  |TAMS 0x00000000ec500000| PB 0x00000000ec500000| Untracked 
|  70|0x00000000ec600000, 0x00000000ec600000, 0x00000000ec700000|  0%| F|  |TAMS 0x00000000ec600000| PB 0x00000000ec600000| Untracked 
|  71|0x00000000ec700000, 0x00000000ec700000, 0x00000000ec800000|  0%| F|  |TAMS 0x00000000ec700000| PB 0x00000000ec700000| Untracked 
|  72|0x00000000ec800000, 0x00000000ec800000, 0x00000000ec900000|  0%| F|  |TAMS 0x00000000ec800000| PB 0x00000000ec800000| Untracked 
|  73|0x00000000ec900000, 0x00000000ec900000, 0x00000000eca00000|  0%| F|  |TAMS 0x00000000ec900000| PB 0x00000000ec900000| Untracked 
|  74|0x00000000eca00000, 0x00000000eca00000, 0x00000000ecb00000|  0%| F|  |TAMS 0x00000000eca00000| PB 0x00000000eca00000| Untracked 
|  75|0x00000000ecb00000, 0x00000000ecb00000, 0x00000000ecc00000|  0%| F|  |TAMS 0x00000000ecb00000| PB 0x00000000ecb00000| Untracked 
|  76|0x00000000ecc00000, 0x00000000ecc00000, 0x00000000ecd00000|  0%| F|  |TAMS 0x00000000ecc00000| PB 0x00000000ecc00000| Untracked 
|  77|0x00000000ecd00000, 0x00000000ecd00000, 0x00000000ece00000|  0%| F|  |TAMS 0x00000000ecd00000| PB 0x00000000ecd00000| Untracked 
|  78|0x00000000ece00000, 0x00000000ece00000, 0x00000000ecf00000|  0%| F|  |TAMS 0x00000000ece00000| PB 0x00000000ece00000| Untracked 
|  79|0x00000000ecf00000, 0x00000000ecf00000, 0x00000000ed000000|  0%| F|  |TAMS 0x00000000ecf00000| PB 0x00000000ecf00000| Untracked 
|  80|0x00000000ed000000, 0x00000000ed000000, 0x00000000ed100000|  0%| F|  |TAMS 0x00000000ed000000| PB 0x00000000ed000000| Untracked 
|  81|0x00000000ed100000, 0x00000000ed100000, 0x00000000ed200000|  0%| F|  |TAMS 0x00000000ed100000| PB 0x00000000ed100000| Untracked 
|  82|0x00000000ed200000, 0x00000000ed200000, 0x00000000ed300000|  0%| F|  |TAMS 0x00000000ed200000| PB 0x00000000ed200000| Untracked 
|  83|0x00000000ed300000, 0x00000000ed300000, 0x00000000ed400000|  0%| F|  |TAMS 0x00000000ed300000| PB 0x00000000ed300000| Untracked 
|  84|0x00000000ed400000, 0x00000000ed400000, 0x00000000ed500000|  0%| F|  |TAMS 0x00000000ed400000| PB 0x00000000ed400000| Untracked 
|  85|0x00000000ed500000, 0x00000000ed500000, 0x00000000ed600000|  0%| F|  |TAMS 0x00000000ed500000| PB 0x00000000ed500000| Untracked 
|  86|0x00000000ed600000, 0x00000000ed600000, 0x00000000ed700000|  0%| F|  |TAMS 0x00000000ed600000| PB 0x00000000ed600000| Untracked 
|  87|0x00000000ed700000, 0x00000000ed700000, 0x00000000ed800000|  0%| F|  |TAMS 0x00000000ed700000| PB 0x00000000ed700000| Untracked 
|  88|0x00000000ed800000, 0x00000000ed800000, 0x00000000ed900000|  0%| F|  |TAMS 0x00000000ed800000| PB 0x00000000ed800000| Untracked 
|  89|0x00000000ed900000, 0x00000000ed900000, 0x00000000eda00000|  0%| F|  |TAMS 0x00000000ed900000| PB 0x00000000ed900000| Untracked 
|  90|0x00000000eda00000, 0x00000000eda00000, 0x00000000edb00000|  0%| F|  |TAMS 0x00000000eda00000| PB 0x00000000eda00000| Untracked 
|  91|0x00000000edb00000, 0x00000000edb00000, 0x00000000edc00000|  0%| F|  |TAMS 0x00000000edb00000| PB 0x00000000edb00000| Untracked 
|  92|0x00000000edc00000, 0x00000000edc00000, 0x00000000edd00000|  0%| F|  |TAMS 0x00000000edc00000| PB 0x00000000edc00000| Untracked 
|  93|0x00000000edd00000, 0x00000000edd00000, 0x00000000ede00000|  0%| F|  |TAMS 0x00000000edd00000| PB 0x00000000edd00000| Untracked 
|  94|0x00000000ede00000, 0x00000000ede00000, 0x00000000edf00000|  0%| F|  |TAMS 0x00000000ede00000| PB 0x00000000ede00000| Untracked 
|  95|0x00000000edf00000, 0x00000000edf00000, 0x00000000ee000000|  0%| F|  |TAMS 0x00000000edf00000| PB 0x00000000edf00000| Untracked 
|  96|0x00000000ee000000, 0x00000000ee000000, 0x00000000ee100000|  0%| F|  |TAMS 0x00000000ee000000| PB 0x00000000ee000000| Untracked 
|  97|0x00000000ee100000, 0x00000000ee100000, 0x00000000ee200000|  0%| F|  |TAMS 0x00000000ee100000| PB 0x00000000ee100000| Untracked 
|  98|0x00000000ee200000, 0x00000000ee200000, 0x00000000ee300000|  0%| F|  |TAMS 0x00000000ee200000| PB 0x00000000ee200000| Untracked 
|  99|0x00000000ee300000, 0x00000000ee300000, 0x00000000ee400000|  0%| F|  |TAMS 0x00000000ee300000| PB 0x00000000ee300000| Untracked 
| 100|0x00000000ee400000, 0x00000000ee400000, 0x00000000ee500000|  0%| F|  |TAMS 0x00000000ee400000| PB 0x00000000ee400000| Untracked 
| 101|0x00000000ee500000, 0x00000000ee500000, 0x00000000ee600000|  0%| F|  |TAMS 0x00000000ee500000| PB 0x00000000ee500000| Untracked 
| 102|0x00000000ee600000, 0x00000000ee600000, 0x00000000ee700000|  0%| F|  |TAMS 0x00000000ee600000| PB 0x00000000ee600000| Untracked 
| 103|0x00000000ee700000, 0x00000000ee700000, 0x00000000ee800000|  0%| F|  |TAMS 0x00000000ee700000| PB 0x00000000ee700000| Untracked 
| 104|0x00000000ee800000, 0x00000000ee800000, 0x00000000ee900000|  0%| F|  |TAMS 0x00000000ee800000| PB 0x00000000ee800000| Untracked 
| 105|0x00000000ee900000, 0x00000000ee900000, 0x00000000eea00000|  0%| F|  |TAMS 0x00000000ee900000| PB 0x00000000ee900000| Untracked 
| 106|0x00000000eea00000, 0x00000000eea71100, 0x00000000eeb00000| 44%| S|CS|TAMS 0x00000000eea00000| PB 0x00000000eea00000| Complete 
| 107|0x00000000eeb00000, 0x00000000eec00000, 0x00000000eec00000|100%| S|CS|TAMS 0x00000000eeb00000| PB 0x00000000eeb00000| Complete 
| 108|0x00000000eec00000, 0x00000000eed00000, 0x00000000eed00000|100%| S|CS|TAMS 0x00000000eec00000| PB 0x00000000eec00000| Complete 
| 109|0x00000000eed00000, 0x00000000eee00000, 0x00000000eee00000|100%| S|CS|TAMS 0x00000000eed00000| PB 0x00000000eed00000| Complete 
| 110|0x00000000eee00000, 0x00000000eef00000, 0x00000000eef00000|100%| S|CS|TAMS 0x00000000eee00000| PB 0x00000000eee00000| Complete 
| 111|0x00000000eef00000, 0x00000000eef00000, 0x00000000ef000000|  0%| F|  |TAMS 0x00000000eef00000| PB 0x00000000eef00000| Untracked 
| 112|0x00000000ef000000, 0x00000000ef000000, 0x00000000ef100000|  0%| F|  |TAMS 0x00000000ef000000| PB 0x00000000ef000000| Untracked 
| 113|0x00000000ef100000, 0x00000000ef100000, 0x00000000ef200000|  0%| F|  |TAMS 0x00000000ef100000| PB 0x00000000ef100000| Untracked 
| 114|0x00000000ef200000, 0x00000000ef200000, 0x00000000ef300000|  0%| F|  |TAMS 0x00000000ef200000| PB 0x00000000ef200000| Untracked 
| 115|0x00000000ef300000, 0x00000000ef300000, 0x00000000ef400000|  0%| F|  |TAMS 0x00000000ef300000| PB 0x00000000ef300000| Untracked 
| 116|0x00000000ef400000, 0x00000000ef400000, 0x00000000ef500000|  0%| F|  |TAMS 0x00000000ef400000| PB 0x00000000ef400000| Untracked 
| 117|0x00000000ef500000, 0x00000000ef500000, 0x00000000ef600000|  0%| F|  |TAMS 0x00000000ef500000| PB 0x00000000ef500000| Untracked 
| 118|0x00000000ef600000, 0x00000000ef600000, 0x00000000ef700000|  0%| F|  |TAMS 0x00000000ef600000| PB 0x00000000ef600000| Untracked 
| 119|0x00000000ef700000, 0x00000000ef700000, 0x00000000ef800000|  0%| F|  |TAMS 0x00000000ef700000| PB 0x00000000ef700000| Untracked 
| 120|0x00000000ef800000, 0x00000000ef800000, 0x00000000ef900000|  0%| F|  |TAMS 0x00000000ef800000| PB 0x00000000ef800000| Untracked 
| 121|0x00000000ef900000, 0x00000000ef9c1a68, 0x00000000efa00000| 75%| E|  |TAMS 0x00000000ef900000| PB 0x00000000ef900000| Complete 
| 122|0x00000000efa00000, 0x00000000efb00000, 0x00000000efb00000|100%| E|CS|TAMS 0x00000000efa00000| PB 0x00000000efa00000| Complete 
| 123|0x00000000efb00000, 0x00000000efc00000, 0x00000000efc00000|100%| E|CS|TAMS 0x00000000efb00000| PB 0x00000000efb00000| Complete 
| 124|0x00000000efc00000, 0x00000000efd00000, 0x00000000efd00000|100%| E|CS|TAMS 0x00000000efc00000| PB 0x00000000efc00000| Complete 
| 125|0x00000000efd00000, 0x00000000efe00000, 0x00000000efe00000|100%| E|CS|TAMS 0x00000000efd00000| PB 0x00000000efd00000| Complete 
| 126|0x00000000efe00000, 0x00000000eff00000, 0x00000000eff00000|100%| E|CS|TAMS 0x00000000efe00000| PB 0x00000000efe00000| Complete 
| 127|0x00000000eff00000, 0x00000000f0000000, 0x00000000f0000000|100%| E|CS|TAMS 0x00000000eff00000| PB 0x00000000eff00000| Complete 

Card table byte_map: [0x0000026ade7d0000,0x0000026ade890000] _byte_map_base: 0x0000026ade090000

Marking Bits: (CMBitMap*) 0x0000026ac6df69a0
 Bits: [0x0000026ade890000, 0x0000026adee90000)

Polling page: 0x0000026ac4bf0000

Metaspace:

Usage:
  Non-class:     49.00 MB used.
      Class:      8.35 MB used.
       Both:     57.35 MB used.

Virtual space:
  Non-class space:       64.00 MB reserved,      50.06 MB ( 78%) committed,  1 nodes.
      Class space:      160.00 MB reserved,       9.31 MB (  6%) committed,  1 nodes.
             Both:      224.00 MB reserved,      59.38 MB ( 27%) committed. 

Chunk freelists:
   Non-Class:  13.94 MB
       Class:  6.69 MB
        Both:  20.63 MB

MaxMetaspaceSize: 192.00 MB
CompressedClassSpaceSize: 160.00 MB
Initial GC threshold: 21.00 MB
Current GC threshold: 98.75 MB
CDS: on
 - commit_granule_bytes: 65536.
 - commit_granule_words: 8192.
 - virtual_space_node_default_size: 8388608.
 - enlarge_chunks_in_place: 1.
 - use_allocation_guard: 0.


Internal statistics:

num_allocs_failed_limit: 12.
num_arena_births: 3870.
num_arena_deaths: 0.
num_vsnodes_births: 2.
num_vsnodes_deaths: 0.
num_space_committed: 950.
num_space_uncommitted: 0.
num_chunks_returned_to_freelist: 12.
num_chunks_taken_from_freelist: 6799.
num_chunk_merges: 6.
num_chunk_splits: 4401.
num_chunks_enlarged: 2641.
num_inconsistent_stats: 0.

CodeHeap 'non-profiled nmethods': size=120000Kb used=4814Kb max_used=4870Kb free=115185Kb
 bounds [0x0000026ad6f70000, 0x0000026ad7440000, 0x0000026ade4a0000]
CodeHeap 'profiled nmethods': size=120000Kb used=15870Kb max_used=15990Kb free=104129Kb
 bounds [0x0000026acf4a0000, 0x0000026ad0440000, 0x0000026ad69d0000]
CodeHeap 'non-nmethods': size=5760Kb used=2023Kb max_used=2069Kb free=3736Kb
 bounds [0x0000026ad69d0000, 0x0000026ad6c40000, 0x0000026ad6f70000]
CodeCache: size=245760Kb, used=22707Kb, max_used=22929Kb, free=223050Kb
 total_blobs=9124, nmethods=8355, adapters=673, full_count=0
Compilation: enabled, stopped_count=0, restarted_count=0

Compilation events (20 events):
Event: 43.555 Thread 0x0000026ae18cafd0 nmethod 9067 0x0000026acf622c10 code [0x0000026acf622dc0, 0x0000026acf623030]
Event: 43.555 Thread 0x0000026ae18cafd0 9068       3       org.gradle.api.internal.artifacts.ivyservice.resolveengine.graph.builder.ModuleResolveState::lambda$getVersion$0 (22 bytes)
Event: 43.556 Thread 0x0000026ae18cafd0 nmethod 9068 0x0000026acf8d0290 code [0x0000026acf8d0460, 0x0000026acf8d06f0]
Event: 43.556 Thread 0x0000026ae18cafd0 9069       3       org.gradle.api.internal.artifacts.ivyservice.resolveengine.graph.builder.ComponentState::<init> (89 bytes)
Event: 43.558 Thread 0x0000026ae18cafd0 nmethod 9069 0x0000026acf81ab10 code [0x0000026acf81ad60, 0x0000026acf81b848]
Event: 43.558 Thread 0x0000026ae18cafd0 9061       3       org.gradle.api.internal.artifacts.ivyservice.resolveengine.graph.builder.ResolveState::resolveVersionConstraint (20 bytes)
Event: 43.559 Thread 0x0000026ae18cafd0 nmethod 9061 0x0000026acf819f10 code [0x0000026acf81a120, 0x0000026acf81a880]
Event: 43.560 Thread 0x0000026ae18cafd0 9062       3       org.gradle.api.internal.artifacts.ivyservice.resolveengine.graph.builder.ResolveState$$Lambda/0x0000026ae3740400::<init> (10 bytes)
Event: 43.560 Thread 0x0000026ae18cafd0 nmethod 9062 0x0000026acf901090 code [0x0000026acf901240, 0x0000026acf9013f8]
Event: 43.560 Thread 0x0000026ae18cafd0 9063       3       org.gradle.api.internal.artifacts.ivyservice.resolveengine.graph.builder.SelectorState::getSelector (13 bytes)
Event: 43.560 Thread 0x0000026ae18cafd0 nmethod 9063 0x0000026acfae3690 code [0x0000026acfae3840, 0x0000026acfae3a38]
Event: 43.560 Thread 0x0000026ae18cafd0 9064       3       org.gradle.api.internal.artifacts.ivyservice.resolveengine.graph.builder.ModuleSelectors::add (69 bytes)
Event: 43.561 Thread 0x0000026ae18cafd0 nmethod 9064 0x0000026acf819710 code [0x0000026acf819900, 0x0000026acf819d68]
Event: 43.561 Thread 0x0000026ae18cafd0 9073       3       org.gradle.internal.resolve.result.DefaultBuildableComponentResolveResult::resolved (11 bytes)
Event: 43.562 Thread 0x0000026ae18cafd0 nmethod 9073 0x0000026acf91b210 code [0x0000026acf91b3c0, 0x0000026acf91b578]
Event: 43.562 Thread 0x0000026ae18cafd0 9071       3       com.google.common.cache.CacheBuilder$1::recordLoadSuccess (1 bytes)
Event: 43.562 Thread 0x0000026ae18cafd0 nmethod 9071 0x0000026acf4fff10 code [0x0000026acf5000a0, 0x0000026acf5001a8]
Event: 43.562 Thread 0x0000026ae18cafd0 9065   !   3       org.gradle.api.internal.artifacts.ivyservice.resolveengine.graph.builder.ModuleResolveState::appendAttributes (67 bytes)
Event: 43.563 Thread 0x0000026ae18cafd0 nmethod 9065 0x0000026acf62a510 code [0x0000026acf62a740, 0x0000026acf62af00]
Event: 43.563 Thread 0x0000026ae18cafd0 9074       3       org.gradle.api.internal.artifacts.ivyservice.ivyresolve.RepositoryChainComponentMetaDataResolver::resolveModule (310 bytes)

GC Heap History (20 events):
Event: 6.871 GC heap before
{Heap before GC invocations=2 (full 0):
 garbage-first heap   total 131072K, used 85383K [0x00000000e8000000, 0x0000000100000000)
  region size 1024K, 76 young (77824K), 5 survivors (5120K)
 Metaspace       used 10353K, committed 10688K, reserved 229376K
  class space    used 1368K, committed 1536K, reserved 163840K
}
Event: 6.896 GC heap after
{Heap after GC invocations=3 (full 0):
 garbage-first heap   total 131072K, used 20028K [0x00000000e8000000, 0x0000000100000000)
  region size 1024K, 10 young (10240K), 10 survivors (10240K)
 Metaspace       used 10353K, committed 10688K, reserved 229376K
  class space    used 1368K, committed 1536K, reserved 163840K
}
Event: 11.956 GC heap before
{Heap before GC invocations=3 (full 0):
 garbage-first heap   total 131072K, used 85564K [0x00000000e8000000, 0x0000000100000000)
  region size 1024K, 74 young (75776K), 10 survivors (10240K)
 Metaspace       used 20833K, committed 21504K, reserved 229376K
  class space    used 2840K, committed 3200K, reserved 163840K
}
Event: 11.976 GC heap after
{Heap after GC invocations=4 (full 0):
 garbage-first heap   total 131072K, used 24184K [0x00000000e8000000, 0x0000000100000000)
  region size 1024K, 4 young (4096K), 4 survivors (4096K)
 Metaspace       used 20833K, committed 21504K, reserved 229376K
  class space    used 2840K, committed 3200K, reserved 163840K
}
Event: 15.018 GC heap before
{Heap before GC invocations=5 (full 0):
 garbage-first heap   total 131072K, used 97912K [0x00000000e8000000, 0x0000000100000000)
  region size 1024K, 76 young (77824K), 4 survivors (4096K)
 Metaspace       used 30074K, committed 31232K, reserved 229376K
  class space    used 4371K, committed 4928K, reserved 163840K
}
Event: 15.030 GC heap after
{Heap after GC invocations=6 (full 0):
 garbage-first heap   total 131072K, used 27891K [0x00000000e8000000, 0x0000000100000000)
  region size 1024K, 8 young (8192K), 8 survivors (8192K)
 Metaspace       used 30074K, committed 31232K, reserved 229376K
  class space    used 4371K, committed 4928K, reserved 163840K
}
Event: 19.170 GC heap before
{Heap before GC invocations=6 (full 0):
 garbage-first heap   total 131072K, used 56563K [0x00000000e8000000, 0x0000000100000000)
  region size 1024K, 38 young (38912K), 8 survivors (8192K)
 Metaspace       used 34593K, committed 35968K, reserved 229376K
  class space    used 4934K, committed 5632K, reserved 163840K
}
Event: 19.188 GC heap after
{Heap after GC invocations=7 (full 0):
 garbage-first heap   total 131072K, used 30688K [0x00000000e8000000, 0x0000000100000000)
  region size 1024K, 7 young (7168K), 7 survivors (7168K)
 Metaspace       used 34593K, committed 35968K, reserved 229376K
  class space    used 4934K, committed 5632K, reserved 163840K
}
Event: 19.365 GC heap before
{Heap before GC invocations=7 (full 0):
 garbage-first heap   total 131072K, used 31712K [0x00000000e8000000, 0x0000000100000000)
  region size 1024K, 9 young (9216K), 7 survivors (7168K)
 Metaspace       used 34976K, committed 36288K, reserved 229376K
  class space    used 4971K, committed 5632K, reserved 163840K
}
Event: 19.378 GC heap after
{Heap after GC invocations=8 (full 0):
 garbage-first heap   total 131072K, used 31062K [0x00000000e8000000, 0x0000000100000000)
  region size 1024K, 3 young (3072K), 3 survivors (3072K)
 Metaspace       used 34976K, committed 36288K, reserved 229376K
  class space    used 4971K, committed 5632K, reserved 163840K
}
Event: 25.328 GC heap before
{Heap before GC invocations=9 (full 0):
 garbage-first heap   total 131072K, used 101718K [0x00000000e8000000, 0x0000000100000000)
  region size 1024K, 72 young (73728K), 3 survivors (3072K)
 Metaspace       used 43164K, committed 44992K, reserved 229376K
  class space    used 6359K, committed 7232K, reserved 163840K
}
Event: 25.341 GC heap after
{Heap after GC invocations=10 (full 0):
 garbage-first heap   total 131072K, used 35849K [0x00000000e8000000, 0x0000000100000000)
  region size 1024K, 8 young (8192K), 8 survivors (8192K)
 Metaspace       used 43164K, committed 44992K, reserved 229376K
  class space    used 6359K, committed 7232K, reserved 163840K
}
Event: 30.660 GC heap before
{Heap before GC invocations=10 (full 0):
 garbage-first heap   total 131072K, used 105481K [0x00000000e8000000, 0x0000000100000000)
  region size 1024K, 76 young (77824K), 8 survivors (8192K)
 Metaspace       used 49504K, committed 51456K, reserved 229376K
  class space    used 7331K, committed 8320K, reserved 163840K
}
Event: 30.676 GC heap after
{Heap after GC invocations=11 (full 0):
 garbage-first heap   total 131072K, used 40269K [0x00000000e8000000, 0x0000000100000000)
  region size 1024K, 10 young (10240K), 10 survivors (10240K)
 Metaspace       used 49504K, committed 51456K, reserved 229376K
  class space    used 7331K, committed 8320K, reserved 163840K
}
Event: 33.404 GC heap before
{Heap before GC invocations=11 (full 0):
 garbage-first heap   total 131072K, used 108877K [0x00000000e8000000, 0x0000000100000000)
  region size 1024K, 76 young (77824K), 10 survivors (10240K)
 Metaspace       used 54703K, committed 56768K, reserved 229376K
  class space    used 8114K, committed 9152K, reserved 163840K
}
Event: 33.424 GC heap after
{Heap after GC invocations=12 (full 0):
 garbage-first heap   total 131072K, used 46968K [0x00000000e8000000, 0x0000000100000000)
  region size 1024K, 10 young (10240K), 10 survivors (10240K)
 Metaspace       used 54703K, committed 56768K, reserved 229376K
  class space    used 8114K, committed 9152K, reserved 163840K
}
Event: 41.654 GC heap before
{Heap before GC invocations=12 (full 0):
 garbage-first heap   total 131072K, used 110456K [0x00000000e8000000, 0x0000000100000000)
  region size 1024K, 72 young (73728K), 10 survivors (10240K)
 Metaspace       used 58305K, committed 60352K, reserved 229376K
  class space    used 8513K, committed 9536K, reserved 163840K
}
Event: 41.674 GC heap after
{Heap after GC invocations=13 (full 0):
 garbage-first heap   total 131072K, used 53165K [0x00000000e8000000, 0x0000000100000000)
  region size 1024K, 6 young (6144K), 6 survivors (6144K)
 Metaspace       used 58305K, committed 60352K, reserved 229376K
  class space    used 8513K, committed 9536K, reserved 163840K
}
Event: 42.885 GC heap before
{Heap before GC invocations=13 (full 0):
 garbage-first heap   total 131072K, used 69549K [0x00000000e8000000, 0x0000000100000000)
  region size 1024K, 23 young (23552K), 6 survivors (6144K)
 Metaspace       used 58579K, committed 60608K, reserved 229376K
  class space    used 8529K, committed 9536K, reserved 163840K
}
Event: 42.899 GC heap after
{Heap after GC invocations=14 (full 0):
 garbage-first heap   total 131072K, used 58199K [0x00000000e8000000, 0x0000000100000000)
  region size 1024K, 5 young (5120K), 5 survivors (5120K)
 Metaspace       used 58579K, committed 60608K, reserved 229376K
  class space    used 8529K, committed 9536K, reserved 163840K
}

Dll operation events (15 events):
Event: 0.026 Loaded shared library C:\Users\ibraa\.jdks\ms-21.0.8\bin\java.dll
Event: 0.098 Loaded shared library C:\Users\ibraa\.jdks\ms-21.0.8\bin\jsvml.dll
Event: 0.221 Loaded shared library C:\Users\ibraa\.jdks\ms-21.0.8\bin\zip.dll
Event: 0.234 Loaded shared library C:\Users\ibraa\.jdks\ms-21.0.8\bin\instrument.dll
Event: 0.245 Loaded shared library C:\Users\ibraa\.jdks\ms-21.0.8\bin\net.dll
Event: 0.252 Loaded shared library C:\Users\ibraa\.jdks\ms-21.0.8\bin\nio.dll
Event: 0.258 Loaded shared library C:\Users\ibraa\.jdks\ms-21.0.8\bin\zip.dll
Event: 1.133 Loaded shared library C:\Users\ibraa\.jdks\ms-21.0.8\bin\jimage.dll
Event: 1.786 Loaded shared library C:\Users\ibraa\.jdks\ms-21.0.8\bin\verify.dll
Event: 1.891 Loaded shared library C:\Users\ibraa\.gradle\native\660c5614fbf4a5f2a75b1949f50a0caf5cd603558e7d8a26e50b933a0cfb79d1\windows-amd64\native-platform.dll
Event: 1.938 Loaded shared library C:\Users\ibraa\.gradle\native\0.2.8\x86_64-windows-gnu\gradle-fileevents.dll
Event: 5.499 Loaded shared library C:\Users\ibraa\.jdks\ms-21.0.8\bin\management.dll
Event: 5.505 Loaded shared library C:\Users\ibraa\.jdks\ms-21.0.8\bin\management_ext.dll
Event: 6.008 Loaded shared library C:\Users\ibraa\.jdks\ms-21.0.8\bin\extnet.dll
Event: 6.827 Loaded shared library C:\Users\ibraa\.jdks\ms-21.0.8\bin\sunmscapi.dll

Deoptimization events (20 events):
Event: 43.425 Thread 0x0000026af13e83b0 Uncommon trap: trap_request=0xffffffde fr.pc=0x0000026ad74149e8 relative=0x00000000000002c8
Event: 43.425 Thread 0x0000026af13e83b0 Uncommon trap: reason=class_check action=maybe_recompile pc=0x0000026ad74149e8 method=org.gradle.api.internal.artifacts.ModuleComponentSelectorSerializer.readCapabilitySelectors(Lorg/gradle/internal/serialize/Decoder;)Lcom/google/common/collect/ImmutableS
Event: 43.425 Thread 0x0000026af13e83b0 DEOPT PACKING pc=0x0000026ad74149e8 sp=0x0000007dc5bf8670
Event: 43.425 Thread 0x0000026af13e83b0 DEOPT UNPACKING pc=0x0000026ad6a246a2 sp=0x0000007dc5bf8648 mode 2
Event: 43.425 Thread 0x0000026af13e83b0 Uncommon trap: trap_request=0xffffffde fr.pc=0x0000026ad74178cc relative=0x0000000000001fec
Event: 43.425 Thread 0x0000026af13e83b0 Uncommon trap: reason=class_check action=maybe_recompile pc=0x0000026ad74178cc method=org.gradle.api.internal.artifacts.ModuleComponentSelectorSerializer.read(Lorg/gradle/internal/serialize/Decoder;)Lorg/gradle/api/artifacts/component/ModuleComponentSelec
Event: 43.425 Thread 0x0000026af13e83b0 DEOPT PACKING pc=0x0000026ad74178cc sp=0x0000007dc5bf86e0
Event: 43.425 Thread 0x0000026af13e83b0 DEOPT UNPACKING pc=0x0000026ad6a246a2 sp=0x0000007dc5bf86c8 mode 2
Event: 43.425 Thread 0x0000026af13e83b0 Uncommon trap: trap_request=0xffffffde fr.pc=0x0000026ad7411068 relative=0x00000000000012e8
Event: 43.425 Thread 0x0000026af13e83b0 Uncommon trap: reason=class_check action=maybe_recompile pc=0x0000026ad7411068 method=org.gradle.api.internal.artifacts.ModuleComponentSelectorSerializer.readVersionConstraint(Lorg/gradle/internal/serialize/Decoder;)Lorg/gradle/api/artifacts/VersionConstr
Event: 43.425 Thread 0x0000026af13e83b0 DEOPT PACKING pc=0x0000026ad7411068 sp=0x0000007dc5bf8640
Event: 43.425 Thread 0x0000026af13e83b0 DEOPT UNPACKING pc=0x0000026ad6a246a2 sp=0x0000007dc5bf8630 mode 2
Event: 43.425 Thread 0x0000026af13e83b0 Uncommon trap: trap_request=0xffffffde fr.pc=0x0000026ad74149e8 relative=0x00000000000002c8
Event: 43.425 Thread 0x0000026af13e83b0 Uncommon trap: reason=class_check action=maybe_recompile pc=0x0000026ad74149e8 method=org.gradle.api.internal.artifacts.ModuleComponentSelectorSerializer.readCapabilitySelectors(Lorg/gradle/internal/serialize/Decoder;)Lcom/google/common/collect/ImmutableS
Event: 43.425 Thread 0x0000026af13e83b0 DEOPT PACKING pc=0x0000026ad74149e8 sp=0x0000007dc5bf8670
Event: 43.425 Thread 0x0000026af13e83b0 DEOPT UNPACKING pc=0x0000026ad6a246a2 sp=0x0000007dc5bf8648 mode 2
Event: 43.441 Thread 0x0000026af13e83b0 Uncommon trap: trap_request=0xffffffde fr.pc=0x0000026ad74013ac relative=0x0000000000001a8c
Event: 43.441 Thread 0x0000026af13e83b0 Uncommon trap: reason=class_check action=maybe_recompile pc=0x0000026ad74013ac method=org.gradle.api.internal.artifacts.ivyservice.resolveengine.result.DesugaredAttributeContainerSerializer.read(Lorg/gradle/internal/serialize/Decoder;)Lorg/gradle/api/inte
Event: 43.441 Thread 0x0000026af13e83b0 DEOPT PACKING pc=0x0000026ad74013ac sp=0x0000007dc5bf8550
Event: 43.441 Thread 0x0000026af13e83b0 DEOPT UNPACKING pc=0x0000026ad6a246a2 sp=0x0000007dc5bf8540 mode 2

Classes loaded (20 events):
Event: 34.169 Loading class sun/util/logging/PlatformLogger$ConfigurableBridge$LoggerConfiguration done
Event: 34.169 Loading class sun/util/logging/internal/LoggingProviderImpl$JULWrapper done
Event: 35.866 Loading class java/nio/file/AccessDeniedException
Event: 35.867 Loading class java/nio/file/AccessDeniedException done
Event: 35.889 Loading class java/util/stream/ReduceOps$2
Event: 35.889 Loading class java/util/stream/ReduceOps$2 done
Event: 35.889 Loading class java/util/stream/ReduceOps$2ReducingSink
Event: 35.890 Loading class java/util/stream/ReduceOps$2ReducingSink done
Event: 35.903 Loading class java/lang/foreign/MemorySegment
Event: 35.905 Loading class java/lang/foreign/MemorySegment done
Event: 37.290 Loading class java/io/FileReader
Event: 37.292 Loading class java/io/FileReader done
Event: 37.299 Loading class java/text/MessageFormat
Event: 37.302 Loading class java/text/MessageFormat done
Event: 37.431 Loading class java/lang/StringIndexOutOfBoundsException
Event: 37.432 Loading class java/lang/StringIndexOutOfBoundsException done
Event: 37.522 Loading class java/util/Stack
Event: 37.523 Loading class java/util/Stack done
Event: 43.444 Loading class java/util/AbstractList$ListItr
Event: 43.445 Loading class java/util/AbstractList$ListItr done

Classes unloaded (0 events):
No events

Classes redefined (0 events):
No events

Internal exceptions (20 events):
Event: 33.529 Thread 0x0000026af13e83b0 Exception <a 'java/lang/ClassNotFoundException'{0x00000000efc74880}: org/gradle/api/internal/AbstractTaskCustomizer> (0x00000000efc74880) 
thrown [s\src\hotspot\share\classfile\systemDictionary.cpp, line 312]
Event: 33.534 Thread 0x0000026af13e83b0 Exception <a 'java/lang/ClassNotFoundException'{0x00000000efcd3a88}: org/gradle/api/DefaultTaskCustomizer> (0x00000000efcd3a88) 
thrown [s\src\hotspot\share\classfile\systemDictionary.cpp, line 312]
Event: 33.539 Thread 0x0000026af13e83b0 Exception <a 'java/lang/ClassNotFoundException'{0x00000000efb3bf88}: org/gradle/api/internal/ConventionTaskCustomizer> (0x00000000efb3bf88) 
thrown [s\src\hotspot\share\classfile\systemDictionary.cpp, line 312]
Event: 33.542 Thread 0x0000026af13e83b0 Exception <a 'java/lang/ClassNotFoundException'{0x00000000efb58858}: org/gradle/api/tasks/JavaExecCustomizer> (0x00000000efb58858) 
thrown [s\src\hotspot\share\classfile\systemDictionary.cpp, line 312]
Event: 33.547 Thread 0x0000026af13e83b0 Exception <a 'java/lang/ClassNotFoundException'{0x00000000efbbe708}: org/springframework/boot/gradle/tasks/run/BootRunCustomizer> (0x00000000efbbe708) 
thrown [s\src\hotspot\share\classfile\systemDictionary.cpp, line 312]
Event: 33.551 Thread 0x0000026af13e83b0 Exception <a 'java/lang/ClassNotFoundException'{0x00000000efbe69b0}: org/springframework/boot/gradle/tasks/run/BootRun_DecoratedCustomizer> (0x00000000efbe69b0) 
thrown [s\src\hotspot\share\classfile\systemDictionary.cpp, line 312]
Event: 33.628 Thread 0x0000026af13e83b0 Exception <a 'java/lang/NoSuchMethodError'{0x00000000ef99ad58}: 'java.lang.Object java.lang.invoke.DirectMethodHandle$Holder.newInvokeSpecial(java.lang.Object, java.lang.Object, java.lang.Object, java.lang.Object, java.lang.Object, java.lang.Object, int)'> (0x00000000ef99ad58) 
thrown [s\src\hotspot\share\interpreter\linkResolver.cpp, line 773]
Event: 33.629 Thread 0x0000026af13e83b0 Exception <a 'java/lang/NoSuchMethodError'{0x00000000ef99f9b8}: 'java.lang.Object java.lang.invoke.DirectMethodHandle$Holder.invokeSpecial(java.lang.Object, java.lang.Object, java.lang.Object, java.lang.Object, java.lang.Object, java.lang.Object, java.lang.Object, int)'> (0x00000000ef99f9b8) 
thrown [s\src\hotspot\share\interpreter\linkResolver.cpp, line 773]
Event: 33.629 Thread 0x0000026af13e83b0 Exception <a 'java/lang/NoSuchMethodError'{0x00000000ef9a3b78}: 'java.lang.Object java.lang.invoke.Invokers$Holder.linkToTargetMethod(java.lang.Object, java.lang.Object, java.lang.Object, java.lang.Object, java.lang.Object, int, java.lang.Object)'> (0x00000000ef9a3b78) 
thrown [s\src\hotspot\share\interpreter\linkResolver.cpp, line 773]
Event: 33.658 Thread 0x0000026af2f3dff0 Implicit null exception at 0x0000026ad71e831c to 0x0000026ad71e83dc
Event: 33.659 Thread 0x0000026af2f3bf20 Implicit null exception at 0x0000026ad71e831c to 0x0000026ad71e83dc
Event: 34.152 Thread 0x0000026af2f3b890 Exception <a 'java/lang/NoSuchMethodError'{0x00000000ef6982b8}: 'void java.lang.invoke.DirectMethodHandle$Holder.invokeStatic(java.lang.Object, long)'> (0x00000000ef6982b8) 
thrown [s\src\hotspot\share\interpreter\linkResolver.cpp, line 773]
Event: 34.156 Thread 0x0000026af2f3b890 Exception <a 'java/lang/NoSuchMethodError'{0x00000000ef6a29c8}: 'java.lang.Object java.lang.invoke.DirectMethodHandle$Holder.invokeStaticInit(java.lang.Object, long, java.lang.Object)'> (0x00000000ef6a29c8) 
thrown [s\src\hotspot\share\interpreter\linkResolver.cpp, line 773]
Event: 37.562 Thread 0x0000026af13e83b0 Exception <a 'java/lang/ClassNotFoundException'{0x00000000ee27a978}: org/gradle/plugin/software/internal/ProjectFeaturesDynamicObject_DecoratedBeanInfo> (0x00000000ee27a978) 
thrown [s\src\hotspot\share\classfile\systemDictionary.cpp, line 312]
Event: 37.563 Thread 0x0000026af13e83b0 Exception <a 'java/lang/ClassNotFoundException'{0x00000000ee288ff0}: org/gradle/plugin/software/internal/ProjectFeaturesDynamicObjectBeanInfo> (0x00000000ee288ff0) 
thrown [s\src\hotspot\share\classfile\systemDictionary.cpp, line 312]
Event: 37.564 Thread 0x0000026af13e83b0 Exception <a 'java/lang/ClassNotFoundException'{0x00000000ee296f98}: org/gradle/internal/metaobject/AbstractDynamicObjectBeanInfo> (0x00000000ee296f98) 
thrown [s\src\hotspot\share\classfile\systemDictionary.cpp, line 312]
Event: 37.565 Thread 0x0000026af13e83b0 Exception <a 'java/lang/ClassNotFoundException'{0x00000000ee2a4f38}: org/gradle/internal/metaobject/AbstractDynamicObjectCustomizer> (0x00000000ee2a4f38) 
thrown [s\src\hotspot\share\classfile\systemDictionary.cpp, line 312]
Event: 37.569 Thread 0x0000026af13e83b0 Exception <a 'java/lang/ClassNotFoundException'{0x00000000ee2bfc40}: org/gradle/plugin/software/internal/ProjectFeaturesDynamicObjectCustomizer> (0x00000000ee2bfc40) 
thrown [s\src\hotspot\share\classfile\systemDictionary.cpp, line 312]
Event: 37.571 Thread 0x0000026af13e83b0 Exception <a 'java/lang/ClassNotFoundException'{0x00000000ee2d57d8}: org/gradle/plugin/software/internal/ProjectFeaturesDynamicObject_DecoratedCustomizer> (0x00000000ee2d57d8) 
thrown [s\src\hotspot\share\classfile\systemDictionary.cpp, line 312]
Event: 37.610 Thread 0x0000026af13e83b0 Exception <a 'java/lang/NoSuchMethodError'{0x00000000ee198a28}: 'void java.lang.invoke.Invokers$Holder.invokeExact_MT(java.lang.Object, java.lang.Object, java.lang.Object, java.lang.Object)'> (0x00000000ee198a28) 
thrown [s\src\hotspot\share\interpreter\linkResolver.cpp, line 773]

ZGC Phase Switch (0 events):
No events

VM Operations (20 events):
Event: 38.544 Executing VM operation: Cleanup
Event: 38.544 Executing VM operation: Cleanup done
Event: 39.549 Executing VM operation: Cleanup
Event: 39.550 Executing VM operation: Cleanup done
Event: 40.560 Executing VM operation: Cleanup
Event: 40.561 Executing VM operation: Cleanup done
Event: 41.563 Executing VM operation: Cleanup
Event: 41.564 Executing VM operation: Cleanup done
Event: 41.654 Executing VM operation: G1CollectForAllocation (G1 Evacuation Pause)
Event: 41.674 Executing VM operation: G1CollectForAllocation (G1 Evacuation Pause) done
Event: 42.417 Executing VM operation: HandshakeAllThreads (Deoptimize)
Event: 42.417 Executing VM operation: HandshakeAllThreads (Deoptimize) done
Event: 42.885 Executing VM operation: CollectForMetadataAllocation (Metadata GC Threshold)
Event: 42.900 Executing VM operation: CollectForMetadataAllocation (Metadata GC Threshold) done
Event: 43.031 Executing VM operation: G1PauseRemark
Event: 43.060 Executing VM operation: G1PauseRemark done
Event: 43.104 Executing VM operation: G1PauseCleanup
Event: 43.105 Executing VM operation: G1PauseCleanup done
Event: 43.447 Executing VM operation: HandshakeAllThreads (Deoptimize)
Event: 43.448 Executing VM operation: HandshakeAllThreads (Deoptimize) done

Memory protections (0 events):
No events

Nmethod flushes (20 events):
Event: 43.058 Thread 0x0000026ae18a4080 flushing  nmethod 0x0000026acf63ea90
Event: 43.058 Thread 0x0000026ae18a4080 flushing  nmethod 0x0000026acf63f490
Event: 43.058 Thread 0x0000026ae18a4080 flushing  nmethod 0x0000026acf6d4f10
Event: 43.058 Thread 0x0000026ae18a4080 flushing  nmethod 0x0000026acf6d8d10
Event: 43.058 Thread 0x0000026ae18a4080 flushing  nmethod 0x0000026acf6e2f10
Event: 43.058 Thread 0x0000026ae18a4080 flushing  nmethod 0x0000026acf6e4f90
Event: 43.058 Thread 0x0000026ae18a4080 flushing  nmethod 0x0000026acf6e7210
Event: 43.058 Thread 0x0000026ae18a4080 flushing  nmethod 0x0000026acf6fb510
Event: 43.058 Thread 0x0000026ae18a4080 flushing  nmethod 0x0000026acf7a5710
Event: 43.058 Thread 0x0000026ae18a4080 flushing  nmethod 0x0000026acf7aa110
Event: 43.058 Thread 0x0000026ae18a4080 flushing  nmethod 0x0000026acf7c1c10
Event: 43.058 Thread 0x0000026ae18a4080 flushing  nmethod 0x0000026acf819710
Event: 43.058 Thread 0x0000026ae18a4080 flushing  nmethod 0x0000026acf81b290
Event: 43.058 Thread 0x0000026ae18a4080 flushing  nmethod 0x0000026acf81b610
Event: 43.058 Thread 0x0000026ae18a4080 flushing  nmethod 0x0000026acf81d210
Event: 43.058 Thread 0x0000026ae18a4080 flushing  nmethod 0x0000026acf81dc90
Event: 43.058 Thread 0x0000026ae18a4080 flushing  nmethod 0x0000026acf8f9090
Event: 43.058 Thread 0x0000026ae18a4080 flushing  nmethod 0x0000026acf9cee10
Event: 43.058 Thread 0x0000026ae18a4080 flushing  nmethod 0x0000026acfa66810
Event: 43.058 Thread 0x0000026ae18a4080 flushing  nmethod 0x0000026acfbac690

Events (20 events):
Event: 36.709 Thread 0x0000026af1d604e0 Thread exited: 0x0000026af1d604e0
Event: 36.709 Thread 0x0000026af345d430 Thread exited: 0x0000026af345d430
Event: 37.418 Thread 0x0000026ae18cafd0 Thread added: 0x0000026af50dd270
Event: 37.572 Thread 0x0000026af50dd270 Thread exited: 0x0000026af50dd270
Event: 38.172 Thread 0x0000026af13e83b0 Thread added: 0x0000026af2f3c5b0
Event: 38.207 Thread 0x0000026ae18cafd0 Thread added: 0x0000026af50dd270
Event: 38.243 Thread 0x0000026af13e83b0 Thread added: 0x0000026af2f40750
Event: 38.303 Thread 0x0000026af13e83b0 Thread added: 0x0000026af2f3f3a0
Event: 38.363 Thread 0x0000026af13e83b0 Thread added: 0x0000026af2f3d2d0
Event: 38.691 Thread 0x0000026af13e83b0 Thread added: 0x0000026af2f400c0
Event: 38.726 Thread 0x0000026af13e83b0 Thread added: 0x0000026af2f41470
Event: 38.766 Thread 0x0000026af13e83b0 Thread added: 0x0000026af2f3fa30
Event: 39.275 Thread 0x0000026ae18cafd0 Thread added: 0x0000026af4fd20b0
Event: 39.605 Thread 0x0000026af4fd20b0 Thread exited: 0x0000026af4fd20b0
Event: 40.599 Thread 0x0000026af50dd270 Thread exited: 0x0000026af50dd270
Event: 41.051 Thread 0x0000026ae18cafd0 Thread added: 0x0000026af7b400b0
Event: 41.515 Thread 0x0000026af7b400b0 Thread exited: 0x0000026af7b400b0
Event: 41.767 Thread 0x0000026ae18cafd0 Thread added: 0x0000026af7b400b0
Event: 42.677 Thread 0x0000026af7b400b0 Thread exited: 0x0000026af7b400b0
Event: 43.445 Thread 0x0000026ae18cafd0 Thread added: 0x0000026af1bc9a00


Dynamic libraries:
0x00007ff731c90000 - 0x00007ff731c9e000 	C:\Users\ibraa\.jdks\ms-21.0.8\bin\java.exe
0x00007fffe4260000 - 0x00007fffe44c7000 	C:\WINDOWS\SYSTEM32\ntdll.dll
0x00007fffe1fe0000 - 0x00007fffe20a9000 	C:\WINDOWS\System32\KERNEL32.DLL
0x00007fffe19a0000 - 0x00007fffe1d97000 	C:\WINDOWS\System32\KERNELBASE.dll
0x00007fffe1850000 - 0x00007fffe199b000 	C:\WINDOWS\System32\ucrtbase.dll
0x00007fffd1050000 - 0x00007fffd1068000 	C:\Users\ibraa\.jdks\ms-21.0.8\bin\jli.dll
0x00007fffb3430000 - 0x00007fffb344e000 	C:\Users\ibraa\.jdks\ms-21.0.8\bin\VCRUNTIME140.dll
0x00007fffe3e60000 - 0x00007fffe4026000 	C:\WINDOWS\System32\USER32.dll
0x00007fffe1f20000 - 0x00007fffe1f47000 	C:\WINDOWS\System32\win32u.dll
0x00007fffcffe0000 - 0x00007fffd0272000 	C:\WINDOWS\WinSxS\amd64_microsoft.windows.common-controls_6595b64144ccf1df_6.0.26100.8457_none_3e0b2faee331e92d\COMCTL32.dll
0x00007fffe3860000 - 0x00007fffe388b000 	C:\WINDOWS\System32\GDI32.dll
0x00007fffe20c0000 - 0x00007fffe2169000 	C:\WINDOWS\System32\msvcrt.dll
0x00007fffe1720000 - 0x00007fffe184c000 	C:\WINDOWS\System32\gdi32full.dll
0x00007fffe0c90000 - 0x00007fffe0d33000 	C:\WINDOWS\System32\msvcp_win.dll
0x00007fffe4150000 - 0x00007fffe4182000 	C:\WINDOWS\System32\IMM32.DLL
0x000000005ece0000 - 0x000000005eced000 	C:\Program Files (x86)\360\Total Security\safemon\SafeWrapper.dll
0x00007fffe3890000 - 0x00007fffe3946000 	C:\WINDOWS\System32\ADVAPI32.dll
0x00007fffe2600000 - 0x00007fffe26a7000 	C:\WINDOWS\System32\sechost.dll
0x00007fffe4030000 - 0x00007fffe4148000 	C:\WINDOWS\System32\RPCRT4.dll
0x00007fffdb760000 - 0x00007fffdb865000 	C:\Program Files (x86)\360\Total Security\safemon\libzdtp64.dll
0x00007fffe2ae0000 - 0x00007fffe324e000 	C:\WINDOWS\System32\SHELL32.dll
0x00007fffe2810000 - 0x00007fffe2876000 	C:\WINDOWS\System32\SHLWAPI.dll
0x00007fffe0eb0000 - 0x00007fffe171c000 	C:\WINDOWS\System32\Windows.Storage.dll
0x00007fffe2170000 - 0x00007fffe24f3000 	C:\WINDOWS\System32\combase.dll
0x00007fffe0570000 - 0x00007fffe057b000 	C:\WINDOWS\SYSTEM32\VERSION.dll
0x00007fffdd810000 - 0x00007fffdd81c000 	C:\Users\ibraa\.jdks\ms-21.0.8\bin\vcruntime140_1.dll
0x00007fffb0970000 - 0x00007fffb09f9000 	C:\Users\ibraa\.jdks\ms-21.0.8\bin\msvcp140.dll
0x00007fff4a120000 - 0x00007fff4aecc000 	C:\Users\ibraa\.jdks\ms-21.0.8\bin\server\jvm.dll
0x00007fffe4190000 - 0x00007fffe4210000 	C:\WINDOWS\System32\WS2_32.dll
0x00007fffe0b10000 - 0x00007fffe0b6e000 	C:\WINDOWS\SYSTEM32\POWRPROF.dll
0x00007fffdb350000 - 0x00007fffdb386000 	C:\WINDOWS\SYSTEM32\WINMM.dll
0x00007fffe0af0000 - 0x00007fffe0b04000 	C:\WINDOWS\SYSTEM32\UMPDC.dll
0x00007fffdf9b0000 - 0x00007fffdf9cb000 	C:\WINDOWS\SYSTEM32\kernel.appcore.dll
0x00007fffb1ba0000 - 0x00007fffb1baa000 	C:\Users\ibraa\.jdks\ms-21.0.8\bin\jimage.dll
0x00007fffdedd0000 - 0x00007fffdf012000 	C:\WINDOWS\SYSTEM32\DBGHELP.DLL
0x00007fffe3260000 - 0x00007fffe3339000 	C:\WINDOWS\System32\OLEAUT32.dll
0x00007fffcde00000 - 0x00007fffcde3b000 	C:\WINDOWS\SYSTEM32\dbgcore.DLL
0x00007fffe0d40000 - 0x00007fffe0de8000 	C:\WINDOWS\System32\bcryptPrimitives.dll
0x00007fffb1b90000 - 0x00007fffb1ba0000 	C:\Users\ibraa\.jdks\ms-21.0.8\bin\instrument.dll
0x00007fffb0e90000 - 0x00007fffb0eb1000 	C:\Users\ibraa\.jdks\ms-21.0.8\bin\java.dll
0x00007fffe3cb0000 - 0x00007fffe3da6000 	C:\WINDOWS\System32\SHCORE.dll
0x00007fffe0bb0000 - 0x00007fffe0bd9000 	C:\WINDOWS\SYSTEM32\profapi.dll
0x00007fffb06d0000 - 0x00007fffb07a6000 	C:\Users\ibraa\.jdks\ms-21.0.8\bin\jsvml.dll
0x00007fffb0950000 - 0x00007fffb0968000 	C:\Users\ibraa\.jdks\ms-21.0.8\bin\zip.dll
0x00007fffb0930000 - 0x00007fffb0941000 	C:\Users\ibraa\.jdks\ms-21.0.8\bin\net.dll
0x00007fffd6110000 - 0x00007fffd6239000 	C:\WINDOWS\SYSTEM32\WINHTTP.dll
0x00007fffdff20000 - 0x00007fffdff8c000 	C:\WINDOWS\system32\mswsock.dll
0x00007fffb0910000 - 0x00007fffb0926000 	C:\Users\ibraa\.jdks\ms-21.0.8\bin\nio.dll
0x00007fffb1b80000 - 0x00007fffb1b90000 	C:\Users\ibraa\.jdks\ms-21.0.8\bin\verify.dll
0x00007fffd0e20000 - 0x00007fffd0e47000 	C:\Users\ibraa\.gradle\native\660c5614fbf4a5f2a75b1949f50a0caf5cd603558e7d8a26e50b933a0cfb79d1\windows-amd64\native-platform.dll
0x00007fffa0df0000 - 0x00007fffa0e67000 	C:\Users\ibraa\.gradle\native\0.2.8\x86_64-windows-gnu\gradle-fileevents.dll
0x00007fffa65a0000 - 0x00007fffa65aa000 	C:\Users\ibraa\.jdks\ms-21.0.8\bin\management.dll
0x00007fffa2780000 - 0x00007fffa278c000 	C:\Users\ibraa\.jdks\ms-21.0.8\bin\management_ext.dll
0x00007fffe3aa0000 - 0x00007fffe3aa8000 	C:\WINDOWS\System32\PSAPI.DLL
0x00007fffdf4c0000 - 0x00007fffdf4f2000 	C:\WINDOWS\SYSTEM32\IPHLPAPI.DLL
0x00007fffe20b0000 - 0x00007fffe20ba000 	C:\WINDOWS\System32\NSI.dll
0x00007fffa2770000 - 0x00007fffa2779000 	C:\Users\ibraa\.jdks\ms-21.0.8\bin\extnet.dll
0x00007fffe0200000 - 0x00007fffe021b000 	C:\WINDOWS\SYSTEM32\CRYPTSP.dll
0x00007fffdf910000 - 0x00007fffdf949000 	C:\WINDOWS\system32\rsaenh.dll
0x00007fffdffd0000 - 0x00007fffe0003000 	C:\WINDOWS\SYSTEM32\USERENV.dll
0x00007fffe0b80000 - 0x00007fffe0baa000 	C:\WINDOWS\SYSTEM32\bcrypt.dll
0x00007fffe0220000 - 0x00007fffe022c000 	C:\WINDOWS\SYSTEM32\CRYPTBASE.dll
0x00007fffa0220000 - 0x00007fffa022e000 	C:\Users\ibraa\.jdks\ms-21.0.8\bin\sunmscapi.dll
0x00007fffe1da0000 - 0x00007fffe1f18000 	C:\WINDOWS\System32\CRYPT32.dll
0x00007fffe0420000 - 0x00007fffe0450000 	C:\WINDOWS\SYSTEM32\ncrypt.dll
0x00007fffe03d0000 - 0x00007fffe040f000 	C:\WINDOWS\SYSTEM32\NTASN1.dll
0x00007fff57a40000 - 0x00007fff57a48000 	C:\WINDOWS\system32\wshunix.dll

JVMTI agents:
C:\Users\ibraa\.gradle\wrapper\dists\gradle-9.3.0-bin\79n14ral3mx1ozqr3csh2u872\gradle-9.3.0\lib\agents\gradle-instrumentation-agent-9.3.0.jar path:C:\Users\ibraa\.jdks\ms-21.0.8\bin\instrument.dll, loaded, initialized, instrumentlib options:none

dbghelp: loaded successfully - version: 4.0.5 - missing functions: none
symbol engine: initialized successfully - sym options: 0x614 - pdb path: .;C:\Users\ibraa\.jdks\ms-21.0.8\bin;C:\WINDOWS\SYSTEM32;C:\WINDOWS\WinSxS\amd64_microsoft.windows.common-controls_6595b64144ccf1df_6.0.26100.8457_none_3e0b2faee331e92d;C:\Program Files (x86)\360\Total Security\safemon;C:\Users\ibraa\.jdks\ms-21.0.8\bin\server;C:\Users\ibraa\.gradle\native\660c5614fbf4a5f2a75b1949f50a0caf5cd603558e7d8a26e50b933a0cfb79d1\windows-amd64;C:\Users\ibraa\.gradle\native\0.2.8\x86_64-windows-gnu

VM Arguments:
jvm_args: --add-opens=java.base/java.lang=ALL-UNNAMED --add-opens=java.base/java.lang.invoke=ALL-UNNAMED --add-opens=java.base/java.util=ALL-UNNAMED --add-opens=java.prefs/java.util.prefs=ALL-UNNAMED --add-exports=jdk.compiler/com.sun.tools.javac.api=ALL-UNNAMED --add-exports=jdk.compiler/com.sun.tools.javac.util=ALL-UNNAMED --add-opens=java.base/java.util=ALL-UNNAMED --add-opens=java.prefs/java.util.prefs=ALL-UNNAMED --add-opens=java.base/java.nio.charset=ALL-UNNAMED --add-opens=java.base/java.net=ALL-UNNAMED --add-opens=java.base/java.util.concurrent=ALL-UNNAMED --add-opens=java.base/java.util.concurrent.atomic=ALL-UNNAMED --add-opens=java.xml/javax.xml.namespace=ALL-UNNAMED --add-opens=java.base/java.time=ALL-UNNAMED -XX:MaxMetaspaceSize=192m -XX:+HeapDumpOnOutOfMemoryError -Xms128m -Xmx384m -Dfile.encoding=UTF-8 -Duser.country=RU -Duser.language=ru -Duser.variant -javaagent:C:\Users\ibraa\.gradle\wrapper\dists\gradle-9.3.0-bin\79n14ral3mx1ozqr3csh2u872\gradle-9.3.0\lib\agents\gradle-instrumentation-agent-9.3.0.jar 
java_command: org.gradle.launcher.daemon.bootstrap.GradleDaemon 9.3.0
java_class_path (initial): C:\Users\ibraa\.gradle\wrapper\dists\gradle-9.3.0-bin\79n14ral3mx1ozqr3csh2u872\gradle-9.3.0\lib\gradle-daemon-main-9.3.0.jar
Launcher Type: SUN_STANDARD

[Global flags]
     intx CICompilerCount                          = 4                                         {product} {ergonomic}
   size_t CompressedClassSpaceSize                 = 167772160                                 {product} {ergonomic}
     uint ConcGCThreads                            = 2                                         {product} {ergonomic}
     uint G1ConcRefinementThreads                  = 8                                         {product} {ergonomic}
   size_t G1HeapRegionSize                         = 1048576                                   {product} {ergonomic}
    uintx GCDrainStackTargetSize                   = 64                                        {product} {ergonomic}
     bool HeapDumpOnOutOfMemoryError               = true                                   {manageable} {command line}
   size_t InitialHeapSize                          = 134217728                                 {product} {command line}
   size_t MarkStackSize                            = 4194304                                   {product} {ergonomic}
   size_t MaxHeapSize                              = 402653184                                 {product} {command line}
   size_t MaxMetaspaceSize                         = 201326592                                 {product} {command line}
   size_t MaxNewSize                               = 241172480                                 {product} {ergonomic}
   size_t MinHeapDeltaBytes                        = 1048576                                   {product} {ergonomic}
   size_t MinHeapSize                              = 134217728                                 {product} {command line}
    uintx NonNMethodCodeHeapSize                   = 5839372                                {pd product} {ergonomic}
    uintx NonProfiledCodeHeapSize                  = 122909434                              {pd product} {ergonomic}
    uintx ProfiledCodeHeapSize                     = 122909434                              {pd product} {ergonomic}
    uintx ReservedCodeCacheSize                    = 251658240                              {pd product} {ergonomic}
     bool SegmentedCodeCache                       = true                                      {product} {ergonomic}
   size_t SoftMaxHeapSize                          = 402653184                              {manageable} {ergonomic}
     bool UseCompressedOops                        = true                           {product lp64_product} {ergonomic}
     bool UseG1GC                                  = true                                      {product} {ergonomic}
     bool UseLargePagesIndividualAllocation        = false                                  {pd product} {ergonomic}

Logging:
Log output configuration:
 #0: stdout all=warning uptime,level,tags foldmultilines=false
 #1: stderr all=off uptime,level,tags foldmultilines=false

Environment Variables:
JAVA_HOME=C:\Users\ibraa\.jdks\ms-21.0.8
PATH=D:\ibraa\Downloads\orcl\WINDOWS.X64_193000_db_home\bin;D:\ibraa\Downloads\23ai\dbhomeFree\bin;C:\WINDOWS\system32;C:\WINDOWS;C:\WINDOWS\System32\Wbem;C:\WINDOWS\System32\WindowsPowerShell\v1.0\;C:\WINDOWS\System32\OpenSSH\;C:\Program Files\PuTTY\;C:\Users\ibraa\.jdks\ms-21.0.8\bin;C:\Program Files\Common Files\Oracle\Java\javapath;C:\Program Files\Git\cmd;C:\Gradle\gradle-8.14\bin;C:\Program Files\Docker\Docker\resources\bin;C:\Program Files\WireGuard\;D:\Go\bin;C:\Users\ibraa\AppData\Local\nvm;C:\nvm4w\nodejs;C:\Program Files\nodejs\;C:\Program Files\Microsoft VS Code\bin;C:\Program Files (x86)\cloudflared\;D:\ibraa\Stack\bin;C:\Users\ibraa\AppData\Local\Programs\Python\Python310\Scripts\;C:\Users\ibraa\AppData\Local\Programs\Python\Python310\;C:\Users\ibraa\AppData\Local\Microsoft\WindowsApps;C:\Program Files\JetBrains\PyCharm Community Edition 2021.2.3\bin;;C:\Users\ibraa\IntelliJ IDEA 2023.2.1\bin;;C:\Users\ibraa\AppData\Local\GitHubDesktop\bin;D:\ibraa\Downloads\Microsoft VS Code\bin;C:\Users\ibraa\AppData\Roaming\local\bin;C:\Users\ibraa\go\bin;C:\Users\ibraa\AppData\Local\Microsoft\WinGet\Packages\GolangCI.golangci-lint_Microsoft.Winget.Source_8wekyb3d8bbwe\golangci-lint-2.11.3-windows-amd64;C:\Users\ibraa\AppData\Local\nvm;C:\nvm4w\nodejs;C:\Users\ibraa\AppData\Roaming\npm;C:\Users\ibraa\.jdks\ms-21.0.8\bin;
USERNAME=ibraa
OS=Windows_NT
PROCESSOR_IDENTIFIER=AMD64 Family 23 Model 24 Stepping 1, AuthenticAMD
TMP=C:\Users\ibraa\AppData\Local\Temp
TEMP=C:\Users\ibraa\AppData\Local\Temp




Periodic native trim disabled

---------------  S Y S T E M  ---------------

OS:
 Windows 11 , 64 bit Build 26100 (10.0.26100.8328)
OS uptime: 0 days 0:09 hours
Hyper-V role detected

CPU: total 8 (initial active 8) (8 cores per cpu, 2 threads per core) family 23 model 24 stepping 1 microcode 0x8108109, cx8, cmov, fxsr, ht, mmx, 3dnowpref, sse, sse2, sse3, ssse3, sse4a, sse4.1, sse4.2, popcnt, lzcnt, tsc, tscinvbit, avx, avx2, aes, clmul, bmi1, bmi2, adx, sha, fma, vzeroupper, clflush, clflushopt, hv, rdtscp, f16c
Processor Information for the first 8 processors :
  Max Mhz: 2100, Current Mhz: 2100, Mhz Limit: 2100

Memory: 4k page, system-wide physical 7103M (496M free)
TotalPageFile size 16432M (AvailPageFile size 0M)
current process WorkingSet (physical memory assigned to process): 327M, peak: 329M
current process commit charge ("private bytes"): 371M, peak: 374M

vm_info: OpenJDK 64-Bit Server VM (21.0.8+9-LTS) for windows-amd64 JRE (21.0.8+9-LTS), built on 2025-07-10T20:22:44Z by "MicrosoftCorporation" with unknown MS VC++:1944

END.
